01-23 17:47:14.850   755   797 W PackageManager: Unknown permission android.permission.CANCEL_NOTIFICATIONS in package org.cyanogenmod.theme.chooser2
01-23 17:47:14.857   755   797 W PackageManager: Unknown permission com.cyanogen.ambient.permission.BIND_CALLER_INFO in package com.android.messaging
01-23 17:47:14.858   755   797 W PackageManager: Unknown permission com.cyanogen.ambient.permission.BIND_RIDEINPROGRESS_SERVICE in package com.android.messaging
01-23 17:47:14.858   755   797 W PackageManager: Unknown permission com.cyanogen.ambient.permission.BIND_RIDESHARING_SERVICE in package com.android.messaging
01-23 17:47:14.859   755   797 W PackageManager: Not granting permission android.permission.ACCESS_DOWNLOAD_MANAGER to package com.android.browser (protectionLevel=18 flags=0x3849be45)
01-23 17:47:14.860   755   797 W PackageManager: Not granting permission android.permission.SEND_DOWNLOAD_COMPLETED_INTENTS to package com.android.browser (protectionLevel=2 flags=0x3849be45)
01-23 17:47:14.862   755   755 I SystemServiceManager: Starting com.android.server.DeviceIdleController
01-23 17:47:14.864   755   797 W PackageManager: Unknown permission com.cyngn.stats.SEND_ANALYTICS in package com.cyanogenmod.setupwizard
01-23 17:47:14.864   755   797 W PackageManager: Unknown permission com.cyanogen.permission.REQUEST_KILL_SWITCH_OP in package com.cyanogenmod.setupwizard
01-23 17:47:14.866   755   797 W PackageManager: Not granting permission android.permission.SEND_DOWNLOAD_COMPLETED_INTENTS to package com.android.vending (protectionLevel=2 flags=0x384abe45)
01-23 17:47:14.866   755   797 W PackageManager: Unknown permission android.permission.SEND_SMS_NO_CONFIRMATION in package com.android.vending
01-23 17:47:14.868   755   797 W PackageManager: Unknown permission com.google.android.partnersetup.permission.WRITE_APP_PROVIDER in package com.android.vending
01-23 17:47:14.873   755   797 W PackageManager: Unknown permission com.cyanogen.ambient.permission.BIND_INCALL_SERVICE in package com.android.contacts
01-23 17:47:14.873   755   797 W PackageManager: Unknown permission com.cyanogen.ambient.permission.PLUGIN_STATUS_CHANGED in package com.android.contacts
01-23 17:47:14.873   755   797 W PackageManager: Unknown permission com.cyanogen.ambient.permission.BIND_CALLER_INFO in package com.android.contacts
01-23 17:47:14.878   755   797 W PackageManager: Not granting permission com.google.android.googleapps.permission.GOOGLE_AUTH.mail to package com.android.calendar (protectionLevel=2 flags=0x3049be45)
01-23 17:47:14.880   755   797 W PackageManager: Unknown permission android.permission.READ_OWNER_DATA in package com.google.android.setupwizard
01-23 17:47:14.881   755   797 W PackageManager: Unknown permission android.permission.WRITE_OWNER_DATA in package com.google.android.setupwizard
01-23 17:47:14.881   755   797 W PackageManager: Unknown permission com.google.android.apps.now.OPT_IN_WIZARD in package com.google.android.setupwizard
01-23 17:47:14.882   755   797 W PackageManager: Not granting permission android.permission.CAMERA to package com.finalwire.aida64 because it was previously installed without
01-23 17:47:14.888   755   797 W PackageManager: Not granting permission android.permission.INTERACT_ACROSS_USERS to package com.google.android.syncadapters.contacts (protectionLevel=50 flags=0x38883e45)
01-23 17:47:14.892   755   797 W PackageManager: Unknown permission com.cyanogen.ambient.permission.BIND_INCALL_SERVICE in package com.android.dialer
01-23 17:47:14.893   755   797 W PackageManager: Unknown permission com.cyanogen.ambient.permission.PLUGIN_STATUS_CHANGED in package com.android.dialer
01-23 17:47:14.893   755   797 W PackageManager: Unknown permission com.cyanogen.ambient.permission.PUBLISH_DISCOVERY_NUDGE in package com.android.dialer
01-23 17:47:14.893   755   797 W PackageManager: Unknown permission com.cyanogen.ambient.permission.BIND_DEEPLINK_SERVICE in package com.android.dialer
01-23 17:47:14.893   755   797 W PackageManager: Unknown permission com.cyanogen.ambient.permission.READ_DEEPLINK_DATABASE in package com.android.dialer
01-23 17:47:14.893   755   797 W PackageManager: Unknown permission com.cyanogen.ambient.permission.BIND_CALLER_INFO in package com.android.dialer
01-23 17:47:14.897   755   797 W PackageManager: Unknown permission com.android.launcher.permission.READ_SETTINGS in package com.cyanogenmod.trebuchet
01-23 17:47:14.897   755   797 W PackageManager: Unknown permission com.android.launcher.permission.WRITE_SETTINGS in package com.cyanogenmod.trebuchet
01-23 17:47:14.897   755   797 W PackageManager: Unknown permission com.cyngn.stats.SEND_ANALYTICS in package com.cyanogenmod.trebuchet
01-23 17:47:14.898   755   797 W PackageManager: Unknown permission android.permission.MANAGE_SOUND_TRIGGER in package com.google.android.gms
01-23 17:47:14.900   755   797 W PackageManager: Unknown permission com.google.android.apps.enterprise.dmagent.permission.AutoSyncPermission in package com.google.android.gms
01-23 17:47:14.901   755   797 W PackageManager: Unknown permission android.permission.CONNECTIVITY_USE_RESTRICTED_NETWORKS in package com.google.android.gms
01-23 17:47:14.901   755   797 W PackageManager: Unknown permission android.permission.SEND_SMS_NO_CONFIRMATION in package com.google.android.gms
01-23 17:47:14.903   755   797 W PackageManager: Unknown permission com.google.android.googlequicksearchbox.permission.PAUSE_HOTWORD in package com.google.android.gms
01-23 17:47:14.903   755   797 W PackageManager: Unknown permission android.permission.TETHER_PRIVILEGED in package com.google.android.gms
01-23 17:47:14.904   755   797 W PackageManager: Unknown permission com.google.android.hangouts.START_HANGOUT in package com.google.android.gms
01-23 17:47:14.904   755   797 W PackageManager: Unknown permission android.permission.READ_OEM_UNLOCK_STATE in package com.google.android.gms
01-23 17:47:14.906   755   797 W PackageManager: Unknown permission com.google.android.wearable.READ_SETTINGS in package com.google.android.gms
01-23 17:47:14.906   755   797 W PackageManager: Unknown permission android.permission.SUBSTITUTE_NOTIFICATION_APP_NAME in package com.google.android.gms
01-23 17:47:14.907   755   797 W PackageManager: Unknown permission com.google.android.launcher.permission.RECEIVE_LAUNCH_BROADCASTS in package com.google.android.gms
01-23 17:47:14.908   755   797 W PackageManager: Unknown permission com.google.android.gm.permission.READ_GMAIL in package com.google.android.gms
01-23 17:47:14.914   755   797 W PackageManager: Unknown permission com.android.launcher.permission.PRELOAD_WORKSPACE in package com.google.android.partnersetup
01-23 17:47:14.915   755   797 W PackageManager: Unknown permission com.google.android.permission.INSTALL_WEARABLE_PACKAGES in package com.android.packageinstaller
01-23 17:47:14.915   755   797 W PackageManager: Not granting permission android.permission.DELETE_PACKAGES to package com.svox.pico (protectionLevel=18 flags=0x3808be45)
01-23 17:47:14.916   755   797 W PackageManager: Unknown permission android.permission.ACCESS_SUPERUSER in package com.cyanogenmod.filemanager
01-23 17:47:14.916   755   797 W PackageManager: Unknown permission com.cyanogenmod.filemanager.permissions.READ_THEME in package com.cyanogenmod.filemanager
01-23 17:47:14.921   755   797 W PackageManager: Unknown permission com.samsung.accessory.permission.ACCESSORY_FRAMEWORK in package ru.yandex.radio
01-23 17:47:14.922   755   797 W PackageManager: Unknown permission com.samsung.android.providers.context.permission.WRITE_USE_APP_FEATURE_SURVEY in package ru.yandex.radio
01-23 17:47:14.922   755   797 W PackageManager: Unknown permission com.samsung.WATCH_APP_TYPE.Companion in package ru.yandex.radio
01-23 17:47:14.922   755   797 W PackageManager: Unknown permission com.sec.android.provider.badge.permission.READ in package ru.yandex.radio
01-23 17:47:14.922   755   797 W PackageManager: Unknown permission com.sec.android.provider.badge.permission.WRITE in package ru.yandex.radio
01-23 17:47:14.922   755   797 W PackageManager: Unknown permission com.htc.launcher.permission.READ_SETTINGS in package ru.yandex.radio
01-23 17:47:14.922   755   797 W PackageManager: Unknown permission com.htc.launcher.permission.UPDATE_SHORTCUT in package ru.yandex.radio
01-23 17:47:14.922   755   797 W PackageManager: Unknown permission com.sonyericsson.home.permission.BROADCAST_BADGE in package ru.yandex.radio
01-23 17:47:14.922   755   797 W PackageManager: Unknown permission com.anddoes.launcher.permission.UPDATE_COUNT in package ru.yandex.radio
01-23 17:47:14.922   755   797 W PackageManager: Unknown permission com.majeur.launcher.permission.UPDATE_BADGE in package ru.yandex.radio
01-23 17:47:14.923   755   797 W PackageManager: Not granting permission android.permission.GET_ACCOUNTS to package ru.yandex.radio because it was previously installed without
01-23 17:47:14.923   755   797 W PackageManager: Unknown permission com.yandex.permission.AM_COMMUNICATION in package ru.yandex.radio
01-23 17:47:14.923   755   797 W PackageManager: Unknown permission com.google.android.gallery3d.permission.PICASA_STORE in package com.android.dreams.phototable
01-23 17:47:14.924   755   797 W PackageManager: Not granting permission android.permission.CONTROL_KEYGUARD to package com.google.android.gsf.login (protectionLevel=2 flags=0x3048be45)
01-23 17:47:14.926   755   797 W PackageManager: Unknown permission com.android.vending.billing.IBillingAccountService.BIND2 in package com.google.android.gsf.login
01-23 17:47:14.927   755   797 W PackageManager: Unknown permission com.android.chrome.TOS_ACKED in package com.google.android.gsf.login
01-23 17:47:14.932   755   797 W PackageManager: Unknown permission com.android.launcher.permission.READ_SETTINGS in package com.android.settings
01-23 17:47:14.932   755   797 W PackageManager: Unknown permission com.android.launcher.permission.WRITE_SETTINGS in package com.android.settings
01-23 17:47:14.935   755   797 W PackageManager: Not granting permission android.permission.REAL_GET_TASKS to package com.cyanogenmod.eleven (protectionLevel=18 flags=0x3818be65)
01-23 17:47:14.957   755   797 W PackageManager: Unknown permission com.google.android.gallery3d.permission.GALLERY_PROVIDER in package com.android.bluetooth
01-23 17:47:15.502   755   768 I UsageStatsService: User[0] Rollover scheduled @ 2017-01-24 03:00:00(1485216000000)
01-23 17:47:16.062   755   755 I dvm_lock_sample: [system_server,0,main,1177,UserManagerService.java,424,PackageManagerService.java,16768,100]
01-23 17:47:16.062   755   768 I dvm_lock_sample: [system_server,0,android.bg,554,Settings.java,4935,PackageManagerService.java,16768,100]
01-23 17:47:16.069   755   755 I SystemServiceManager: Starting com.android.server.devicepolicy.DevicePolicyManagerService$Lifecycle
01-23 17:47:16.074   755   797 W MountService: No primary storage mounted!
01-23 17:47:16.074   755   797 D VoldConnector: SND -> {2 asec list}
01-23 17:47:16.076   755   798 D VoldConnector: RCV <- {200 2 asec operation succeeded}
01-23 17:47:16.140   755   755 I SystemServer: Status Bar
01-23 17:47:16.153   755   755 I SystemServer: Clipboard Service
01-23 17:47:16.161   755   755 I SystemServer: NetworkManagement Service
01-23 17:47:16.198   755   755 I SystemServer: Text Service Manager Service
01-23 17:47:16.256   755   755 I SystemServer: Network Score Service
01-23 17:47:16.261   755   755 I SystemServer: NetworkStats Service
01-23 17:47:16.290   755   755 I SystemServer: NetworkPolicy Service
01-23 17:47:16.338   755   755 I SystemServiceManager: Starting com.android.server.wifi.p2p.WifiP2pService
01-23 17:47:16.458   755   755 I SystemServiceManager: Starting com.android.server.wifi.WifiService
01-23 17:47:16.762   755   755 I SystemServiceManager: Starting com.android.server.wifi.WifiScanningService
01-23 17:47:16.770   755   755 I SystemServiceManager: Starting com.android.server.wifi.RttService
01-23 17:47:16.776   755   755 I SystemServiceManager: Starting com.android.server.ethernet.EthernetService
01-23 17:47:16.788   755   755 I SystemServer: Connectivity Service
01-23 17:47:16.888   755   755 I SystemServer: Network Service Discovery Service
01-23 17:47:16.900   755   755 D NsdService: Network service discovery enabled true
01-23 17:47:16.905   755   755 I SystemServer: UpdateLock Service
01-23 17:47:16.909   755   755 I SystemServiceManager: Starting com.android.server.notification.NotificationManagerService
01-23 17:47:17.008   755   755 I ZenModeConfig: Migrating existing shared 'from': stars
01-23 17:47:17.104   755   755 I SystemServiceManager: Starting com.android.server.storage.DeviceStorageMonitorService
01-23 17:47:17.110   755   755 I free_storage_left: [2639474688,2416848896,397258752]
01-23 17:47:17.110   755   755 I free_storage_changed: 2639474688
01-23 17:47:17.112   755   755 I SystemServer: Location Manager
01-23 17:47:17.149   755   755 I SystemServer: Country Detector
01-23 17:47:17.153   755   755 I SystemServer: Search Service
01-23 17:47:17.160   755   755 I SystemServer: DropBox Service
01-23 17:47:17.175   755   755 I SystemServer: Wallpaper Service
01-23 17:47:17.209   755   755 I SystemServer: Audio Service
01-23 17:47:17.390   755   755 I stream_devices_changed: [0,0,1]
01-23 17:47:17.392   755   755 I stream_devices_changed: [2,0,2]
01-23 17:47:17.393   755   755 I stream_devices_changed: [3,0,2]
01-23 17:47:17.394   755   755 I stream_devices_changed: [4,0,2]
01-23 17:47:17.397   755   755 I stream_devices_changed: [6,0,1]
01-23 17:47:17.431   755   755 I SystemServiceManager: Starting com.android.server.DockObserver
01-23 17:47:17.434   755   755 W DockObserver: This kernel does not have dock station support
01-23 17:47:17.439   755   755 I SystemServer: Wired Accessory Manager
01-23 17:47:17.446   755   755 W WiredAccessoryManager: This kernel does not have usb audio support
01-23 17:47:17.448   755   755 W WiredAccessoryManager: This kernel does not have HDMI audio support
01-23 17:47:17.449   755   755 I SystemServiceManager: Starting com.android.server.usb.UsbService$Lifecycle
01-23 17:47:17.505   755   755 I SystemServer: Serial Service
01-23 17:47:17.508   755   755 I SystemServiceManager: Starting com.android.server.twilight.TwilightService
01-23 17:47:17.518   755   755 I SystemServiceManager: Starting com.android.server.job.JobSchedulerService
01-23 17:47:17.552   755   755 D JobStore: job-info
01-23 17:47:17.576   755   755 I SystemServiceManager: Starting com.android.server.backup.BackupManagerService$Lifecycle
01-23 17:47:17.614   755   755 I SystemServiceManager: Starting com.android.server.appwidget.AppWidgetService
01-23 17:47:17.657   755   755 I SystemServiceManager: Starting com.android.server.voiceinteraction.VoiceInteractionManagerService
01-23 17:47:17.666   755   755 W SoundTriggerHelper: listModules status=0, # of modules=0
01-23 17:47:17.681   755   755 I SystemServer: Gesture Launcher Service
01-23 17:47:17.681   755   755 I SystemServiceManager: Starting com.android.server.GestureLauncherService
01-23 17:47:17.682   755   755 I SystemServer: DiskStats Service
01-23 17:47:17.684   755   755 I SystemServer: SamplingProfiler Service
01-23 17:47:17.706   755   755 I SystemServer: NetworkTimeUpdateService
01-23 17:47:17.709   755   755 I SystemServer: CommonTimeManagementService
01-23 17:47:17.717   755   755 I SystemServer: CertBlacklister
01-23 17:47:17.720   755   755 I SystemServiceManager: Starting com.android.server.dreams.DreamManagerService
01-23 17:47:17.733   755   755 I SystemServer: Assets Atlas Service
01-23 17:47:17.755   755   755 I SystemServiceManager: Starting com.android.server.print.PrintManagerService
01-23 17:47:17.769   755   755 I SystemServiceManager: Starting com.android.server.restrictions.RestrictionsManagerService
01-23 17:47:17.773   755   755 I SystemServiceManager: Starting com.android.server.media.MediaSessionService
01-23 17:47:17.797   755   755 I SystemServer: Media Router Service
01-23 17:47:17.804   755   755 I SystemServiceManager: Starting com.android.server.trust.TrustManagerService
01-23 17:47:17.828   755   755 I SystemServiceManager: Starting com.android.server.fingerprint.FingerprintService
01-23 17:47:17.855   755   755 W FingerprintService: fingerprint service not available
01-23 17:47:17.855   755   755 V FingerprintService: Fingerprint HAL id: 0
01-23 17:47:17.856   755   755 I SystemServer: BackgroundDexOptService
01-23 17:47:17.867   755   755 I SystemServiceManager: Starting com.android.server.pm.LauncherAppsService
01-23 17:47:17.888   755   755 I SystemServiceManager: Starting com.android.server.media.projection.MediaProjectionManagerService
01-23 17:47:17.961   755   755 I SystemServiceManager: Starting com.android.server.MmsServiceBroker
01-23 17:47:17.975   755   755 I CMSystemServer: Attempting to start service org.cyanogenmod.platform.internal.CMStatusBarManagerService
01-23 17:47:17.984   755   755 I CMSystemServer: Starting service org.cyanogenmod.platform.internal.CMStatusBarManagerService
01-23 17:47:17.984   755   755 I SystemServiceManager: Starting org.cyanogenmod.platform.internal.CMStatusBarManagerService
01-23 17:47:18.005   755   755 I CMSystemServer: Attempting to start service org.cyanogenmod.platform.internal.ProfileManagerService
01-23 17:47:18.019   755   755 I CMSystemServer: Starting service org.cyanogenmod.platform.internal.ProfileManagerService
01-23 17:47:18.020   755   755 I SystemServiceManager: Starting org.cyanogenmod.platform.internal.ProfileManagerService
01-23 17:47:18.027   755   805 D WifiService: New client listening to asynchronous messages
01-23 17:47:18.104   755   755 I CMSystemServer: Attempting to start service org.cyanogenmod.platform.internal.PartnerInterfaceService
01-23 17:47:18.109   755   755 I CMSystemServer: Starting service org.cyanogenmod.platform.internal.PartnerInterfaceService
01-23 17:47:18.109   755   755 I SystemServiceManager: Starting org.cyanogenmod.platform.internal.PartnerInterfaceService
01-23 17:47:18.111   755   755 I CMSystemServer: Attempting to start service org.cyanogenmod.platform.internal.CMTelephonyManagerService
01-23 17:47:18.114   755   755 I CMSystemServer: Starting service org.cyanogenmod.platform.internal.CMTelephonyManagerService
01-23 17:47:18.114   755   755 I SystemServiceManager: Starting org.cyanogenmod.platform.internal.CMTelephonyManagerService
01-23 17:47:18.115   755   755 I CMSystemServer: Attempting to start service org.cyanogenmod.platform.internal.CMHardwareService
01-23 17:47:18.140   755   755 I CMSystemServer: Starting service org.cyanogenmod.platform.internal.CMHardwareService
01-23 17:47:18.140   755   755 I SystemServiceManager: Starting org.cyanogenmod.platform.internal.CMHardwareService
01-23 17:47:18.141   755   755 I CMSystemServer: Attempting to start service org.cyanogenmod.platform.internal.AppSuggestManagerService
01-23 17:47:18.144   755   755 I CMSystemServer: Starting service org.cyanogenmod.platform.internal.AppSuggestManagerService
01-23 17:47:18.144   755   755 I SystemServiceManager: Starting org.cyanogenmod.platform.internal.AppSuggestManagerService
01-23 17:47:18.150   755   755 E AppSgstMgrService: no app suggest provider found
01-23 17:47:18.151   755   755 I CMSystemServer: Attempting to start service org.cyanogenmod.platform.internal.PerformanceManagerService
01-23 17:47:18.158   755   829 I ServiceThread: Enabled StrictMode logging for PerformanceManager looper.
01-23 17:47:18.159   755   755 I CMSystemServer: Starting service org.cyanogenmod.platform.internal.PerformanceManagerService
01-23 17:47:18.159   755   755 I SystemServiceManager: Starting org.cyanogenmod.platform.internal.PerformanceManagerService
01-23 17:47:18.162   755   830 I ServiceThread: Enabled StrictMode logging for PerformanceManager looper.
01-23 17:47:18.167   755   755 I CMSystemServer: Attempting to start service org.cyanogenmod.platform.internal.ThemeManagerServiceBroker
01-23 17:47:18.181   755   755 E BrokerableCMSystemService: Setting brokered service connection org.cyanogenmod.platform.internal.ThemeManagerServiceBroker$2@e7ca799
01-23 17:47:18.182   755   755 I CMSystemServer: Starting service org.cyanogenmod.platform.internal.ThemeManagerServiceBroker
01-23 17:47:18.182   755   755 I SystemServiceManager: Starting org.cyanogenmod.platform.internal.ThemeManagerServiceBroker
01-23 17:47:18.182   755   755 E BrokerableCMSystemService: Setting brokered service connection org.cyanogenmod.platform.internal.ThemeManagerServiceBroker$2@f7a2a5e
01-23 17:47:18.184   755   755 I CMSystemServer: Attempting to start service org.cyanogenmod.platform.internal.IconCacheManagerServiceBroker
01-23 17:47:18.187   755   755 E BrokerableCMSystemService: Setting brokered service connection org.cyanogenmod.platform.internal.IconCacheManagerServiceBroker$2@2a0de3f
01-23 17:47:18.187   755   755 I CMSystemServer: Starting service org.cyanogenmod.platform.internal.IconCacheManagerServiceBroker
01-23 17:47:18.188   755   755 I SystemServiceManager: Starting org.cyanogenmod.platform.internal.IconCacheManagerServiceBroker
01-23 17:47:18.188   755   755 E BrokerableCMSystemService: Setting brokered service connection org.cyanogenmod.platform.internal.IconCacheManagerServiceBroker$2@5f0030c
01-23 17:47:18.189   755   755 I CMSystemServer: Attempting to start service org.cyanogenmod.platform.internal.LiveLockScreenServiceBroker
01-23 17:47:18.197   755   755 E BrokerableCMSystemService: Setting brokered service connection org.cyanogenmod.platform.internal.LiveLockScreenServiceBroker$2@f672455
01-23 17:47:18.197   755   755 I CMSystemServer: Starting service org.cyanogenmod.platform.internal.LiveLockScreenServiceBroker
01-23 17:47:18.198   755   755 I SystemServiceManager: Starting org.cyanogenmod.platform.internal.LiveLockScreenServiceBroker
01-23 17:47:18.198   755   755 E BrokerableCMSystemService: Setting brokered service connection org.cyanogenmod.platform.internal.LiveLockScreenServiceBroker$2@aba8e6a
01-23 17:47:18.200   755   755 I CMSystemServer: Attempting to start service org.cyanogenmod.platform.internal.WeatherManagerServiceBroker
01-23 17:47:18.203   755   755 I CMSystemServer: Starting service org.cyanogenmod.platform.internal.WeatherManagerServiceBroker
01-23 17:47:18.203   755   755 I SystemServiceManager: Starting org.cyanogenmod.platform.internal.WeatherManagerServiceBroker
01-23 17:47:18.207   755   755 I CMSystemServer: Attempting to start service org.cyanogenmod.platform.internal.display.LiveDisplayService
01-23 17:47:18.220   755   831 I ServiceThread: Enabled StrictMode logging for LiveDisplay looper.
01-23 17:47:18.221   755   755 I CMSystemServer: Starting service org.cyanogenmod.platform.internal.display.LiveDisplayService
01-23 17:47:18.221   755   755 I SystemServiceManager: Starting org.cyanogenmod.platform.internal.display.LiveDisplayService
01-23 17:47:18.223   755   832 I ServiceThread: Enabled StrictMode logging for LiveDisplay looper.
01-23 17:47:18.225   755   755 I CMSystemServer: Attempting to start service org.cyanogenmod.platform.internal.CMAudioServiceBroker
01-23 17:47:18.228   755   755 I CMSystemServer: Starting service org.cyanogenmod.platform.internal.CMAudioServiceBroker
01-23 17:47:18.228   755   755 I SystemServiceManager: Starting org.cyanogenmod.platform.internal.CMAudioServiceBroker
01-23 17:47:18.272   755   755 E LockSettingsStorage: Cannot read file java.io.FileNotFoundException: /data/system/gatekeeper.password.key: open failed: ENOENT (No such file or directory)
01-23 17:47:18.272   755   755 E LockSettingsStorage: Cannot read file java.io.FileNotFoundException: /data/system/password.key: open failed: ENOENT (No such file or directory)
01-23 17:47:18.273   755   755 E LockSettingsStorage: Cannot read file java.io.FileNotFoundException: /data/system/gatekeeper.pattern.key: open failed: ENOENT (No such file or directory)
01-23 17:47:18.274   755   755 E LockSettingsStorage: Cannot read file java.io.FileNotFoundException: /data/system/gatekeeper.gesture.key: open failed: ENOENT (No such file or directory)
01-23 17:47:18.274   755   755 E LockSettingsStorage: Cannot read file java.io.FileNotFoundException: /data/system/gesture.key: open failed: ENOENT (No such file or directory)
01-23 17:47:18.275   755   755 E LockSettingsStorage: Cannot read file java.io.FileNotFoundException: /data/system/cm_gesture.key: open failed: ENOENT (No such file or directory)
01-23 17:47:18.275   755   755 I SystemServiceManager: Starting phase 480
01-23 17:47:18.342   755   755 I SystemServiceManager: Starting phase 500
01-23 17:47:18.354   755   755 I WifiService: WifiService starting up with Wi-Fi enabled
01-23 17:47:18.359   755   755 D WifiService: setWifiEnabled: true pid=755, uid=1000
01-23 17:47:18.359   755   755 E WifiService: Invoking mWifiStateMachine.setWifiEnabled
01-23 17:47:18.454   755   755 V BackupManagerService: No ancestral data
01-23 17:47:18.741    86    86 W         : (1)[86:hps_main][HPS] (0000)(2)DBG_HRT(127)(142)(0)(0) (4)(4)(4)(4)(1) (262)(25)(1) (1108)(25)(1) (0)(142)(25)(0)(142) wifi_base(0)<431 -> 237>
01-23 17:47:18.980   753   753 W (1)[753:netd][MTK-WIFI] WIFI_open: WIFI_open: major 153 minor 0 (pid 753)<431 -> 237>
01-23 17:47:19.106   755   755 V KeyValueBackupJob: Scheduling k/v pass in 246 minutes
01-23 17:47:19.204   755   755 V BackupManagerService: Starting with transport com.google.android.gms/.backup.BackupTransportService
01-23 17:47:19.205   755   755 V BackupManagerService: Found transports: 2
01-23 17:47:19.216   755   755 I BackupManagerService: Binding to transport host ComponentInfo{android/com.android.internal.backup.LocalTransportService}
01-23 17:47:19.243   755   755 I BackupManagerService: Binding to transport host ComponentInfo{com.google.android.gms/com.google.android.gms.backup.BackupTransportService}
01-23 17:47:19.249   755   755 I BackupManagerService: Found stale backup journal, scheduling
01-23 17:47:19.425   755   755 I configuration_changed: 32
01-23 17:47:19.426   755   755 I ActivityManager: Config changes=20 {1.0 ?mcc?mnc ru_RU ldltr sw360dp w360dp h616dp 320dpi nrml long port finger -keyb/v/h -nav/h s.5 themeResource=null}
01-23 17:47:19.655   755   776 W KeyguardServiceDelegate: onScreenTurningOn(): no keyguard service!
01-23 17:47:19.705   755   755 I ActivityManager: System now ready
01-23 17:47:19.705   755   755 I boot_progress_ams_ready: 70458
01-23 17:47:19.963   755   755 I SystemServer: Making services ready
01-23 17:47:19.964   755   755 I SystemServiceManager: Starting phase 550
01-23 17:47:19.971   755   797 D MountService: Thinking about reset, mSystemReady=true, mDaemonConnected=true
01-23 17:47:19.972   755   797 D VoldConnector: SND -> {3 volume reset}
01-23 17:47:19.972   755   769 I ActivityManager: Force stopping com.android.providers.media appid=10007 user=-1: vold reset
01-23 17:47:19.973   755   798 D VoldConnector: RCV <- {651 emulated 7}
01-23 17:47:19.974   231   241 V vold    : /system/bin/sgdisk
01-23 17:47:19.974   231   241 V vold    :     --android-dump
01-23 17:47:19.974   231   241 V vold    :     /dev/block/vold/disk:179_128
01-23 17:47:19.975   755   798 D VoldConnector: RCV <- {659 emulated}
01-23 17:47:19.976   755   798 D VoldConnector: RCV <- {650 emulated 2 "" ""}
01-23 17:47:19.978   755   798 D VoldConnector: RCV <- {654 emulated emulated}
01-23 17:47:19.979   755   798 D VoldConnector: RCV <- {651 emulated 0}
01-23 17:47:19.984   755   798 D VoldConnector: RCV <- {651 public:179_129 7}
01-23 17:47:19.985   755   798 D VoldConnector: RCV <- {659 public:179_129}
01-23 17:47:19.986   755   798 D VoldConnector: RCV <- {649 disk:179_128}
01-23 17:47:19.987   755   798 D VoldConnector: RCV <- {640 disk:179_128 5}
01-23 17:47:19.988   755   798 D VoldConnector: RCV <- {641 disk:179_128 7969177600}
01-23 17:47:19.989   755   798 D VoldConnector: RCV <- {642 disk:179_128 }
01-23 17:47:19.990   755   798 D VoldConnector: RCV <- {644 disk:179_128 /sys//devices/mtk-msdc.0/11240000.msdc1/mmc_host/mmc1/mmc1:0007/block/mmcblk1}
01-23 17:47:19.992   755   755 D UsbAlsaManager: Adding ALSA device AlsaDevice: [card: 0, device: 24, type: 1]
01-23 17:47:19.992   755   755 D UsbAlsaManager: Adding ALSA device AlsaDevice: [card: 0, device: 22, type: 1]
01-23 17:47:19.993   755   755 D UsbAlsaManager: Adding ALSA device AlsaDevice: [card: 0, device: 21, type: 1]
01-23 17:47:19.993   755   755 D UsbAlsaManager: Adding ALSA device AlsaDevice: [card: 0, device: 22, type: 2]
01-23 17:47:19.993   755   755 D UsbAlsaManager: Adding ALSA device AlsaDevice: [card: 0, device: 20, type: 1]
01-23 17:47:19.993   755   755 D UsbAlsaManager: Adding ALSA device AlsaDevice: [card: 0, device: 21, type: 2]
01-23 17:47:19.994   755   755 D UsbAlsaManager: Adding ALSA device AlsaDevice: [card: 0, device: 19, type: 1]
01-23 17:47:19.994   755   755 D UsbAlsaManager: Adding ALSA device AlsaDevice: [card: 0, device: 18, type: 1]
01-23 17:47:19.994   755   755 D UsbAlsaManager: Adding ALSA device AlsaDevice: [card: 0, device: 17, type: 1]
01-23 17:47:19.994   755   755 D UsbAlsaManager: Adding ALSA device AlsaDevice: [card: 0, device: 17, type: 2]
01-23 17:47:19.995   755   755 D UsbAlsaManager: Adding ALSA device AlsaDevice: [card: 0, device: 16, type: 2]
01-23 17:47:19.995   755   755 D UsbAlsaManager: Adding ALSA device AlsaDevice: [card: 0, device: 14, type: 1]
01-23 17:47:19.995   755   755 D UsbAlsaManager: Adding ALSA device AlsaDevice: [card: 0, device: 15, type: 2]
01-23 17:47:19.995   755   755 D UsbAlsaManager: Adding ALSA device AlsaDevice: [card: 0, device: 13, type: 2]
01-23 17:47:19.996   755   755 D UsbAlsaManager: Adding ALSA device AlsaDevice: [card: 0, device: 11, type: 1]
01-23 17:47:19.996   755   755 D UsbAlsaManager: Adding ALSA device AlsaDevice: [card: 0, device: 12, type: 2]
01-23 17:47:19.996   755   755 D UsbAlsaManager: Adding ALSA device AlsaDevice: [card: 0, device: 10, type: 1]
01-23 17:47:19.996   755   755 D UsbAlsaManager: Adding ALSA device AlsaDevice: [card: 0, device: 8, type: 1]
01-23 17:47:19.997   755   755 D UsbAlsaManager: Adding ALSA device AlsaDevice: [card: 0, device: 9, type: 2]
01-23 17:47:19.997   755   755 D UsbAlsaManager: Adding ALSA device AlsaDevice: [card: 0, device: 7, type: 1]
01-23 17:47:19.997   755   755 D UsbAlsaManager: Adding ALSA device AlsaDevice: [card: 0, device: 6, type: 1]
01-23 17:47:19.997   755   755 D UsbAlsaManager: Adding ALSA device AlsaDevice: [card: 0, device: 7, type: 2]
01-23 17:47:19.998   755   755 D UsbAlsaManager: Adding ALSA device AlsaDevice: [card: 0, device: 5, type: 1]
01-23 17:47:19.998   755   755 D UsbAlsaManager: Adding ALSA device AlsaDevice: [card: 0, device: 6, type: 2]
01-23 17:47:19.998   755   755 D UsbAlsaManager: Adding ALSA device AlsaDevice: [card: 0, device: 4, type: 1]
01-23 17:47:19.999   755   755 D UsbAlsaManager: Adding ALSA device AlsaDevice: [card: 0, device: 5, type: 2]
01-23 17:47:19.999   755   755 D UsbAlsaManager: Adding ALSA device AlsaDevice: [card: 0, device: 3, type: 1]
01-23 17:47:19.999   755   755 D UsbAlsaManager: Adding ALSA device AlsaDevice: [card: 0, device: 4, type: 2]
01-23 17:47:20.000   755   755 D UsbAlsaManager: Adding ALSA device AlsaDevice: [card: 0, device: 2, type: 1]
01-23 17:47:20.000   755   755 D UsbAlsaManager: Adding ALSA device AlsaDevice: [card: 0, device: 3, type: 2]
01-23 17:47:20.000   755   755 D UsbAlsaManager: Adding ALSA device AlsaDevice: [card: 0, device: 2, type: 2]
01-23 17:47:20.000   755   755 D UsbAlsaManager: Adding ALSA device AlsaDevice: [card: 0, device: 0, type: 1]
01-23 17:47:20.001   755   755 D UsbAlsaManager: Adding ALSA device AlsaDevice: [card: 0, device: 1, type: 2]
01-23 17:47:20.049   231   241 V vold    : DISK gpt CBC83FD9-4235-4453-8D69-6B98D2518C8B
01-23 17:47:20.049   231   241 V vold    : PART 1 EBD0A0A2-B9E5-4433-87C0-68B6B72699C7 6364D990-56C9-45B7-991C-554740580B3D Microsoft basic data
01-23 17:47:20.051   755   798 D VoldConnector: RCV <- {650 public:179_129 0 "disk:179_128" ""}
01-23 17:47:20.052   755   798 D VoldConnector: RCV <- {654 public:179_129 sdcard1}
01-23 17:47:20.054   755   798 D VoldConnector: RCV <- {651 public:179_129 0}
01-23 17:47:20.055   755   798 D VoldConnector: RCV <- {643 disk:179_128}
01-23 17:47:20.056   755   798 D VoldConnector: RCV <- {200 3 Command succeeded}
01-23 17:47:20.058   755   797 D VoldConnector: SND -> {4 volume user_added 0 0}
01-23 17:47:20.059   755   798 D VoldConnector: RCV <- {200 4 Command succeeded}
01-23 17:47:20.060   755   771 I dvm_lock_sample: [system_server,0,android.fg,86,MountService.java,946,Object.java,-2,17]
01-23 17:47:20.072   755   771 V MountService: Found primary storage at VolumeInfo{emulated}:
01-23 17:47:20.072   755   771 V MountService:     type=EMULATED diskId=null partGuid=null mountFlags=0 mountUserId=-1 
01-23 17:47:20.072   755   771 V MountService:     state=UNMOUNTED 
01-23 17:47:20.072   755   771 V MountService:     fsType=null fsUuid=null fsLabel=null 
01-23 17:47:20.072   755   771 V MountService:     path=null internalPath=null 
01-23 17:47:20.075   755   797 D VoldConnector: SND -> {5 volume mount emulated 3 -1}
01-23 17:47:20.078   231   241 V vold    : Waiting for FUSE to spin up...
01-23 17:47:20.081   755   798 D VoldConnector: RCV <- {651 emulated 1}
01-23 17:47:20.082   755   798 D VoldConnector: RCV <- {656 emulated /data/media}
01-23 17:47:20.083   755   798 D VoldConnector: RCV <- {655 emulated /storage/emulated}
01-23 17:47:20.122   841   841 D (2)[841:sdcard]SELinux: initialized (dev fuse, type fuse), uses genfs_contexts<431 -> 237>
01-23 17:47:20.123   841   841 D (2)[841:sdcard]SELinux: initialized (dev fuse, type fuse), uses genfs_contexts
01-23 17:47:20.123   841   841 D (2)[841:sdcard]SELinux: initialized (dev fuse, type fuse), uses genfs_contexts
01-23 17:47:20.127   755   755 I am_proc_start: [0,843,10027,com.android.systemui,service,com.android.systemui/.keyguard.KeyguardService]
01-23 17:47:20.127   755   755 I ActivityManager: Start proc 843:com.android.systemui/u0a27 for service com.android.systemui/.keyguard.KeyguardService
01-23 17:47:20.127   755   755 I BrokerableCMSystemService: Connecting to implementation
01-23 17:47:20.128   755   755 W ContextImpl: Calling a method in the system process without a qualified user: android.app.ContextImpl.bindService:1295 org.cyanogenmod.platform.internal.BrokerableCMSystemService.tryConnecting:199 org.cyanogenmod.platform.internal.ThemeManagerServiceBroker.onBootPhase:270 com.android.server.SystemServiceManager.startBootPhase:135 com.android.server.SystemServer$2.run:1180 
01-23 17:47:20.130   755   798 D VoldConnector: RCV <- {651 emulated 2}
01-23 17:47:20.131   755   798 D VoldConnector: RCV <- {200 5 Command succeeded}
01-23 17:47:20.145   755   769 I am_proc_start: [0,851,10007,android.process.media,broadcast,com.android.providers.media/.MtpReceiver]
01-23 17:47:20.145   755   769 I ActivityManager: Start proc 851:android.process.media/u0a7 for broadcast com.android.providers.media/.MtpReceiver
01-23 17:47:20.147   755   797 D VoldConnector: SND -> {6 volume mount public:179_129 2 0}
01-23 17:47:20.148   231   241 V vold    : /system/bin/blkid
01-23 17:47:20.148   231   241 V vold    :     -c
01-23 17:47:20.148   231   241 V vold    :     /dev/null
01-23 17:47:20.148   231   241 V vold    :     -s
01-23 17:47:20.148   231   241 V vold    :     TYPE
01-23 17:47:20.148   231   241 V vold    :     -s
01-23 17:47:20.148   755   798 D VoldConnector: RCV <- {651 public:179_129 1}
01-23 17:47:20.148   231   241 V vold    :     UUID
01-23 17:47:20.150   231   241 V vold    :     -s
01-23 17:47:20.150   231   241 V vold    :     LABEL
01-23 17:47:20.150   231   241 V vold    :     /dev/block/vold/public:179_129
01-23 17:47:20.164   755   769 I am_proc_start: [0,857,10009,com.android.externalstorage,broadcast,com.android.externalstorage/.MountReceiver]
01-23 17:47:20.164   755   769 I ActivityManager: Start proc 857:com.android.externalstorage/u0a9 for broadcast com.android.externalstorage/.MountReceiver
01-23 17:47:20.165   755   770 I dvm_lock_sample: [system_server,1,android.ui,19,ActivityManagerService.java,4096,-,17452,3]
01-23 17:47:20.188   755   755 I am_proc_start: [0,862,10021,org.cyanogenmod.themeservice,service,org.cyanogenmod.themeservice/.ThemeManagerService]
01-23 17:47:20.188   755   755 I ActivityManager: Start proc 862:org.cyanogenmod.themeservice/u0a21 for service org.cyanogenmod.themeservice/.ThemeManagerService
01-23 17:47:20.191   755   755 I SystemServer: WebViewFactory preparation
01-23 17:47:20.242   755   755 I am_proc_start: [0,868,1037,WebViewLoader-armeabi-v7a,,]
01-23 17:47:20.242   755   755 I ActivityManager: Start proc 868:WebViewLoader-armeabi-v7a/1037 [android.webkit.WebViewFactory$RelroFileCreator] for 
01-23 17:47:20.246   755   755 D NetworkManagement: enabling bandwidth control
01-23 17:47:20.294   231   241 V vold    : /dev/block/vold/public:179_129: UUID="5F4E-035A" TYPE="vfat" 
01-23 17:47:20.297   755   798 D VoldConnector: RCV <- {652 public:179_129 vfat}
01-23 17:47:20.298   231   241 V vold    : /system/bin/fsck_msdos
01-23 17:47:20.298   231   241 V vold    :     -p
01-23 17:47:20.298   231   241 V vold    :     -f
01-23 17:47:20.298   231   241 V vold    :     /dev/block/vold/public:179_129
01-23 17:47:20.298   755   798 D VoldConnector: RCV <- {653 public:179_129 5F4E-035A}
01-23 17:47:20.300   755   798 D VoldConnector: RCV <- {654 public:179_129 sdcard1}
01-23 17:47:20.301   755   798 D VoldConnector: RCV <- {656 public:179_129 /mnt/media_rw/5F4E-035A}
01-23 17:47:20.302   755   798 D VoldConnector: RCV <- {655 public:179_129 /storage/5F4E-035A}
01-23 17:47:20.358   755   767 I am_proc_bound: [0,843,com.android.systemui]
01-23 17:47:20.382   755   767 I am_proc_bound: [0,851,android.process.media]
01-23 17:47:20.396   880   880 D fsck_msdos: sectors Per cluster :8 
01-23 17:47:20.396   880   880 D fsck_msdos: boot->ClusterOffset :30354 
01-23 17:47:20.396   880   880 I fsck_msdos: FAT32 Filesystem
01-23 17:47:20.396   880   880 D fsck_msdos: Using cluster_chain_descriptor
01-23 17:47:20.396   880   880 I fsck_msdos: Total clusters 1941545 
01-23 17:47:20.432   755   902 I am_proc_bound: [0,862,org.cyanogenmod.themeservice]
01-23 17:47:20.478   755   767 I am_proc_bound: [0,857,com.android.externalstorage]
01-23 17:47:20.645   880   880 I fsck_msdos: ** Phase 2 - Check Cluster Chains 
01-23 17:47:20.645   880   880 I fsck_msdos: Begin to handle the cluster chain
01-23 17:47:20.655   755   770 W WindowManager: Keyguard drawn timeout. Setting mKeyguardDrawComplete
01-23 17:47:20.882   880   880 D fsck_msdos: rootDir->head :2
01-23 17:47:20.916   755   804 E NetdConnector: NDC Command {2 softap fwreload wlan0 STA} took too long (1941ms)
01-23 17:47:21.011   880   880 D fsck_msdos: Verify Filesystem information
01-23 17:47:21.011   880   880 W fsck_msdos: 126 files, 1007224 free (1300382 clusters)
01-23 17:47:21.011   880   880 I fsck_msdos: free_rb_tree 
01-23 17:47:21.011   880   880 I fsck_msdos: free_fragment_tree
01-23 17:47:21.011   880   880 I fsck_msdos: free_fragment_tree
01-23 17:47:21.011   880   880 I fsck_msdos: free_fragment_tree: rb_tree is empty 
01-23 17:47:21.020   231   241 I Vold    : Filesystem check completed OK
01-23 17:47:21.031   231   241 V vold    : Waiting for FUSE to spin up...
01-23 17:47:21.064   930   930 D (0)[930:sdcard]SELinux: initialized (dev fuse, type fuse), uses genfs_contexts<431 -> 237>
01-23 17:47:21.081   755   798 D VoldConnector: RCV <- {651 public:179_129 2}
01-23 17:47:21.082   755   798 D VoldConnector: RCV <- {200 6 Command succeeded}
01-23 17:47:21.084   755   797 E VoldConnector: NDC Command {6 volume mount public:179_129 2 0} took too long (937ms)
01-23 17:47:21.255   755   767 I dvm_lock_sample: [system_server,1,Binder_2,272,UserManagerService.java,424,PackageManagerService.java,5498,54]
01-23 17:47:21.442   755   769 I am_proc_start: [0,951,10022,org.cyanogenmod.themes.provider,broadcast,org.cyanogenmod.themes.provider/.AppReceiver]
01-23 17:47:21.442   755   769 I ActivityManager: Start proc 951:org.cyanogenmod.themes.provider/u0a22 for broadcast org.cyanogenmod.themes.provider/.AppReceiver
01-23 17:47:21.471   755   899 I notification_cancel_all: [10007,851,com.android.providers.downloads,0,0,64,9,NULL]
01-23 17:47:21.772   755   766 I am_proc_bound: [0,951,org.cyanogenmod.themes.provider]
01-23 17:47:21.960   755   755 E NetdConnector: NDC Command {3 bandwidth enable} took too long (1714ms)
01-23 17:47:21.964   755   804 E NetdConnector: NDC Command {4 interface getcfg wlan0} took too long (1046ms)
01-23 17:47:22.865   843  1098 I sysui_action: [213,2]
01-23 17:47:23.418   755   766 I dvm_lock_sample: [system_server,1,Binder_1,279,UserManagerService.java,424,PackageManagerService.java,5498,55]
01-23 17:47:23.419   755   922 I dvm_lock_sample: [system_server,1,Binder_6,154,UserManagerService.java,424,PackageManagerService.java,5498,30]
01-23 17:47:23.760   755   755 E NetdConnector: NDC Command {5 strict enable} took too long (1796ms)
01-23 17:47:23.762   755   804 E NetdConnector: NDC Command {6 interface setcfg wlan0 0.0.0.0 0 multicast broadcast down} took too long (1793ms)
01-23 17:47:24.134   755   767 I StatusBarManagerService: registerStatusBar bar=com.android.internal.statusbar.IStatusBar$Stub$Proxy@14bbbb8
01-23 17:47:24.541   755   902 I dvm_lock_sample: [system_server,1,Binder_4,215,PackageManagerService.java,3320,-,5498,43]
01-23 17:47:24.542   755   769 I dvm_lock_sample: [system_server,1,ActivityManager,119,ActivityManagerService.java,2110,-,17452,23]
01-23 17:47:24.590   755   755 I SystemServiceManager: Starting phase 600
01-23 17:47:24.632   755   755 V NotificationListeners: enabling notification listener for user 0: ComponentInfo{org.cyanogenmod.theme.chooser2/org.cyanogenmod.theme.chooser2.NotificationHijackingService}
01-23 17:47:24.668   755   755 I am_proc_start: [0,1143,10023,org.cyanogenmod.theme.chooser2,service,org.cyanogenmod.theme.chooser2/.NotificationHijackingService]
01-23 17:47:24.669   755   755 I ActivityManager: Start proc 1143:org.cyanogenmod.theme.chooser2/u0a23 for service org.cyanogenmod.theme.chooser2/.NotificationHijackingService
01-23 17:47:24.671   755   921 I dvm_lock_sample: [system_server,1,Binder_5,27,ActivityManagerService.java,12783,-,16412,5]
01-23 17:47:24.701   755   755 I BackupManagerService: Backup enabled => false
01-23 17:47:24.736   755   755 D BrokerableCMSystemService: Third party apps ready
01-23 17:47:24.736   755   755 I BrokerableCMSystemService: Connecting to implementation
01-23 17:47:24.737   755   755 W ContextImpl: Calling a method in the system process without a qualified user: android.app.ContextImpl.bindService:1295 org.cyanogenmod.platform.internal.BrokerableCMSystemService.tryConnecting:199 org.cyanogenmod.platform.internal.BrokerableCMSystemService.onBootPhase:127 org.cyanogenmod.platform.internal.ThemeManagerServiceBroker.onBootPhase:272 com.android.server.SystemServiceManager.startBootPhase:135 
01-23 17:47:24.738   755   755 D BrokerableCMSystemService: Third party apps ready
01-23 17:47:24.738   755   755 I BrokerableCMSystemService: Connecting to implementation
01-23 17:47:24.739   755   755 W ContextImpl: Calling a method in the system process without a qualified user: android.app.ContextImpl.bindService:1295 org.cyanogenmod.platform.internal.BrokerableCMSystemService.tryConnecting:199 org.cyanogenmod.platform.internal.BrokerableCMSystemService.onBootPhase:127 com.android.server.SystemServiceManager.startBootPhase:135 com.android.server.SystemServer$2.run:1231 
01-23 17:47:24.755   755   755 D BrokerableCMSystemService: Third party apps ready
01-23 17:47:24.755   755   755 I BrokerableCMSystemService: Connecting to implementation
01-23 17:47:24.756   755   755 W ContextImpl: Calling a method in the system process without a qualified user: android.app.ContextImpl.bindService:1295 org.cyanogenmod.platform.internal.BrokerableCMSystemService.tryConnecting:199 org.cyanogenmod.platform.internal.BrokerableCMSystemService.onBootPhase:127 org.cyanogenmod.platform.internal.LiveLockScreenServiceBroker.onBootPhase:273 com.android.server.SystemServiceManager.startBootPhase:135 
01-23 17:47:24.789   755   755 I am_proc_start: [0,1151,10011,org.cyanogenmod.livelockscreen.service,service,org.cyanogenmod.livelockscreen.service/.LiveLockScreenManagerService]
01-23 17:47:24.789   755   755 I ActivityManager: Start proc 1151:org.cyanogenmod.livelockscreen.service/u0a11 for service org.cyanogenmod.livelockscreen.service/.LiveLockScreenManagerService
01-23 17:47:24.790   755   755 D BrokerableCMSystemService: Third party apps ready
01-23 17:47:24.790   755   755 I BrokerableCMSystemService: Connecting to implementation
01-23 17:47:24.791   755   755 W ContextImpl: Calling a method in the system process without a qualified user: android.app.ContextImpl.bindService:1295 org.cyanogenmod.platform.internal.BrokerableCMSystemService.tryConnecting:199 org.cyanogenmod.platform.internal.BrokerableCMSystemService.onBootPhase:127 com.android.server.SystemServiceManager.startBootPhase:135 com.android.server.SystemServer$2.run:1231 
01-23 17:47:24.858   755   755 I am_proc_start: [0,1159,10026,org.cyanogenmod.weatherservice,service,org.cyanogenmod.weatherservice/.WeatherManagerService]
01-23 17:47:24.858   755   755 I ActivityManager: Start proc 1159:org.cyanogenmod.weatherservice/u0a26 for service org.cyanogenmod.weatherservice/.WeatherManagerService
01-23 17:47:24.859   755   755 D BrokerableCMSystemService: Third party apps ready
01-23 17:47:24.859   755   755 I BrokerableCMSystemService: Connecting to implementation
01-23 17:47:24.868   755   755 W ContextImpl: Calling a method in the system process without a qualified user: android.app.ContextImpl.bindService:1295 org.cyanogenmod.platform.internal.BrokerableCMSystemService.tryConnecting:199 org.cyanogenmod.platform.internal.BrokerableCMSystemService.onBootPhase:127 org.cyanogenmod.platform.internal.CMAudioServiceBroker.onBootPhase:58 com.android.server.SystemServiceManager.startBootPhase:135 
01-23 17:47:24.910   755   755 I am_proc_start: [0,1165,10000,org.cyanogenmod.cmaudio.service,service,org.cyanogenmod.cmaudio.service/.CMAudioService]
01-23 17:47:24.910   755   755 I ActivityManager: Start proc 1165:org.cyanogenmod.cmaudio.service/u0a0 for service org.cyanogenmod.cmaudio.service/.CMAudioService
01-23 17:47:24.986   755   755 E InputMethodManagerService: Ignoring updateSystemUiLocked due to an invalid token. uid:1000 token:null
01-23 17:47:25.049   755   755 I am_proc_start: [0,1183,10076,com.android.inputmethod.latin,service,com.android.inputmethod.latin/.LatinIME]
01-23 17:47:25.049   755   755 I ActivityManager: Start proc 1183:com.android.inputmethod.latin/u0a76 for service com.android.inputmethod.latin/.LatinIME
01-23 17:47:25.049   755   755 V InputMethodManagerService: Adding window token: android.os.Binder@c0e8c24
01-23 17:47:25.057   755   921 I am_proc_bound: [0,1143,org.cyanogenmod.theme.chooser2]
01-23 17:47:25.177   755   805 D WifiService: New client listening to asynchronous messages
01-23 17:47:25.256   755   902 I am_proc_bound: [0,1159,org.cyanogenmod.weatherservice]
01-23 17:47:25.297   755   899 I am_proc_bound: [0,1151,org.cyanogenmod.livelockscreen.service]
01-23 17:47:25.337   755   902 I am_proc_bound: [0,1165,org.cyanogenmod.cmaudio.service]
01-23 17:47:25.431   755   922 I dvm_lock_sample: [system_server,1,Binder_6,91,ActivityManagerService.java,9827,-,6536,18]
01-23 17:47:25.441   755   770 I dvm_lock_sample: [system_server,1,android.ui,26,ActivityManagerService.java,3981,-,6536,5]
01-23 17:47:25.463   755  1235 I am_proc_bound: [0,1183,com.android.inputmethod.latin]
01-23 17:47:25.487   755  1236 I dvm_lock_sample: [system_server,1,Binder_9,18,UserManagerService.java,424,PackageManagerService.java,2865,3]
01-23 17:47:25.500   755  1233 I dvm_lock_sample: [system_server,1,Binder_7,58,ActivityManagerService.java,16430,-,4044,11]
01-23 17:47:25.583   755   755 I dvm_lock_sample: [system_server,0,main,8,UserManagerService.java,424,PackageManagerService.java,2865,1]
01-23 17:47:25.608   755   755 E LocationManagerService: FLP HAL not supported
01-23 17:47:25.705   755   921 I am_proc_start: [0,1241,10084,org.cyanogenmod.yahooweatherprovider,service,org.cyanogenmod.yahooweatherprovider/.YahooWeatherProviderService]
01-23 17:47:25.705   755   921 I ActivityManager: Start proc 1241:org.cyanogenmod.yahooweatherprovider/u0a84 for service org.cyanogenmod.yahooweatherprovider/.YahooWeatherProviderService
01-23 17:47:25.731   755   755 E LocationManagerService: Hardware Activity-Recognition not supported.
01-23 17:47:25.837   755   768 I dvm_lock_sample: [system_server,0,android.bg,579,LocationManagerService.java,1660,PermissionsState.java,686,100]
01-23 17:47:25.844   755   755 I MmsServiceBroker: Delay connecting to MmsService until an API is called
01-23 17:47:25.860   755   755 D MountService: onStartUser 0
01-23 17:47:25.860   755   755 D VoldConnector: SND -> {7 volume user_started 0}
01-23 17:47:25.862   231   241 D vold    : Linking /storage/emulated/0 to /mnt/user/0/primary
01-23 17:47:25.862   755   798 D VoldConnector: RCV <- {200 7 Command succeeded}
01-23 17:47:25.865   755   797 D MountService: Volume public:179_129 broadcasting mounted to UserHandle{0}
01-23 17:47:25.874   755   755 W VoiceInteractionManagerService: no available voice interaction services found for user 0
01-23 17:47:25.874   755   755 W VoiceInteractionManagerService: no available voice recognition services found for user 0
01-23 17:47:25.896   755   755 I am_proc_start: [0,1247,10005,org.cyanogenmod.audiofx,added application,org.cyanogenmod.audiofx]
