01-23 18:17:08.796  1861  1861 E ActivityThread: 	at android.app.SystemServiceRegistry$45.createService(SystemServiceRegistry.java:552)
01-23 18:17:08.796  1861  1861 E ActivityThread: 	at android.app.SystemServiceRegistry$CachedServiceFetcher.getService(SystemServiceRegistry.java:883)
01-23 18:17:08.796  1861  1861 E ActivityThread: 	at android.app.SystemServiceRegistry.getSystemService(SystemServiceRegistry.java:836)
01-23 18:17:08.796  1861  1861 E ActivityThread: 	at android.app.ContextImpl.getSystemService(ContextImpl.java:1370)
01-23 18:17:08.796  1861  1861 E ActivityThread: 	at android.content.ContextWrapper.getSystemService(ContextWrapper.java:627)
01-23 18:17:08.796  1861  1861 E ActivityThread: 	at com.google.android.chimera.ModuleContext.getSystemService(:com.google.android.gms:173)
01-23 18:17:08.796  1861  1861 E ActivityThread: 	at android.content.ContextWrapper.getSystemService(ContextWrapper.java:627)
01-23 18:17:08.796  1861  1861 E ActivityThread: 	at phi.a(:com.google.android.gms:60)
01-23 18:17:08.796  1861  1861 E ActivityThread: 	at phi.b(:com.google.android.gms:101)
01-23 18:17:08.796  1861  1861 E ActivityThread: 	at phk.a(:com.google.android.gms:121)
01-23 18:17:08.796  1861  1861 E ActivityThread: 	at com.google.android.gms.herrevad.services.GetActiveNetworkQualityChimeraOperation.a(:com.google.android.gms:1039)
01-23 18:17:08.796  1861  1861 E ActivityThread: 	at hno.run(:com.google.android.gms:191)
01-23 18:17:08.796  1861  1861 E ActivityThread: 	at jmg.run(:com.google.android.gms:450)
01-23 18:17:08.796  1861  1861 E ActivityThread: 	at java.util.concurrent.ThreadPoolExecutor.runWorker(ThreadPoolExecutor.java:1113)
01-23 18:17:08.796  1861  1861 E ActivityThread: 	at java.util.concurrent.ThreadPoolExecutor$Worker.run(ThreadPoolExecutor.java:588)
01-23 18:17:08.796  1861  1861 E ActivityThread: 	at jqr.run(:com.google.android.gms:17)
01-23 18:17:08.796  1861  1861 E ActivityThread: 	at java.lang.Thread.run(Thread.java:818)
01-23 18:17:08.809  5302  5321 I google_http_request: [217,200,unused/0,1]
01-23 18:17:08.819  2774  2774 I am_on_resume_called: [0,com.celltick.lockscreen.LockerActivity]
01-23 18:17:08.889  2774  2774 I am_on_paused_called: [0,com.celltick.lockscreen.LockerActivity]
01-23 18:17:08.893   865  1076 I am_restart_activity: [0,255274203,9,com.celltick.lockscreen/.tutorial.TutorialActivity]
01-23 18:17:09.084  5302  5322 I google_http_request: [197,200,unused/0,1]
01-23 18:17:09.121  2774  2774 I am_on_resume_called: [0,com.celltick.lockscreen.tutorial.TutorialActivity]
01-23 18:17:09.321   865   885 I am_pss  : [5856,10038,com.android.chrome,7362560,6004736]
01-23 18:17:09.622  5302  5321 I google_http_request: [619,200,unused/0,1]
01-23 18:17:09.976  5302  5331 I google_http_request: [41,200,unused/0,1]
01-23 18:17:10.019  5302  5322 I google_http_request: [115,200,unused/0,1]
01-23 18:17:10.160   865   894 I am_activity_launch_time: [0,255274203,com.celltick.lockscreen/.tutorial.TutorialActivity,1268,8579]
01-23 18:17:10.239  5302  5332 I google_http_request: [215,200,unused/0,1]
01-23 18:17:10.305  5302  5321 I google_http_request: [324,200,unused/0,1]
01-23 18:17:10.521   239   239 I sf_frame_dur: [com.android.launcher3/com.android.launcher3.Launcher,126,0,2,1,2,1,0]
01-23 18:17:10.840  5302  5330 I google_http_request: [42,200,unused/0,1]
--------- beginning of main
01-23 18:17:10.844  5302  5331 D libc-netbsd: [getaddrinfo]: ai_addrlen=0; ai_canonname=(null); ai_flags=4; ai_family=0
01-23 18:17:10.851  5302  5329 I google_http_request: [32,200,unused/0,1]
01-23 18:17:10.867  5302  5331 D libc-netbsd: [getaddrinfo]: hostname=lh3.googleusercontent.com; servname=(null); netid=0; mark=0
01-23 18:17:10.868  5302  5331 D libc-netbsd: [getaddrinfo]: ai_addrlen=0; ai_canonname=(null); ai_flags=4; ai_family=0
01-23 18:17:10.881  5302  6152 E Surface : getSlotFromBufferLocked: unknown buffer: 0xb95cb8c0
01-23 18:17:10.892  5302  5332 I google_http_request: [32,200,unused/0,1]
01-23 18:17:10.897   239   239 I sf_frame_dur: [com.android.vending/com.google.android.finsky.activities.MainActivity,86,5,1,1,1,0,0]
01-23 18:17:10.933  5302  5331 I google_http_request: [94,200,unused/0,1]
01-23 18:17:10.971  5302  5331 D libc-netbsd: [getaddrinfo]: hostname=lh3.googleusercontent.com; servname=(null); netid=0; mark=0
01-23 18:17:10.971  5302  5331 D libc-netbsd: [getaddrinfo]: ai_addrlen=0; ai_canonname=(null); ai_flags=4; ai_family=0
01-23 18:17:10.976  5302  5331 D libc-netbsd: [getaddrinfo]: hostname=64.233.162.132; servname=(null); netid=0; mark=0
01-23 18:17:10.976  5302  5331 D libc-netbsd: [getaddrinfo]: ai_addrlen=0; ai_canonname=(null); ai_flags=4; ai_family=0
01-23 18:17:10.986   865   885 I am_pss  : [6083,10051,com.google.android.talk:matchstick,10427392,6090752]
01-23 18:17:11.100   865   865 E WifiTrafficPoller: TRAFFIC_STATS_POLL true Token 11 num clients 8
01-23 18:17:11.100   865   865 E WifiTrafficPoller:  packet count Tx=4989 Rx=26135
01-23 18:17:11.124  5302  5330 I google_http_request: [182,200,unused/0,1]
01-23 18:17:11.129  5302  5322 I google_http_request: [279,200,unused/0,1]
01-23 18:17:11.145  5302  5332 I google_http_request: [181,200,unused/0,1]
01-23 18:17:11.157  5302  5329 I google_http_request: [215,200,unused/0,1]
01-23 18:17:11.157  5302  5331 D libc-netbsd: [getaddrinfo]: hostname=lh3.googleusercontent.com; servname=(null); netid=0; mark=0
01-23 18:17:11.158  5302  5331 D libc-netbsd: [getaddrinfo]: ai_addrlen=0; ai_canonname=(null); ai_flags=4; ai_family=0
01-23 18:17:11.224  5302  5331 I google_http_request: [254,200,unused/0,1]
01-23 18:17:11.246  5302  5330 I google_http_request: [36,200,unused/0,1]
01-23 18:17:11.412  5302  5332 I google_http_request: [165,200,unused/0,1]
01-23 18:17:11.433  5302  5330 I google_http_request: [34,200,unused/0,1]
01-23 18:17:11.438  5302  5329 I google_http_request: [40,200,unused/0,1]
01-23 18:17:11.475  5302  5331 I google_http_request: [30,200,unused/0,1]
01-23 18:17:11.477  5302  5332 I google_http_request: [24,200,unused/0,1]
01-23 18:17:11.655   865  3981 I am_finish_activity: [0,255274203,9,com.celltick.lockscreen/.tutorial.TutorialActivity,app-request]
01-23 18:17:11.655   865  3981 I am_home_stack_moved: [0,0,1,1,finishActivity adjustFocus setFocusedActivity]
01-23 18:17:11.656   865  3981 I wm_task_moved: [9,1,3]
01-23 18:17:11.658   865  3981 I am_focused_activity: [0,com.celltick.lockscreen/.LockerActivity]
01-23 18:17:11.673   865  3981 I am_pause_activity: [0,255274203,com.celltick.lockscreen/.tutorial.TutorialActivity]
01-23 18:17:11.675  2774  2774 I am_on_paused_called: [0,com.celltick.lockscreen.tutorial.TutorialActivity]
01-23 18:17:11.676   865  2545 I am_resume_activity: [0,136856577,8,com.celltick.lockscreen/.LockerActivity]
01-23 18:17:11.730   865  1077 I am_home_stack_moved: [0,0,1,1,startingNewTask]
01-23 18:17:11.747   865  1077 I wm_task_moved: [9,1,3]
01-23 18:17:11.749   865  1077 I am_create_task: [0,10]
01-23 18:17:11.749   865  1077 I am_create_activity: [0,47551776,10,com.celltick.lockscreen/.utils.permissions.PermissionsActivity,NULL,NULL,NULL,276824064]
01-23 18:17:11.749   865  1077 I wm_task_created: [10,1]
01-23 18:17:11.749   865  1077 I wm_task_moved: [10,1,4]
01-23 18:17:11.768   865  1077 I am_pause_activity: [0,136856577,com.celltick.lockscreen/.LockerActivity]
01-23 18:17:11.769   865  1077 I am_home_stack_moved: [0,0,1,1,startedActivity setFocusedActivity]
01-23 18:17:11.769   865  1077 I wm_task_moved: [10,1,4]
01-23 18:17:11.773   865  1077 I am_focused_activity: [0,com.celltick.lockscreen/.utils.permissions.PermissionsActivity]
01-23 18:17:11.802  2774  2774 I am_on_resume_called: [0,com.celltick.lockscreen.LockerActivity]
01-23 18:17:11.865  2774  6344 E Surface : getSlotFromBufferLocked: unknown buffer: 0xb97c3c68
01-23 18:17:11.896  2774  2774 I am_on_paused_called: [0,com.celltick.lockscreen.LockerActivity]
01-23 18:17:11.898   865  3981 I am_restart_activity: [0,47551776,10,com.celltick.lockscreen/.utils.permissions.PermissionsActivity]
01-23 18:17:11.942   865  1075 I am_home_stack_moved: [0,0,1,1,sourceStackToFront]
01-23 18:17:11.942   865  1075 I wm_task_moved: [10,1,4]
01-23 18:17:11.943   865  1075 I am_create_activity: [0,63360872,10,com.google.android.packageinstaller/com.android.packageinstaller.permission.ui.GrantPermissionsActivity,android.content.pm.action.REQUEST_PERMISSIONS,NULL,NULL,8388608]
01-23 18:17:11.944   865  1075 I am_pause_activity: [0,47551776,com.celltick.lockscreen/.utils.permissions.PermissionsActivity]
01-23 18:17:11.945   865  1075 I am_home_stack_moved: [0,0,1,1,startedActivity setFocusedActivity]
01-23 18:17:11.945   865  1075 I wm_task_moved: [10,1,4]
01-23 18:17:11.947   865  1075 I am_focused_activity: [0,com.google.android.packageinstaller/com.android.packageinstaller.permission.ui.GrantPermissionsActivity]
01-23 18:17:11.948  2774  2774 I am_on_resume_called: [0,com.celltick.lockscreen.utils.permissions.PermissionsActivity]
01-23 18:17:11.950  2774  2774 E MultiWindowProxy: getServiceInstance failed!
01-23 18:17:11.967  2774  2774 I am_on_paused_called: [0,com.celltick.lockscreen.utils.permissions.PermissionsActivity]
01-23 18:17:11.982   865  3981 I am_proc_start: [0,6375,10013,com.google.android.packageinstaller,activity,com.google.android.packageinstaller/com.android.packageinstaller.permission.ui.GrantPermissionsActivity]
01-23 18:17:12.101   865   865 E WifiTrafficPoller: TRAFFIC_STATS_POLL true Token 11 num clients 8
01-23 18:17:12.102   865   865 E WifiTrafficPoller:  packet count Tx=5140 Rx=26314
01-23 18:17:12.130   865  1073 I am_proc_bound: [0,6375,com.google.android.packageinstaller]
01-23 18:17:12.133   865  1073 I am_restart_activity: [0,63360872,10,com.google.android.packageinstaller/com.android.packageinstaller.permission.ui.GrantPermissionsActivity]
01-23 18:17:12.306  6375  6375 E MultiWindowProxy: getServiceInstance failed!
01-23 18:17:12.315  6375  6375 I am_on_resume_called: [0,com.android.packageinstaller.permission.ui.GrantPermissionsActivity]
01-23 18:17:12.442   865  3981 I am_destroy_activity: [0,255274203,9,com.celltick.lockscreen/.tutorial.TutorialActivity,finish-imm]
01-23 18:17:12.449   865   894 I am_activity_launch_time: [0,63360872,com.google.android.packageinstaller/com.android.packageinstaller.permission.ui.GrantPermissionsActivity,481,552]
01-23 18:17:12.502   865   994 I wm_task_removed: [9,removeAppToken: last token]
01-23 18:17:12.502   865   994 I wm_task_removed: [9,removeTask]
01-23 18:17:12.503   865   994 E MultiWindowProxy: getServiceInstance failed!
01-23 18:17:13.103   865   865 E WifiTrafficPoller: TRAFFIC_STATS_POLL true Token 11 num clients 8
01-23 18:17:13.104   865   865 E WifiTrafficPoller:  packet count Tx=5140 Rx=26315
01-23 18:17:13.104   865   865 E WifiTrafficPoller: notifying of data activity 1
01-23 18:17:13.241  1534  1534 E SmsApplication: com.mediatek.apst.target does not have system signature
01-23 18:17:13.241  1534  1534 E SmsApplication: com.mediatek.ppl does not have system signature
01-23 18:17:13.242  1534  1534 E SmsApplication: com.mediatek.backuprestore does not have system signature
01-23 18:17:13.242  1534  1534 E SmsApplication: com.mediatek.rcs.messageservice does not have system signature
01-23 18:17:13.244  1534  1534 E SmsApplication: com.mediatek.esntrack does not have system signature
01-23 18:17:14.105   865   865 E WifiTrafficPoller: TRAFFIC_STATS_POLL true Token 11 num clients 8
01-23 18:17:14.106   865   865 E WifiTrafficPoller:  packet count Tx=5140 Rx=26319
01-23 18:17:14.865  6375  6375 I snet_event_log: [permissions_requested,10023,com.celltick.lockscreen:android.permission-group.CONTACTS|true|0;android.permission-group.CAMERA|true|0;android.permission-group.PHONE|true|0;android.permission-group.SMS|true|0;android.permission-group.LOCATION|true|0;android.permission-group.STORAGE|true|0]
01-23 18:17:14.866   865   875 I am_finish_activity: [0,63360872,10,com.google.android.packageinstaller/com.android.packageinstaller.permission.ui.GrantPermissionsActivity,app-request]
01-23 18:17:14.867   865   875 I am_home_stack_moved: [0,0,1,1,finishActivity adjustFocus setFocusedActivity]
01-23 18:17:14.867   865   875 I wm_task_moved: [10,1,3]
01-23 18:17:14.871   865   875 I am_focused_activity: [0,com.celltick.lockscreen/.utils.permissions.PermissionsActivity]
01-23 18:17:14.871   865   875 I am_pause_activity: [0,63360872,com.google.android.packageinstaller/com.android.packageinstaller.permission.ui.GrantPermissionsActivity]
01-23 18:17:14.907  6375  6375 I am_on_paused_called: [0,com.android.packageinstaller.permission.ui.GrantPermissionsActivity]
01-23 18:17:14.915   865  1639 I am_resume_activity: [0,47551776,10,com.celltick.lockscreen/.utils.permissions.PermissionsActivity]
01-23 18:17:14.945   865   875 I am_finish_activity: [0,47551776,10,com.celltick.lockscreen/.utils.permissions.PermissionsActivity,app-request]
01-23 18:17:14.945   865   875 I am_home_stack_moved: [0,0,1,1,finishActivity adjustFocus setFocusedActivity]
01-23 18:17:14.946   865   875 I wm_task_moved: [10,1,3]
01-23 18:17:14.949   865   875 I am_focused_activity: [0,com.celltick.lockscreen/.LockerActivity]
01-23 18:17:14.951   865   875 I am_pause_activity: [0,47551776,com.celltick.lockscreen/.utils.permissions.PermissionsActivity]
01-23 18:17:14.958  6375  6388 E Surface : getSlotFromBufferLocked: unknown buffer: 0xb93dbea8
01-23 18:17:14.959   865   994 I am_resume_activity: [0,136856577,8,com.celltick.lockscreen/.LockerActivity]
01-23 18:17:15.008  2774  2774 I am_on_resume_called: [0,com.celltick.lockscreen.LockerActivity]
01-23 18:17:15.106   865   865 E WifiTrafficPoller: TRAFFIC_STATS_POLL true Token 11 num clients 8
01-23 18:17:15.106   865   865 E WifiTrafficPoller:  packet count Tx=5140 Rx=26323
01-23 18:17:16.106   865   865 E WifiTrafficPoller: TRAFFIC_STATS_POLL true Token 11 num clients 8
01-23 18:17:16.107   865   865 E WifiTrafficPoller:  packet count Tx=5140 Rx=26328
01-23 18:17:17.107   865   865 E WifiTrafficPoller: TRAFFIC_STATS_POLL true Token 11 num clients 8
01-23 18:17:17.108   865   865 E WifiTrafficPoller:  packet count Tx=5140 Rx=26332
01-23 18:17:17.276   865  1078 I am_finish_activity: [0,136856577,8,com.celltick.lockscreen/.LockerActivity,app-request]
01-23 18:17:17.276   865  1078 I am_home_stack_moved: [0,0,1,1,finishActivity adjustFocus setFocusedActivity]
01-23 18:17:17.277   865  1078 I wm_task_moved: [10,1,3]
01-23 18:17:17.279   865  1078 I am_focused_activity: [0,com.android.vending/com.google.android.finsky.activities.MainActivity]
01-23 18:17:17.294   865  1078 I am_pause_activity: [0,136856577,com.celltick.lockscreen/.LockerActivity]
01-23 18:17:17.317  2774  2774 I am_on_paused_called: [0,com.celltick.lockscreen.LockerActivity]
01-23 18:17:17.321   865  3981 I am_resume_activity: [0,240504831,7,com.android.vending/com.google.android.finsky.activities.MainActivity]
01-23 18:17:17.338  5302  5302 I am_on_resume_called: [0,com.google.android.finsky.activities.MainActivity]
01-23 18:17:17.373   865   885 I am_pss  : [5244,10051,com.google.android.talk,23404544,18743296]
01-23 18:17:17.423  5302  5330 I google_http_request: [43,200,unused/0,1]
01-23 18:17:17.481  5302  5329 I google_http_request: [25,200,unused/0,1]
01-23 18:17:17.525  5302  5331 I google_http_request: [27,200,unused/0,1]
01-23 18:17:17.564  5302  5332 I google_http_request: [33,200,unused/0,1]
01-23 18:17:17.603  5302  5321 I google_http_request: [98,200,unused/0,1]
01-23 18:17:17.647  2774  6344 E Surface : getSlotFromBufferLocked: unknown buffer: 0xb9679318
01-23 18:17:17.653   239   239 I sf_frame_dur: [com.celltick.lockscreen/com.celltick.lockscreen.LockerActivity,153,6,2,0,0,1,2]
01-23 18:17:17.690  5302  5329 I google_http_request: [25,200,unused/0,1]
01-23 18:17:17.698  5302  5330 I google_http_request: [34,200,unused/0,1]
01-23 18:17:17.707  1861  1988 E MPlugin : Unsupported class: com.mediatek.common.telephony.IOnlyOwnerSimSupport
01-23 18:17:17.731  1861  1988 E CellLocation: create GsmCellLocation
01-23 18:17:18.065   865  2545 I am_destroy_activity: [0,136856577,8,com.celltick.lockscreen/.LockerActivity,finish-imm]
01-23 18:17:18.066   865  2545 I am_destroy_activity: [0,47551776,10,com.celltick.lockscreen/.utils.permissions.PermissionsActivity,finish-imm]
01-23 18:17:18.069   865  2545 I am_destroy_activity: [0,63360872,10,com.google.android.packageinstaller/com.android.packageinstaller.permission.ui.GrantPermissionsActivity,finish-imm]
01-23 18:17:18.088   865  1077 I wm_task_removed: [8,removeAppToken: last token]
01-23 18:17:18.088   865  1077 I wm_task_removed: [8,removeTask]
01-23 18:17:18.089   865  1077 E MultiWindowProxy: getServiceInstance failed!
01-23 18:17:18.103   865  1078 I wm_task_removed: [10,removeAppToken: last token]
01-23 18:17:18.103   865  1078 I wm_task_removed: [10,removeTask]
01-23 18:17:18.103   865  1078 E MultiWindowProxy: getServiceInstance failed!
01-23 18:17:18.109   865   865 E WifiTrafficPoller: TRAFFIC_STATS_POLL true Token 11 num clients 8
01-23 18:17:18.110   865   865 E WifiTrafficPoller:  packet count Tx=5226 Rx=26437
01-23 18:17:18.110   865   865 E WifiTrafficPoller: notifying of data activity 3
01-23 18:17:18.270  1861  1861 E ActivityThread: Service com.google.android.gms.herrevad.services.NetworkQualityWorkerService has leaked IntentReceiver android.net.wifi.WifiManager$1@29a6b5d that was originally registered here. Are you missing a call to unregisterReceiver()?
01-23 18:17:18.270  1861  1861 E ActivityThread: android.app.IntentReceiverLeaked: Service com.google.android.gms.herrevad.services.NetworkQualityWorkerService has leaked IntentReceiver android.net.wifi.WifiManager$1@29a6b5d that was originally registered here. Are you missing a call to unregisterReceiver()?
01-23 18:17:18.270  1861  1861 E ActivityThread: 	at android.app.LoadedApk$ReceiverDispatcher.<init>(LoadedApk.java:959)
01-23 18:17:18.270  1861  1861 E ActivityThread: 	at android.app.LoadedApk.getReceiverDispatcher(LoadedApk.java:728)
01-23 18:17:18.270  1861  1861 E ActivityThread: 	at android.app.ContextImpl.registerReceiverInternal(ContextImpl.java:1177)
01-23 18:17:18.270  1861  1861 E ActivityThread: 	at android.app.ContextImpl.registerReceiver(ContextImpl.java:1157)
01-23 18:17:18.270  1861  1861 E ActivityThread: 	at android.app.ContextImpl.registerReceiver(ContextImpl.java:1151)
01-23 18:17:18.270  1861  1861 E ActivityThread: 	at android.content.ContextWrapper.registerReceiver(ContextWrapper.java:554)
01-23 18:17:18.270  1861  1861 E ActivityThread: 	at android.net.wifi.WifiManager.init(WifiManager.java:2266)
01-23 18:17:18.270  1861  1861 E ActivityThread: 	at android.net.wifi.WifiManager.<init>(WifiManager.java:750)
01-23 18:17:18.270  1861  1861 E ActivityThread: 	at android.app.SystemServiceRegistry$45.createService(SystemServiceRegistry.java:555)
01-23 18:17:18.270  1861  1861 E ActivityThread: 	at android.app.SystemServiceRegistry$45.createService(SystemServiceRegistry.java:552)
01-23 18:17:18.270  1861  1861 E ActivityThread: 	at android.app.SystemServiceRegistry$CachedServiceFetcher.getService(SystemServiceRegistry.java:883)
01-23 18:17:18.270  1861  1861 E ActivityThread: 	at android.app.SystemServiceRegistry.getSystemService(SystemServiceRegistry.java:836)
01-23 18:17:18.270  1861  1861 E ActivityThread: 	at android.app.ContextImpl.getSystemService(ContextImpl.java:1370)
01-23 18:17:18.270  1861  1861 E ActivityThread: 	at android.content.ContextWrapper.getSystemService(ContextWrapper.java:627)
01-23 18:17:18.270  1861  1861 E ActivityThread: 	at com.google.android.chimera.ModuleContext.getSystemService(:com.google.android.gms:173)
01-23 18:17:18.270  1861  1861 E ActivityThread: 	at android.content.ContextWrapper.getSystemService(ContextWrapper.java:627)
01-23 18:17:18.270  1861  1861 E ActivityThread: 	at phi.a(:com.google.android.gms:60)
01-23 18:17:18.270  1861  1861 E ActivityThread: 	at phi.b(:com.google.android.gms:101)
01-23 18:17:18.270  1861  1861 E ActivityThread: 	at phk.a(:com.google.android.gms:121)
01-23 18:17:18.270  1861  1861 E ActivityThread: 	at com.google.android.gms.herrevad.services.GetActiveNetworkQualityChimeraOperation.a(:com.google.android.gms:1039)
01-23 18:17:18.270  1861  1861 E ActivityThread: 	at hno.run(:com.google.android.gms:191)
01-23 18:17:18.270  1861  1861 E ActivityThread: 	at jmg.run(:com.google.android.gms:450)
01-23 18:17:18.270  1861  1861 E ActivityThread: 	at java.util.concurrent.ThreadPoolExecutor.runWorker(ThreadPoolExecutor.java:1113)
01-23 18:17:18.270  1861  1861 E ActivityThread: 	at java.util.concurrent.ThreadPoolExecutor$Worker.run(ThreadPoolExecutor.java:588)
01-23 18:17:18.270  1861  1861 E ActivityThread: 	at jqr.run(:com.google.android.gms:17)
01-23 18:17:18.270  1861  1861 E ActivityThread: 	at java.lang.Thread.run(Thread.java:818)
01-23 18:17:19.111   865   865 E WifiTrafficPoller: TRAFFIC_STATS_POLL true Token 11 num clients 8
01-23 18:17:19.112   865   865 E WifiTrafficPoller:  packet count Tx=5228 Rx=26439
01-23 18:17:19.163  5302  5322 I google_http_request: [223,200,unused/0,1]
01-23 18:17:19.546   865  1078 I notification_expansion: [-1|android|17040359|null|1000,0,1,73,68,0]
01-23 18:17:19.546   865  1072 I notification_expansion: [-1|com.android.systemui|1397773634|public:179,129|10025,0,0,-457725443,-770699750,0]
01-23 18:17:20.111   865   865 E WifiTrafficPoller: TRAFFIC_STATS_POLL true Token 11 num clients 8
01-23 18:17:20.112   865   865 E WifiTrafficPoller:  packet count Tx=5231 Rx=26442
01-23 18:17:21.113   865   865 E WifiTrafficPoller: TRAFFIC_STATS_POLL true Token 11 num clients 8
01-23 18:17:21.114   865   865 E WifiTrafficPoller:  packet count Tx=5231 Rx=26442
01-23 18:17:21.114   865   865 E WifiTrafficPoller: notifying of data activity 0
01-23 18:17:22.115   865   865 E WifiTrafficPoller: TRAFFIC_STATS_POLL true Token 11 num clients 8
01-23 18:17:22.115   865   865 E WifiTrafficPoller:  packet count Tx=5231 Rx=26443
01-23 18:17:22.115   865   865 E WifiTrafficPoller: notifying of data activity 1
01-23 18:17:22.251  5302  5321 I google_http_request: [73,200,unused/0,1]
01-23 18:17:22.596  5302  5322 I google_http_request: [57,200,unused/0,1]
01-23 18:17:22.784   865  1075 I am_kill : [0,5950,com.google.android.apps.photos,15,empty #17]
01-23 18:17:22.833   865  1072 I am_proc_died: [0,5950,com.google.android.apps.photos]
01-23 18:17:22.896   865   885 I am_pss  : [5392,10010,com.google.android.gms.ui,45786112,41287680]
01-23 18:17:22.909  5302  5321 I google_http_request: [58,200,unused/0,1]
01-23 18:17:22.922  5302  5331 D libc-netbsd: [getaddrinfo]: hostname=lh6.ggpht.com; servname=(null); netid=0; mark=0
01-23 18:17:22.922  5302  5331 D libc-netbsd: [getaddrinfo]: ai_addrlen=0; ai_canonname=(null); ai_flags=4; ai_family=0
01-23 18:17:22.922  5302  5331 D libc-netbsd: [getaddrinfo]: hostname=lh6.ggpht.com; servname=(null); netid=0; mark=0
01-23 18:17:22.922  5302  5331 D libc-netbsd: [getaddrinfo]: ai_addrlen=0; ai_canonname=(null); ai_flags=1024; ai_family=0
01-23 18:17:22.923   251  6422 D libc-netbsd: [getaddrinfo]: hostname=lh6.ggpht.com; servname=(null); netid=1001; mark=1001
01-23 18:17:22.923   251  6422 D libc-netbsd: [getaddrinfo]: ai_addrlen=0; ai_canonname=(null); ai_flags=1024; ai_family=0
01-23 18:17:22.923   251  6422 D libc-netbsd: getaddrinfo: lh6.ggpht.com get result from proxy gai_error = 11
01-23 18:17:22.924   251  6422 D libc-netbsd: default dns: query_ipv6=0, query_ipv4=1
01-23 18:17:22.924   251  6422 D libc-netbsd: res_queryN name = lh6.ggpht.com, class = 1, type = 1
01-23 18:17:22.924   251  6422 D libc-netbsd: netid=1001, dns0:192.168.8.1
01-23 18:17:22.924   251  6422 D libc-netbsd: netid=1001, dns1:8.8.8.8
01-23 18:17:22.927   251  6422 D libc-netbsd: res_queryN name = lh6.ggpht.com succeed
01-23 18:17:22.928  5302  5331 D libc-netbsd: getaddrinfo: lh6.ggpht.com get result from proxy gai_error = 0
01-23 18:17:22.928  5302  5331 D libc-netbsd: [getaddrinfo]: hostname=173.194.222.132; servname=(null); netid=0; mark=0
01-23 18:17:22.928  5302  5331 D libc-netbsd: [getaddrinfo]: ai_addrlen=0; ai_canonname=(null); ai_flags=4; ai_family=0
01-23 18:17:22.932   865   885 I am_pss  : [6214,1000,com.android.settings,3404800,2240512]
01-23 18:17:22.952  5302  5331 D libc-netbsd: [getaddrinfo]: hostname=lh6.ggpht.com; servname=(null); netid=0; mark=0
01-23 18:17:22.952  5302  5331 D libc-netbsd: [getaddrinfo]: ai_addrlen=0; ai_canonname=(null); ai_flags=4; ai_family=0
01-23 18:17:22.977  5302  5331 E NativeCrypto: ssl=0xb95cb318 cert_verify_callback x509_store_ctx=0xa04efc7c arg=0x0
01-23 18:17:22.977  5302  5331 E NativeCrypto: ssl=0xb95cb318 cert_verify_callback calling verifyCertificateChain authMethod=ECDHE_ECDSA
01-23 18:17:23.090  5302  5331 I google_http_request: [168,200,unused/0,1]
01-23 18:17:23.117   865   865 E WifiTrafficPoller: TRAFFIC_STATS_POLL true Token 11 num clients 8
01-23 18:17:23.117   865   865 E WifiTrafficPoller:  packet count Tx=5267 Rx=26486
01-23 18:17:23.117   865   865 E WifiTrafficPoller: notifying of data activity 3
01-23 18:17:23.122  5302  5322 I google_http_request: [56,200,unused/0,1]
01-23 18:17:23.184  5302  5332 I google_http_request: [45,200,unused/0,1]
01-23 18:17:24.118   865   865 E WifiTrafficPoller: TRAFFIC_STATS_POLL true Token 11 num clients 8
01-23 18:17:24.119   865   865 E WifiTrafficPoller:  packet count Tx=5437 Rx=26851
01-23 18:17:24.719  5302  5302 E SpannableStringBuilder: SPAN_EXCLUSIVE_EXCLUSIVE spans cannot have a zero length
01-23 18:17:24.719  5302  5302 E SpannableStringBuilder: SPAN_EXCLUSIVE_EXCLUSIVE spans cannot have a zero length
01-23 18:17:24.820  5302  5321 I google_http_request: [77,200,unused/0,1]
01-23 18:17:25.119   865   865 E WifiTrafficPoller: TRAFFIC_STATS_POLL true Token 11 num clients 8
01-23 18:17:25.120   865   865 E WifiTrafficPoller:  packet count Tx=5441 Rx=26862
01-23 18:17:25.178  5302  5322 I google_http_request: [57,200,unused/0,1]
01-23 18:17:25.485  5302  5321 I google_http_request: [83,200,unused/0,1]
01-23 18:17:25.809  5302  5322 I google_http_request: [61,200,unused/0,1]
01-23 18:17:25.857  5302  5329 I google_http_request: [32,200,unused/0,1]
01-23 18:17:26.121   865   865 E WifiTrafficPoller: TRAFFIC_STATS_POLL true Token 11 num clients 8
01-23 18:17:26.121   865   865 E WifiTrafficPoller:  packet count Tx=5531 Rx=26967
01-23 18:17:26.965  5302  5321 I google_http_request: [80,200,unused/0,1]
01-23 18:17:27.121   865   865 E WifiTrafficPoller: TRAFFIC_STATS_POLL true Token 11 num clients 8
01-23 18:17:27.122   865   865 E WifiTrafficPoller:  packet count Tx=5535 Rx=26973
01-23 18:17:27.221  5302  5322 I google_http_request: [95,200,unused/0,1]
01-23 18:17:28.033   865   885 I am_pss  : [5302,10019,com.android.vending,80784384,76681216]
01-23 18:17:28.076   865   885 I am_pss  : [5737,10047,com.google.android.gm,18825216,16023552]
01-23 18:17:28.112   865   885 I am_pss  : [1696,10049,com.google.android.tts,4979712,3567616]
01-23 18:17:28.125   865   865 E WifiTrafficPoller: TRAFFIC_STATS_POLL true Token 11 num clients 8
01-23 18:17:28.125   865   865 E WifiTrafficPoller:  packet count Tx=5541 Rx=26984
01-23 18:17:28.126  2774  6423 D libc-netbsd: [getaddrinfo]: hostname=data.flurry.com; servname=(null); netid=0; mark=0
01-23 18:17:28.126  2774  6423 D libc-netbsd: [getaddrinfo]: ai_addrlen=0; ai_canonname=(null); ai_flags=4; ai_family=0
01-23 18:17:28.127  2774  6423 D libc-netbsd: [getaddrinfo]: hostname=data.flurry.com; servname=(null); netid=0; mark=0
01-23 18:17:28.127  2774  6423 D libc-netbsd: [getaddrinfo]: ai_addrlen=0; ai_canonname=(null); ai_flags=1024; ai_family=0
01-23 18:17:28.127   251  6424 D libc-netbsd: [getaddrinfo]: hostname=data.flurry.com; servname=(null); netid=1001; mark=1001
01-23 18:17:28.127   251  6424 D libc-netbsd: [getaddrinfo]: ai_addrlen=0; ai_canonname=(null); ai_flags=1024; ai_family=0
01-23 18:17:28.127   251  6424 D libc-netbsd: getaddrinfo: data.flurry.com get result from proxy gai_error = 11
01-23 18:17:28.128   251  6424 D libc-netbsd: default dns: query_ipv6=0, query_ipv4=1
01-23 18:17:28.128   251  6424 D libc-netbsd: res_queryN name = data.flurry.com, class = 1, type = 1
01-23 18:17:28.128   251  6424 D libc-netbsd: netid=1001, dns0:192.168.8.1
01-23 18:17:28.128   251  6424 D libc-netbsd: netid=1001, dns1:8.8.8.8
01-23 18:17:28.142   251  6424 D libc-netbsd: res_queryN name = data.flurry.com succeed
01-23 18:17:28.142  2774  6423 D libc-netbsd: getaddrinfo: data.flurry.com get result from proxy gai_error = 0
01-23 18:17:28.155   865   885 I am_pss  : [2897,10010,com.google.android.gms.unstable,12049408,9297920]
01-23 18:17:28.274  2774  6423 D libc-netbsd: [getaddrinfo]: hostname=data.flurry.com; servname=(null); netid=0; mark=0
01-23 18:17:28.275  2774  6423 D libc-netbsd: [getaddrinfo]: ai_addrlen=0; ai_canonname=(null); ai_flags=4; ai_family=0
01-23 18:17:28.420  2774  6423 E NativeCrypto: ssl=0xb98385a8 cert_verify_callback x509_store_ctx=0x9c9aed9c arg=0x0
01-23 18:17:28.421  2774  6423 E NativeCrypto: ssl=0xb98385a8 cert_verify_callback calling verifyCertificateChain authMethod=ECDHE_RSA
01-23 18:17:29.127   865   865 E WifiTrafficPoller: TRAFFIC_STATS_POLL true Token 11 num clients 8
01-23 18:17:29.131   865   865 E WifiTrafficPoller:  packet count Tx=5555 Rx=26996
01-23 18:17:30.132   865   865 E WifiTrafficPoller: TRAFFIC_STATS_POLL true Token 11 num clients 8
01-23 18:17:30.135   865   865 E WifiTrafficPoller:  packet count Tx=5555 Rx=26996
01-23 18:17:30.135   865   865 E WifiTrafficPoller: notifying of data activity 0
01-23 18:17:30.599  5302  5321 I google_http_request: [71,200,unused/0,1]
01-23 18:17:30.818  5302  5322 I google_http_request: [50,200,unused/0,1]
01-23 18:17:31.096  5302  5321 I google_http_request: [50,200,unused/0,1]
01-23 18:17:31.151   865   865 E WifiTrafficPoller: TRAFFIC_STATS_POLL true Token 11 num clients 8
01-23 18:17:31.151   865   865 E WifiTrafficPoller:  packet count Tx=5567 Rx=27010
01-23 18:17:31.152   865   865 E WifiTrafficPoller: notifying of data activity 3
01-23 18:17:32.153   865   865 E WifiTrafficPoller: TRAFFIC_STATS_POLL true Token 11 num clients 8
01-23 18:17:32.155   865   865 E WifiTrafficPoller:  packet count Tx=5567 Rx=27010
01-23 18:17:32.155   865   865 E WifiTrafficPoller: notifying of data activity 0
01-23 18:17:32.535  5302  5302 E RecyclerView: No adapter attached; skipping layout
01-23 18:17:32.768   865   865 I notification_canceled: [-1|android|17040359|null|1000,8,13296,3,0]
01-23 18:17:32.780  5302  5322 I google_http_request: [216,200,unused/0,1]
01-23 18:17:32.787   865  1077 I notification_expansion: [-1|com.android.systemui|1397773634|public:179,129|10025,0,1,-457712202,-770686509,0]
01-23 18:17:32.798  1485  4103 E Surface : getSlotFromBufferLocked: unknown buffer: 0xb9424028
01-23 18:17:32.817  5302  5302 E RecyclerView: No adapter attached; skipping layout
01-23 18:17:32.877  5302  5330 D libc-netbsd: [getaddrinfo]: hostname=lh4.ggpht.com; servname=(null); netid=0; mark=0
01-23 18:17:32.877  5302  5330 D libc-netbsd: [getaddrinfo]: ai_addrlen=0; ai_canonname=(null); ai_flags=4; ai_family=0
01-23 18:17:32.877  5302  5330 D libc-netbsd: [getaddrinfo]: hostname=lh4.ggpht.com; servname=(null); netid=0; mark=0
01-23 18:17:32.877  5302  5330 D libc-netbsd: [getaddrinfo]: ai_addrlen=0; ai_canonname=(null); ai_flags=1024; ai_family=0
01-23 18:17:32.878   251  6426 D libc-netbsd: [getaddrinfo]: hostname=lh4.ggpht.com; servname=(null); netid=1001; mark=1001
01-23 18:17:32.878   251  6426 D libc-netbsd: [getaddrinfo]: ai_addrlen=0; ai_canonname=(null); ai_flags=1024; ai_family=0
01-23 18:17:32.878   251  6426 D libc-netbsd: getaddrinfo: lh4.ggpht.com get result from proxy gai_error = 11
01-23 18:17:32.878   251  6426 D libc-netbsd: default dns: query_ipv6=0, query_ipv4=1
01-23 18:17:32.878   251  6426 D libc-netbsd: res_queryN name = lh4.ggpht.com, class = 1, type = 1
01-23 18:17:32.879   251  6426 D libc-netbsd: netid=1001, dns0:192.168.8.1
01-23 18:17:32.879   251  6426 D libc-netbsd: netid=1001, dns1:8.8.8.8
01-23 18:17:32.882   251  6426 D libc-netbsd: res_queryN name = lh4.ggpht.com succeed
01-23 18:17:32.883  5302  5330 D libc-netbsd: getaddrinfo: lh4.ggpht.com get result from proxy gai_error = 0
01-23 18:17:32.884  5302  5330 D libc-netbsd: [getaddrinfo]: hostname=173.194.222.132; servname=(null); netid=0; mark=0
01-23 18:17:32.884  5302  5330 D libc-netbsd: [getaddrinfo]: ai_addrlen=0; ai_canonname=(null); ai_flags=4; ai_family=0
01-23 18:17:32.907  5302  5330 D libc-netbsd: [getaddrinfo]: hostname=lh4.ggpht.com; servname=(null); netid=0; mark=0
01-23 18:17:32.907  5302  5330 D libc-netbsd: [getaddrinfo]: ai_addrlen=0; ai_canonname=(null); ai_flags=4; ai_family=0
01-23 18:17:32.931  5302  5330 E NativeCrypto: ssl=0xb97bd7f0 cert_verify_callback x509_store_ctx=0xa05f4c7c arg=0x0
01-23 18:17:32.931  5302  5330 E NativeCrypto: ssl=0xb97bd7f0 cert_verify_callback calling verifyCertificateChain authMethod=ECDHE_ECDSA
01-23 18:17:32.957  5302  5331 D libc-netbsd: [getaddrinfo]: hostname=lh3.ggpht.com; servname=(null); netid=0; mark=0
01-23 18:17:32.957  5302  5332 I google_http_request: [33,200,unused/0,1]
01-23 18:17:32.958  5302  5331 D libc-netbsd: [getaddrinfo]: ai_addrlen=0; ai_canonname=(null); ai_flags=4; ai_family=0
01-23 18:17:32.958  5302  5331 D libc-netbsd: [getaddrinfo]: hostname=lh3.ggpht.com; servname=(null); netid=0; mark=0
01-23 18:17:32.959  5302  5331 D libc-netbsd: [getaddrinfo]: ai_addrlen=0; ai_canonname=(null); ai_flags=1024; ai_family=0
01-23 18:17:32.961   251  6427 D libc-netbsd: [getaddrinfo]: hostname=lh3.ggpht.com; servname=(null); netid=1001; mark=1001
01-23 18:17:32.961   251  6427 D libc-netbsd: [getaddrinfo]: ai_addrlen=0; ai_canonname=(null); ai_flags=1024; ai_family=0
01-23 18:17:32.961   251  6427 D libc-netbsd: getaddrinfo: lh3.ggpht.com get result from proxy gai_error = 11
01-23 18:17:32.962   251  6427 D libc-netbsd: default dns: query_ipv6=0, query_ipv4=1
01-23 18:17:32.962   251  6427 D libc-netbsd: res_queryN name = lh3.ggpht.com, class = 1, type = 1
01-23 18:17:32.962   251  6427 D libc-netbsd: res_queryN name = lh3.ggpht.com succeed
01-23 18:17:32.963  5302  5331 D libc-netbsd: getaddrinfo: lh3.ggpht.com get result from proxy gai_error = 0
01-23 18:17:32.963  5302  5331 D libc-netbsd: [getaddrinfo]: hostname=173.194.222.132; servname=(null); netid=0; mark=0
01-23 18:17:32.963  5302  5331 D libc-netbsd: [getaddrinfo]: ai_addrlen=0; ai_canonname=(null); ai_flags=4; ai_family=0
01-23 18:17:32.996  5302  5329 I google_http_request: [23,200,unused/0,1]
01-23 18:17:33.023  5302  5332 I google_http_request: [32,200,unused/0,1]
01-23 18:17:33.025  5302  5329 D libc-netbsd: [getaddrinfo]: hostname=lh5.ggpht.com; servname=(null); netid=0; mark=0
01-23 18:17:33.025  5302  5329 D libc-netbsd: [getaddrinfo]: ai_addrlen=0; ai_canonname=(null); ai_flags=4; ai_family=0
01-23 18:17:33.026  5302  5329 D libc-netbsd: [getaddrinfo]: hostname=lh5.ggpht.com; servname=(null); netid=0; mark=0
01-23 18:17:33.026  5302  5329 D libc-netbsd: [getaddrinfo]: ai_addrlen=0; ai_canonname=(null); ai_flags=1024; ai_family=0
01-23 18:17:33.027   251  6429 D libc-netbsd: [getaddrinfo]: hostname=lh5.ggpht.com; servname=(null); netid=1001; mark=1001
01-23 18:17:33.027   251  6429 D libc-netbsd: [getaddrinfo]: ai_addrlen=0; ai_canonname=(null); ai_flags=1024; ai_family=0
01-23 18:17:33.027   251  6429 D libc-netbsd: getaddrinfo: lh5.ggpht.com get result from proxy gai_error = 11
01-23 18:17:33.027   251  6429 D libc-netbsd: default dns: query_ipv6=0, query_ipv4=1
01-23 18:17:33.027   251  6429 D libc-netbsd: res_queryN name = lh5.ggpht.com, class = 1, type = 1
01-23 18:17:33.028   251  6429 D libc-netbsd: netid=1001, dns0:192.168.8.1
01-23 18:17:33.028   251  6429 D libc-netbsd: netid=1001, dns1:8.8.8.8
01-23 18:17:33.030   251  6429 D libc-netbsd: res_queryN name = lh5.ggpht.com succeed
01-23 18:17:33.031  5302  5329 D libc-netbsd: getaddrinfo: lh5.ggpht.com get result from proxy gai_error = 0
01-23 18:17:33.033  5302  5329 D libc-netbsd: [getaddrinfo]: hostname=173.194.222.132; servname=(null); netid=0; mark=0
01-23 18:17:33.033  5302  5329 D libc-netbsd: [getaddrinfo]: ai_addrlen=0; ai_canonname=(null); ai_flags=4; ai_family=0
01-23 18:17:33.035  5302  5330 I google_http_request: [161,200,unused/0,1]
01-23 18:17:33.052  5302  5331 I google_http_request: [96,200,unused/0,0]
01-23 18:17:33.059   239   239 I sf_frame_dur: [InputMethod,26,5,16,4,2,3,2]
01-23 18:17:33.080  5302  5329 D libc-netbsd: [getaddrinfo]: hostname=lh5.ggpht.com; servname=(null); netid=0; mark=0
01-23 18:17:33.081  5302  5329 D libc-netbsd: [getaddrinfo]: ai_addrlen=0; ai_canonname=(null); ai_flags=4; ai_family=0
01-23 18:17:33.087  5302  5332 I google_http_request: [23,200,unused/0,1]
01-23 18:17:33.133  5302  5329 E NativeCrypto: ssl=0xb98de8a0 cert_verify_callback x509_store_ctx=0xa06f9c7c arg=0x0
01-23 18:17:33.136  5302  5329 E NativeCrypto: ssl=0xb98de8a0 cert_verify_callback calling verifyCertificateChain authMethod=ECDHE_ECDSA
01-23 18:17:33.156   865   865 E WifiTrafficPoller: TRAFFIC_STATS_POLL true Token 11 num clients 8
01-23 18:17:33.157   865   865 E WifiTrafficPoller:  packet count Tx=5639 Rx=27073
01-23 18:17:33.157   865   865 E WifiTrafficPoller: notifying of data activity 3
01-23 18:17:33.313  5302  5329 I google_http_request: [290,200,unused/0,1]
01-23 18:17:34.159   865   865 E WifiTrafficPoller: TRAFFIC_STATS_POLL true Token 11 num clients 8
01-23 18:17:34.160   865   865 E WifiTrafficPoller:  packet count Tx=5644 Rx=27079
01-23 18:17:34.883  5302  5330 I google_http_request: [47,200,unused/0,1]
01-23 18:17:34.933  5302  5331 I google_http_request: [26,200,unused/0,1]
01-23 18:17:35.040  5302  5321 I google_http_request: [228,200,unused/0,1]
01-23 18:17:35.149  5302  5332 I google_http_request: [28,200,unused/0,1]
01-23 18:17:35.161   865   865 E WifiTrafficPoller: TRAFFIC_STATS_POLL true Token 11 num clients 8
01-23 18:17:35.162   865   865 E WifiTrafficPoller:  packet count Tx=5698 Rx=27143
01-23 18:17:35.241  5302  5322 I google_http_request: [127,200,unused/0,1]
01-23 18:17:35.326  5302  5321 I google_http_request: [195,200,unused/0,1]
01-23 18:17:35.426  5302  5329 I google_http_request: [34,200,unused/0,1]
01-23 18:17:35.453  5302  5331 D libc-netbsd: [getaddrinfo]: hostname=lh4.ggpht.com; servname=(null); netid=0; mark=0
01-23 18:17:35.454  5302  5331 D libc-netbsd: [getaddrinfo]: ai_addrlen=0; ai_canonname=(null); ai_flags=4; ai_family=0
01-23 18:17:35.454  5302  5331 D libc-netbsd: [getaddrinfo]: hostname=lh4.ggpht.com; servname=(null); netid=0; mark=0
01-23 18:17:35.454  5302  5331 D libc-netbsd: [getaddrinfo]: ai_addrlen=0; ai_canonname=(null); ai_flags=1024; ai_family=0
01-23 18:17:35.455   251  6445 D libc-netbsd: [getaddrinfo]: hostname=lh4.ggpht.com; servname=(null); netid=1001; mark=1001
01-23 18:17:35.455   251  6445 D libc-netbsd: [getaddrinfo]: ai_addrlen=0; ai_canonname=(null); ai_flags=1024; ai_family=0
01-23 18:17:35.455   251  6445 D libc-netbsd: getaddrinfo: lh4.ggpht.com get result from proxy gai_error = 11
01-23 18:17:35.456   251  6445 D libc-netbsd: default dns: query_ipv6=0, query_ipv4=1
01-23 18:17:35.456   251  6445 D libc-netbsd: res_queryN name = lh4.ggpht.com, class = 1, type = 1
01-23 18:17:35.456   251  6445 D libc-netbsd: res_queryN name = lh4.ggpht.com succeed
01-23 18:17:35.457  5302  5331 D libc-netbsd: getaddrinfo: lh4.ggpht.com get result from proxy gai_error = 0
01-23 18:17:35.457  5302  5331 D libc-netbsd: [getaddrinfo]: hostname=173.194.222.132; servname=(null); netid=0; mark=0
01-23 18:17:35.457  5302  5331 D libc-netbsd: [getaddrinfo]: ai_addrlen=0; ai_canonname=(null); ai_flags=4; ai_family=0
01-23 18:17:35.502  5302  5330 I google_http_request: [52,200,unused/0,1]
01-23 18:17:35.543  5302  5331 I google_http_request: [92,200,unused/0,0]
01-23 18:17:35.565  5302  5332 I google_http_request: [25,200,unused/0,1]
01-23 18:17:35.938  5302  5329 I google_http_request: [24,200,unused/0,1]
01-23 18:17:36.163   865   865 E WifiTrafficPoller: TRAFFIC_STATS_POLL true Token 11 num clients 8
01-23 18:17:36.164   865   865 E WifiTrafficPoller:  packet count Tx=5751 Rx=27200
01-23 18:17:36.342  5302  5330 I google_http_request: [35,200,unused/0,1]
01-23 18:17:36.352   865   876 I am_home_stack_moved: [0,0,1,1,sourceStackToFront]
01-23 18:17:36.352   865   876 I wm_task_moved: [7,1,1]
01-23 18:17:36.354   865   876 I am_create_activity: [0,203498401,7,com.android.vending/com.google.android.finsky.billing.lightpurchase.LightPurchaseFlowActivity,NULL,NULL,NULL,0]
01-23 18:17:36.355   865   876 I am_pause_activity: [0,240504831,com.android.vending/com.google.android.finsky.activities.MainActivity]
01-23 18:17:36.359   865   876 I am_home_stack_moved: [0,0,1,1,startedActivity setFocusedActivity]
01-23 18:17:36.359   865   876 I wm_task_moved: [7,1,1]
01-23 18:17:36.363   865   876 I am_focused_activity: [0,com.android.vending/com.google.android.finsky.billing.lightpurchase.LightPurchaseFlowActivity]
01-23 18:17:36.365  5302  5302 I am_on_paused_called: [0,com.google.android.finsky.activities.MainActivity]
01-23 18:17:36.367   865  1072 I am_restart_activity: [0,203498401,7,com.android.vending/com.google.android.finsky.billing.lightpurchase.LightPurchaseFlowActivity]
01-23 18:17:36.388  5302  5302 E MultiWindowProxy: getServiceInstance failed!
01-23 18:17:36.402  5302  5302 E Finsky  : [1] com.google.android.finsky.utils.ac.a(62): No permission to get location. java.lang.SecurityException: "gps" location provider requires ACCESS_FINE_LOCATION permission.
01-23 18:17:36.417   865   885 I am_pss  : [1651,10021,com.google.android.setupwizard,21820416,19107840]
01-23 18:17:36.419  5302  5302 I am_on_resume_called: [0,com.google.android.finsky.billing.lightpurchase.LightPurchaseFlowActivity]
01-23 18:17:36.453   865   885 I am_pss  : [6317,10040,com.android.deskclock,3701760,2449408]
01-23 18:17:36.491   865   894 I am_activity_launch_time: [0,203498401,com.android.vending/com.google.android.finsky.billing.lightpurchase.LightPurchaseFlowActivity,126,126]
01-23 18:17:36.509   865   875 I am_home_stack_moved: [0,0,1,1,sourceStackToFront]
01-23 18:17:36.509   865   875 I wm_task_moved: [7,1,1]
01-23 18:17:36.511   865   875 I am_create_activity: [0,240767094,7,com.android.vending/com.google.android.finsky.activities.AppsPermissionsActivity,NULL,NULL,NULL,0]
01-23 18:17:36.511   865   875 I am_pause_activity: [0,203498401,com.android.vending/com.google.android.finsky.billing.lightpurchase.LightPurchaseFlowActivity]
01-23 18:17:36.512   865   875 I am_home_stack_moved: [0,0,1,1,startedActivity setFocusedActivity]
01-23 18:17:36.512   865   875 I wm_task_moved: [7,1,1]
01-23 18:17:36.516   865   875 I am_focused_activity: [0,com.android.vending/com.google.android.finsky.activities.AppsPermissionsActivity]
01-23 18:17:36.522  5302  5302 I am_on_paused_called: [0,com.google.android.finsky.billing.lightpurchase.LightPurchaseFlowActivity]
01-23 18:17:36.526   865  2545 I am_restart_activity: [0,240767094,7,com.android.vending/com.google.android.finsky.activities.AppsPermissionsActivity]
01-23 18:17:36.537  5302  5302 E MultiWindowProxy: getServiceInstance failed!
01-23 18:17:36.580  5302  5302 I am_on_resume_called: [0,com.google.android.finsky.activities.AppsPermissionsActivity]
01-23 18:17:36.635  1861  1988 E MPlugin : Unsupported class: com.mediatek.common.telephony.IOnlyOwnerSimSupport
01-23 18:17:36.654  1861  1988 E CellLocation: create GsmCellLocation
01-23 18:17:36.719  5302  5331 I google_http_request: [26,200,unused/0,1]
01-23 18:17:36.723   865   894 I am_activity_launch_time: [0,240767094,com.android.vending/com.google.android.finsky.activities.AppsPermissionsActivity,199,199]
01-23 18:17:37.166   865   865 E WifiTrafficPoller: TRAFFIC_STATS_POLL true Token 11 num clients 8
01-23 18:17:37.168   865   865 E WifiTrafficPoller:  packet count Tx=5761 Rx=27209
01-23 18:17:37.186  1861  1861 E ActivityThread: Service com.google.android.gms.herrevad.services.NetworkQualityWorkerService has leaked IntentReceiver android.net.wifi.WifiManager$1@862e6e8 that was originally registered here. Are you missing a call to unregisterReceiver()?
01-23 18:17:37.186  1861  1861 E ActivityThread: android.app.IntentReceiverLeaked: Service com.google.android.gms.herrevad.services.NetworkQualityWorkerService has leaked IntentReceiver android.net.wifi.WifiManager$1@862e6e8 that was originally registered here. Are you missing a call to unregisterReceiver()?
01-23 18:17:37.186  1861  1861 E ActivityThread: 	at android.app.LoadedApk$ReceiverDispatcher.<init>(LoadedApk.java:959)
01-23 18:17:37.186  1861  1861 E ActivityThread: 	at android.app.LoadedApk.getReceiverDispatcher(LoadedApk.java:728)
01-23 18:17:37.186  1861  1861 E ActivityThread: 	at android.app.ContextImpl.registerReceiverInternal(ContextImpl.java:1177)
01-23 18:17:37.186  1861  1861 E ActivityThread: 	at android.app.ContextImpl.registerReceiver(ContextImpl.java:1157)
01-23 18:17:37.186  1861  1861 E ActivityThread: 	at android.app.ContextImpl.registerReceiver(ContextImpl.java:1151)
01-23 18:17:37.186  1861  1861 E ActivityThread: 	at android.content.ContextWrapper.registerReceiver(ContextWrapper.java:554)
01-23 18:17:37.186  1861  1861 E ActivityThread: 	at android.net.wifi.WifiManager.init(WifiManager.java:2266)
01-23 18:17:37.186  1861  1861 E ActivityThread: 	at android.net.wifi.WifiManager.<init>(WifiManager.java:750)
01-23 18:17:37.186  1861  1861 E ActivityThread: 	at android.app.SystemServiceRegistry$45.createService(SystemServiceRegistry.java:555)
01-23 18:17:37.186  1861  1861 E ActivityThread: 	at android.app.SystemServiceRegistry$45.createService(SystemServiceRegistry.java:552)
01-23 18:17:37.186  1861  1861 E ActivityThread: 	at android.app.SystemServiceRegistry$CachedServiceFetcher.getService(SystemServiceRegistry.java:883)
01-23 18:17:37.186  1861  1861 E ActivityThread: 	at android.app.SystemServiceRegistry.getSystemService(SystemServiceRegistry.java:836)
01-23 18:17:37.186  1861  1861 E ActivityThread: 	at android.app.ContextImpl.getSystemService(ContextImpl.java:1370)
01-23 18:17:37.186  1861  1861 E ActivityThread: 	at android.content.ContextWrapper.getSystemService(ContextWrapper.java:627)
01-23 18:17:37.186  1861  1861 E ActivityThread: 	at com.google.android.chimera.ModuleContext.getSystemService(:com.google.android.gms:173)
01-23 18:17:37.186  1861  1861 E ActivityThread: 	at android.content.ContextWrapper.getSystemService(ContextWrapper.java:627)
01-23 18:17:37.186  1861  1861 E ActivityThread: 	at phi.a(:com.google.android.gms:60)
01-23 18:17:37.186  1861  1861 E ActivityThread: 	at phi.b(:com.google.android.gms:101)
01-23 18:17:37.186  1861  1861 E ActivityThread: 	at phk.a(:com.google.android.gms:121)
01-23 18:17:37.186  1861  1861 E ActivityThread: 	at com.google.android.gms.herrevad.services.GetActiveNetworkQualityChimeraOperation.a(:com.google.android.gms:1039)
01-23 18:17:37.186  1861  1861 E ActivityThread: 	at hno.run(:com.google.android.gms:191)
01-23 18:17:37.186  1861  1861 E ActivityThread: 	at jmg.run(:com.google.android.gms:450)
01-23 18:17:37.186  1861  1861 E ActivityThread: 	at java.util.concurrent.ThreadPoolExecutor.runWorker(ThreadPoolExecutor.java:1113)
01-23 18:17:37.186  1861  1861 E ActivityThread: 	at java.util.concurrent.ThreadPoolExecutor$Worker.run(ThreadPoolExecutor.java:588)
01-23 18:17:37.186  1861  1861 E ActivityThread: 	at jqr.run(:com.google.android.gms:17)
01-23 18:17:37.186  1861  1861 E ActivityThread: 	at java.lang.Thread.run(Thread.java:818)
01-23 18:17:37.459   865  1077 I am_finish_activity: [0,240767094,7,com.android.vending/com.google.android.finsky.activities.AppsPermissionsActivity,app-request]
01-23 18:17:37.459   865  1077 I am_home_stack_moved: [0,0,1,1,finishActivity adjustFocus setFocusedActivity]
01-23 18:17:37.459   865  1077 I wm_task_moved: [7,1,1]
01-23 18:17:37.462   865  1077 I am_focused_activity: [0,com.android.vending/com.google.android.finsky.billing.lightpurchase.LightPurchaseFlowActivity]
01-23 18:17:37.462   865  1077 I am_pause_activity: [0,240767094,com.android.vending/com.google.android.finsky.activities.AppsPermissionsActivity]
01-23 18:17:37.463  5302  5302 I am_on_paused_called: [0,com.google.android.finsky.activities.AppsPermissionsActivity]
01-23 18:17:37.466   865   994 I am_resume_activity: [0,203498401,7,com.android.vending/com.google.android.finsky.billing.lightpurchase.LightPurchaseFlowActivity]
01-23 18:17:37.480  5302  5302 I am_on_resume_called: [0,com.google.android.finsky.billing.lightpurchase.LightPurchaseFlowActivity]
01-23 18:17:37.516  5302  6152 E Surface : getSlotFromBufferLocked: unknown buffer: 0xb9948060
01-23 18:17:37.525   865  1073 I am_destroy_activity: [0,240767094,7,com.android.vending/com.google.android.finsky.activities.AppsPermissionsActivity,finish-imm]
01-23 18:17:37.681   239   239 I sf_frame_dur: [com.android.vending/com.google.android.finsky.activities.AppsPermissionsActivity,0,2,0,2,0,0,0]
01-23 18:17:38.059   238   238 E SELinux : avc:  denied  { find } for service=batteryproperties scontext=u:r:untrusted_app:s0:c512,c768 tcontext=u:object_r:healthd_service:s0 tclass=service_manager
01-23 18:17:38.139  5302  5321 I google_http_request: [56,200,unused/0,1]
01-23 18:17:38.169   865   865 E WifiTrafficPoller: TRAFFIC_STATS_POLL true Token 11 num clients 8
01-23 18:17:38.169   865   865 E WifiTrafficPoller:  packet count Tx=5767 Rx=27217
01-23 18:17:38.186  5302  5322 I google_http_request: [636,200,unused/0,1]
01-23 18:17:38.187   865  1072 I am_proc_start: [0,6449,10010,com.google.android.gms:car,service,com.google.android.gms/.car.CarService]
01-23 18:17:38.192   865   885 I am_pss  : [2774,10023,com.celltick.lockscreen,74023936,69971968]
01-23 18:17:38.222  1861  6454 E MPlugin : Unsupported class: com.mediatek.common.telephony.IOnlyOwnerSimSupport
