File STDIN:
File ..\videoenc_stock.txt:
--------- beginning of events
--------- beginning of system
01-01 03:00:08.266   224   224 I vold    : Vold 3.0 (the awakening) firing up
01-01 03:00:08.267   224   224 V vold    : Detected support for: ext4 vfat
01-01 03:00:08.267   224   232 D NVRAM   : Check whether nvram restore ready!
01-01 03:00:08.290   224   224 W Vold    : Tearing down stale mount /mnt/cd-rom
01-01 03:00:08.347   224   224 D vold    : EmulatedVolume(emulated) is newed
01-01 03:00:08.382   224   235 V vold    : ----------------
01-01 03:00:08.387   224   235 V vold    : handleBlockEvent with action 1
01-01 03:00:08.387   224   235 D NetlinkEvent: NL action '1'
01-01 03:00:08.387   224   235 D NetlinkEvent: NL subsystem 'block'
01-01 03:00:08.387   224   235 D NetlinkEvent: NL param 'DEVPATH=/devices/virtual/block/dm-0'
01-01 03:00:08.387   224   235 D NetlinkEvent: NL param 'MAJOR=253'
01-01 03:00:08.387   224   235 D NetlinkEvent: NL param 'MINOR=0'
01-01 03:00:08.387   224   235 D NetlinkEvent: NL param 'DEVNAME=dm-0'
01-01 03:00:08.387   224   235 D NetlinkEvent: NL param 'DEVTYPE=disk'
01-01 03:00:08.387   224   235 D NetlinkEvent: NL param 'NPARTS=0'
01-01 03:00:08.394   224   235 V vold    : ----------------
01-01 03:00:08.394   224   235 V vold    : handleBlockEvent with action 1
01-01 03:00:08.394   224   235 D NetlinkEvent: NL action '1'
01-01 03:00:08.394   224   235 D NetlinkEvent: NL subsystem 'block'
01-01 03:00:08.394   224   235 D NetlinkEvent: NL param 'DEVPATH=/devices/virtual/block/loop0'
01-01 03:00:08.396   224   235 D NetlinkEvent: NL param 'MAJOR=7'
01-01 03:00:08.396   224   235 D NetlinkEvent: NL param 'MINOR=0'
01-01 03:00:08.396   224   235 D NetlinkEvent: NL param 'DEVNAME=loop0'
01-01 03:00:08.396   224   235 D NetlinkEvent: NL param 'DEVTYPE=disk'
01-01 03:00:08.396   224   235 D NetlinkEvent: NL param 'NPARTS=0'
01-01 03:00:08.396   224   235 V vold    : ----------------
01-01 03:00:08.396   224   235 V vold    : handleBlockEvent with action 1
01-01 03:00:08.396   224   235 D NetlinkEvent: NL action '1'
01-01 03:00:08.396   224   235 D NetlinkEvent: NL subsystem 'block'
01-01 03:00:08.396   224   235 D NetlinkEvent: NL param 'DEVPATH=/devices/virtual/block/loop1'
01-01 03:00:08.396   224   235 D NetlinkEvent: NL param 'MAJOR=7'
01-01 03:00:08.396   224   235 D NetlinkEvent: NL param 'MINOR=1'
01-01 03:00:08.396   224   235 D NetlinkEvent: NL param 'DEVNAME=loop1'
01-01 03:00:08.396   224   235 D NetlinkEvent: NL param 'DEVTYPE=disk'
01-01 03:00:08.396   224   235 D NetlinkEvent: NL param 'NPARTS=0'
01-01 03:00:08.402   224   235 V vold    : ----------------
01-01 03:00:08.402   224   235 V vold    : handleBlockEvent with action 1
01-01 03:00:08.402   224   235 D NetlinkEvent: NL action '1'
01-01 03:00:08.402   224   235 D NetlinkEvent: NL subsystem 'block'
01-01 03:00:08.402   224   235 D NetlinkEvent: NL param 'DEVPATH=/devices/virtual/block/loop2'
01-01 03:00:08.402   224   235 D NetlinkEvent: NL param 'MAJOR=7'
01-01 03:00:08.402   224   235 D NetlinkEvent: NL param 'MINOR=2'
01-01 03:00:08.402   224   235 D NetlinkEvent: NL param 'DEVNAME=loop2'
01-01 03:00:08.402   224   235 D NetlinkEvent: NL param 'DEVTYPE=disk'
01-01 03:00:08.402   224   235 D NetlinkEvent: NL param 'NPARTS=0'
01-01 03:00:08.402   224   235 V vold    : ----------------
01-01 03:00:08.402   224   235 V vold    : handleBlockEvent with action 1
01-01 03:00:08.402   224   235 D NetlinkEvent: NL action '1'
01-01 03:00:08.402   224   235 D NetlinkEvent: NL subsystem 'block'
01-01 03:00:08.402   224   235 D NetlinkEvent: NL param 'DEVPATH=/devices/virtual/block/loop3'
01-01 03:00:08.402   224   235 D NetlinkEvent: NL param 'MAJOR=7'
01-01 03:00:08.402   224   235 D NetlinkEvent: NL param 'MINOR=3'
01-01 03:00:08.402   224   235 D NetlinkEvent: NL param 'DEVNAME=loop3'
01-01 03:00:08.402   224   235 D NetlinkEvent: NL param 'DEVTYPE=disk'
01-01 03:00:08.402   224   235 D NetlinkEvent: NL param 'NPARTS=0'
01-01 03:00:08.408   224   235 V vold    : ----------------
01-01 03:00:08.408   224   235 V vold    : handleBlockEvent with action 1
01-01 03:00:08.408   224   235 D NetlinkEvent: NL action '1'
01-01 03:00:08.408   224   235 D NetlinkEvent: NL subsystem 'block'
01-01 03:00:08.408   224   235 D NetlinkEvent: NL param 'DEVPATH=/devices/virtual/block/loop4'
01-01 03:00:08.408   224   235 D NetlinkEvent: NL param 'MAJOR=7'
01-01 03:00:08.408   224   235 D NetlinkEvent: NL param 'MINOR=4'
01-01 03:00:08.408   224   235 D NetlinkEvent: NL param 'DEVNAME=loop4'
01-01 03:00:08.408   224   235 D NetlinkEvent: NL param 'DEVTYPE=disk'
01-01 03:00:08.408   224   235 D NetlinkEvent: NL param 'NPARTS=0'
01-01 03:00:08.408   224   235 V vold    : ----------------
01-01 03:00:08.419   224   235 V vold    : handleBlockEvent with action 1
01-01 03:00:08.419   224   235 D NetlinkEvent: NL action '1'
01-01 03:00:08.419   224   235 D NetlinkEvent: NL subsystem 'block'
01-01 03:00:08.419   224   235 D NetlinkEvent: NL param 'DEVPATH=/devices/virtual/block/loop5'
01-01 03:00:08.419   224   235 D NetlinkEvent: NL param 'MAJOR=7'
01-01 03:00:08.419   224   235 D NetlinkEvent: NL param 'MINOR=5'
01-01 03:00:08.419   224   235 D NetlinkEvent: NL param 'DEVNAME=loop5'
01-01 03:00:08.419   224   235 D NetlinkEvent: NL param 'DEVTYPE=disk'
01-01 03:00:08.420   224   235 D NetlinkEvent: NL param 'NPARTS=0'
01-01 03:00:08.420   224   235 V vold    : ----------------
01-01 03:00:08.420   224   235 V vold    : handleBlockEvent with action 1
01-01 03:00:08.420   224   235 D NetlinkEvent: NL action '1'
01-01 03:00:08.420   224   235 D NetlinkEvent: NL subsystem 'block'
01-01 03:00:08.420   224   235 D NetlinkEvent: NL param 'DEVPATH=/devices/virtual/block/loop6'
01-01 03:00:08.420   224   235 D NetlinkEvent: NL param 'MAJOR=7'
01-01 03:00:08.420   224   235 D NetlinkEvent: NL param 'MINOR=6'
01-01 03:00:08.420   224   235 D NetlinkEvent: NL param 'DEVNAME=loop6'
01-01 03:00:08.420   224   235 D NetlinkEvent: NL param 'DEVTYPE=disk'
01-01 03:00:08.420   224   235 D NetlinkEvent: NL param 'NPARTS=0'
01-01 03:00:08.420   224   235 V vold    : ----------------
01-01 03:00:08.420   224   235 V vold    : handleBlockEvent with action 1
01-01 03:00:08.420   224   235 D NetlinkEvent: NL action '1'
01-01 03:00:08.420   224   235 D NetlinkEvent: NL subsystem 'block'
01-01 03:00:08.420   224   235 D NetlinkEvent: NL param 'DEVPATH=/devices/virtual/block/loop7'
01-01 03:00:08.420   224   235 D NetlinkEvent: NL param 'MAJOR=7'
01-01 03:00:08.420   224   235 D NetlinkEvent: NL param 'MINOR=7'
01-01 03:00:08.420   224   235 D NetlinkEvent: NL param 'DEVNAME=loop7'
01-01 03:00:08.420   224   235 D NetlinkEvent: NL param 'DEVTYPE=disk'
01-01 03:00:08.420   224   235 D NetlinkEvent: NL param 'NPARTS=0'
01-01 03:00:08.420   224   235 V vold    : ----------------
01-01 03:00:08.420   224   235 V vold    : handleBlockEvent with action 1
01-01 03:00:08.420   224   235 D NetlinkEvent: NL action '1'
01-01 03:00:08.421   224   235 D NetlinkEvent: NL subsystem 'block'
01-01 03:00:08.421   224   235 D NetlinkEvent: NL param 'DEVPATH=/devices/virtual/block/zram0'
01-01 03:00:08.421   224   235 D NetlinkEvent: NL param 'MAJOR=254'
01-01 03:00:08.421   224   235 D NetlinkEvent: NL param 'MINOR=0'
01-01 03:00:08.421   224   235 D NetlinkEvent: NL param 'DEVNAME=zram0'
01-01 03:00:08.421   224   235 D NetlinkEvent: NL param 'DEVTYPE=disk'
01-01 03:00:08.421   224   235 D NetlinkEvent: NL param 'NPARTS=0'
01-01 03:00:08.421   224   235 V vold    : ----------------
01-01 03:00:08.421   224   235 V vold    : handleBlockEvent with action 1
01-01 03:00:08.421   224   235 D NetlinkEvent: NL action '1'
01-01 03:00:08.421   224   235 D NetlinkEvent: NL subsystem 'block'
01-01 03:00:08.421   224   235 D NetlinkEvent: NL param 'DEVPATH=/devices/mtk-msdc.0/11230000.msdc0/mmc_host/mmc0/mmc0:0001/block/mmcblk0/mmcblk0rpmb'
01-01 03:00:08.421   224   235 D NetlinkEvent: NL param 'MAJOR=179'
01-01 03:00:08.421   224   235 D NetlinkEvent: NL param 'MINOR=96'
01-01 03:00:08.421   224   235 D NetlinkEvent: NL param 'DEVNAME=mmcblk0rpmb'
01-01 03:00:08.421   224   235 D NetlinkEvent: NL param 'DEVTYPE=disk'
01-01 03:00:08.421   224   235 D NetlinkEvent: NL param 'NPARTS=0'
01-01 03:00:08.421   224   235 D vold    : Skip 'mmcblk0rpmb' disk uevent
01-01 03:00:08.421   224   235 V vold    : ----------------
01-01 03:00:08.421   224   235 V vold    : handleBlockEvent with action 1
01-01 03:00:08.421   224   235 D NetlinkEvent: NL action '1'
01-01 03:00:08.421   224   235 D NetlinkEvent: NL subsystem 'block'
01-01 03:00:08.421   224   235 D NetlinkEvent: NL param 'DEVPATH=/devices/mtk-msdc.0/11230000.msdc0/mmc_host/mmc0/mmc0:0001/block/mmcblk0/mmcblk0boot0'
01-01 03:00:08.421   224   235 D NetlinkEvent: NL param 'MAJOR=179'
01-01 03:00:08.421   224   235 D NetlinkEvent: NL param 'MINOR=32'
01-01 03:00:08.421   224   235 D NetlinkEvent: NL param 'DEVNAME=mmcblk0boot0'
01-01 03:00:08.421   224   235 D NetlinkEvent: NL param 'DEVTYPE=disk'
01-01 03:00:08.421   224   235 D NetlinkEvent: NL param 'NPARTS=0'
01-01 03:00:08.421   224   235 D vold    : Skip 'mmcblk0boot0' disk uevent
01-01 03:00:08.421   224   235 V vold    : ----------------
01-01 03:00:08.422   224   235 V vold    : handleBlockEvent with action 1
01-01 03:00:08.422   224   235 D NetlinkEvent: NL action '1'
01-01 03:00:08.422   224   235 D NetlinkEvent: NL subsystem 'block'
01-01 03:00:08.422   224   235 D NetlinkEvent: NL param 'DEVPATH=/devices/mtk-msdc.0/11230000.msdc0/mmc_host/mmc0/mmc0:0001/block/mmcblk0/mmcblk0boot1'
01-01 03:00:08.422   224   235 D NetlinkEvent: NL param 'MAJOR=179'
01-01 03:00:08.422   224   235 D NetlinkEvent: NL param 'MINOR=64'
01-01 03:00:08.422   224   235 D NetlinkEvent: NL param 'DEVNAME=mmcblk0boot1'
01-01 03:00:08.422   224   235 D NetlinkEvent: NL param 'DEVTYPE=disk'
01-01 03:00:08.422   224   235 D NetlinkEvent: NL param 'NPARTS=0'
01-01 03:00:08.422   224   235 D vold    : Skip 'mmcblk0boot1' disk uevent
01-01 03:00:08.422   224   235 V vold    : ----------------
01-01 03:00:08.422   224   235 V vold    : handleBlockEvent with action 1
01-01 03:00:08.422   224   235 D NetlinkEvent: NL action '1'
01-01 03:00:08.422   224   235 D NetlinkEvent: NL subsystem 'block'
01-01 03:00:08.422   224   235 D NetlinkEvent: NL param 'DEVPATH=/devices/mtk-msdc.0/11230000.msdc0/mmc_host/mmc0/mmc0:0001/block/mmcblk0'
01-01 03:00:08.422   224   235 D NetlinkEvent: NL param 'MAJOR=179'
01-01 03:00:08.422   224   235 D NetlinkEvent: NL param 'MINOR=0'
01-01 03:00:08.422   224   235 D NetlinkEvent: NL param 'DEVNAME=mmcblk0'
01-01 03:00:08.422   224   235 D NetlinkEvent: NL param 'DEVTYPE=disk'
01-01 03:00:08.422   224   235 D NetlinkEvent: NL param 'NPARTS=23'
01-01 03:00:08.422   224   235 I Vold    : handleBlockEvent(): For MTK_SHARED_SDCARD, remove EMMC disk
01-01 03:00:08.431   224   235 V vold    : ----------------
01-01 03:00:08.431   224   235 V vold    : handleBlockEvent with action 1
01-01 03:00:08.431   224   235 D NetlinkEvent: NL action '1'
01-01 03:00:08.431   224   235 D NetlinkEvent: NL subsystem 'block'
01-01 03:00:08.431   224   235 D NetlinkEvent: NL param 'DEVPATH=/devices/mtk-msdc.0/11230000.msdc0/mmc_host/mmc0/mmc0:0001/block/mmcblk0/mmcblk0p1'
01-01 03:00:08.431   224   235 D NetlinkEvent: NL param 'MAJOR=179'
01-01 03:00:08.431   224   235 D NetlinkEvent: NL param 'MINOR=1'
01-01 03:00:08.431   224   235 D NetlinkEvent: NL param 'DEVNAME=mmcblk0p1'
01-01 03:00:08.431   224   235 D NetlinkEvent: NL param 'DEVTYPE=partition'
01-01 03:00:08.431   224   235 D NetlinkEvent: NL param 'PARTN=1'
01-01 03:00:08.431   224   235 D NetlinkEvent: NL param 'PARTNAME=proinfo'
01-01 03:00:08.431   224   235 V vold    : ----------------
01-01 03:00:08.435   224   235 V vold    : handleBlockEvent with action 1
01-01 03:00:08.435   224   235 D NetlinkEvent: NL action '1'
01-01 03:00:08.435   224   235 D NetlinkEvent: NL subsystem 'block'
01-01 03:00:08.435   224   235 D NetlinkEvent: NL param 'DEVPATH=/devices/mtk-msdc.0/11230000.msdc0/mmc_host/mmc0/mmc0:0001/block/mmcblk0/mmcblk0p2'
01-01 03:00:08.435   224   235 D NetlinkEvent: NL param 'MAJOR=179'
01-01 03:00:08.435   224   235 D NetlinkEvent: NL param 'MINOR=2'
01-01 03:00:08.435   224   235 D NetlinkEvent: NL param 'DEVNAME=mmcblk0p2'
01-01 03:00:08.435   224   235 D NetlinkEvent: NL param 'DEVTYPE=partition'
01-01 03:00:08.435   224   235 D NetlinkEvent: NL param 'PARTN=2'
01-01 03:00:08.435   224   235 D NetlinkEvent: NL param 'PARTNAME=nvram'
01-01 03:00:08.435   224   235 V vold    : ----------------
01-01 03:00:08.435   224   235 V vold    : handleBlockEvent with action 1
01-01 03:00:08.435   224   235 D NetlinkEvent: NL action '1'
01-01 03:00:08.435   224   235 D NetlinkEvent: NL subsystem 'block'
01-01 03:00:08.438   224   235 D NetlinkEvent: NL param 'DEVPATH=/devices/mtk-msdc.0/11230000.msdc0/mmc_host/mmc0/mmc0:0001/block/mmcblk0/mmcblk0p3'
01-01 03:00:08.438   224   235 D NetlinkEvent: NL param 'MAJOR=179'
01-01 03:00:08.438   224   235 D NetlinkEvent: NL param 'MINOR=3'
01-01 03:00:08.438   224   235 D NetlinkEvent: NL param 'DEVNAME=mmcblk0p3'
01-01 03:00:08.438   224   235 D NetlinkEvent: NL param 'DEVTYPE=partition'
01-01 03:00:08.439   224   235 D NetlinkEvent: NL param 'PARTN=3'
01-01 03:00:08.439   224   235 D NetlinkEvent: NL param 'PARTNAME=protect1'
01-01 03:00:08.439   224   235 V vold    : ----------------
01-01 03:00:08.447   224   235 V vold    : handleBlockEvent with action 1
01-01 03:00:08.447   224   235 D NetlinkEvent: NL action '1'
01-01 03:00:08.447   224   235 D NetlinkEvent: NL subsystem 'block'
01-01 03:00:08.447   224   235 D NetlinkEvent: NL param 'DEVPATH=/devices/mtk-msdc.0/11230000.msdc0/mmc_host/mmc0/mmc0:0001/block/mmcblk0/mmcblk0p4'
01-01 03:00:08.447   224   235 D NetlinkEvent: NL param 'MAJOR=179'
01-01 03:00:08.447   224   235 D NetlinkEvent: NL param 'MINOR=4'
01-01 03:00:08.447   224   235 D NetlinkEvent: NL param 'DEVNAME=mmcblk0p4'
01-01 03:00:08.447   224   235 D NetlinkEvent: NL param 'DEVTYPE=partition'
01-01 03:00:08.447   224   235 D NetlinkEvent: NL param 'PARTN=4'
01-01 03:00:08.447   224   235 D NetlinkEvent: NL param 'PARTNAME=protect2'
01-01 03:00:08.447   224   235 V vold    : ----------------
01-01 03:00:08.447   224   235 V vold    : handleBlockEvent with action 1
01-01 03:00:08.447   224   235 D NetlinkEvent: NL action '1'
01-01 03:00:08.447   224   235 D NetlinkEvent: NL subsystem 'block'
01-01 03:00:08.447   224   235 D NetlinkEvent: NL param 'DEVPATH=/devices/mtk-msdc.0/11230000.msdc0/mmc_host/mmc0/mmc0:0001/block/mmcblk0/mmcblk0p5'
01-01 03:00:08.447   224   235 D NetlinkEvent: NL param 'MAJOR=179'
01-01 03:00:08.447   224   235 D NetlinkEvent: NL param 'MINOR=5'
01-01 03:00:08.447   224   235 D NetlinkEvent: NL param 'DEVNAME=mmcblk0p5'
01-01 03:00:08.447   224   235 D NetlinkEvent: NL param 'DEVTYPE=partition'
01-01 03:00:08.447   224   235 D NetlinkEvent: NL param 'PARTN=5'
01-01 03:00:08.447   224   235 D NetlinkEvent: NL param 'PARTNAME=lk'
01-01 03:00:08.447   224   235 V vold    : ----------------
01-01 03:00:08.447   224   235 V vold    : handleBlockEvent with action 1
01-01 03:00:08.447   224   235 D NetlinkEvent: NL action '1'
01-01 03:00:08.447   224   235 D NetlinkEvent: NL subsystem 'block'
01-01 03:00:08.447   224   235 D NetlinkEvent: NL param 'DEVPATH=/devices/mtk-msdc.0/11230000.msdc0/mmc_host/mmc0/mmc0:0001/block/mmcblk0/mmcblk0p6'
01-01 03:00:08.448   224   235 D NetlinkEvent: NL param 'MAJOR=179'
01-01 03:00:08.448   224   235 D NetlinkEvent: NL param 'MINOR=6'
01-01 03:00:08.448   224   235 D NetlinkEvent: NL param 'DEVNAME=mmcblk0p6'
01-01 03:00:08.448   224   235 D NetlinkEvent: NL param 'DEVTYPE=partition'
01-01 03:00:08.448   224   235 D NetlinkEvent: NL param 'PARTN=6'
01-01 03:00:08.448   224   235 D NetlinkEvent: NL param 'PARTNAME=para'
01-01 03:00:08.448   224   235 V vold    : ----------------
01-01 03:00:08.448   224   235 V vold    : handleBlockEvent with action 1
01-01 03:00:08.448   224   235 D NetlinkEvent: NL action '1'
01-01 03:00:08.448   224   235 D NetlinkEvent: NL subsystem 'block'
01-01 03:00:08.448   224   235 D NetlinkEvent: NL param 'DEVPATH=/devices/mtk-msdc.0/11230000.msdc0/mmc_host/mmc0/mmc0:0001/block/mmcblk0/mmcblk0p7'
01-01 03:00:08.448   224   235 D NetlinkEvent: NL param 'MAJOR=179'
01-01 03:00:08.448   224   235 D NetlinkEvent: NL param 'MINOR=7'
01-01 03:00:08.448   224   235 D NetlinkEvent: NL param 'DEVNAME=mmcblk0p7'
01-01 03:00:08.448   224   235 D NetlinkEvent: NL param 'DEVTYPE=partition'
01-01 03:00:08.448   224   235 D NetlinkEvent: NL param 'PARTN=7'
01-01 03:00:08.448   224   235 D NetlinkEvent: NL param 'PARTNAME=boot'
01-01 03:00:08.448   224   235 V vold    : ----------------
01-01 03:00:08.448   224   235 V vold    : handleBlockEvent with action 1
01-01 03:00:08.448   224   235 D NetlinkEvent: NL action '1'
01-01 03:00:08.448   224   235 D NetlinkEvent: NL subsystem 'block'
01-01 03:00:08.448   224   235 D NetlinkEvent: NL param 'DEVPATH=/devices/mtk-msdc.0/11230000.msdc0/mmc_host/mmc0/mmc0:0001/block/mmcblk0/mmcblk0p8'
01-01 03:00:08.448   224   235 D NetlinkEvent: NL param 'MAJOR=179'
01-01 03:00:08.448   224   235 D NetlinkEvent: NL param 'MINOR=8'
01-01 03:00:08.448   224   235 D NetlinkEvent: NL param 'DEVNAME=mmcblk0p8'
01-01 03:00:08.448   224   235 D NetlinkEvent: NL param 'DEVTYPE=partition'
01-01 03:00:08.448   224   235 D NetlinkEvent: NL param 'PARTN=8'
01-01 03:00:08.448   224   235 D NetlinkEvent: NL param 'PARTNAME=recovery'
01-01 03:00:08.448   224   235 V vold    : ----------------
01-01 03:00:08.448   224   235 V vold    : handleBlockEvent with action 1
01-01 03:00:08.448   224   235 D NetlinkEvent: NL action '1'
01-01 03:00:08.448   224   235 D NetlinkEvent: NL subsystem 'block'
01-01 03:00:08.449   224   235 D NetlinkEvent: NL param 'DEVPATH=/devices/mtk-msdc.0/11230000.msdc0/mmc_host/mmc0/mmc0:0001/block/mmcblk0/mmcblk0p9'
01-01 03:00:08.449   224   235 D NetlinkEvent: NL param 'MAJOR=179'
01-01 03:00:08.449   224   235 D NetlinkEvent: NL param 'MINOR=9'
01-01 03:00:08.449   224   235 D NetlinkEvent: NL param 'DEVNAME=mmcblk0p9'
01-01 03:00:08.449   224   235 D NetlinkEvent: NL param 'DEVTYPE=partition'
01-01 03:00:08.449   224   235 D NetlinkEvent: NL param 'PARTN=9'
01-01 03:00:08.449   224   235 D NetlinkEvent: NL param 'PARTNAME=logo'
01-01 03:00:08.449   224   235 V vold    : ----------------
01-01 03:00:08.449   224   235 V vold    : handleBlockEvent with action 1
01-01 03:00:08.449   224   235 D NetlinkEvent: NL action '1'
01-01 03:00:08.449   224   235 D NetlinkEvent: NL subsystem 'block'
01-01 03:00:08.449   224   235 D NetlinkEvent: NL param 'DEVPATH=/devices/mtk-msdc.0/11230000.msdc0/mmc_host/mmc0/mmc0:0001/block/mmcblk0/mmcblk0rpmb'
01-01 03:00:08.449   224   235 D NetlinkEvent: NL param 'MAJOR=179'
01-01 03:00:08.449   224   235 D NetlinkEvent: NL param 'MINOR=96'
01-01 03:00:08.449   224   235 D NetlinkEvent: NL param 'DEVNAME=mmcblk0rpmb'
01-01 03:00:08.449   224   235 D NetlinkEvent: NL param 'DEVTYPE=disk'
01-01 03:00:08.449   224   235 D NetlinkEvent: NL param 'NPARTS=0'
01-01 03:00:08.449   224   235 D vold    : Skip 'mmcblk0rpmb' disk uevent
01-01 03:00:08.449   224   235 V vold    : ----------------
01-01 03:00:08.449   224   235 V vold    : handleBlockEvent with action 1
01-01 03:00:08.449   224   235 D NetlinkEvent: NL action '1'
01-01 03:00:08.449   224   235 D NetlinkEvent: NL subsystem 'block'
01-01 03:00:08.449   224   235 D NetlinkEvent: NL param 'DEVPATH=/devices/mtk-msdc.0/11230000.msdc0/mmc_host/mmc0/mmc0:0001/block/mmcblk0/mmcblk0boot0'
01-01 03:00:08.449   224   235 D NetlinkEvent: NL param 'MAJOR=179'
01-01 03:00:08.449   224   235 D NetlinkEvent: NL param 'MINOR=32'
01-01 03:00:08.449   224   235 D NetlinkEvent: NL param 'DEVNAME=mmcblk0boot0'
01-01 03:00:08.449   224   235 D NetlinkEvent: NL param 'DEVTYPE=disk'
01-01 03:00:08.449   224   235 D NetlinkEvent: NL param 'NPARTS=0'
01-01 03:00:08.449   224   235 D vold    : Skip 'mmcblk0boot0' disk uevent
01-01 03:00:08.449   224   235 V vold    : ----------------
01-01 03:00:08.449   224   235 V vold    : handleBlockEvent with action 1
01-01 03:00:08.449   224   235 D NetlinkEvent: NL action '1'
01-01 03:00:08.449   224   235 D NetlinkEvent: NL subsystem 'block'
01-01 03:00:08.449   224   235 D NetlinkEvent: NL param 'DEVPATH=/devices/mtk-msdc.0/11230000.msdc0/mmc_host/mmc0/mmc0:0001/block/mmcblk0/mmcblk0boot1'
01-01 03:00:08.450   224   235 D NetlinkEvent: NL param 'MAJOR=179'
01-01 03:00:08.450   224   235 D NetlinkEvent: NL param 'MINOR=64'
01-01 03:00:08.450   224   235 D NetlinkEvent: NL param 'DEVNAME=mmcblk0boot1'
01-01 03:00:08.450   224   235 D NetlinkEvent: NL param 'DEVTYPE=disk'
01-01 03:00:08.450   224   235 D NetlinkEvent: NL param 'NPARTS=0'
01-01 03:00:08.450   224   235 D vold    : Skip 'mmcblk0boot1' disk uevent
01-01 03:00:08.450   224   235 V vold    : ----------------
01-01 03:00:08.450   224   235 V vold    : handleBlockEvent with action 1
01-01 03:00:08.450   224   235 D NetlinkEvent: NL action '1'
01-01 03:00:08.450   224   235 D NetlinkEvent: NL subsystem 'block'
01-01 03:00:08.450   224   235 D NetlinkEvent: NL param 'DEVPATH=/devices/mtk-msdc.0/11230000.msdc0/mmc_host/mmc0/mmc0:0001/block/mmcblk0/mmcblk0p10'
01-01 03:00:08.450   224   235 D NetlinkEvent: NL param 'MAJOR=179'
01-01 03:00:08.450   224   235 D NetlinkEvent: NL param 'MINOR=10'
01-01 03:00:08.450   224   235 D NetlinkEvent: NL param 'DEVNAME=mmcblk0p10'
01-01 03:00:08.450   224   235 D NetlinkEvent: NL param 'DEVTYPE=partition'
01-01 03:00:08.450   224   235 D NetlinkEvent: NL param 'PARTN=10'
01-01 03:00:08.450   224   235 D NetlinkEvent: NL param 'PARTNAME=expdb'
01-01 03:00:08.450   224   235 V vold    : ----------------
01-01 03:00:08.450   224   235 V vold    : handleBlockEvent with action 1
01-01 03:00:08.450   224   235 D NetlinkEvent: NL action '1'
01-01 03:00:08.459   224   224 I NVRAM   : Coldboot: try to wait for uevents, timeout 5s
01-01 03:00:08.460   224   235 D NetlinkEvent: NL subsystem 'block'
01-01 03:00:08.460   224   235 D NetlinkEvent: NL param 'DEVPATH=/devices/mtk-msdc.0/11230000.msdc0/mmc_host/mmc0/mmc0:0001/block/mmcblk0/mmcblk0p11'
01-01 03:00:08.460   224   235 D NetlinkEvent: NL param 'MAJOR=179'
01-01 03:00:08.460   224   235 D NetlinkEvent: NL param 'MINOR=11'
01-01 03:00:08.460   224   235 D NetlinkEvent: NL param 'DEVNAME=mmcblk0p11'
01-01 03:00:08.460   224   235 D NetlinkEvent: NL param 'DEVTYPE=partition'
01-01 03:00:08.460   224   235 D NetlinkEvent: NL param 'PARTN=11'
01-01 03:00:08.460   224   235 D NetlinkEvent: NL param 'PARTNAME=seccfg'
01-01 03:00:08.460   224   235 V vold    : ----------------
01-01 03:00:08.460   224   235 V vold    : handleBlockEvent with action 1
01-01 03:00:08.460   224   235 D NetlinkEvent: NL action '1'
01-01 03:00:08.460   224   235 D NetlinkEvent: NL subsystem 'block'
01-01 03:00:08.460   224   235 D NetlinkEvent: NL param 'DEVPATH=/devices/mtk-msdc.0/11230000.msdc0/mmc_host/mmc0/mmc0:0001/block/mmcblk0/mmcblk0p12'
01-01 03:00:08.460   224   235 D NetlinkEvent: NL param 'MAJOR=179'
01-01 03:00:08.460   224   235 D NetlinkEvent: NL param 'MINOR=12'
01-01 03:00:08.460   224   235 D NetlinkEvent: NL param 'DEVNAME=mmcblk0p12'
01-01 03:00:08.460   224   235 D NetlinkEvent: NL param 'DEVTYPE=partition'
01-01 03:00:08.460   224   235 D NetlinkEvent: NL param 'PARTN=12'
01-01 03:00:08.460   224   235 D NetlinkEvent: NL param 'PARTNAME=oemkeystore'
01-01 03:00:08.460   224   235 V vold    : ----------------
01-01 03:00:08.460   224   235 V vold    : handleBlockEvent with action 1
01-01 03:00:08.461   224   235 D NetlinkEvent: NL action '1'
01-01 03:00:08.461   224   235 D NetlinkEvent: NL subsystem 'block'
01-01 03:00:08.461   224   235 D NetlinkEvent: NL param 'DEVPATH=/devices/mtk-msdc.0/11230000.msdc0/mmc_host/mmc0/mmc0:0001/block/mmcblk0/mmcblk0p13'
01-01 03:00:08.461   224   235 D NetlinkEvent: NL param 'MAJOR=179'
01-01 03:00:08.461   224   235 D NetlinkEvent: NL param 'MINOR=13'
01-01 03:00:08.461   224   235 D NetlinkEvent: NL param 'DEVNAME=mmcblk0p13'
01-01 03:00:08.461   224   235 D NetlinkEvent: NL param 'DEVTYPE=partition'
01-01 03:00:08.461   224   235 D NetlinkEvent: NL param 'PARTN=13'
01-01 03:00:08.461   224   235 D NetlinkEvent: NL param 'PARTNAME=secro'
01-01 03:00:08.461   224   235 V vold    : ----------------
01-01 03:00:08.461   224   235 V vold    : handleBlockEvent with action 1
01-01 03:00:08.461   224   235 D NetlinkEvent: NL action '1'
01-01 03:00:08.461   224   235 D NetlinkEvent: NL subsystem 'block'
01-01 03:00:08.461   224   235 D NetlinkEvent: NL param 'DEVPATH=/devices/mtk-msdc.0/11230000.msdc0/mmc_host/mmc0/mmc0:0001/block/mmcblk0/mmcblk0p14'
01-01 03:00:08.461   224   235 D NetlinkEvent: NL param 'MAJOR=179'
01-01 03:00:08.461   224   235 D NetlinkEvent: NL param 'MINOR=14'
01-01 03:00:08.461   224   235 D NetlinkEvent: NL param 'DEVNAME=mmcblk0p14'
01-01 03:00:08.461   224   235 D NetlinkEvent: NL param 'DEVTYPE=partition'
01-01 03:00:08.461   224   235 D NetlinkEvent: NL param 'PARTN=14'
01-01 03:00:08.461   224   235 D NetlinkEvent: NL param 'PARTNAME=keystore'
01-01 03:00:08.461   224   235 V vold    : ----------------
01-01 03:00:08.461   224   235 V vold    : handleBlockEvent with action 1
01-01 03:00:08.461   224   235 D NetlinkEvent: NL action '1'
01-01 03:00:08.461   224   235 D NetlinkEvent: NL subsystem 'block'
01-01 03:00:08.462   224   235 D NetlinkEvent: NL param 'DEVPATH=/devices/mtk-msdc.0/11230000.msdc0/mmc_host/mmc0/mmc0:0001/block/mmcblk0/mmcblk0p15'
01-01 03:00:08.462   224   235 D NetlinkEvent: NL param 'MAJOR=179'
01-01 03:00:08.462   224   235 D NetlinkEvent: NL param 'MINOR=15'
01-01 03:00:08.462   224   235 D NetlinkEvent: NL param 'DEVNAME=mmcblk0p15'
01-01 03:00:08.462   224   235 D NetlinkEvent: NL param 'DEVTYPE=partition'
01-01 03:00:08.462   224   235 D NetlinkEvent: NL param 'PARTN=15'
01-01 03:00:08.462   224   235 D NetlinkEvent: NL param 'PARTNAME=tee1'
01-01 03:00:08.462   224   235 V vold    : ----------------
01-01 03:00:08.462   224   235 V vold    : handleBlockEvent with action 1
01-01 03:00:08.462   224   235 D NetlinkEvent: NL action '1'
01-01 03:00:08.462   224   235 D NetlinkEvent: NL subsystem 'block'
01-01 03:00:08.462   224   235 D NetlinkEvent: NL param 'DEVPATH=/devices/mtk-msdc.0/11230000.msdc0/mmc_host/mmc0/mmc0:0001/block/mmcblk0/mmcblk0p16'
01-01 03:00:08.462   224   235 D NetlinkEvent: NL param 'MAJOR=179'
01-01 03:00:08.462   224   235 D NetlinkEvent: NL param 'MINOR=16'
01-01 03:00:08.462   224   235 D NetlinkEvent: NL param 'DEVNAME=mmcblk0p16'
01-01 03:00:08.462   224   235 D NetlinkEvent: NL param 'DEVTYPE=partition'
01-01 03:00:08.462   224   235 D NetlinkEvent: NL param 'PARTN=16'
01-01 03:00:08.462   224   235 D NetlinkEvent: NL param 'PARTNAME=tee2'
01-01 03:00:08.462   224   235 V vold    : ----------------
01-01 03:00:08.462   224   235 V vold    : handleBlockEvent with action 1
01-01 03:00:08.462   224   235 D NetlinkEvent: NL action '1'
01-01 03:00:08.462   224   235 D NetlinkEvent: NL subsystem 'block'
01-01 03:00:08.462   224   235 D NetlinkEvent: NL param 'DEVPATH=/devices/mtk-msdc.0/11230000.msdc0/mmc_host/mmc0/mmc0:0001/block/mmcblk0/mmcblk0p17'
01-01 03:00:08.462   224   235 D NetlinkEvent: NL param 'MAJOR=179'
01-01 03:00:08.462   224   235 D NetlinkEvent: NL param 'MINOR=17'
01-01 03:00:08.462   224   235 D NetlinkEvent: NL param 'DEVNAME=mmcblk0p17'
01-01 03:00:08.462   224   235 D NetlinkEvent: NL param 'DEVTYPE=partition'
01-01 03:00:08.462   224   235 D NetlinkEvent: NL param 'PARTN=17'
01-01 03:00:08.462   224   235 D NetlinkEvent: NL param 'PARTNAME=frp'
01-01 03:00:08.462   224   235 V vold    : ----------------
01-01 03:00:08.462   224   235 V vold    : handleBlockEvent with action 1
01-01 03:00:08.462   224   235 D NetlinkEvent: NL action '1'
01-01 03:00:08.462   224   235 D NetlinkEvent: NL subsystem 'block'
01-01 03:00:08.462   224   235 D NetlinkEvent: NL param 'DEVPATH=/devices/mtk-msdc.0/11230000.msdc0/mmc_host/mmc0/mmc0:0001/block/mmcblk0/mmcblk0p18'
01-01 03:00:08.462   224   235 D NetlinkEvent: NL param 'MAJOR=179'
01-01 03:00:08.462   224   235 D NetlinkEvent: NL param 'MINOR=18'
01-01 03:00:08.463   224   235 D NetlinkEvent: NL param 'DEVNAME=mmcblk0p18'
01-01 03:00:08.463   224   235 D NetlinkEvent: NL param 'DEVTYPE=partition'
01-01 03:00:08.463   224   235 D NetlinkEvent: NL param 'PARTN=18'
01-01 03:00:08.463   224   235 D NetlinkEvent: NL param 'PARTNAME=nvdata'
01-01 03:00:08.463   224   235 V vold    : ----------------
01-01 03:00:08.463   224   235 V vold    : handleBlockEvent with action 1
01-01 03:00:08.463   224   235 D NetlinkEvent: NL action '1'
01-01 03:00:08.463   224   235 D NetlinkEvent: NL subsystem 'block'
01-01 03:00:08.463   224   235 D NetlinkEvent: NL param 'DEVPATH=/devices/mtk-msdc.0/11230000.msdc0/mmc_host/mmc0/mmc0:0001/block/mmcblk0/mmcblk0p19'
01-01 03:00:08.463   224   235 D NetlinkEvent: NL param 'MAJOR=179'
01-01 03:00:08.463   224   235 D NetlinkEvent: NL param 'MINOR=19'
01-01 03:00:08.463   224   235 D NetlinkEvent: NL param 'DEVNAME=mmcblk0p19'
01-01 03:00:08.463   224   235 D NetlinkEvent: NL param 'DEVTYPE=partition'
01-01 03:00:08.463   224   235 D NetlinkEvent: NL param 'PARTN=19'
01-01 03:00:08.463   224   235 D NetlinkEvent: NL param 'PARTNAME=metadata'
01-01 03:00:08.463   224   235 V vold    : ----------------
01-01 03:00:08.463   224   235 V vold    : handleBlockEvent with action 1
01-01 03:00:08.463   224   235 D NetlinkEvent: NL action '1'
01-01 03:00:08.463   224   235 D NetlinkEvent: NL subsystem 'block'
01-01 03:00:08.463   224   235 D NetlinkEvent: NL param 'DEVPATH=/devices/mtk-msdc.0/11230000.msdc0/mmc_host/mmc0/mmc0:0001/block/mmcblk0/mmcblk0p20'
01-01 03:00:08.463   224   235 D NetlinkEvent: NL param 'MAJOR=179'
01-01 03:00:08.463   224   235 D NetlinkEvent: NL param 'MINOR=20'
01-01 03:00:08.463   224   235 D NetlinkEvent: NL param 'DEVNAME=mmcblk0p20'
01-01 03:00:08.463   224   235 D NetlinkEvent: NL param 'DEVTYPE=partition'
01-01 03:00:08.463   224   235 D NetlinkEvent: NL param 'PARTN=20'
01-01 03:00:08.463   224   235 D NetlinkEvent: NL param 'PARTNAME=system'
01-01 03:00:08.463   224   235 V vold    : ----------------
01-01 03:00:08.463   224   235 V vold    : handleBlockEvent with action 1
01-01 03:00:08.463   224   235 D NetlinkEvent: NL action '1'
01-01 03:00:08.463   224   235 D NetlinkEvent: NL subsystem 'block'
01-01 03:00:08.463   224   235 D NetlinkEvent: NL param 'DEVPATH=/devices/mtk-msdc.0/11230000.msdc0/mmc_host/mmc0/mmc0:0001/block/mmcblk0/mmcblk0p21'
01-01 03:00:08.463   224   235 D NetlinkEvent: NL param 'MAJOR=179'
01-01 03:00:08.464   224   235 D NetlinkEvent: NL param 'MINOR=21'
01-01 03:00:08.464   224   235 D NetlinkEvent: NL param 'DEVNAME=mmcblk0p21'
01-01 03:00:08.464   224   235 D NetlinkEvent: NL param 'DEVTYPE=partition'
01-01 03:00:08.464   224   235 D NetlinkEvent: NL param 'PARTN=21'
01-01 03:00:08.464   224   235 D NetlinkEvent: NL param 'PARTNAME=cache'
01-01 03:00:08.464   224   235 V vold    : ----------------
01-01 03:00:08.464   224   235 V vold    : handleBlockEvent with action 1
01-01 03:00:08.464   224   235 D NetlinkEvent: NL action '1'
01-01 03:00:08.464   224   235 D NetlinkEvent: NL subsystem 'block'
01-01 03:00:08.464   224   235 D NetlinkEvent: NL param 'DEVPATH=/devices/mtk-msdc.0/11230000.msdc0/mmc_host/mmc0/mmc0:0001/block/mmcblk0/mmcblk0p22'
01-01 03:00:08.464   224   235 D NetlinkEvent: NL param 'MAJOR=179'
01-01 03:00:08.464   224   235 D NetlinkEvent: NL param 'MINOR=22'
01-01 03:00:08.464   224   235 D NetlinkEvent: NL param 'DEVNAME=mmcblk0p22'
01-01 03:00:08.464   224   235 D NetlinkEvent: NL param 'DEVTYPE=partition'
01-01 03:00:08.464   224   235 D NetlinkEvent: NL param 'PARTN=22'
01-01 03:00:08.464   224   235 D NetlinkEvent: NL param 'PARTNAME=userdata'
01-01 03:00:08.464   224   235 V vold    : ----------------
01-01 03:00:08.464   224   235 V vold    : handleBlockEvent with action 1
01-01 03:00:08.464   224   235 D NetlinkEvent: NL action '1'
01-01 03:00:08.464   224   235 D NetlinkEvent: NL subsystem 'block'
01-01 03:00:08.464   224   235 D NetlinkEvent: NL param 'DEVPATH=/devices/mtk-msdc.0/11230000.msdc0/mmc_host/mmc0/mmc0:0001/block/mmcblk0/mmcblk0p23'
01-01 03:00:08.464   224   235 D NetlinkEvent: NL param 'MAJOR=179'
01-01 03:00:08.464   224   235 D NetlinkEvent: NL param 'MINOR=23'
01-01 03:00:08.464   224   235 D NetlinkEvent: NL param 'DEVNAME=mmcblk0p23'
01-01 03:00:08.464   224   235 D NetlinkEvent: NL param 'DEVTYPE=partition'
01-01 03:00:08.464   224   235 D NetlinkEvent: NL param 'PARTN=23'
01-01 03:00:08.464   224   235 D NetlinkEvent: NL param 'PARTNAME=flashinfo'
01-01 03:00:08.464   224   235 V vold    : ----------------
01-01 03:00:08.464   224   235 V vold    : handleBlockEvent with action 1
01-01 03:00:08.464   224   235 D NetlinkEvent: NL action '1'
01-01 03:00:08.464   224   235 D NetlinkEvent: NL subsystem 'block'
01-01 03:00:08.464   224   235 D NetlinkEvent: NL param 'DEVPATH=/devices/mtk-msdc.0/11240000.msdc1/mmc_host/mmc1/mmc1:0007/block/mmcblk1'
01-01 03:00:08.464   224   235 D NetlinkEvent: NL param 'MAJOR=179'
01-01 03:00:08.465   224   235 D NetlinkEvent: NL param 'MINOR=128'
01-01 03:00:08.465   224   235 D NetlinkEvent: NL param 'DEVNAME=mmcblk1'
01-01 03:00:08.465   224   235 D NetlinkEvent: NL param 'DEVTYPE=disk'
01-01 03:00:08.465   224   235 D NetlinkEvent: NL param 'NPARTS=1'
--------- beginning of radio
01-01 03:00:08.468   245   245 I         : [terserver] service not enabled. exit.
01-01 03:00:08.469   224   235 V vold    : /system/bin/sgdisk
01-01 03:00:08.470   224   235 V vold    :     --android-dump
01-01 03:00:08.470   224   235 V vold    :     /dev/block/vold/disk:179,128
01-01 03:00:08.851   240   240 E BootLogoUpdater: [boot_logo_updater]boot package = 0
01-01 03:00:08.851   240   240 E BootLogoUpdater: [boot_logo_updater]update boot reason = 0, ret = 2
01-01 03:00:11.471   291   291 I boot_progress_start: 8544
01-01 03:00:13.508   291   291 I boot_progress_preload_start: 10581
01-01 03:00:17.211   291   291 I boot_progress_preload_end: 14283
01-01 03:00:17.443   865   865 I boot_progress_system_run: 14516
01-01 03:00:18.169   865   865 I boot_progress_pms_start: 15242
01-01 03:00:18.339   865   865 I pm_critical_info: No settings file; creating initial state
01-01 03:00:18.344   865   865 I boot_progress_pms_system_scan_start: 15417
01-01 03:00:44.173   865   865 I boot_progress_pms_data_scan_start: 41246
01-01 03:00:44.181   865   865 I boot_progress_pms_scan_end: 41254
01-01 03:00:44.423   865   865 I boot_progress_pms_ready: 41495
01-01 03:00:44.816   865   865 E RemoteIrService: Class RemoteIrService : RemoteIrService called
01-01 03:00:44.820   865   865 E SystemServer: BOOT FAILURE starting Remote IR Service
01-01 03:00:44.820   865   865 E SystemServer: java.lang.RuntimeException: No RemoteIR HAL loaded! (0)
01-01 03:00:44.820   865   865 E SystemServer: 	at com.android.server.RemoteIrService.<init>(RemoteIrService.java:89)
01-01 03:00:44.820   865   865 E SystemServer: 	at com.android.server.SystemServer.startOtherServices(SystemServer.java:649)
01-01 03:00:44.820   865   865 E SystemServer: 	at com.android.server.SystemServer.run(SystemServer.java:347)
01-01 03:00:44.820   865   865 E SystemServer: 	at com.android.server.SystemServer.main(SystemServer.java:232)
01-01 03:00:44.820   865   865 E SystemServer: 	at java.lang.reflect.Method.invoke(Native Method)
01-01 03:00:44.820   865   865 E SystemServer: 	at com.android.internal.os.ZygoteInit$MethodAndArgsCaller.run(ZygoteInit.java:793)
01-01 03:00:44.820   865   865 E SystemServer: 	at com.android.internal.os.ZygoteInit.main(ZygoteInit.java:683)
01-01 03:00:44.821   865   889 I am_wtf  : [0,865,system_server,-1,SystemServer,No RemoteIR HAL loaded! (0)]
01-01 03:00:44.830   865   865 E AlarmManager: dm binder is null!
01-01 03:00:44.946   865   865 I wm_stack_created: [0,0,0,0,0]
01-01 03:00:45.044   865   865 I configuration_changed: 7672
01-01 03:00:45.053   865   865 I configuration_changed: 1024
01-01 03:00:45.091   865   865 E MountService: setDefaultPath new path=
01-01 03:00:45.179   865   926 I configuration_changed: 8
01-01 03:00:45.381   865   865 I configuration_changed: 512
01-01 03:00:46.520   865   891 E VoldConnector: Error handling '662 /data 3720601600 1116980077': java.lang.NullPointerException: Attempt to invoke virtual method 'void android.os.DropBoxManager.addText(java.lang.String, java.lang.String)' on a null object reference
01-01 03:00:46.705   865   891 E VoldConnector: Error handling '662 /cache 405864448 184247769': java.lang.NullPointerException: Attempt to invoke virtual method 'void android.os.DropBoxManager.addText(java.lang.String, java.lang.String)' on a null object reference
01-01 03:00:46.719   865   891 E VoldConnector: Error handling '662 /protect_f 6045696 13807769': java.lang.NullPointerException: Attempt to invoke virtual method 'void android.os.DropBoxManager.addText(java.lang.String, java.lang.String)' on a null object reference
01-01 03:00:46.739   865   891 E VoldConnector: Error handling '662 /protect_s 6049792 20103538': java.lang.NullPointerException: Attempt to invoke virtual method 'void android.os.DropBoxManager.addText(java.lang.String, java.lang.String)' on a null object reference
01-01 03:00:46.789   865   891 E VoldConnector: Error handling '662 /nvdata 26456064 49760384': java.lang.NullPointerException: Attempt to invoke virtual method 'void android.os.DropBoxManager.addText(java.lang.String, java.lang.String)' on a null object reference
01-01 03:01:01.236   865   865 I free_storage_left: [3671220224,1041047552,397475840]
01-01 03:01:01.236   865   865 I free_storage_changed: 3671220224
01-01 03:01:01.311   865   865 I stream_devices_changed: [0,0,1]
01-01 03:01:01.312   865   865 I stream_devices_changed: [3,0,2]
01-01 03:01:01.312   865   865 I stream_devices_changed: [4,0,2]
01-01 03:01:01.313   865   865 I stream_devices_changed: [6,0,1]
01-01 03:01:01.313   865   865 I stream_devices_changed: [2,0,2]
01-01 03:01:01.660   865   865 E LockSettingsStorage: Cannot read file java.io.FileNotFoundException: /data/system/gatekeeper.password.key: open failed: ENOENT (No such file or directory)
01-01 03:01:01.660   865   865 E LockSettingsStorage: Cannot read file java.io.FileNotFoundException: /data/system/password.key: open failed: ENOENT (No such file or directory)
01-01 03:01:01.661   865   865 E LockSettingsStorage: Cannot read file java.io.FileNotFoundException: /data/system/gatekeeper.pattern.key: open failed: ENOENT (No such file or directory)
01-01 03:01:01.661   865   865 E LockSettingsStorage: Cannot read file java.io.FileNotFoundException: /data/system/gatekeeper.gesture.key: open failed: ENOENT (No such file or directory)
01-01 03:01:01.661   865   865 E LockSettingsStorage: Cannot read file java.io.FileNotFoundException: /data/system/gesture.key: open failed: ENOENT (No such file or directory)
01-01 03:01:02.282   865   865 I am_pre_boot: [0,com.android.providers.calendar]
01-01 03:01:02.307   865   889 I am_proc_start: [0,981,10001,com.android.providers.calendar,broadcast,com.android.providers.calendar/.CalendarUpgradeReceiver]
01-01 03:01:02.350   865   865 I backup_transport_lifecycle: [android/com.android.internal.backup.LocalTransportService,1]
01-01 03:01:02.372   865   875 I am_proc_bound: [0,981,com.android.providers.calendar]
01-01 03:01:02.422   981   981 I calendar_upgrade_receiver: 19
01-01 03:01:02.425   865   875 I am_pre_boot: [0,com.android.providers.contacts]
01-01 03:01:02.438   865   875 I am_proc_start: [0,996,10002,android.process.acore,broadcast,com.android.providers.contacts/.ContactsUpgradeReceiver]
01-01 03:01:02.477   865   994 I am_proc_bound: [0,996,android.process.acore]
01-01 03:01:03.374   996   996 I contacts_upgrade_receiver: 841
01-01 03:01:03.378   865   875 I am_pre_boot: [0,com.google.android.gsf]
01-01 03:01:03.391   865   875 I am_proc_start: [0,1010,10010,com.google.process.gapps,broadcast,com.google.android.gsf/.loginservice.MigrateToAccountManagerBroadcastReceiver]
01-01 03:01:03.446   865   994 I am_proc_bound: [0,1010,com.google.process.gapps]
01-01 03:01:03.499   865   994 I am_pre_boot: [0,com.android.managedprovisioning]
01-01 03:01:03.520   865   994 I am_proc_start: [0,1023,10017,com.android.managedprovisioning,broadcast,com.android.managedprovisioning/.PreBootListener]
01-01 03:01:03.561   865   875 I am_proc_bound: [0,1023,com.android.managedprovisioning]
01-01 03:01:03.596   865   994 I am_pre_boot: [0,com.android.providers.media]
01-01 03:01:03.614   865   994 I am_proc_start: [0,1035,10007,android.process.media,broadcast,com.android.providers.media/.MediaUpgradeReceiver]
01-01 03:01:03.669   865   876 I am_proc_bound: [0,1035,android.process.media]
01-01 03:01:03.744   865   875 I am_pre_boot: [0,com.android.settings]
01-01 03:01:03.762   865   875 I am_proc_start: [0,1048,1000,com.android.settings,broadcast,com.android.settings/.ManagedProfileSetup]
01-01 03:01:03.810   865   876 I am_proc_bound: [0,1048,com.android.settings]
01-01 03:01:03.872   865   876 I am_pre_boot: [0,com.google.android.googlequicksearchbox]
01-01 03:01:03.889   865   876 I am_proc_start: [0,1060,10026,com.google.android.googlequicksearchbox:search,broadcast,com.google.android.googlequicksearchbox/com.google.android.apps.gsa.googlequicksearchbox.GelStubAppWatcher]
01-01 03:01:03.949   865   875 I am_proc_bound: [0,1060,com.google.android.googlequicksearchbox:search]
01-01 03:01:04.128   865   889 I am_kill : [0,981,com.android.providers.calendar,15,system update done]
01-01 03:01:04.195   865   889 I am_kill : [0,996,android.process.acore,13,system update done]
01-01 03:01:04.260   865   889 I am_kill : [0,1010,com.google.process.gapps,13,system update done]
01-01 03:01:04.324   865   889 I am_kill : [0,1023,com.android.managedprovisioning,11,system update done]
01-01 03:01:04.402   865   889 I am_kill : [0,1035,android.process.media,11,system update done]
01-01 03:01:04.451   865   889 I am_kill : [0,1048,com.android.settings,9,system update done]
01-01 03:01:04.490   865   889 I am_kill : [0,1060,com.google.android.googlequicksearchbox:search,9,system update done]
01-01 03:01:04.550   865   889 I boot_progress_ams_ready: 61622
01-01 03:01:04.590   865   889 I am_proc_start: [0,1079,1000,com.mediatek.security,service,com.mediatek.security/.service.PermControlService]
01-01 03:01:04.598   865   889 I battery_status: [2,2,1,2,Li-ion]
01-01 03:01:04.598   865   889 I battery_level: [43,3888,320]
01-01 03:01:04.662   865   875 I am_proc_bound: [0,1079,com.mediatek.security]
01-01 03:01:04.700   865   889 I am_proc_start: [0,1094,1037,WebViewLoader-armeabi-v7a,,]
01-01 03:01:04.728   865   889 I am_proc_start: [0,1103,10025,com.android.systemui,service,com.android.systemui/.SystemUIService]
01-01 03:01:04.777   865  1110 I am_proc_start: [0,1112,10002,android.process.acore,content provider,com.android.providers.contacts/.CallLogProvider]
01-01 03:01:04.843   865  1076 I am_proc_bound: [0,1103,com.android.systemui]
01-01 03:01:04.903   865  1072 I am_proc_bound: [0,1112,android.process.acore]
01-01 03:01:04.904   865   865 E SmsApplication: com.mediatek.apst.target does not have system signature
01-01 03:01:04.904   865   865 E SmsApplication: com.mediatek.ppl does not have system signature
01-01 03:01:04.904   865   865 E SmsApplication: com.mediatek.backuprestore does not have system signature
01-01 03:01:04.904   865   865 E SmsApplication: com.mediatek.rcs.messageservice does not have system signature
01-01 03:01:04.904   865   865 E SmsApplication: com.mediatek.esntrack does not have system signature
01-01 03:01:04.909   865   865 E SmsApplication: com.mediatek.apst.target does not have system signature
01-01 03:01:04.909   865   865 E SmsApplication: com.mediatek.ppl does not have system signature
01-01 03:01:04.909   865   865 E SmsApplication: com.mediatek.backuprestore does not have system signature
01-01 03:01:04.909   865   865 E SmsApplication: com.mediatek.rcs.messageservice does not have system signature
01-01 03:01:04.909   865   865 E SmsApplication: com.mediatek.esntrack does not have system signature
01-01 03:01:04.936   865   865 E CarrierConfigManager: Error getting config for subId -1: java.lang.NullPointerException: Attempt to invoke interface method 'android.os.PersistableBundle com.android.internal.telephony.ICarrierConfigLoader.getConfigForSubId(int)' on a null object reference
01-01 03:01:04.942   865   865 E SmsApplication: com.mediatek.apst.target does not have system signature
01-01 03:01:04.942   865   865 E SmsApplication: com.mediatek.ppl does not have system signature
01-01 03:01:04.942   865   865 E SmsApplication: com.mediatek.backuprestore does not have system signature
01-01 03:01:04.942   865   865 E SmsApplication: com.mediatek.rcs.messageservice does not have system signature
01-01 03:01:04.942   865   865 E SmsApplication: com.mediatek.esntrack does not have system signature
01-01 03:01:05.158  1103  1169 E FileSourceProxy: Open dupFd fail for file 
01-01 03:01:05.198  1103  1169 E APEExtractor: getAPEInfo not ape 5003
01-01 03:01:05.248   865   889 E NetdConnector: NDC Command {1 bandwidth enable} took too long (517ms)
01-01 03:01:05.580  1103  1244 I sysui_action: [213,2]
01-01 03:01:05.821   865   876 I am_proc_start: [0,1359,10047,com.google.android.gm,content provider,com.google.android.gm/com.android.exchange.provider.ExchangeDirectoryProvider]
01-01 03:01:05.849   865   928 E VoldConnector: NDC Command {30 volume mount public:179,129 2 0} took too long (1111ms)
01-01 03:01:05.991  1103  1169 E FileSourceProxy: Open dupFd fail for file 
01-01 03:01:06.003  1103  1169 E APEExtractor: getAPEInfo not ape 5004
01-01 03:01:06.024   865  1076 I am_proc_bound: [0,1359,com.google.android.gm]
01-01 03:01:06.061   865   889 E NetdConnector: NDC Command {2 strict enable} took too long (810ms)
01-01 03:01:06.063  1103  1169 E FileSourceProxy: Open dupFd fail for file 
01-01 03:01:06.078  1103  1169 E APEExtractor: getAPEInfo not ape 5002
01-01 03:01:06.492   254  1443 E APEExtractor: getAPEInfo not ape 5004
01-01 03:01:06.525   254  1465 E APEExtractor: getAPEInfo not ape 5002
01-01 03:01:06.580   865  1470 E FileSourceProxy: Open dupFd fail for file 
01-01 03:01:06.598   865   889 I am_proc_start: [0,1473,10026,com.google.android.googlequicksearchbox:interactor,service,com.google.android.googlequicksearchbox/com.google.android.voiceinteraction.GsaVoiceInteractionService]
01-01 03:01:06.601   865  1470 E APEExtractor: getAPEInfo not ape 5003
01-01 03:01:06.604   865   889 E InputMethodManagerService: Ignoring updateSystemUiLocked due to an invalid token. uid:1000 token:null
01-01 03:01:06.647   865  1470 E FileSourceProxy: Open dupFd fail for file 
01-01 03:01:06.649   865   889 I am_proc_start: [0,1485,10054,com.google.android.inputmethod.latin,service,com.google.android.inputmethod.latin/com.android.inputmethod.latin.LatinIME]
01-01 03:01:06.654   865   890 I configuration_changed: 32
01-01 03:01:06.669   254  1492 E APEExtractor: getAPEInfo not ape 5004
01-01 03:01:06.690   254  1498 E APEExtractor: getAPEInfo not ape 5002
01-01 03:01:06.696   865  1470 E APEExtractor: getAPEInfo not ape 5003
01-01 03:01:06.726   865  1078 I am_proc_bound: [0,1473,com.google.android.googlequicksearchbox:interactor]
01-01 03:01:06.731   865   889 E LocationManagerService: FLP HAL not supported
01-01 03:01:06.741   865   889 E LocationManagerService: Hardware Activity-Recognition not supported.
01-01 03:01:06.757   865  1470 E FileSourceProxy: Open dupFd fail for file 
01-01 03:01:06.767   865  1470 E APEExtractor: getAPEInfo not ape 5001
01-01 03:01:06.820   865  1470 E FileSourceProxy: Open dupFd fail for file 
01-01 00:00:00.028   865  1072 I am_proc_start: [0,1529,10048,com.google.process.gapps,content provider,com.google.android.syncadapters.contacts/.GalProvider]
01-01 00:00:00.029   865  1078 I am_proc_bound: [0,1485,com.google.android.inputmethod.latin]
01-01 00:00:00.044   865   889 I am_proc_start: [0,1534,1001,com.android.phone,added application,com.android.phone]
01-01 00:00:00.045   865  1470 E APEExtractor: getAPEInfo not ape 5001
01-01 00:00:00.058   865   889 I am_proc_start: [0,1539,1000,com.mediatek.nlpservice,added application,com.mediatek.nlpservice]
01-01 00:00:00.076   865   889 I am_create_task: [0,1]
01-01 00:00:00.077   865   889 I am_create_activity: [0,173471772,1,com.android.settings/.CryptKeeper,android.intent.action.MAIN,NULL,NULL,276824064]
01-01 00:00:00.079   865   889 I wm_task_created: [1,0]
01-01 00:00:00.079   865   889 I wm_task_moved: [1,1,0]
01-01 00:00:00.092   865  1470 E FileSourceProxy: Open dupFd fail for file 
01-01 00:00:00.094   865   889 I am_proc_start: [0,1548,1000,com.android.settings:CryptKeeper,activity,com.android.settings/.CryptKeeper]
01-01 00:00:00.096   865   889 I wm_task_moved: [1,1,0]
01-01 00:00:00.098   865   889 I am_focused_activity: [0,com.android.settings/.CryptKeeper]
01-01 00:00:00.113   865   994 I am_proc_start: [0,1554,10010,com.google.process.gapps,content provider,com.google.android.gsf/.gservices.GservicesProvider]
01-01 00:00:00.124   865  1470 E APEExtractor: getAPEInfo not ape 5001
01-01 00:00:00.127   865   885 I am_proc_start: [0,1559,10069,com.android.printspooler,service,com.android.printspooler/.model.PrintSpoolerService]
01-01 00:00:00.141   865   889 I am_proc_start: [0,1564,10008,com.android.externalstorage,broadcast,com.android.externalstorage/.MountReceiver]
01-01 00:00:00.169   865   889 I am_proc_start: [0,1572,10058,com.mediatek.mtklogger,broadcast,com.mediatek.mtklogger/.framework.LogReceiver]
01-01 00:00:00.200   865   928 E MountService: setDefaultPath new path=/storage/emulated/0
