01-01 00:00:35.362   865   994 I am_proc_start: [0,3455,10048,com.google.process.gapps,broadcast,com.google.android.syncadapters.contacts/.ContactsSyncAdapterBroadcastReceiver]
01-01 00:00:35.369   865   902 I am_kill : [0,3422,com.google.android.gm,0,stop com.google.android.gm]
01-01 00:00:35.438   865   902 I am_schedule_service_restart: [0,com.google.android.gm/com.android.email.service.EmailBroadcastProcessorService,1000]
01-01 00:00:35.480  1534  1534 E SmsApplication: com.mediatek.apst.target does not have system signature
01-01 00:00:35.481  1534  1534 E SmsApplication: com.mediatek.ppl does not have system signature
01-01 00:00:35.481  1534  1534 E SmsApplication: com.mediatek.backuprestore does not have system signature
01-01 00:00:35.482  1534  1534 E SmsApplication: com.mediatek.rcs.messageservice does not have system signature
01-01 00:00:35.482  1534  1534 E SmsApplication: com.mediatek.esntrack does not have system signature
01-01 00:00:35.539   865  2545 I am_proc_bound: [0,3455,com.google.process.gapps]
01-01 00:00:35.548   865   994 I force_gc: Binder
01-01 00:00:35.619  1534  1534 E PHONE   : [ServiceState] setState deprecated use setVoiceRegState()
01-01 00:00:35.622  1534  1534 I gsm_rat_switched_new: [5535938,2,11]
01-01 00:00:35.673   865   944 I netstats_mobile_sample: [529,1,1969,30,529,1,1969,30,529,1,1969,30,-1]
01-01 00:00:35.674   865   944 I netstats_wifi_sample: [0,0,0,0,0,0,0,0,0,0,0,0,-1]
01-01 00:00:35.690  1534  1534 E PhoneBase: Error! unregisterForCallWaiting() in PhoneBase should not be called, CDMAPhone inactive.
01-01 00:00:35.712  1534  1534 E PhoneBase: Error! registerForCallWaiting() in PhoneBase should not be called, CDMAPhone inactive.
01-01 00:00:35.713  1534  1534 E PhoneBase: registerForVoiceCallIncomingIndication
01-01 00:00:35.753   865  1073 I am_proc_start: [0,3470,10051,com.google.android.talk,broadcast,com.google.android.talk/com.google.android.apps.hangouts.service.broadcastreceiver.BootReceiver]
01-01 00:00:35.797   865   875 I am_kill : [0,3090,android.process.acore,15,empty #17]
01-01 00:00:35.849   865  1072 I am_proc_died: [0,3090,android.process.acore]
01-01 00:00:35.901   865  1073 I am_proc_bound: [0,3470,com.google.android.talk]
01-01 00:00:37.360  1534  1534 E PHONE   : [ServiceState] setState deprecated use setVoiceRegState()
01-01 00:00:37.364  1534  1534 I gsm_rat_switched_new: [5535938,11,15]
01-01 00:00:37.399  1534  1534 E PhoneBase: Error! unregisterForCallWaiting() in PhoneBase should not be called, CDMAPhone inactive.
01-01 00:00:37.399   865   944 I netstats_mobile_sample: [529,1,1969,30,529,1,1969,30,529,1,1969,30,-1]
01-01 00:00:37.400   865   944 I netstats_wifi_sample: [0,0,0,0,0,0,0,0,0,0,0,0,-1]
01-01 00:00:37.415  1534  1534 E PhoneBase: Error! registerForCallWaiting() in PhoneBase should not be called, CDMAPhone inactive.
01-01 00:00:37.415  1534  1534 E PhoneBase: registerForVoiceCallIncomingIndication
01-01 00:00:37.537  1534  1534 E SmsApplication: com.mediatek.apst.target does not have system signature
01-01 00:00:37.538  1534  1534 E SmsApplication: com.mediatek.ppl does not have system signature
01-01 00:00:37.541  1534  1534 E SmsApplication: com.mediatek.backuprestore does not have system signature
01-01 00:00:37.541  1534  1534 E SmsApplication: com.mediatek.rcs.messageservice does not have system signature
01-01 00:00:37.542  1534  1534 E SmsApplication: com.mediatek.esntrack does not have system signature
01-01 00:00:37.610  1534  1534 E SmsApplication: com.mediatek.apst.target does not have system signature
01-01 00:00:37.610  1534  1534 E SmsApplication: com.mediatek.ppl does not have system signature
01-01 00:00:37.611  1534  1534 E SmsApplication: com.mediatek.backuprestore does not have system signature
01-01 00:00:37.611  1534  1534 E SmsApplication: com.mediatek.rcs.messageservice does not have system signature
01-01 00:00:37.611  1534  1534 E SmsApplication: com.mediatek.esntrack does not have system signature
01-01 00:00:37.640  1534  1534 E SmsApplication: com.mediatek.apst.target does not have system signature
01-01 00:00:37.641  1534  1534 E SmsApplication: com.mediatek.ppl does not have system signature
01-01 00:00:37.641  1534  1534 E SmsApplication: com.mediatek.backuprestore does not have system signature
01-01 00:00:37.641  1534  1534 E SmsApplication: com.mediatek.rcs.messageservice does not have system signature
01-01 00:00:37.642  1534  1534 E SmsApplication: com.mediatek.esntrack does not have system signature
01-01 00:00:37.670  1534  1534 E SmsApplication: com.mediatek.apst.target does not have system signature
01-01 00:00:37.670  1534  1534 E SmsApplication: com.mediatek.ppl does not have system signature
01-01 00:00:37.672  1534  1534 E SmsApplication: com.mediatek.backuprestore does not have system signature
01-01 00:00:37.672  1534  1534 E SmsApplication: com.mediatek.rcs.messageservice does not have system signature
01-01 00:00:37.673  1534  1534 E SmsApplication: com.mediatek.esntrack does not have system signature
01-01 00:00:37.700  1534  1534 E SmsApplication: com.mediatek.apst.target does not have system signature
01-01 00:00:37.701  1534  1534 E SmsApplication: com.mediatek.ppl does not have system signature
01-01 00:00:37.703  1534  1534 E SmsApplication: com.mediatek.backuprestore does not have system signature
01-01 00:00:37.703  1534  1534 E SmsApplication: com.mediatek.rcs.messageservice does not have system signature
01-01 00:00:37.704  1534  1534 E SmsApplication: com.mediatek.esntrack does not have system signature
01-01 00:00:37.733  1534  1534 E SmsApplication: com.mediatek.apst.target does not have system signature
01-01 00:00:37.735  1534  1534 E SmsApplication: com.mediatek.ppl does not have system signature
01-01 00:00:37.736  1534  1534 E SmsApplication: com.mediatek.backuprestore does not have system signature
01-01 00:00:37.737  1534  1534 E SmsApplication: com.mediatek.rcs.messageservice does not have system signature
01-01 00:00:37.737  1534  1534 E SmsApplication: com.mediatek.esntrack does not have system signature
01-01 00:00:37.992  1534  1534 E DATA    : Unidentified event msg={ when=0 what=270340 obj=android.os.AsyncResult@f1f3d16 target=com.android.internal.telephony.dataconnection.DcTracker obj=android.os.AsyncResult@f1f3d16 }
01-01 00:00:38.061   254   254 E APEExtractor: getAPEInfo not ape 5004
01-01 00:00:38.177   865  1073 I am_proc_start: [0,3501,1001,com.mediatek.hetcomm,broadcast,com.mediatek.hetcomm/.HetCommReceiver]
01-01 00:00:38.364   865  1639 I am_proc_bound: [0,3501,com.mediatek.hetcomm]
01-01 00:00:38.416   865  1075 I am_proc_start: [0,3520,10053,com.google.android.keep,broadcast,com.google.android.keep/.notification.AlertReceiver]
01-01 00:00:38.418   865  1075 I am_kill : [0,3141,com.google.android.partnersetup,15,empty #17]
01-01 00:00:38.499   865  1076 I am_proc_died: [0,3141,com.google.android.partnersetup]
01-01 00:00:38.593   865  2545 I am_proc_bound: [0,3520,com.google.android.keep]
01-01 00:00:38.898   865  1075 I am_kill : [0,3168,com.dti.mts,15,empty #17]
01-01 00:00:38.947   865   994 I force_gc: Binder
01-01 00:00:38.964   865  1073 I am_proc_died: [0,3168,com.dti.mts]
01-01 00:00:39.040   865  1073 I am_proc_start: [0,3556,1000,com.mediatek.thermalmanager,broadcast,com.mediatek.thermalmanager/.ServiceStarter]
01-01 00:00:39.263   865   875 I am_proc_bound: [0,3556,com.mediatek.thermalmanager]
01-01 00:00:39.301   865  2545 I am_proc_start: [0,3568,10059,com.google.android.apps.maps,broadcast,com.google.android.apps.maps/com.google.android.apps.gmm.navigation.service.detection.StartDetectionReceiver]
01-01 00:00:39.302   865  2545 I am_kill : [0,3192,com.android.launcher3,15,empty #17]
01-01 00:00:39.350   865  1078 I am_proc_died: [0,3192,com.android.launcher3]
01-01 00:00:39.478   865  1639 I am_proc_bound: [0,3568,com.google.android.apps.maps]
01-01 00:00:40.621   865  1639 I am_proc_start: [0,3600,10010,com.google.android.gms.feedback,service,com.google.android.gms/.feedback.FeedbackService]
01-01 00:00:40.752   865  1078 I am_kill : [0,3214,com.android.managedprovisioning,15,empty #17]
01-01 00:00:40.812   865  1073 I am_proc_bound: [0,3600,com.google.android.gms.feedback]
01-01 00:00:40.815   865  2545 I am_proc_died: [0,3214,com.android.managedprovisioning]
01-01 00:00:40.835   865  1076 I am_proc_start: [0,3614,10018,com.mediatek.omacp,broadcast,com.mediatek.omacp/.message.OmacpReceiver]
01-01 00:00:41.006   865  1075 I am_proc_bound: [0,3614,com.mediatek.omacp]
01-01 00:00:41.066   865  1639 I am_proc_start: [0,3633,10068,com.google.android.apps.photos,broadcast,com.google.android.apps.photos/.camerashortcut.CameraShortcutBroadcastReceiver]
01-01 00:00:41.077   865   875 I am_kill : [0,3253,com.android.settings,15,empty #17]
01-01 00:00:41.132   865   994 I am_proc_died: [0,3253,com.android.settings]
01-01 00:00:41.149   865   876 I am_kill : [0,3270,com.google.android.googlequicksearchbox:search,15,empty #17]
01-01 00:00:41.240   865   875 I am_proc_bound: [0,3633,com.google.android.apps.photos]
01-01 00:00:41.244   865  1078 I am_proc_died: [0,3270,com.google.android.googlequicksearchbox:search]
01-01 00:00:42.103   865  1078 I am_proc_start: [0,3650,1000,com.mediatek.schpwronoff,broadcast,com.mediatek.schpwronoff/.AlarmInitReceiver]
01-01 00:00:42.258   865  1077 I am_proc_bound: [0,3650,com.mediatek.schpwronoff]
01-01 00:00:42.306   865  1072 I am_proc_start: [0,3670,10071,com.google.android.videos,broadcast,com.google.android.videos/.service.pinning.TransferService$Receiver]
01-01 00:00:42.367   865  1078 I am_kill : [0,3291,com.adups.fota,15,empty #17]
01-01 00:00:42.447   865   876 I am_proc_died: [0,3291,com.adups.fota]
01-01 00:00:42.479   865  1078 I am_proc_bound: [0,3670,com.google.android.videos]
01-01 00:00:43.333   865   875 I am_proc_start: [0,3711,10019,com.android.vending,service,com.android.vending/com.google.android.finsky.services.ContentFiltersService]
01-01 00:00:43.420   865   876 I am_proc_start: [0,3717,10072,com.google.android.youtube,broadcast,com.google.android.youtube/com.google.android.libraries.youtube.upload.service.UploadService$BootReceiver]
01-01 00:00:43.495   865   994 I am_proc_bound: [0,3711,com.android.vending]
01-01 00:00:43.503  1554  1625 I force_gc: Binder
01-01 00:00:43.600   865   875 I am_proc_bound: [0,3717,com.google.android.youtube]
01-01 00:00:44.016   865  1077 I force_gc: Binder
01-01 00:00:44.268   865  1073 I am_kill : [0,3310,com.adups.fota.sysoper,15,empty #17]
01-01 00:00:44.321   865  1077 I am_proc_died: [0,3310,com.adups.fota.sysoper]
01-01 00:00:44.545   865  1077 I am_proc_start: [0,3833,1000,com.android.settings,broadcast,com.android.settings/.widget.SettingsAppWidgetProvider]
01-01 00:00:44.546   865  1077 I am_kill : [0,3336,com.mediatek.batterywarning,15,empty #17]
01-01 00:00:44.599   865  1077 I am_kill : [0,3317,com.mediatek.atci.service,15,empty #18]
01-01 00:00:44.670   865  1073 I am_proc_died: [0,3336,com.mediatek.batterywarning]
01-01 00:00:44.671   865   875 I am_proc_died: [0,3317,com.mediatek.atci.service]
01-01 00:00:44.723   865   994 I am_proc_bound: [0,3833,com.android.settings]
01-01 00:00:45.056   865   885 I am_meminfo: [228941824,31821824,4096,72908800,83271680]
01-01 00:00:45.095   865  1072 I am_kill : [0,2288,com.android.providers.calendar,15,empty #17]
01-01 00:00:45.139   865   994 I am_proc_died: [0,2288,com.android.providers.calendar]
01-01 00:00:45.330   865   876 I am_proc_start: [0,3858,10014,com.google.android.partnersetup,broadcast,com.google.android.partnersetup/.PhoneStateReceiver]
01-01 00:00:45.455   865  1076 I am_proc_bound: [0,3858,com.google.android.partnersetup]
01-01 00:00:45.506   865   875 I am_proc_start: [0,3870,10015,com.dti.mts,broadcast,com.dti.mts/.Receivers.SimChangeBroadcastReceiver]
01-01 00:00:45.508   865   875 I am_kill : [0,3378,com.mediatek.camera,15,empty #17]
01-01 00:00:45.572   865  1076 I am_proc_died: [0,3378,com.mediatek.camera]
01-01 00:00:45.682   865  1639 I am_proc_bound: [0,3870,com.dti.mts]
01-01 00:00:46.114   865  1073 I am_kill : [0,3392,com.android.deskclock,15,empty #17]
01-01 00:00:46.161   865  2545 I am_proc_died: [0,3392,com.android.deskclock]
01-01 00:00:46.191   865  1072 I am_proc_start: [0,3885,10002,android.process.acore,broadcast,com.android.providers.contacts/.PackageIntentReceiver]
01-01 00:00:46.372   865  1075 I am_proc_bound: [0,3885,android.process.acore]
01-01 00:00:46.498   865  2545 I am_kill : [0,3455,com.google.process.gapps,15,empty #17]
01-01 00:00:46.574   865  1639 I am_proc_died: [0,3455,com.google.process.gapps]
01-01 00:00:46.657   865  1076 I am_proc_start: [0,3907,10026,com.google.android.googlequicksearchbox:search,broadcast,com.google.android.googlequicksearchbox/com.google.android.apps.gsa.search.core.icingsync.IcingCorporaChangedReceiver]
01-01 00:00:46.815   865   876 I am_proc_bound: [0,3907,com.google.android.googlequicksearchbox:search]
01-01 00:00:46.858   865   876 I am_finish_activity: [0,238579090,4,com.google.android.gms/com.google.android.location.network.ConfirmAlertActivity,app-request]
01-01 00:00:46.859   865   876 I am_home_stack_moved: [0,0,1,1,finishActivity adjustFocus setFocusedActivity]
01-01 00:00:46.860   865   876 I wm_task_moved: [4,1,1]
01-01 00:00:46.869   865   876 I am_focused_activity: [0,com.google.android.setupwizard/.Welcome]
01-01 00:00:46.949   865   876 I am_pause_activity: [0,238579090,com.google.android.gms/com.google.android.location.network.ConfirmAlertActivity]
01-01 00:00:47.069   865   885 I am_pss  : [1774,10010,com.google.android.gms.persistent,25772032,20180992]
01-01 00:00:47.107  1914  1914 I am_on_paused_called: [0,com.google.android.location.network.ConfirmAlertActivity]
01-01 00:00:47.114   865  1078 I am_resume_activity: [0,26026151,3,com.google.android.setupwizard/.Welcome]
01-01 00:00:47.153   865   885 I am_pss  : [1861,10010,com.google.android.gms,28351488,22663168]
01-01 00:00:47.182  1651  1651 I am_on_resume_called: [0,com.google.android.setupwizard.Welcome]
01-01 00:00:47.209   865   885 I am_pss  : [2897,10010,com.google.android.gms.unstable,8369152,5615616]
01-01 00:00:47.226   865  1073 I am_destroy_activity: [0,238579090,4,com.google.android.gms/com.google.android.location.network.ConfirmAlertActivity,finish-imm]
01-01 00:00:47.233   865  1073 I am_kill : [0,3501,com.mediatek.hetcomm,15,empty #17]
01-01 00:00:47.282   865  1072 I am_proc_died: [0,3501,com.mediatek.hetcomm]
01-01 00:00:47.355   865  1639 I am_proc_start: [0,3934,10046,com.android.gallery3d,broadcast,com.android.gallery3d/.app.PackagesMonitor]
01-01 00:00:47.406   239   239 I sf_frame_dur: [com.google.android.gms/com.google.android.location.network.ConfirmAlertActivity,14,1,0,2,0,1,1]
01-01 00:00:47.412   865   894 I wm_task_removed: [4,removeAppToken: last token]
01-01 00:00:47.412   865   894 I wm_task_removed: [4,removeTask]
01-01 00:00:47.549   865   876 I am_proc_bound: [0,3934,com.android.gallery3d]
01-01 00:00:47.604   865   875 I am_kill : [0,3556,com.mediatek.thermalmanager,15,empty #17]
01-01 00:00:47.657   865  1075 I am_proc_died: [0,3556,com.mediatek.thermalmanager]
01-01 00:00:47.744   865   885 I am_pss  : [2774,10023,com.celltick.lockscreen,29875200,26714112]
01-01 00:00:47.767   865  1639 I am_kill : [0,3568,com.google.android.apps.maps,15,empty #17]
01-01 00:00:47.831   865  1077 I am_proc_died: [0,3568,com.google.android.apps.maps]
01-01 00:00:47.877   865  1072 I am_proc_start: [0,3955,10047,com.google.android.gm,content provider,com.google.android.gm/com.android.exchange.provider.ExchangeDirectoryProvider]
01-01 00:00:48.075   865  1073 I am_proc_bound: [0,3955,com.google.android.gm]
01-01 00:00:48.196  1534  1534 E SmsApplication: com.mediatek.apst.target does not have system signature
01-01 00:00:48.196  1534  1534 E SmsApplication: com.mediatek.ppl does not have system signature
01-01 00:00:48.196  1534  1534 E SmsApplication: com.mediatek.backuprestore does not have system signature
01-01 00:00:48.197  1534  1534 E SmsApplication: com.mediatek.rcs.messageservice does not have system signature
01-01 00:00:48.197  1534  1534 E SmsApplication: com.mediatek.esntrack does not have system signature
01-01 00:00:48.211   865  1075 I am_home_stack_moved: [0,0,1,1,sourceStackToFront]
01-01 00:00:48.211   865  1075 I wm_task_moved: [3,1,0]
01-01 00:00:48.216   865  1075 I am_create_activity: [0,186399361,3,com.google.android.setupwizard/.WizardManager,com.android.wizard.NEXT,NULL,NULL,8388608]
01-01 00:00:48.236   865  1075 I am_pause_activity: [0,26026151,com.google.android.setupwizard/.Welcome]
01-01 00:00:48.237   865  1075 I am_home_stack_moved: [0,0,1,1,startedActivity setFocusedActivity]
01-01 00:00:48.237   865  1075 I wm_task_moved: [3,1,0]
01-01 00:00:48.247   865  1075 I am_focused_activity: [0,com.google.android.setupwizard/.WizardManager]
01-01 00:00:48.369  1651  1651 I am_on_paused_called: [0,com.google.android.setupwizard.Welcome]
01-01 00:00:48.371   865  1076 I am_restart_activity: [0,186399361,3,com.google.android.setupwizard/.WizardManager]
01-01 00:00:48.401  1534  1534 E SmsApplication: com.mediatek.apst.target does not have system signature
01-01 00:00:48.402  1534  1534 E SmsApplication: com.mediatek.ppl does not have system signature
01-01 00:00:48.403  1534  1534 E SmsApplication: com.mediatek.backuprestore does not have system signature
01-01 00:00:48.404  1534  1534 E SmsApplication: com.mediatek.rcs.messageservice does not have system signature
01-01 00:00:48.405  1534  1534 E SmsApplication: com.mediatek.esntrack does not have system signature
01-01 00:00:48.540   865  3981 I am_home_stack_moved: [0,0,1,1,sourceStackToFront]
01-01 00:00:48.540   865  3981 I wm_task_moved: [3,1,0]
01-01 00:00:48.547  1534  1534 E SmsApplication: com.mediatek.apst.target does not have system signature
01-01 00:00:48.547   865  3981 I am_create_activity: [0,238751953,3,com.google.android.setupwizard/.CarrierSetup,com.android.setupwizard.CARRIER_SETUP,NULL,NULL,67108864]
01-01 00:00:48.548   865  3981 I am_pause_activity: [0,186399361,com.google.android.setupwizard/.WizardManager]
01-01 00:00:48.549   865  3981 I am_home_stack_moved: [0,0,1,1,startedActivity setFocusedActivity]
01-01 00:00:48.549   865  3981 I wm_task_moved: [3,1,0]
01-01 00:00:48.550  1534  1534 E SmsApplication: com.mediatek.ppl does not have system signature
01-01 00:00:48.552  1534  1534 E SmsApplication: com.mediatek.backuprestore does not have system signature
01-01 00:00:48.553  1534  1534 E SmsApplication: com.mediatek.rcs.messageservice does not have system signature
01-01 00:00:48.553  1534  1534 E SmsApplication: com.mediatek.esntrack does not have system signature
01-01 00:00:48.555   865  3981 I am_focused_activity: [0,com.google.android.setupwizard/.CarrierSetup]
01-01 00:00:48.562   865  3981 I am_finish_activity: [0,186399361,3,com.google.android.setupwizard/.WizardManager,app-request]
01-01 00:00:48.637   865  1075 I am_restart_activity: [0,238751953,3,com.google.android.setupwizard/.CarrierSetup]
01-01 00:00:48.646   865   889 I am_destroy_activity: [0,186399361,3,com.google.android.setupwizard/.WizardManager,finish-idle]
01-01 00:00:48.837   865  1072 I am_home_stack_moved: [0,0,1,1,sourceStackToFront]
01-01 00:00:48.837   865  1072 I wm_task_moved: [3,1,0]
01-01 00:00:48.838   865  1072 I am_create_activity: [0,117796860,3,com.google.android.setupwizard/.WizardManager,com.android.wizard.NEXT,NULL,NULL,8388608]
01-01 00:00:48.838   865  1072 I am_pause_activity: [0,238751953,com.google.android.setupwizard/.CarrierSetup]
01-01 00:00:48.841   865  1072 I am_home_stack_moved: [0,0,1,1,startedActivity setFocusedActivity]
01-01 00:00:48.841   865  1072 I wm_task_moved: [3,1,0]
01-01 00:00:48.844   865  1072 I am_focused_activity: [0,com.google.android.setupwizard/.WizardManager]
01-01 00:00:48.850   865   875 I am_finish_activity: [0,238751953,3,com.google.android.setupwizard/.CarrierSetup,app-request]
01-01 00:00:49.041   865  1639 I am_restart_activity: [0,117796860,3,com.google.android.setupwizard/.WizardManager]
01-01 00:00:49.108   865   994 I am_home_stack_moved: [0,0,1,1,sourceStackToFront]
01-01 00:00:49.108   865   994 I wm_task_moved: [3,1,0]
01-01 00:00:49.109   865   994 I am_create_activity: [0,116927455,3,com.google.android.setupwizard/.ActivationCheckActivity,com.android.setupwizard.ACTIVATION_CHECK,NULL,NULL,67108864]
01-01 00:00:49.110   865   994 I am_pause_activity: [0,117796860,com.google.android.setupwizard/.WizardManager]
01-01 00:00:49.111   865   994 I am_home_stack_moved: [0,0,1,1,startedActivity setFocusedActivity]
01-01 00:00:49.111   865   994 I wm_task_moved: [3,1,0]
01-01 00:00:49.113   865   994 I am_focused_activity: [0,com.google.android.setupwizard/.ActivationCheckActivity]
01-01 00:00:49.114   865  1076 I am_finish_activity: [0,117796860,3,com.google.android.setupwizard/.WizardManager,app-request]
01-01 00:00:49.135   865  1077 I am_restart_activity: [0,116927455,3,com.google.android.setupwizard/.ActivationCheckActivity]
01-01 00:00:49.330   865   875 I am_home_stack_moved: [0,0,1,1,sourceStackToFront]
01-01 00:00:49.330   865   875 I wm_task_moved: [3,1,0]
01-01 00:00:49.332   865   875 I am_create_activity: [0,171887461,3,com.google.android.setupwizard/.WizardManager,com.android.wizard.NEXT,NULL,NULL,8388608]
01-01 00:00:49.332   865   875 I am_pause_activity: [0,116927455,com.google.android.setupwizard/.ActivationCheckActivity]
01-01 00:00:49.333   865   875 I am_home_stack_moved: [0,0,1,1,startedActivity setFocusedActivity]
01-01 00:00:49.333   865   875 I wm_task_moved: [3,1,0]
01-01 00:00:49.336   865   875 I am_focused_activity: [0,com.google.android.setupwizard/.WizardManager]
01-01 00:00:49.337   865  1075 I am_finish_activity: [0,116927455,3,com.google.android.setupwizard/.ActivationCheckActivity,app-request]
01-01 00:00:49.342   865  3981 I am_restart_activity: [0,171887461,3,com.google.android.setupwizard/.WizardManager]
01-01 00:00:49.407   865  3979 I am_home_stack_moved: [0,0,1,1,sourceStackToFront]
01-01 00:00:49.408   865  3979 I wm_task_moved: [3,1,0]
01-01 00:00:49.409   865  3979 I am_create_activity: [0,156923398,3,com.google.android.setupwizard/.SimSetupActivity,com.android.setupwizard.SIM_SETUP,NULL,NULL,67108864]
01-01 00:00:49.410   865  3979 I am_pause_activity: [0,171887461,com.google.android.setupwizard/.WizardManager]
01-01 00:00:49.411   865  3979 I am_home_stack_moved: [0,0,1,1,startedActivity setFocusedActivity]
01-01 00:00:49.411   865  3979 I wm_task_moved: [3,1,0]
01-01 00:00:49.413   865  3979 I am_focused_activity: [0,com.google.android.setupwizard/.SimSetupActivity]
01-01 00:00:49.414   865  1075 I am_finish_activity: [0,171887461,3,com.google.android.setupwizard/.WizardManager,app-request]
01-01 00:00:49.419   865  1639 I am_restart_activity: [0,156923398,3,com.google.android.setupwizard/.SimSetupActivity]
01-01 00:00:49.423   865   889 I am_destroy_activity: [0,238751953,3,com.google.android.setupwizard/.CarrierSetup,finish-idle]
01-01 00:00:49.424   865   889 I am_destroy_activity: [0,117796860,3,com.google.android.setupwizard/.WizardManager,finish-idle]
01-01 00:00:49.424   865   889 I am_destroy_activity: [0,116927455,3,com.google.android.setupwizard/.ActivationCheckActivity,finish-idle]
01-01 00:00:49.424   865   889 I am_destroy_activity: [0,171887461,3,com.google.android.setupwizard/.WizardManager,finish-idle]
01-01 00:00:49.531   865  1077 I am_home_stack_moved: [0,0,1,1,sourceStackToFront]
01-01 00:00:49.531   865  1077 I wm_task_moved: [3,1,0]
01-01 00:00:49.532   865  1077 I am_create_activity: [0,259038786,3,com.google.android.setupwizard/.WizardManager,com.android.wizard.NEXT,NULL,NULL,8388608]
01-01 00:00:49.533   865  1077 I am_pause_activity: [0,156923398,com.google.android.setupwizard/.SimSetupActivity]
01-01 00:00:49.534   865  1077 I am_home_stack_moved: [0,0,1,1,startedActivity setFocusedActivity]
01-01 00:00:49.534   865  1077 I wm_task_moved: [3,1,0]
01-01 00:00:49.538   865  1077 I am_focused_activity: [0,com.google.android.setupwizard/.WizardManager]
01-01 00:00:49.539   865  2545 I am_finish_activity: [0,156923398,3,com.google.android.setupwizard/.SimSetupActivity,app-request]
01-01 00:00:49.546   865  1639 I am_restart_activity: [0,259038786,3,com.google.android.setupwizard/.WizardManager]
01-01 00:00:49.556   865   875 I am_home_stack_moved: [0,0,1,1,sourceStackToFront]
01-01 00:00:49.558   865   875 I wm_task_moved: [3,1,0]
01-01 00:00:49.561   865   875 I am_create_activity: [0,216947854,3,com.google.android.setupwizard/.WizardManager,com.android.wizard.NEXT,NULL,NULL,8388608]
01-01 00:00:49.561   865   875 I am_pause_activity: [0,259038786,com.google.android.setupwizard/.WizardManager]
01-01 00:00:49.562   865   875 I am_home_stack_moved: [0,0,1,1,startedActivity setFocusedActivity]
01-01 00:00:49.562   865   875 I wm_task_moved: [3,1,0]
01-01 00:00:49.565   865   875 I am_focused_activity: [0,com.google.android.setupwizard/.WizardManager]
01-01 00:00:49.578   865  1073 I am_home_stack_moved: [0,0,1,1,intentActivityFound]
01-01 00:00:49.578   865  1073 I wm_task_moved: [3,1,0]
01-01 00:00:49.580   865  1073 I am_home_stack_moved: [0,0,1,1,sourceStackToFront]
01-01 00:00:49.580   865  1073 I wm_task_moved: [3,1,0]
01-01 00:00:49.582   865  1073 I am_create_activity: [0,51212134,3,com.google.android.setupwizard/.ProgressActivity,com.google.android.setupwizard.PROGRESS,NULL,NULL,335544320]
01-01 00:00:49.583   865  1073 I am_home_stack_moved: [0,0,1,1,startedActivity setFocusedActivity]
01-01 00:00:49.583   865  1073 I wm_task_moved: [3,1,0]
01-01 00:00:49.587   865  1073 I am_focused_activity: [0,com.google.android.setupwizard/.ProgressActivity]
01-01 00:00:49.588   865   875 I am_finish_activity: [0,259038786,3,com.google.android.setupwizard/.WizardManager,app-request]
01-01 00:00:49.597   865  1078 I am_restart_activity: [0,51212134,3,com.google.android.setupwizard/.ProgressActivity]
01-01 00:00:49.604   865   889 I am_destroy_activity: [0,156923398,3,com.google.android.setupwizard/.SimSetupActivity,finish-idle]
01-01 00:00:49.604   865   889 I am_destroy_activity: [0,259038786,3,com.google.android.setupwizard/.WizardManager,finish-idle]
01-01 00:00:49.680   865  2545 I am_home_stack_moved: [0,0,1,1,sourceStackToFront]
01-01 00:00:49.680   865  2545 I wm_task_moved: [3,1,0]
01-01 00:00:49.681   865  2545 I am_create_activity: [0,146022592,3,com.google.android.setupwizard/.WizardManager,com.android.wizard.NEXT,NULL,NULL,8388608]
01-01 00:00:49.682   865  2545 I am_pause_activity: [0,51212134,com.google.android.setupwizard/.ProgressActivity]
01-01 00:00:49.683   865  2545 I am_home_stack_moved: [0,0,1,1,startedActivity setFocusedActivity]
01-01 00:00:49.683   865  2545 I wm_task_moved: [3,1,0]
01-01 00:00:49.685   865  2545 I am_focused_activity: [0,com.google.android.setupwizard/.WizardManager]
01-01 00:00:49.686   865   875 I am_finish_activity: [0,51212134,3,com.google.android.setupwizard/.ProgressActivity,app-request]
01-01 00:00:49.702   865  1075 I am_restart_activity: [0,146022592,3,com.google.android.setupwizard/.WizardManager]
01-01 00:00:49.722   865   875 I am_home_stack_moved: [0,0,1,1,sourceStackToFront]
01-01 00:00:49.722   865   875 I wm_task_moved: [3,1,0]
01-01 00:00:49.725   865   875 I am_create_activity: [0,70012831,3,com.google.android.setupwizard/.CarrierSetup,com.android.setupwizard.CARRIER_SETUP,NULL,NULL,67108864]
01-01 00:00:49.726   865   875 I am_pause_activity: [0,146022592,com.google.android.setupwizard/.WizardManager]
01-01 00:00:49.728   865   875 I am_home_stack_moved: [0,0,1,1,startedActivity setFocusedActivity]
01-01 00:00:49.728   865   875 I wm_task_moved: [3,1,0]
01-01 00:00:49.731   865   875 I am_focused_activity: [0,com.google.android.setupwizard/.CarrierSetup]
01-01 00:00:49.732   865   994 I am_finish_activity: [0,216947854,3,com.google.android.setupwizard/.WizardManager,app-request]
01-01 00:00:49.733   865   994 I am_destroy_activity: [0,216947854,3,com.google.android.setupwizard/.WizardManager,finish-imm]
01-01 00:00:49.745   865  1075 I am_home_stack_moved: [0,0,1,1,sourceStackToFront]
01-01 00:00:49.745   865  1075 I wm_task_moved: [3,1,0]
01-01 00:00:49.747   865  1075 I am_create_activity: [0,91502410,3,com.google.android.setupwizard/.WifiSettingsWrapper,com.android.setupwizard.WIFI_SETTINGS,NULL,NULL,67108864]
01-01 00:00:49.747   865  1075 I am_home_stack_moved: [0,0,1,1,startedActivity setFocusedActivity]
01-01 00:00:49.748   865  1075 I wm_task_moved: [3,1,0]
01-01 00:00:49.751   865  1075 I am_focused_activity: [0,com.google.android.setupwizard/.WifiSettingsWrapper]
01-01 00:00:49.751   865  3979 I am_finish_activity: [0,146022592,3,com.google.android.setupwizard/.WizardManager,app-request]
01-01 00:00:49.755   865  2545 I am_restart_activity: [0,91502410,3,com.google.android.setupwizard/.WifiSettingsWrapper]
01-01 00:00:49.759   865   889 I am_destroy_activity: [0,51212134,3,com.google.android.setupwizard/.ProgressActivity,finish-idle]
01-01 00:00:49.759   865   889 I am_destroy_activity: [0,146022592,3,com.google.android.setupwizard/.WizardManager,finish-idle]
01-01 00:00:49.791   865   876 I am_home_stack_moved: [0,0,1,1,sourceStackToFront]
01-01 00:00:49.793   865   876 I wm_task_moved: [3,1,0]
01-01 00:00:49.795   865   876 I am_create_activity: [0,166434609,3,com.android.settings/.wifi.WifiSetupActivity,com.android.net.wifi.SETUP_WIFI_NETWORK,NULL,NULL,0]
01-01 00:00:49.796   865   876 I am_pause_activity: [0,91502410,com.google.android.setupwizard/.WifiSettingsWrapper]
01-01 00:00:49.801   865   876 I am_home_stack_moved: [0,0,1,1,startedActivity setFocusedActivity]
01-01 00:00:49.802   865   876 I wm_task_moved: [3,1,0]
01-01 00:00:49.805   865   876 I am_focused_activity: [0,com.android.settings/.wifi.WifiSetupActivity]
01-01 00:00:49.825  1651  1651 I am_on_resume_called: [0,com.google.android.setupwizard.WifiSettingsWrapper]
01-01 00:00:49.828  1651  1651 I am_on_paused_called: [0,com.google.android.setupwizard.WifiSettingsWrapper]
01-01 00:00:49.833   865  1075 I am_restart_activity: [0,166434609,3,com.android.settings/.wifi.WifiSetupActivity]
01-01 00:00:50.296  3833  3833 I sysui_view_visibility: [103,100]
01-01 00:00:50.310  3833  3833 I am_on_resume_called: [0,com.android.settings.wifi.WifiSetupActivity]
01-01 00:00:50.531   865  3981 I am_proc_start: [0,4045,10006,com.android.dialer,broadcast,com.android.dialer/com.mediatek.dialer.calllog.PhoneAccountChangedReceiver]
01-01 00:00:50.589  1534  1534 E PHONE   : [ServiceState] setState deprecated use setVoiceRegState()
01-01 00:00:50.624   865   894 I am_activity_launch_time: [0,166434609,com.android.settings/.wifi.WifiSetupActivity,795,2254]
01-01 00:00:50.706   865  1639 I am_proc_bound: [0,4045,com.android.dialer]
01-01 00:00:50.900   865  1076 I am_proc_start: [0,4063,10002,com.android.contacts,broadcast,com.android.contacts/com.mediatek.contacts.simcontact.BootCmpReceiver]
01-01 00:00:50.935   239   239 I sf_frame_dur: [com.google.android.setupwizard/com.google.android.setupwizard.Welcome,83,5,2,1,2,1,3]
01-01 00:00:51.097   865  1077 I am_proc_bound: [0,4063,com.android.contacts]
01-01 00:00:51.197   865   876 I notification_cancel_all: [10002,4063,com.android.contacts,0,0,64,9,NULL]
01-01 00:00:51.644   865   885 I am_pss  : [3229,10018,com.android.mms,5771264,4374528]
01-01 00:00:51.990   865  3979 I am_proc_start: [0,4085,10040,com.android.deskclock,broadcast,com.android.deskclock/com.android.alarmclock.DigitalAppWidgetProvider]
01-01 00:00:52.168   865  1072 I am_proc_bound: [0,4085,com.android.deskclock]
01-01 00:00:52.264   865  1072 I am_kill : [0,3600,com.google.android.gms.feedback,15,empty #17]
01-01 00:00:52.365   865  3981 I am_proc_died: [0,3600,com.google.android.gms.feedback]
01-01 00:00:52.369   865   876 I am_kill : [0,3614,com.mediatek.omacp,15,empty #17]
01-01 00:00:52.476   865   875 I am_proc_died: [0,3614,com.mediatek.omacp]
01-01 00:00:53.124   865  1076 I notification_expansion: [-1|android|17040359|null|1000,0,1,179,78,0]
01-01 00:00:53.408   865  1076 I am_kill : [0,3670,com.google.android.videos,15,empty #17]
01-01 00:00:53.543   865  1639 I am_proc_died: [0,3670,com.google.android.videos]
01-01 00:00:54.084   865   885 I am_pss  : [3352,10034,com.google.android.calendar,6182912,4767744]
01-01 00:00:54.419   865   865 I free_storage_changed: 3635609600
01-01 00:00:54.795   865  3981 I am_proc_start: [0,4138,10001,com.android.providers.calendar,broadcast,com.android.providers.calendar/.CalendarProviderBroadcastReceiver]
01-01 00:00:55.056   865  2545 I am_proc_bound: [0,4138,com.android.providers.calendar]
01-01 00:00:55.173   865  1078 I am_kill : [0,3717,com.google.android.youtube,15,empty #17]
01-01 00:00:55.256   865  1073 I am_proc_died: [0,3717,com.google.android.youtube]
01-01 00:00:55.627   865   876 I am_proc_start: [0,4152,10072,com.google.android.youtube,service,com.google.android.youtube/com.google.android.libraries.youtube.common.gcore.gcoreclient.gcm.impl.GcmTaskServiceDelegator]
01-01 00:00:55.764   865   875 I am_proc_bound: [0,4152,com.google.android.youtube]
01-01 00:00:57.122   865   885 I am_pss  : [1751,10007,android.process.media,8246272,6524928]
01-01 00:00:58.283   865   885 I am_pss  : [3470,10051,com.google.android.talk,17202176,14589952]
01-01 00:00:58.963   865   875 I am_proc_start: [0,4256,10061,com.google.android.music:main,broadcast,com.google.android.music/.autocache.AutoCacheSchedulingService$EnablingReceiver]
01-01 00:00:59.272   865  1073 I am_proc_bound: [0,4256,com.google.android.music:main]
01-01 00:00:59.289  1534  1534 E SmsApplication: com.mediatek.apst.target does not have system signature
01-01 00:00:59.290  1534  1534 E SmsApplication: com.mediatek.ppl does not have system signature
01-01 00:00:59.291  1534  1534 E SmsApplication: com.mediatek.backuprestore does not have system signature
01-01 00:00:59.292  1534  1534 E SmsApplication: com.mediatek.rcs.messageservice does not have system signature
01-01 00:00:59.292  1534  1534 E SmsApplication: com.mediatek.esntrack does not have system signature
01-01 00:00:59.327  1534  1534 E SmsApplication: com.mediatek.apst.target does not have system signature
01-01 00:00:59.328  1534  1534 E SmsApplication: com.mediatek.ppl does not have system signature
01-01 00:00:59.328  1534  1534 E SmsApplication: com.mediatek.backuprestore does not have system signature
01-01 00:00:59.329  1534  1534 E SmsApplication: com.mediatek.rcs.messageservice does not have system signature
01-01 00:00:59.329  1534  1534 E SmsApplication: com.mediatek.esntrack does not have system signature
01-01 00:00:59.375  1534  1534 E SmsApplication: com.mediatek.apst.target does not have system signature
01-01 00:00:59.375  1534  1534 E SmsApplication: com.mediatek.ppl does not have system signature
01-01 00:00:59.376  1534  1534 E SmsApplication: com.mediatek.backuprestore does not have system signature
01-01 00:00:59.376  1534  1534 E SmsApplication: com.mediatek.rcs.messageservice does not have system signature
01-01 00:00:59.376  1534  1534 E SmsApplication: com.mediatek.esntrack does not have system signature
01-01 00:00:59.979   865   885 I am_pss  : [3833,1000,com.android.settings,43136000,39970816]
01-01 00:01:00.420  1554  1625 I force_gc: Binder
01-01 00:01:01.329   865  1639 I am_kill : [0,3407,com.mediatek.engineermode,15,empty #17]
01-01 00:01:01.390   865   875 I am_proc_died: [0,3407,com.mediatek.engineermode]
01-01 00:01:01.551  1861  1861 I [70220] : 1057
01-01 00:01:01.552  1861  1861 I [70220] : 819330
01-01 00:01:01.703   865  1078 I am_proc_start: [0,4300,10029,com.adups.fota,broadcast,com.adups.fota/.MyReceiver]
01-01 00:01:01.897   865  1077 I am_proc_bound: [0,4300,com.adups.fota]
01-01 00:01:02.159   865  1075 I am_proc_start: [0,4321,1000,com.adups.fota.sysoper,content provider,com.adups.fota.sysoper/.provider.InfoProvider]
01-01 00:01:02.230   865  3979 I am_proc_start: [0,4333,10043,com.mediatek.providers.drm,broadcast,com.mediatek.providers.drm/.ConnectionChangeReceiver]
01-01 00:01:02.330   865  1073 I am_proc_bound: [0,4321,com.adups.fota.sysoper]
01-01 00:01:02.375   865  1639 I am_proc_bound: [0,4333,com.mediatek.providers.drm]
01-01 00:01:02.567   865  1073 I am_kill : [0,3520,com.google.android.keep,15,empty #17]
01-01 00:01:02.657   865   994 I am_proc_died: [0,3520,com.google.android.keep]
01-01 00:01:03.112   865  1073 I am_proc_start: [0,4380,10060,com.android.browser,broadcast,com.android.browser/.ChangeSearchEngineReceiver]
01-01 00:01:03.257   865  1077 I am_proc_bound: [0,4380,com.android.browser]
01-01 00:01:03.411   865   876 I am_kill : [0,1914,com.google.android.gms.ui,15,empty #17]
01-01 00:01:03.542   865  1073 I am_proc_died: [0,1914,com.google.android.gms.ui]
01-01 00:01:03.753   865  1076 I am_proc_start: [0,4398,10053,com.google.android.keep,service,com.google.android.keep/.service.CleanupService]
01-01 00:01:03.929   865  2545 I am_proc_bound: [0,4398,com.google.android.keep]
01-01 00:01:04.099   865   994 I am_kill : [0,3955,com.google.android.gm,15,empty #17]
01-01 00:01:04.152   865  1073 I am_proc_died: [0,3955,com.google.android.gm]
01-01 00:01:04.578   865  3981 I am_kill : [0,4063,com.android.contacts,15,empty #17]
01-01 00:01:04.658   865  1077 I am_proc_died: [0,4063,com.android.contacts]
01-01 00:01:05.169  1861  4424 I system_update: [1024,0,0,NULL]
01-01 00:01:06.106   865  2545 I am_proc_start: [0,4436,10047,com.google.android.gm,content provider,com.google.android.gm/com.android.exchange.provider.ExchangeDirectoryProvider]
01-01 00:01:06.260   865  1076 I am_proc_bound: [0,4436,com.google.android.gm]
01-01 00:01:06.266   865  1076 I am_kill : [0,3352,com.google.android.calendar,15,empty #17]
01-01 00:01:06.346   865  1073 I am_proc_died: [0,3352,com.google.android.calendar]
01-01 00:01:07.190   865  1077 I am_proc_start: [0,4475,10051,com.google.android.talk:matchstick,broadcast,com.google.android.talk/com.google.android.libraries.matchstick.net.MatchstickInProcessReceiver]
01-01 00:01:07.345   865   876 I am_proc_bound: [0,4475,com.google.android.talk:matchstick]
01-01 00:01:07.581  3833  3833 I sysui_action: [135,]
01-01 00:01:07.597   865   943 E WiFiServiceImpl : SAVE nid=0 uid=1000 name=android.uid.system:1000
01-01 00:01:07.602   865   943 E WiFiServiceImpl : CONNECT  nid=-1 uid=1000 name=android.uid.system:1000
01-01 00:01:07.684   865   865 I notification_canceled: [-1|android|17040359|null|1000,8,14739,8700,0]
01-01 00:01:07.884   239   239 I sf_frame_dur: [ANONYMOUS,0,1,2,8,16,8,0]
01-01 00:01:08.045   239   239 I sf_frame_dur: [InputMethod,11,5,17,4,4,3,0]
01-01 00:01:08.673   865   885 I am_pss  : [3711,10019,com.android.vending,9267200,7929856]
01-01 00:01:09.283   865   944 I netstats_mobile_sample: [529,1,9210,142,529,1,9210,142,529,1,9210,142,-1]
01-01 00:01:09.283   865   944 I netstats_wifi_sample: [0,0,0,0,0,0,0,0,0,0,0,0,-1]
01-01 00:01:09.297   865   944 I netstats_mobile_sample: [529,1,9210,142,529,1,9210,142,529,1,9210,142,-1]
01-01 00:01:09.297   865   944 I netstats_wifi_sample: [0,0,0,0,0,0,0,0,0,0,0,0,-1]
01-01 00:01:09.536   865   944 I netstats_mobile_sample: [529,1,9348,144,529,1,9348,144,529,1,9348,144,-1]
01-01 00:01:09.537   865   944 I netstats_wifi_sample: [112,2,112,2,56,1,56,1,56,1,56,1,-1]
01-01 00:01:09.561   865  2545 I am_kill : [0,4085,com.android.deskclock,15,empty #17]
01-01 00:01:09.614   865  1072 I am_proc_died: [0,4085,com.android.deskclock]
01-01 00:01:09.651   865   994 I am_finish_activity: [0,166434609,3,com.android.settings/.wifi.WifiSetupActivity,app-request]
01-01 00:01:09.652   865   994 I am_home_stack_moved: [0,0,1,1,finishActivity adjustFocus setFocusedActivity]
01-01 00:01:09.652   865   994 I wm_task_moved: [3,1,0]
01-01 00:01:09.656   865   994 I am_focused_activity: [0,com.google.android.setupwizard/.WifiSettingsWrapper]
01-01 00:01:09.657   865   994 I am_pause_activity: [0,166434609,com.android.settings/.wifi.WifiSetupActivity]
01-01 00:01:09.665  1534  1534 E PHONE   : [ServiceState] setState deprecated use setVoiceRegState()
01-01 00:01:09.675  1534  1534 I gsm_rat_switched_new: [5535938,15,11]
01-01 00:01:09.718  3833  3833 I sysui_view_visibility: [103,0]
01-01 00:01:09.729  3833  3833 I am_on_paused_called: [0,com.android.settings.wifi.WifiSetupActivity]
01-01 00:01:09.743   865   875 I am_resume_activity: [0,91502410,3,com.google.android.setupwizard/.WifiSettingsWrapper]
01-01 00:01:09.898  1534  1534 E PhoneBase: Error! unregisterForCallWaiting() in PhoneBase should not be called, CDMAPhone inactive.
01-01 00:01:09.926   865  1073 I am_home_stack_moved: [0,0,1,1,sourceStackToFront]
01-01 00:01:09.926   865  1073 I wm_task_moved: [3,1,0]
01-01 00:01:09.945   865  1073 I am_create_activity: [0,188134204,3,com.google.android.setupwizard/.WizardManager,com.android.wizard.NEXT,NULL,NULL,8388608]
01-01 00:01:09.947   865  1073 I am_pause_activity: [0,91502410,com.google.android.setupwizard/.WifiSettingsWrapper]
01-01 00:01:09.948   865  1073 I am_home_stack_moved: [0,0,1,1,startedActivity setFocusedActivity]
01-01 00:01:09.949   865  1073 I wm_task_moved: [3,1,0]
01-01 00:01:09.957   865  1073 I am_focused_activity: [0,com.google.android.setupwizard/.WizardManager]
01-01 00:01:09.972  1651  1651 I am_on_resume_called: [0,com.google.android.setupwizard.WifiSettingsWrapper]
01-01 00:01:10.003  1651  1651 I am_on_paused_called: [0,com.google.android.setupwizard.WifiSettingsWrapper]
01-01 00:01:10.007   865   876 I am_restart_activity: [0,188134204,3,com.google.android.setupwizard/.WizardManager]
01-01 00:01:10.028   865   876 I am_kill : [0,3650,com.mediatek.schpwronoff,15,empty #17]
01-01 00:01:10.078  1534  1534 E PhoneBase: Error! registerForCallWaiting() in PhoneBase should not be called, CDMAPhone inactive.
01-01 00:01:10.078  1534  1534 E PhoneBase: registerForVoiceCallIncomingIndication
01-01 00:01:10.121   865  1076 I am_proc_died: [0,3650,com.mediatek.schpwronoff]
01-01 00:01:10.133   865   876 I am_home_stack_moved: [0,0,1,1,sourceStackToFront]
01-01 00:01:10.133   865   876 I wm_task_moved: [3,1,0]
01-01 00:01:10.137   865   876 I am_create_activity: [0,48628767,3,com.google.android.setupwizard/.ConnectionCheckActivity,com.android.setupwizard.CONNECTION_CHECK,NULL,NULL,67108864]
01-01 00:01:10.138   865   876 I am_pause_activity: [0,188134204,com.google.android.setupwizard/.WizardManager]
01-01 00:01:10.140   865   876 I am_home_stack_moved: [0,0,1,1,startedActivity setFocusedActivity]
01-01 00:01:10.140   865   876 I wm_task_moved: [3,1,0]
01-01 00:01:10.145   865   876 I am_focused_activity: [0,com.google.android.setupwizard/.ConnectionCheckActivity]
01-01 00:01:10.145   865  1072 I am_finish_activity: [0,188134204,3,com.google.android.setupwizard/.WizardManager,app-request]
01-01 00:01:10.153  1534  1534 E DATA    : Unidentified event msg={ when=-359ms what=270340 obj=android.os.AsyncResult@6c4ea52 target=com.android.internal.telephony.dataconnection.DcTracker obj=android.os.AsyncResult@6c4ea52 }
01-01 00:01:10.215   865   875 I am_restart_activity: [0,48628767,3,com.google.android.setupwizard/.ConnectionCheckActivity]
01-01 00:01:10.253   865   875 I am_home_stack_moved: [0,0,1,1,sourceStackToFront]
01-01 00:01:10.253   865   875 I wm_task_moved: [3,1,0]
01-01 00:01:10.255   865   875 I am_create_activity: [0,30332362,3,com.google.android.setupwizard/.WizardManager,com.android.wizard.NEXT,NULL,NULL,8388608]
01-01 00:01:10.255   865   875 I am_pause_activity: [0,48628767,com.google.android.setupwizard/.ConnectionCheckActivity]
01-01 00:01:10.257   865   875 I am_home_stack_moved: [0,0,1,1,startedActivity setFocusedActivity]
01-01 00:01:10.257   865   875 I wm_task_moved: [3,1,0]
01-01 00:01:10.260   865   875 I am_focused_activity: [0,com.google.android.setupwizard/.WizardManager]
01-01 00:01:10.261   865  3979 I am_finish_activity: [0,48628767,3,com.google.android.setupwizard/.ConnectionCheckActivity,app-request]
01-01 00:01:10.272   865  3981 I am_restart_activity: [0,30332362,3,com.google.android.setupwizard/.WizardManager]
01-01 00:01:10.291   865  2545 I am_home_stack_moved: [0,0,1,1,sourceStackToFront]
01-01 00:01:10.293   865  2545 I wm_task_moved: [3,1,0]
01-01 00:01:10.295   865  2545 I am_create_activity: [0,115582897,3,com.google.android.setupwizard/.WalledGardenActivity,com.android.setupwizard.WALLED_GARDEN,NULL,NULL,67108864]
01-01 00:01:10.295   865  2545 I am_pause_activity: [0,30332362,com.google.android.setupwizard/.WizardManager]
01-01 00:01:10.296   865  2545 I am_home_stack_moved: [0,0,1,1,startedActivity setFocusedActivity]
01-01 00:01:10.297   865  2545 I wm_task_moved: [3,1,0]
01-01 00:01:10.299   865  2545 I am_focused_activity: [0,com.google.android.setupwizard/.WalledGardenActivity]
01-01 00:01:10.302   865  1078 I am_finish_activity: [0,30332362,3,com.google.android.setupwizard/.WizardManager,app-request]
01-01 00:01:10.308   865  1075 I am_restart_activity: [0,115582897,3,com.google.android.setupwizard/.WalledGardenActivity]
01-01 00:01:10.313   865   889 I am_destroy_activity: [0,188134204,3,com.google.android.setupwizard/.WizardManager,finish-idle]
01-01 00:01:10.314   865   889 I am_destroy_activity: [0,48628767,3,com.google.android.setupwizard/.ConnectionCheckActivity,finish-idle]
01-01 00:01:10.314   865   889 I am_destroy_activity: [0,30332362,3,com.google.android.setupwizard/.WizardManager,finish-idle]
01-01 00:01:10.387  1651  1651 I am_on_resume_called: [0,com.google.android.setupwizard.WalledGardenActivity]
01-01 00:01:10.516  1534  1534 E PHONE   : [ServiceState] setState deprecated use setVoiceRegState()
01-01 00:01:10.523  1534  1534 I gsm_rat_switched_new: [5535938,11,15]
01-01 00:01:10.546   865   894 I am_activity_launch_time: [0,115582897,com.google.android.setupwizard/.WalledGardenActivity,239,540]
01-01 00:01:10.604  1534  1534 E PhoneBase: Error! unregisterForCallWaiting() in PhoneBase should not be called, CDMAPhone inactive.
01-01 00:01:10.607   239   239 I sf_frame_dur: [com.google.android.setupwizard/com.google.android.setupwizard.WifiSettingsWrapper,2,2,2,0,0,0,0]
01-01 00:01:10.637  1534  1534 E PhoneBase: Error! registerForCallWaiting() in PhoneBase should not be called, CDMAPhone inactive.
01-01 00:01:10.638  1534  1534 E PhoneBase: registerForVoiceCallIncomingIndication
01-01 00:01:10.716  1534  1534 E PHONE   : [ServiceState] setState deprecated use setVoiceRegState()
01-01 00:01:10.719  1534  1534 I gsm_rat_switched_new: [5536089,15,11]
01-01 00:01:10.776  1534  1534 E PhoneBase: Error! unregisterForCallWaiting() in PhoneBase should not be called, CDMAPhone inactive.
01-01 00:01:10.794  1534  1534 E PhoneBase: Error! registerForCallWaiting() in PhoneBase should not be called, CDMAPhone inactive.
01-01 00:01:10.795  1534  1534 E PhoneBase: registerForVoiceCallIncomingIndication
01-01 00:01:10.869   239   239 I sf_frame_dur: [com.android.settings/com.android.settings.wifi.WifiSetupActivity,0,0,0,1,0,0,0]
01-01 00:01:11.055   239   239 I sf_frame_dur: [com.android.settings/com.android.settings.wifi.WifiSetupActivity,60,11,4,2,3,1,2]
01-01 00:01:11.096   865   889 I am_destroy_activity: [0,166434609,3,com.android.settings/.wifi.WifiSetupActivity,finish-imm]
01-01 00:01:11.104   865   889 I am_kill : [0,3858,com.google.android.partnersetup,15,empty #17]
01-01 00:01:11.186   865   876 I am_proc_died: [0,3858,com.google.android.partnersetup]
01-01 00:01:11.246  3833  3833 E ActivityThread: Activity com.android.settings.wifi.WifiSetupActivity has leaked IntentReceiver android.net.wifi.WifiManager$1@11eda0c that was originally registered here. Are you missing a call to unregisterReceiver()?
01-01 00:01:11.246  3833  3833 E ActivityThread: android.app.IntentReceiverLeaked: Activity com.android.settings.wifi.WifiSetupActivity has leaked IntentReceiver android.net.wifi.WifiManager$1@11eda0c that was originally registered here. Are you missing a call to unregisterReceiver()?
01-01 00:01:11.246  3833  3833 E ActivityThread: 	at android.app.LoadedApk$ReceiverDispatcher.<init>(LoadedApk.java:959)
01-01 00:01:11.246  3833  3833 E ActivityThread: 	at android.app.LoadedApk.getReceiverDispatcher(LoadedApk.java:728)
01-01 00:01:11.246  3833  3833 E ActivityThread: 	at android.app.ContextImpl.registerReceiverInternal(ContextImpl.java:1177)
01-01 00:01:11.246  3833  3833 E ActivityThread: 	at android.app.ContextImpl.registerReceiver(ContextImpl.java:1157)
01-01 00:01:11.246  3833  3833 E ActivityThread: 	at android.app.ContextImpl.registerReceiver(ContextImpl.java:1151)
01-01 00:01:11.246  3833  3833 E ActivityThread: 	at android.content.ContextWrapper.registerReceiver(ContextWrapper.java:554)
01-01 00:01:11.246  3833  3833 E ActivityThread: 	at android.net.wifi.WifiManager.init(WifiManager.java:2266)
01-01 00:01:11.246  3833  3833 E ActivityThread: 	at android.net.wifi.WifiManager.<init>(WifiManager.java:750)
01-01 00:01:11.246  3833  3833 E ActivityThread: 	at android.app.SystemServiceRegistry$45.createService(SystemServiceRegistry.java:555)
01-01 00:01:11.246  3833  3833 E ActivityThread: 	at android.app.SystemServiceRegistry$45.createService(SystemServiceRegistry.java:552)
01-01 00:01:11.246  3833  3833 E ActivityThread: 	at android.app.SystemServiceRegistry$CachedServiceFetcher.getService(SystemServiceRegistry.java:883)
01-01 00:01:11.246  3833  3833 E ActivityThread: 	at android.app.SystemServiceRegistry.getSystemService(SystemServiceRegistry.java:836)
01-01 00:01:11.246  3833  3833 E ActivityThread: 	at android.app.ContextImpl.getSystemService(ContextImpl.java:1370)
01-01 00:01:11.246  3833  3833 E ActivityThread: 	at android.view.ContextThemeWrapper.getSystemService(ContextThemeWrapper.java:123)
01-01 00:01:11.246  3833  3833 E ActivityThread: 	at android.app.Activity.getSystemService(Activity.java:5439)
01-01 00:01:11.246  3833  3833 E ActivityThread: 	at com.android.settingslib.wifi.WifiTracker.<init>(WifiTracker.java:115)
