01-23 18:39:41.305   749   796 W PackageManager: Not granting permission android.permission.CAMERA to package com.finalwire.aida64 because it was previously installed without
01-23 18:39:41.315   749   796 W PackageManager: Not granting permission android.permission.INTERACT_ACROSS_USERS to package com.google.android.syncadapters.contacts (protectionLevel=50 flags=0x38883e45)
01-23 18:39:41.320   749   796 W PackageManager: Unknown permission com.cyanogen.ambient.permission.BIND_INCALL_SERVICE in package com.android.dialer
01-23 18:39:41.320   749   796 W PackageManager: Unknown permission com.cyanogen.ambient.permission.PLUGIN_STATUS_CHANGED in package com.android.dialer
01-23 18:39:41.320   749   796 W PackageManager: Unknown permission com.cyanogen.ambient.permission.PUBLISH_DISCOVERY_NUDGE in package com.android.dialer
01-23 18:39:41.320   749   796 W PackageManager: Unknown permission com.cyanogen.ambient.permission.BIND_DEEPLINK_SERVICE in package com.android.dialer
01-23 18:39:41.320   749   796 W PackageManager: Unknown permission com.cyanogen.ambient.permission.READ_DEEPLINK_DATABASE in package com.android.dialer
01-23 18:39:41.321   749   796 W PackageManager: Unknown permission com.cyanogen.ambient.permission.BIND_CALLER_INFO in package com.android.dialer
01-23 18:39:41.324   749   796 W PackageManager: Unknown permission com.android.launcher.permission.READ_SETTINGS in package com.cyanogenmod.trebuchet
01-23 18:39:41.324   749   796 W PackageManager: Unknown permission com.android.launcher.permission.WRITE_SETTINGS in package com.cyanogenmod.trebuchet
01-23 18:39:41.324   749   796 W PackageManager: Unknown permission com.cyngn.stats.SEND_ANALYTICS in package com.cyanogenmod.trebuchet
01-23 18:39:41.325   749   796 W PackageManager: Unknown permission android.permission.MANAGE_SOUND_TRIGGER in package com.google.android.gms
01-23 18:39:41.328   749   796 W PackageManager: Unknown permission com.google.android.apps.enterprise.dmagent.permission.AutoSyncPermission in package com.google.android.gms
01-23 18:39:41.329   749   796 W PackageManager: Unknown permission android.permission.CONNECTIVITY_USE_RESTRICTED_NETWORKS in package com.google.android.gms
01-23 18:39:41.329   749   796 W PackageManager: Unknown permission android.permission.SEND_SMS_NO_CONFIRMATION in package com.google.android.gms
01-23 18:39:41.331   749   796 W PackageManager: Unknown permission com.google.android.googlequicksearchbox.permission.PAUSE_HOTWORD in package com.google.android.gms
01-23 18:39:41.331   749   796 W PackageManager: Unknown permission android.permission.TETHER_PRIVILEGED in package com.google.android.gms
01-23 18:39:41.332   749   796 W PackageManager: Unknown permission com.google.android.hangouts.START_HANGOUT in package com.google.android.gms
01-23 18:39:41.333   749   796 W PackageManager: Unknown permission android.permission.READ_OEM_UNLOCK_STATE in package com.google.android.gms
01-23 18:39:41.334   749   796 W PackageManager: Unknown permission com.google.android.wearable.READ_SETTINGS in package com.google.android.gms
01-23 18:39:41.335   749   796 W PackageManager: Unknown permission android.permission.SUBSTITUTE_NOTIFICATION_APP_NAME in package com.google.android.gms
01-23 18:39:41.337   749   796 W PackageManager: Unknown permission com.google.android.launcher.permission.RECEIVE_LAUNCH_BROADCASTS in package com.google.android.gms
01-23 18:39:41.337   749   796 W PackageManager: Unknown permission com.google.android.gm.permission.READ_GMAIL in package com.google.android.gms
01-23 18:39:41.345   749   796 W PackageManager: Unknown permission com.android.launcher.permission.PRELOAD_WORKSPACE in package com.google.android.partnersetup
01-23 18:39:41.350   749   796 W PackageManager: Unknown permission com.google.android.permission.INSTALL_WEARABLE_PACKAGES in package com.android.packageinstaller
01-23 18:39:41.350   749   796 W PackageManager: Not granting permission android.permission.DELETE_PACKAGES to package com.svox.pico (protectionLevel=18 flags=0x3808be45)
01-23 18:39:41.352   749   796 W PackageManager: Unknown permission android.permission.ACCESS_SUPERUSER in package com.cyanogenmod.filemanager
01-23 18:39:41.352   749   796 W PackageManager: Unknown permission com.cyanogenmod.filemanager.permissions.READ_THEME in package com.cyanogenmod.filemanager
01-23 18:39:41.363   749   796 W PackageManager: Unknown permission com.samsung.accessory.permission.ACCESSORY_FRAMEWORK in package ru.yandex.radio
01-23 18:39:41.363   749   796 W PackageManager: Unknown permission com.samsung.android.providers.context.permission.WRITE_USE_APP_FEATURE_SURVEY in package ru.yandex.radio
01-23 18:39:41.363   749   796 W PackageManager: Unknown permission com.samsung.WATCH_APP_TYPE.Companion in package ru.yandex.radio
01-23 18:39:41.363   749   796 W PackageManager: Unknown permission com.sec.android.provider.badge.permission.READ in package ru.yandex.radio
01-23 18:39:41.363   749   796 W PackageManager: Unknown permission com.sec.android.provider.badge.permission.WRITE in package ru.yandex.radio
01-23 18:39:41.363   749   796 W PackageManager: Unknown permission com.htc.launcher.permission.READ_SETTINGS in package ru.yandex.radio
01-23 18:39:41.363   749   796 W PackageManager: Unknown permission com.htc.launcher.permission.UPDATE_SHORTCUT in package ru.yandex.radio
01-23 18:39:41.364   749   796 W PackageManager: Unknown permission com.sonyericsson.home.permission.BROADCAST_BADGE in package ru.yandex.radio
01-23 18:39:41.364   749   796 W PackageManager: Unknown permission com.anddoes.launcher.permission.UPDATE_COUNT in package ru.yandex.radio
01-23 18:39:41.364   749   796 W PackageManager: Unknown permission com.majeur.launcher.permission.UPDATE_BADGE in package ru.yandex.radio
01-23 18:39:41.364   749   796 W PackageManager: Not granting permission android.permission.GET_ACCOUNTS to package ru.yandex.radio because it was previously installed without
01-23 18:39:41.364   749   796 W PackageManager: Unknown permission com.yandex.permission.AM_COMMUNICATION in package ru.yandex.radio
01-23 18:39:41.365   749   796 W PackageManager: Unknown permission com.google.android.gallery3d.permission.PICASA_STORE in package com.android.dreams.phototable
01-23 18:39:41.365   749   796 W PackageManager: Not granting permission android.permission.CONTROL_KEYGUARD to package com.google.android.gsf.login (protectionLevel=2 flags=0x3048be45)
01-23 18:39:41.372   749   796 W PackageManager: Unknown permission com.android.vending.billing.IBillingAccountService.BIND2 in package com.google.android.gsf.login
01-23 18:39:41.372   749   796 W PackageManager: Unknown permission com.android.chrome.TOS_ACKED in package com.google.android.gsf.login
01-23 18:39:41.383   749   796 W PackageManager: Unknown permission com.android.launcher.permission.READ_SETTINGS in package com.android.settings
01-23 18:39:41.383   749   796 W PackageManager: Unknown permission com.android.launcher.permission.WRITE_SETTINGS in package com.android.settings
01-23 18:39:41.393   749   796 W PackageManager: Not granting permission android.permission.REAL_GET_TASKS to package com.cyanogenmod.eleven (protectionLevel=18 flags=0x3818be65)
01-23 18:39:41.468   749   796 W PackageManager: Unknown permission com.google.android.gallery3d.permission.GALLERY_PROVIDER in package com.android.bluetooth
01-23 18:39:41.667   175   175 E         : (2)[175:bat_thread_kthr][BATTERY] Default CC mode charging : 50000, input current = 50000
01-23 18:39:41.666     0     0 I         : <436 -> 237>
01-23 18:39:41.958   749   764 I UsageStatsService: User[0] Rollover scheduled @ 2017-01-24 03:00:00(1485216000000)
01-23 18:39:42.623   749   749 I dvm_lock_sample: [system_server,0,main,1328,UserManagerService.java,424,PackageManagerService.java,16768,100]
01-23 18:39:42.623   749   764 I dvm_lock_sample: [system_server,0,android.bg,659,Settings.java,4935,PackageManagerService.java,16768,100]
01-23 18:39:42.638   749   796 W MountService: No primary storage mounted!
01-23 18:39:42.639   749   796 D VoldConnector: SND -> {2 asec list}
01-23 18:39:42.646   749   797 D VoldConnector: RCV <- {200 2 asec operation succeeded}
01-23 18:39:42.647   749   749 I SystemServiceManager: Starting com.android.server.devicepolicy.DevicePolicyManagerService$Lifecycle
01-23 18:39:42.725   749   749 I SystemServer: Status Bar
01-23 18:39:42.739   749   749 I SystemServer: Clipboard Service
01-23 18:39:42.754   749   749 I SystemServer: NetworkManagement Service
01-23 18:39:42.790   749   749 I SystemServer: Text Service Manager Service
01-23 18:39:42.862   749   749 I SystemServer: Network Score Service
01-23 18:39:42.868   749   749 I SystemServer: NetworkStats Service
01-23 18:39:42.905   749   749 I SystemServer: NetworkPolicy Service
01-23 18:39:42.948   749   749 I SystemServiceManager: Starting com.android.server.wifi.p2p.WifiP2pService
01-23 18:39:43.065   749   749 I SystemServiceManager: Starting com.android.server.wifi.WifiService
01-23 18:39:43.371   749   749 I SystemServiceManager: Starting com.android.server.wifi.WifiScanningService
01-23 18:39:43.380   749   749 I SystemServiceManager: Starting com.android.server.wifi.RttService
01-23 18:39:43.385   749   749 I SystemServiceManager: Starting com.android.server.ethernet.EthernetService
01-23 18:39:43.398   749   749 I SystemServer: Connectivity Service
01-23 18:39:43.501   749   749 I SystemServer: Network Service Discovery Service
01-23 18:39:43.513   749   749 D NsdService: Network service discovery enabled true
01-23 18:39:43.519   749   749 I SystemServer: UpdateLock Service
01-23 18:39:43.524   749   749 I SystemServiceManager: Starting com.android.server.notification.NotificationManagerService
01-23 18:39:43.626   749   749 I ZenModeConfig: Migrating existing shared 'from': stars
01-23 18:39:43.721   749   749 I SystemServiceManager: Starting com.android.server.storage.DeviceStorageMonitorService
01-23 18:39:43.727   749   749 I free_storage_left: [3168301056,2416840704,397283328]
01-23 18:39:43.727   749   749 I free_storage_changed: 3168301056
01-23 18:39:43.728   749   749 I SystemServer: Location Manager
01-23 18:39:43.763   749   749 I SystemServer: Country Detector
01-23 18:39:43.766   749   749 I SystemServer: Search Service
01-23 18:39:43.774   749   749 I SystemServer: DropBox Service
01-23 18:39:43.788   749   749 I SystemServer: Wallpaper Service
01-23 18:39:43.825   749   749 I SystemServer: Audio Service
01-23 18:39:43.888   270   682 I liblog  : 13
01-23 18:39:44.008   749   749 I stream_devices_changed: [0,0,1]
01-23 18:39:44.009   749   749 I stream_devices_changed: [2,0,2]
01-23 18:39:44.010   749   749 I stream_devices_changed: [3,0,2]
01-23 18:39:44.011   749   749 I stream_devices_changed: [4,0,2]
01-23 18:39:44.012   749   749 I stream_devices_changed: [6,0,1]
01-23 18:39:44.041   749   749 I SystemServiceManager: Starting com.android.server.DockObserver
01-23 18:39:44.045   749   749 W DockObserver: This kernel does not have dock station support
01-23 18:39:44.048   749   749 I SystemServer: Wired Accessory Manager
01-23 18:39:44.057   749   749 W WiredAccessoryManager: This kernel does not have usb audio support
01-23 18:39:44.058   749   749 W WiredAccessoryManager: This kernel does not have HDMI audio support
01-23 18:39:44.059   749   749 I SystemServiceManager: Starting com.android.server.usb.UsbService$Lifecycle
01-23 18:39:44.120   749   749 I SystemServer: Serial Service
01-23 18:39:44.122   749   749 I SystemServiceManager: Starting com.android.server.twilight.TwilightService
01-23 18:39:44.133   749   749 I SystemServiceManager: Starting com.android.server.job.JobSchedulerService
01-23 18:39:44.165   749   749 D JobStore: job-info
01-23 18:39:44.189   749   749 I SystemServiceManager: Starting com.android.server.backup.BackupManagerService$Lifecycle
01-23 18:39:44.228   749   749 I SystemServiceManager: Starting com.android.server.appwidget.AppWidgetService
01-23 18:39:44.274   749   749 I SystemServiceManager: Starting com.android.server.voiceinteraction.VoiceInteractionManagerService
01-23 18:39:44.282   749   749 W SoundTriggerHelper: listModules status=0, # of modules=0
01-23 18:39:44.303   749   749 I SystemServer: Gesture Launcher Service
01-23 18:39:44.303   749   749 I SystemServiceManager: Starting com.android.server.GestureLauncherService
01-23 18:39:44.304   749   749 I SystemServer: DiskStats Service
01-23 18:39:44.307   749   749 I SystemServer: SamplingProfiler Service
01-23 18:39:44.324   749   749 I SystemServer: NetworkTimeUpdateService
01-23 18:39:44.328   749   749 I SystemServer: CommonTimeManagementService
01-23 18:39:44.335   749   749 I SystemServer: CertBlacklister
01-23 18:39:44.338   749   749 I SystemServiceManager: Starting com.android.server.dreams.DreamManagerService
01-23 18:39:44.354   749   749 I SystemServer: Assets Atlas Service
01-23 18:39:44.376   749   749 I SystemServiceManager: Starting com.android.server.print.PrintManagerService
01-23 18:39:44.390   749   749 I SystemServiceManager: Starting com.android.server.restrictions.RestrictionsManagerService
01-23 18:39:44.398   749   749 I SystemServiceManager: Starting com.android.server.media.MediaSessionService
01-23 18:39:44.434   749   749 I SystemServer: Media Router Service
01-23 18:39:44.443   749   749 I SystemServiceManager: Starting com.android.server.trust.TrustManagerService
01-23 18:39:44.473   749   749 I SystemServiceManager: Starting com.android.server.fingerprint.FingerprintService
01-23 18:39:44.495     0     0 I -(3)[0:swapper/3]CPU3: thread -1, cpu 3, socket 0, mpidr 80000003<436 -> 237>
01-23 18:39:44.496    87    87 W         : (0)[87:hps_main][HPS] (0020)(2)action end(197)(404)(0)(0) (4)(4)(4)(4)(1) (293)(18)(0) (1123)(18)(2) (1)(404)(19)(0)(404) wifi_base(0)
01-23 18:39:44.499   749   749 W FingerprintService: fingerprint service not available
01-23 18:39:44.503   749   749 V FingerprintService: Fingerprint HAL id: 0
01-23 18:39:44.504   749   749 I SystemServer: BackgroundDexOptService
01-23 18:39:44.509   749   749 I SystemServiceManager: Starting com.android.server.pm.LauncherAppsService
01-23 18:39:44.516   749   749 I SystemServiceManager: Starting com.android.server.media.projection.MediaProjectionManagerService
01-23 18:39:44.571   749   749 I SystemServiceManager: Starting com.android.server.MmsServiceBroker
01-23 18:39:44.582   749   749 I CMSystemServer: Attempting to start service org.cyanogenmod.platform.internal.CMStatusBarManagerService
01-23 18:39:44.592   749   749 I CMSystemServer: Starting service org.cyanogenmod.platform.internal.CMStatusBarManagerService
01-23 18:39:44.592   749   749 I SystemServiceManager: Starting org.cyanogenmod.platform.internal.CMStatusBarManagerService
01-23 18:39:44.610   749   749 I CMSystemServer: Attempting to start service org.cyanogenmod.platform.internal.ProfileManagerService
01-23 18:39:44.623   749   749 I CMSystemServer: Starting service org.cyanogenmod.platform.internal.ProfileManagerService
01-23 18:39:44.624   749   749 I SystemServiceManager: Starting org.cyanogenmod.platform.internal.ProfileManagerService
01-23 18:39:44.631   749   804 D WifiService: New client listening to asynchronous messages
01-23 18:39:44.706   749   749 I CMSystemServer: Attempting to start service org.cyanogenmod.platform.internal.PartnerInterfaceService
01-23 18:39:44.710   749   749 I CMSystemServer: Starting service org.cyanogenmod.platform.internal.PartnerInterfaceService
01-23 18:39:44.711   749   749 I SystemServiceManager: Starting org.cyanogenmod.platform.internal.PartnerInterfaceService
01-23 18:39:44.712   749   749 I CMSystemServer: Attempting to start service org.cyanogenmod.platform.internal.CMTelephonyManagerService
01-23 18:39:44.716   749   749 I CMSystemServer: Starting service org.cyanogenmod.platform.internal.CMTelephonyManagerService
01-23 18:39:44.716   749   749 I SystemServiceManager: Starting org.cyanogenmod.platform.internal.CMTelephonyManagerService
01-23 18:39:44.718   749   749 I CMSystemServer: Attempting to start service org.cyanogenmod.platform.internal.CMHardwareService
01-23 18:39:44.741   749   749 I CMSystemServer: Starting service org.cyanogenmod.platform.internal.CMHardwareService
01-23 18:39:44.741   749   749 I SystemServiceManager: Starting org.cyanogenmod.platform.internal.CMHardwareService
01-23 18:39:44.742   749   749 I CMSystemServer: Attempting to start service org.cyanogenmod.platform.internal.AppSuggestManagerService
01-23 18:39:44.744   749   749 I CMSystemServer: Starting service org.cyanogenmod.platform.internal.AppSuggestManagerService
01-23 18:39:44.745   749   749 I SystemServiceManager: Starting org.cyanogenmod.platform.internal.AppSuggestManagerService
01-23 18:39:44.751   749   749 E AppSgstMgrService: no app suggest provider found
01-23 18:39:44.752   749   749 I CMSystemServer: Attempting to start service org.cyanogenmod.platform.internal.PerformanceManagerService
01-23 18:39:44.759   749   828 I ServiceThread: Enabled StrictMode logging for PerformanceManager looper.
01-23 18:39:44.759   749   749 I CMSystemServer: Starting service org.cyanogenmod.platform.internal.PerformanceManagerService
01-23 18:39:44.759   749   749 I SystemServiceManager: Starting org.cyanogenmod.platform.internal.PerformanceManagerService
01-23 18:39:44.762   749   829 I ServiceThread: Enabled StrictMode logging for PerformanceManager looper.
01-23 18:39:44.764   749   749 I CMSystemServer: Attempting to start service org.cyanogenmod.platform.internal.ThemeManagerServiceBroker
01-23 18:39:44.779   749   749 E BrokerableCMSystemService: Setting brokered service connection org.cyanogenmod.platform.internal.ThemeManagerServiceBroker$2@13d45e5
01-23 18:39:44.779   749   749 I CMSystemServer: Starting service org.cyanogenmod.platform.internal.ThemeManagerServiceBroker
01-23 18:39:44.779   749   749 I SystemServiceManager: Starting org.cyanogenmod.platform.internal.ThemeManagerServiceBroker
01-23 18:39:44.779   749   749 E BrokerableCMSystemService: Setting brokered service connection org.cyanogenmod.platform.internal.ThemeManagerServiceBroker$2@680b8ba
01-23 18:39:44.781   749   749 I CMSystemServer: Attempting to start service org.cyanogenmod.platform.internal.IconCacheManagerServiceBroker
01-23 18:39:44.784   749   749 E BrokerableCMSystemService: Setting brokered service connection org.cyanogenmod.platform.internal.IconCacheManagerServiceBroker$2@6f3836b
01-23 18:39:44.784   749   749 I CMSystemServer: Starting service org.cyanogenmod.platform.internal.IconCacheManagerServiceBroker
01-23 18:39:44.785   749   749 I SystemServiceManager: Starting org.cyanogenmod.platform.internal.IconCacheManagerServiceBroker
01-23 18:39:44.785   749   749 E BrokerableCMSystemService: Setting brokered service connection org.cyanogenmod.platform.internal.IconCacheManagerServiceBroker$2@77bbec8
01-23 18:39:44.786   749   749 I CMSystemServer: Attempting to start service org.cyanogenmod.platform.internal.LiveLockScreenServiceBroker
01-23 18:39:44.794   749   749 E BrokerableCMSystemService: Setting brokered service connection org.cyanogenmod.platform.internal.LiveLockScreenServiceBroker$2@a815b61
01-23 18:39:44.794   749   749 I CMSystemServer: Starting service org.cyanogenmod.platform.internal.LiveLockScreenServiceBroker
01-23 18:39:44.794   749   749 I SystemServiceManager: Starting org.cyanogenmod.platform.internal.LiveLockScreenServiceBroker
01-23 18:39:44.795   749   749 E BrokerableCMSystemService: Setting brokered service connection org.cyanogenmod.platform.internal.LiveLockScreenServiceBroker$2@f1a686
01-23 18:39:44.798   749   749 I CMSystemServer: Attempting to start service org.cyanogenmod.platform.internal.WeatherManagerServiceBroker
01-23 18:39:44.801   749   749 I CMSystemServer: Starting service org.cyanogenmod.platform.internal.WeatherManagerServiceBroker
01-23 18:39:44.801   749   749 I SystemServiceManager: Starting org.cyanogenmod.platform.internal.WeatherManagerServiceBroker
01-23 18:39:44.802   749   749 I CMSystemServer: Attempting to start service org.cyanogenmod.platform.internal.display.LiveDisplayService
01-23 18:39:44.814   749   830 I ServiceThread: Enabled StrictMode logging for LiveDisplay looper.
01-23 18:39:44.815   749   749 I CMSystemServer: Starting service org.cyanogenmod.platform.internal.display.LiveDisplayService
01-23 18:39:44.815   749   749 I SystemServiceManager: Starting org.cyanogenmod.platform.internal.display.LiveDisplayService
01-23 18:39:44.817   749   831 I ServiceThread: Enabled StrictMode logging for LiveDisplay looper.
01-23 18:39:44.819   749   749 I CMSystemServer: Attempting to start service org.cyanogenmod.platform.internal.CMAudioServiceBroker
01-23 18:39:44.822   749   749 I CMSystemServer: Starting service org.cyanogenmod.platform.internal.CMAudioServiceBroker
01-23 18:39:44.822   749   749 I SystemServiceManager: Starting org.cyanogenmod.platform.internal.CMAudioServiceBroker
01-23 18:39:44.861   749   749 E LockSettingsStorage: Cannot read file java.io.FileNotFoundException: /data/system/gatekeeper.password.key: open failed: ENOENT (No such file or directory)
01-23 18:39:44.862   749   749 E LockSettingsStorage: Cannot read file java.io.FileNotFoundException: /data/system/password.key: open failed: ENOENT (No such file or directory)
01-23 18:39:44.863   749   749 E LockSettingsStorage: Cannot read file java.io.FileNotFoundException: /data/system/gatekeeper.pattern.key: open failed: ENOENT (No such file or directory)
01-23 18:39:44.864   749   749 E LockSettingsStorage: Cannot read file java.io.FileNotFoundException: /data/system/gatekeeper.gesture.key: open failed: ENOENT (No such file or directory)
01-23 18:39:44.864   749   749 E LockSettingsStorage: Cannot read file java.io.FileNotFoundException: /data/system/gesture.key: open failed: ENOENT (No such file or directory)
01-23 18:39:44.865   749   749 E LockSettingsStorage: Cannot read file java.io.FileNotFoundException: /data/system/cm_gesture.key: open failed: ENOENT (No such file or directory)
01-23 18:39:44.865   749   749 I SystemServiceManager: Starting phase 480
01-23 18:39:44.926   749   749 I SystemServiceManager: Starting phase 500
01-23 18:39:44.938   749   749 I WifiService: WifiService starting up with Wi-Fi enabled
01-23 18:39:44.942   749   749 D WifiService: setWifiEnabled: true pid=749, uid=1000
01-23 18:39:44.942   749   749 E WifiService: Invoking mWifiStateMachine.setWifiEnabled
01-23 18:39:45.027   749   749 V BackupManagerService: No ancestral data
01-23 18:39:45.578   282   282 W (0)[282:mtk_wmtd][WMT-FUNC][W]wmt_func_wifi_on: WMT-FUNC: wmt wlan func on before wlan probe<436 -> 237>
01-23 18:39:45.578   282   282 E (0)[282:mtk_wmtd]vcn33_wifi: unsupportable voltage range: 3300000-3300uV
01-23 18:39:45.680   749   749 V KeyValueBackupJob: Scheduling k/v pass in 246 minutes
01-23 18:39:45.767   749   749 V BackupManagerService: Starting with transport com.google.android.gms/.backup.BackupTransportService
01-23 18:39:45.768   749   749 V BackupManagerService: Found transports: 2
01-23 18:39:45.777   749   749 I BackupManagerService: Binding to transport host ComponentInfo{android/com.android.internal.backup.LocalTransportService}
01-23 18:39:45.805   749   749 I BackupManagerService: Binding to transport host ComponentInfo{com.google.android.gms/com.google.android.gms.backup.BackupTransportService}
01-23 18:39:45.810   749   749 I BackupManagerService: Found stale backup journal, scheduling
01-23 18:39:45.990   749   749 I configuration_changed: 32
01-23 18:39:45.990   749   749 I ActivityManager: Config changes=20 {1.0 ?mcc?mnc ru_RU ldltr sw360dp w360dp h616dp 320dpi nrml long port finger -keyb/v/h -nav/h s.5 themeResource=null}
01-23 18:39:46.153   749   773 W KeyguardServiceDelegate: onScreenTurningOn(): no keyguard service!
01-23 18:39:46.240   749   749 I ActivityManager: System now ready
01-23 18:39:46.240   749   749 I boot_progress_ams_ready: 100994
01-23 18:39:46.510   749   749 I SystemServer: Making services ready
01-23 18:39:46.510   749   749 I SystemServiceManager: Starting phase 550
01-23 18:39:46.518   749   796 D MountService: Thinking about reset, mSystemReady=true, mDaemonConnected=true
01-23 18:39:46.518   749   796 D VoldConnector: SND -> {3 volume reset}
01-23 18:39:46.520   749   765 I ActivityManager: Force stopping com.android.providers.media appid=10007 user=-1: vold reset
01-23 18:39:46.520   231   241 V vold    : /system/bin/sgdisk
01-23 18:39:46.520   231   241 V vold    :     --android-dump
01-23 18:39:46.520   231   241 V vold    :     /dev/block/vold/disk:179_128
01-23 18:39:46.521   749   797 D VoldConnector: RCV <- {651 emulated 7}
01-23 18:39:46.521   749   749 D UsbAlsaManager: Adding ALSA device AlsaDevice: [card: 0, device: 24, type: 1]
01-23 18:39:46.522   749   749 D UsbAlsaManager: Adding ALSA device AlsaDevice: [card: 0, device: 22, type: 1]
01-23 18:39:46.522   749   749 D UsbAlsaManager: Adding ALSA device AlsaDevice: [card: 0, device: 21, type: 1]
01-23 18:39:46.522   749   797 D VoldConnector: RCV <- {659 emulated}
01-23 18:39:46.522   749   749 D UsbAlsaManager: Adding ALSA device AlsaDevice: [card: 0, device: 22, type: 2]
01-23 18:39:46.522   749   749 D UsbAlsaManager: Adding ALSA device AlsaDevice: [card: 0, device: 20, type: 1]
01-23 18:39:46.523   749   749 D UsbAlsaManager: Adding ALSA device AlsaDevice: [card: 0, device: 21, type: 2]
01-23 18:39:46.524   749   749 D UsbAlsaManager: Adding ALSA device AlsaDevice: [card: 0, device: 19, type: 1]
01-23 18:39:46.524   749   797 D VoldConnector: RCV <- {650 emulated 2 "" ""}
01-23 18:39:46.524   749   749 D UsbAlsaManager: Adding ALSA device AlsaDevice: [card: 0, device: 18, type: 1]
01-23 18:39:46.524   749   749 D UsbAlsaManager: Adding ALSA device AlsaDevice: [card: 0, device: 17, type: 1]
01-23 18:39:46.525   749   749 D UsbAlsaManager: Adding ALSA device AlsaDevice: [card: 0, device: 17, type: 2]
01-23 18:39:46.525   749   749 D UsbAlsaManager: Adding ALSA device AlsaDevice: [card: 0, device: 16, type: 2]
01-23 18:39:46.525   749   749 D UsbAlsaManager: Adding ALSA device AlsaDevice: [card: 0, device: 14, type: 1]
01-23 18:39:46.526   749   749 D UsbAlsaManager: Adding ALSA device AlsaDevice: [card: 0, device: 15, type: 2]
01-23 18:39:46.526   749   797 D VoldConnector: RCV <- {654 emulated emulated}
01-23 18:39:46.526   749   749 D UsbAlsaManager: Adding ALSA device AlsaDevice: [card: 0, device: 13, type: 2]
01-23 18:39:46.526   749   749 D UsbAlsaManager: Adding ALSA device AlsaDevice: [card: 0, device: 11, type: 1]
01-23 18:39:46.527   749   749 D UsbAlsaManager: Adding ALSA device AlsaDevice: [card: 0, device: 12, type: 2]
01-23 18:39:46.527   749   749 D UsbAlsaManager: Adding ALSA device AlsaDevice: [card: 0, device: 10, type: 1]
01-23 18:39:46.527   749   749 D UsbAlsaManager: Adding ALSA device AlsaDevice: [card: 0, device: 8, type: 1]
01-23 18:39:46.528   749   797 D VoldConnector: RCV <- {651 emulated 0}
01-23 18:39:46.528   749   749 D UsbAlsaManager: Adding ALSA device AlsaDevice: [card: 0, device: 9, type: 2]
01-23 18:39:46.528   749   749 D UsbAlsaManager: Adding ALSA device AlsaDevice: [card: 0, device: 7, type: 1]
01-23 18:39:46.528   749   749 D UsbAlsaManager: Adding ALSA device AlsaDevice: [card: 0, device: 6, type: 1]
01-23 18:39:46.529   749   749 D UsbAlsaManager: Adding ALSA device AlsaDevice: [card: 0, device: 7, type: 2]
01-23 18:39:46.529   749   797 D VoldConnector: RCV <- {651 public:179_129 7}
01-23 18:39:46.529   749   749 D UsbAlsaManager: Adding ALSA device AlsaDevice: [card: 0, device: 5, type: 1]
01-23 18:39:46.529   749   749 D UsbAlsaManager: Adding ALSA device AlsaDevice: [card: 0, device: 6, type: 2]
01-23 18:39:46.529   749   749 D UsbAlsaManager: Adding ALSA device AlsaDevice: [card: 0, device: 4, type: 1]
01-23 18:39:46.530   749   749 D UsbAlsaManager: Adding ALSA device AlsaDevice: [card: 0, device: 5, type: 2]
01-23 18:39:46.530   749   749 D UsbAlsaManager: Adding ALSA device AlsaDevice: [card: 0, device: 3, type: 1]
01-23 18:39:46.530   749   797 D VoldConnector: RCV <- {659 public:179_129}
01-23 18:39:46.530   749   749 D UsbAlsaManager: Adding ALSA device AlsaDevice: [card: 0, device: 4, type: 2]
01-23 18:39:46.530   749   749 D UsbAlsaManager: Adding ALSA device AlsaDevice: [card: 0, device: 2, type: 1]
01-23 18:39:46.531   749   749 D UsbAlsaManager: Adding ALSA device AlsaDevice: [card: 0, device: 3, type: 2]
01-23 18:39:46.531   749   749 D UsbAlsaManager: Adding ALSA device AlsaDevice: [card: 0, device: 2, type: 2]
01-23 18:39:46.531   749   749 D UsbAlsaManager: Adding ALSA device AlsaDevice: [card: 0, device: 0, type: 1]
01-23 18:39:46.531   749   749 D UsbAlsaManager: Adding ALSA device AlsaDevice: [card: 0, device: 1, type: 2]
01-23 18:39:46.534   749   797 D VoldConnector: RCV <- {649 disk:179_128}
01-23 18:39:46.535   749   797 D VoldConnector: RCV <- {640 disk:179_128 5}
01-23 18:39:46.536   749   797 D VoldConnector: RCV <- {641 disk:179_128 7969177600}
01-23 18:39:46.538   749   797 D VoldConnector: RCV <- {642 disk:179_128 }
01-23 18:39:46.539   749   797 D VoldConnector: RCV <- {644 disk:179_128 /sys//devices/mtk-msdc.0/11240000.msdc1/mmc_host/mmc1/mmc1:0007/block/mmcblk1}
01-23 18:39:46.603   231   241 V vold    : DISK gpt CBC83FD9-4235-4453-8D69-6B98D2518C8B
01-23 18:39:46.603   231   241 V vold    : PART 1 EBD0A0A2-B9E5-4433-87C0-68B6B72699C7 6364D990-56C9-45B7-991C-554740580B3D Microsoft basic data
01-23 18:39:46.604   749   797 D VoldConnector: RCV <- {650 public:179_129 0 "disk:179_128" ""}
01-23 18:39:46.606   749   797 D VoldConnector: RCV <- {654 public:179_129 sdcard1}
01-23 18:39:46.607   749   797 D VoldConnector: RCV <- {651 public:179_129 0}
01-23 18:39:46.608   749   797 D VoldConnector: RCV <- {643 disk:179_128}
01-23 18:39:46.609   749   797 D VoldConnector: RCV <- {200 3 Command succeeded}
01-23 18:39:46.611   749   796 D VoldConnector: SND -> {4 volume user_added 0 0}
01-23 18:39:46.612   749   797 D VoldConnector: RCV <- {200 4 Command succeeded}
01-23 18:39:46.614   749   768 I dvm_lock_sample: [system_server,0,android.fg,90,MountService.java,946,TimeUnit.java,169,18]
01-23 18:39:46.628   749   768 V MountService: Found primary storage at VolumeInfo{emulated}:
01-23 18:39:46.628   749   768 V MountService:     type=EMULATED diskId=null partGuid=null mountFlags=0 mountUserId=-1 
01-23 18:39:46.628   749   768 V MountService:     state=UNMOUNTED 
01-23 18:39:46.628   749   768 V MountService:     fsType=null fsUuid=null fsLabel=null 
01-23 18:39:46.628   749   768 V MountService:     path=null internalPath=null 
01-23 18:39:46.629   749   796 D VoldConnector: SND -> {5 volume mount emulated 3 -1}
01-23 18:39:46.631   749   797 D VoldConnector: RCV <- {651 emulated 1}
01-23 18:39:46.632   749   797 D VoldConnector: RCV <- {656 emulated /data/media}
01-23 18:39:46.633   749   797 D VoldConnector: RCV <- {655 emulated /storage/emulated}
01-23 18:39:46.637   231   241 V vold    : Waiting for FUSE to spin up...
01-23 18:39:46.650   749   749 I am_proc_start: [0,842,10027,com.android.systemui,service,com.android.systemui/.keyguard.KeyguardService]
01-23 18:39:46.650   749   749 I ActivityManager: Start proc 842:com.android.systemui/u0a27 for service com.android.systemui/.keyguard.KeyguardService
01-23 18:39:46.651   749   749 I BrokerableCMSystemService: Connecting to implementation
01-23 18:39:46.652   749   749 W ContextImpl: Calling a method in the system process without a qualified user: android.app.ContextImpl.bindService:1295 org.cyanogenmod.platform.internal.BrokerableCMSystemService.tryConnecting:199 org.cyanogenmod.platform.internal.ThemeManagerServiceBroker.onBootPhase:270 com.android.server.SystemServiceManager.startBootPhase:135 com.android.server.SystemServer$2.run:1180 
01-23 18:39:46.672   749   749 I am_proc_start: [0,847,10021,org.cyanogenmod.themeservice,service,org.cyanogenmod.themeservice/.ThemeManagerService]
01-23 18:39:46.672   749   749 I ActivityManager: Start proc 847:org.cyanogenmod.themeservice/u0a21 for service org.cyanogenmod.themeservice/.ThemeManagerService
01-23 18:39:46.677   841   841 D (3)[841:sdcard]SELinux: initialized (dev fuse, type fuse), uses genfs_contexts<436 -> 237>
01-23 18:39:46.676   749   749 I SystemServer: WebViewFactory preparation
01-23 18:39:46.688   749   797 D VoldConnector: RCV <- {651 emulated 2}
01-23 18:39:46.689   749   797 D VoldConnector: RCV <- {200 5 Command succeeded}
01-23 18:39:46.695   749   796 D VoldConnector: SND -> {6 volume mount public:179_129 2 0}
01-23 18:39:46.697   231   241 V vold    : /system/bin/blkid
01-23 18:39:46.697   231   241 V vold    :     -c
01-23 18:39:46.697   231   241 V vold    :     /dev/null
01-23 18:39:46.697   231   241 V vold    :     -s
01-23 18:39:46.697   231   241 V vold    :     TYPE
01-23 18:39:46.697   231   241 V vold    :     -s
01-23 18:39:46.697   749   797 D VoldConnector: RCV <- {651 public:179_129 1}
01-23 18:39:46.697   231   241 V vold    :     UUID
01-23 18:39:46.697   231   241 V vold    :     -s
01-23 18:39:46.697   231   241 V vold    :     LABEL
01-23 18:39:46.697   231   241 V vold    :     /dev/block/vold/public:179_129
01-23 18:39:46.712   749   765 I am_proc_start: [0,857,10009,com.android.externalstorage,broadcast,com.android.externalstorage/.MountReceiver]
01-23 18:39:46.712   749   765 I ActivityManager: Start proc 857:com.android.externalstorage/u0a9 for broadcast com.android.externalstorage/.MountReceiver
01-23 18:39:46.750   749   749 I am_proc_start: [0,862,1037,WebViewLoader-armeabi-v7a,,]
01-23 18:39:46.750   749   749 I ActivityManager: Start proc 862:WebViewLoader-armeabi-v7a/1037 [android.webkit.WebViewFactory$RelroFileCreator] for 
01-23 18:39:46.754   749   749 D NetworkManagement: enabling bandwidth control
01-23 18:39:46.774   749   765 I am_proc_start: [0,867,10007,android.process.media,broadcast,com.android.providers.media/.MtpReceiver]
01-23 18:39:46.774   749   765 I ActivityManager: Start proc 867:android.process.media/u0a7 for broadcast com.android.providers.media/.MtpReceiver
01-23 18:39:46.876   749   760 I am_proc_bound: [0,847,org.cyanogenmod.themeservice]
01-23 18:39:46.887   749   761 I am_proc_bound: [0,842,com.android.systemui]
01-23 18:39:46.945   749   897 I am_proc_bound: [0,857,com.android.externalstorage]
01-23 18:39:47.031   749   899 I am_proc_bound: [0,867,android.process.media]
01-23 18:39:47.081   231   241 V vold    : /dev/block/vold/public:179_129: UUID="5F4E-035A" TYPE="vfat" 
01-23 18:39:47.082   749   797 D VoldConnector: RCV <- {652 public:179_129 vfat}
01-23 18:39:47.082   231   241 V vold    : /system/bin/fsck_msdos
01-23 18:39:47.083   231   241 V vold    :     -p
01-23 18:39:47.083   231   241 V vold    :     -f
01-23 18:39:47.083   231   241 V vold    :     /dev/block/vold/public:179_129
01-23 18:39:47.083   749   797 D VoldConnector: RCV <- {653 public:179_129 5F4E-035A}
01-23 18:39:47.086   749   797 D VoldConnector: RCV <- {654 public:179_129 sdcard1}
01-23 18:39:47.088   749   797 D VoldConnector: RCV <- {656 public:179_129 /mnt/media_rw/5F4E-035A}
01-23 18:39:47.093   749   797 D VoldConnector: RCV <- {655 public:179_129 /storage/5F4E-035A}
01-23 18:39:47.144   923   923 D fsck_msdos: sectors Per cluster :8 
01-23 18:39:47.144   923   923 D fsck_msdos: boot->ClusterOffset :30354 
01-23 18:39:47.144   923   923 I fsck_msdos: FAT32 Filesystem
01-23 18:39:47.144   923   923 D fsck_msdos: Using cluster_chain_descriptor
01-23 18:39:47.144   923   923 I fsck_msdos: Total clusters 1941545 
01-23 18:39:47.153   749   766 W WindowManager: Keyguard drawn timeout. Setting mKeyguardDrawComplete
01-23 18:39:47.322   749   899 I dvm_lock_sample: [system_server,1,Binder_4,8,UserManagerService.java,424,PackageManagerService.java,2865,1]
01-23 18:39:47.397   923   923 I fsck_msdos: ** Phase 2 - Check Cluster Chains 
01-23 18:39:47.397   923   923 I fsck_msdos: Begin to handle the cluster chain
01-23 18:39:47.463   749   803 E NetdConnector: NDC Command {2 softap fwreload wlan0 STA} took too long (1910ms)
01-23 18:39:47.558     0     0 W         : (0)[177:wdtk-0][WDK], local_bit:0x1, cpu:0, check bit0x:f, lasthpg_cpu:3, lasthpg_act:1, lasthpg_t:100956575548, RT[102311456551]<436 -> 237>
01-23 18:39:47.558     0     0 W         : (0)[177:wdtk-0][thread:177][RT:102311469167] 2017-01-23 15:39:47.556720 UTC;android time 2017-01-23 18:39:47.556720
01-23 18:39:47.567   923   923 D fsck_msdos: rootDir->head :2
01-23 18:39:47.598     0     0 W (3)[180:wdtk-3][WDK], local_bit: 0x7, cpu:3,RT[102351465782]<436 -> 237>
01-23 18:39:47.598     0     0 W         : (3)[180:wdtk-3][WDK], local_bit:0xf, cpu:3, check bit0x:f, lasthpg_cpu:3, lasthpg_act:1, lasthpg_t:100956575548, RT[102351497320]
01-23 18:39:47.598     0     0 W (3)[180:wdtk-3][WDK]: kick Ex WDT,RT[102351506628]
01-23 18:39:47.598     0     0 W         : (3)[180:wdtk-3][thread:180][RT:102351580397] 2017-01-23 15:39:47.596830 UTC;android time 2017-01-23 18:39:47.596830
01-23 18:39:47.680   749   761 I dvm_lock_sample: [system_server,1,Binder_2,272,UserManagerService.java,424,PackageManagerService.java,5498,54]
01-23 18:39:47.680   923   923 D fsck_msdos: Verify Filesystem information
01-23 18:39:47.680   923   923 W fsck_msdos: 151 files, 1399568 free (349892 clusters)
01-23 18:39:47.681   923   923 I fsck_msdos: free_rb_tree 
01-23 18:39:47.681   923   923 I fsck_msdos: free_fragment_tree
01-23 18:39:47.681   923   923 I fsck_msdos: free_fragment_tree
01-23 18:39:47.681   923   923 I fsck_msdos: free_fragment_tree: rb_tree is empty 
--------- beginning of radio
01-23 18:39:47.694   231   241 I Vold    : Filesystem check completed OK
01-23 18:39:47.714   231   241 V vold    : Waiting for FUSE to spin up...
01-23 18:39:47.765   749   797 D VoldConnector: RCV <- {651 public:179_129 2}
01-23 18:39:47.767   749   797 D VoldConnector: RCV <- {200 6 Command succeeded}
01-23 18:39:47.768   749   796 E VoldConnector: NDC Command {6 volume mount public:179_129 2 0} took too long (1073ms)
01-23 18:39:47.914   749   920 I am_proc_start: [0,946,10022,org.cyanogenmod.themes.provider,broadcast,org.cyanogenmod.themes.provider/.AppReceiver]
01-23 18:39:47.914   749   920 I ActivityManager: Start proc 946:org.cyanogenmod.themes.provider/u0a22 for broadcast org.cyanogenmod.themes.provider/.AppReceiver
01-23 18:39:48.103   749   919 I notification_cancel_all: [10007,867,com.android.providers.downloads,0,0,64,9,NULL]
01-23 18:39:48.243   749   760 I am_proc_bound: [0,946,org.cyanogenmod.themes.provider]
01-23 18:39:48.580   749   803 E NetdConnector: NDC Command {4 interface getcfg wlan0} took too long (1116ms)
01-23 18:39:48.583   749   749 E NetdConnector: NDC Command {3 bandwidth enable} took too long (1829ms)
01-23 18:39:49.747   842  1224 I sysui_action: [213,2]
01-23 18:39:50.201   749   920 I dvm_lock_sample: [system_server,1,Binder_6,270,UserManagerService.java,424,PackageManagerService.java,5498,54]
01-23 18:39:50.454   749   749 E NetdConnector: NDC Command {5 strict enable} took too long (1868ms)
01-23 18:39:50.455   749   803 E NetdConnector: NDC Command {6 interface setcfg wlan0 0.0.0.0 0 multicast broadcast down} took too long (1866ms)
01-23 18:39:50.840   749   761 I StatusBarManagerService: registerStatusBar bar=com.android.internal.statusbar.IStatusBar$Stub$Proxy@119e1b8
01-23 18:39:51.163     0     0 E         : (0)[176:mtk charger_hv_][BATTERY] Disable check battery exist.<436 -> 237>
01-23 18:39:51.185   749   803 I dvm_lock_sample: [system_server,0,WifiStateMachine,267,PackageManagerService.java,4287,-,5498,53]
01-23 18:39:51.242   749   749 I SystemServiceManager: Starting phase 600
01-23 18:39:51.292   749   749 V NotificationListeners: enabling notification listener for user 0: ComponentInfo{org.cyanogenmod.theme.chooser2/org.cyanogenmod.theme.chooser2.NotificationHijackingService}
01-23 18:39:51.326   749   749 I am_proc_start: [0,1268,10023,org.cyanogenmod.theme.chooser2,service,org.cyanogenmod.theme.chooser2/.NotificationHijackingService]
01-23 18:39:51.326   749   749 I ActivityManager: Start proc 1268:org.cyanogenmod.theme.chooser2/u0a23 for service org.cyanogenmod.theme.chooser2/.NotificationHijackingService
01-23 18:39:51.357   749   749 I BackupManagerService: Backup enabled => false
01-23 18:39:51.366   749   749 D BrokerableCMSystemService: Third party apps ready
01-23 18:39:51.366   749   749 I BrokerableCMSystemService: Connecting to implementation
01-23 18:39:51.367   749   749 W ContextImpl: Calling a method in the system process without a qualified user: android.app.ContextImpl.bindService:1295 org.cyanogenmod.platform.internal.BrokerableCMSystemService.tryConnecting:199 org.cyanogenmod.platform.internal.BrokerableCMSystemService.onBootPhase:127 org.cyanogenmod.platform.internal.ThemeManagerServiceBroker.onBootPhase:272 com.android.server.SystemServiceManager.startBootPhase:135 
01-23 18:39:51.368   749   749 D BrokerableCMSystemService: Third party apps ready
01-23 18:39:51.368   749   749 I BrokerableCMSystemService: Connecting to implementation
01-23 18:39:51.369   749   749 W ContextImpl: Calling a method in the system process without a qualified user: android.app.ContextImpl.bindService:1295 org.cyanogenmod.platform.internal.BrokerableCMSystemService.tryConnecting:199 org.cyanogenmod.platform.internal.BrokerableCMSystemService.onBootPhase:127 com.android.server.SystemServiceManager.startBootPhase:135 com.android.server.SystemServer$2.run:1231 
01-23 18:39:51.385   749   749 D BrokerableCMSystemService: Third party apps ready
01-23 18:39:51.385   749   749 I BrokerableCMSystemService: Connecting to implementation
01-23 18:39:51.386   749   749 W ContextImpl: Calling a method in the system process without a qualified user: android.app.ContextImpl.bindService:1295 org.cyanogenmod.platform.internal.BrokerableCMSystemService.tryConnecting:199 org.cyanogenmod.platform.internal.BrokerableCMSystemService.onBootPhase:127 org.cyanogenmod.platform.internal.LiveLockScreenServiceBroker.onBootPhase:273 com.android.server.SystemServiceManager.startBootPhase:135 
01-23 18:39:51.412   749   749 I am_proc_start: [0,1274,10011,org.cyanogenmod.livelockscreen.service,service,org.cyanogenmod.livelockscreen.service/.LiveLockScreenManagerService]
01-23 18:39:51.412   749   749 I ActivityManager: Start proc 1274:org.cyanogenmod.livelockscreen.service/u0a11 for service org.cyanogenmod.livelockscreen.service/.LiveLockScreenManagerService
01-23 18:39:51.413   749   749 D BrokerableCMSystemService: Third party apps ready
01-23 18:39:51.413   749   749 I BrokerableCMSystemService: Connecting to implementation
01-23 18:39:51.414   749   749 W ContextImpl: Calling a method in the system process without a qualified user: android.app.ContextImpl.bindService:1295 org.cyanogenmod.platform.internal.BrokerableCMSystemService.tryConnecting:199 org.cyanogenmod.platform.internal.BrokerableCMSystemService.onBootPhase:127 com.android.server.SystemServiceManager.startBootPhase:135 com.android.server.SystemServer$2.run:1231 
01-23 18:39:51.439   749   749 I am_proc_start: [0,1281,10026,org.cyanogenmod.weatherservice,service,org.cyanogenmod.weatherservice/.WeatherManagerService]
01-23 18:39:51.440   749   749 I ActivityManager: Start proc 1281:org.cyanogenmod.weatherservice/u0a26 for service org.cyanogenmod.weatherservice/.WeatherManagerService
01-23 18:39:51.440   749   749 D BrokerableCMSystemService: Third party apps ready
01-23 18:39:51.440   749   749 I BrokerableCMSystemService: Connecting to implementation
01-23 18:39:51.441   749   749 W ContextImpl: Calling a method in the system process without a qualified user: android.app.ContextImpl.bindService:1295 org.cyanogenmod.platform.internal.BrokerableCMSystemService.tryConnecting:199 org.cyanogenmod.platform.internal.BrokerableCMSystemService.onBootPhase:127 org.cyanogenmod.platform.internal.CMAudioServiceBroker.onBootPhase:58 com.android.server.SystemServiceManager.startBootPhase:135 
01-23 18:39:51.464   749   749 I am_proc_start: [0,1286,10000,org.cyanogenmod.cmaudio.service,service,org.cyanogenmod.cmaudio.service/.CMAudioService]
01-23 18:39:51.465   749   749 I ActivityManager: Start proc 1286:org.cyanogenmod.cmaudio.service/u0a0 for service org.cyanogenmod.cmaudio.service/.CMAudioService
01-23 18:39:51.536   749   749 E InputMethodManagerService: Ignoring updateSystemUiLocked due to an invalid token. uid:1000 token:null
01-23 18:39:51.616   749   749 I am_proc_start: [0,1306,10076,com.android.inputmethod.latin,service,com.android.inputmethod.latin/.LatinIME]
01-23 18:39:51.616   749   749 I ActivityManager: Start proc 1306:com.android.inputmethod.latin/u0a76 for service com.android.inputmethod.latin/.LatinIME
01-23 18:39:51.616   749   749 V InputMethodManagerService: Adding window token: android.os.Binder@28f1224
01-23 18:39:51.630   749   899 I am_proc_bound: [0,1268,org.cyanogenmod.theme.chooser2]
01-23 18:39:51.698   175   175 E         : (1)[175:bat_thread_kthr][BATTERY] Default CC mode charging : 50000, input current = 50000
01-23 18:39:51.699     0     0 I         : <436 -> 237>
01-23 18:39:51.789   749   899 I am_proc_bound: [0,1274,org.cyanogenmod.livelockscreen.service]
01-23 18:39:51.823   749   920 I dvm_lock_sample: [system_server,1,Binder_6,34,ActivityManagerService.java,6536,-,6536,6]
01-23 18:39:51.823   749   920 I am_proc_bound: [0,1281,org.cyanogenmod.weatherservice]
01-23 18:39:51.885   749   897 I am_proc_bound: [0,1286,org.cyanogenmod.cmaudio.service]
01-23 18:39:51.932   749   804 D WifiService: New client listening to asynchronous messages
--------- beginning of main
01-23 18:39:51.943  1268  1268 W System  : ClassLoader referenced unknown path: /system/priv-app/ThemeChooser/lib/arm
01-23 18:39:51.947   749   764 I dvm_lock_sample: [system_server,0,android.bg,18,ActivityManagerService.java,16651,-,16412,3]
01-23 18:39:51.983   749  1344 D MtkOmxCore: Mtk_OMX_Deinit
01-23 18:39:51.983   749  1344 D MtkOmxCore: Mtk_OMX_Deinit  gCoreComponents  0x9aff9000
01-23 18:39:51.984   857   896 W art     : Suspending all threads took: 8.920ms
01-23 18:39:51.986   749  1344 D MtkOmxCore: Core_Deinit called
01-23 18:39:51.986   749  1344 D MtkOmxCore: Core_Deinit gInstancePoolLock destroy
01-23 18:39:52.022   749   760 I am_proc_bound: [0,1306,com.android.inputmethod.latin]
01-23 18:39:52.084  1274  1274 W System  : ClassLoader referenced unknown path: /system/priv-app/LiveLockScreenService/lib/arm
01-23 18:39:52.142  1281  1281 W System  : ClassLoader referenced unknown path: /system/priv-app/WeatherManagerService/lib/arm
01-23 18:39:52.192   749   749 E FlpHardwareProvider: Error hw_get_module 'flp': -2
01-23 18:39:52.192   749   749 E LocationManagerService: FLP HAL not supported
01-23 18:39:52.263   749   749 E ActivityRecognitionHardware: Error hw_get_module: -2
01-23 18:39:52.263   749   749 E LocationManagerService: Hardware Activity-Recognition not supported.
01-23 18:39:52.289   749   919 I am_proc_start: [0,1361,10084,org.cyanogenmod.yahooweatherprovider,service,org.cyanogenmod.yahooweatherprovider/.YahooWeatherProviderService]
01-23 18:39:52.290   749   919 I ActivityManager: Start proc 1361:org.cyanogenmod.yahooweatherprovider/u0a84 for service org.cyanogenmod.yahooweatherprovider/.YahooWeatherProviderService
01-23 18:39:52.326   749   749 I CommonTimeManagementService: No common time service detected on this platform.  Common time services will be unavailable.
01-23 18:39:52.328   749   795 I InputReader: Reconfiguring input devices.  changes=0x00000020
01-23 18:39:52.330   749   749 I MmsServiceBroker: Delay connecting to MmsService until an API is called
01-23 18:39:52.335   749   749 D MountService: onStartUser 0
01-23 18:39:52.335   749   749 D VoldConnector: SND -> {7 volume user_started 0}
01-23 18:39:52.338   231   241 D vold    : Linking /storage/emulated/0 to /mnt/user/0/primary
01-23 18:39:52.342   749   797 D VoldConnector: RCV <- {200 7 Command succeeded}
01-23 18:39:52.346   867   867 D MtpService: onStorageStateChanged /storage/5F4E-035A mounted -> mounted
01-23 18:39:52.368   749   749 W VoiceInteractionManagerService: no available voice interaction services found for user 0
01-23 18:39:52.368   749   749 W VoiceInteractionManagerService: no available voice recognition services found for user 0
01-23 18:39:52.377   749   796 D MountService: Volume public:179_129 broadcasting mounted to UserHandle{0}
01-23 18:39:52.379   749   795 I InputReader: Reconfiguring input devices.  changes=0x00000010
01-23 18:39:52.388   867   867 D MtpService: onStorageStateChanged /storage/emulated/0 mounted -> mounted
01-23 18:39:52.396   749   749 I am_proc_start: [0,1367,10005,org.cyanogenmod.audiofx,added application,org.cyanogenmod.audiofx]
01-23 18:39:52.397   749   749 I ActivityManager: Start proc 1367:org.cyanogenmod.audiofx/u0a5 for added application org.cyanogenmod.audiofx
01-23 18:39:52.419   749   749 I am_proc_start: [0,1372,1027,com.android.nfc,added application,com.android.nfc]
01-23 18:39:52.419   749   749 I ActivityManager: Start proc 1372:com.android.nfc/1027 for added application com.android.nfc
01-23 18:39:52.449   749   749 I am_proc_start: [0,1377,1001,com.android.phone,added application,com.android.phone]
01-23 18:39:52.450   749   749 I ActivityManager: Start proc 1377:com.android.phone/1001 for added application com.android.phone
01-23 18:39:52.459   749   749 I ActivityManager: START u0 {act=android.intent.action.MAIN cat=[android.intent.category.HOME] flg=0x10000000 cmp=com.cyanogenmod.trebuchet/com.android.launcher3.Launcher} from uid 0 on display 0
01-23 18:39:52.467   749   757 E StrictMode: A resource was acquired at attached stack trace but never released. See java.io.Closeable for information on avoiding resource leaks.
01-23 18:39:52.467   749   757 E StrictMode: java.lang.Throwable: Explicit termination method 'close' not called
