01-23 18:38:08.074     1     1 I (1)[1:init]init: write_file: Unable to open '/proc/sys/kernel/sched_compat_yield': No such file or directory
01-23 18:38:08.075     1     1 D (1)[1:init]SELinux: initialized (dev cgroup, type cgroup), uses genfs_contexts
01-23 18:38:08.076     1     1 I (1)[1:init]init: write_file: Unable to write to '/dev/cpuctl/cpu.shares': Invalid argument
01-23 18:38:08.079     1     1 D (1)[1:init]SELinux: initialized (dev pstore, type pstore), uses genfs_contexts
01-23 18:38:08.079     1     1 I (1)[1:init]init: write_file: Unable to open '/proc/sys/abi/swp': No such file or directory
01-23 18:38:08.080     1     1 D (1)[1:init]SELinux: initialized (dev tmpfs, type tmpfs), uses transition SIDs
01-23 18:38:08.080     1     1 D (1)[1:init]SELinux: initialized (dev tmpfs, type tmpfs), uses transition SIDs
01-23 18:38:08.083     1     1 E (1)[1:init]init: /dev/hw_random not found
01-23 18:38:08.084     1     1 E (1)[1:init]BOOTPROF: 2837.507929:INIT:Mount_START
01-23 18:38:08.084   182   182 E (0)[182:init]fs_mgr: Warning: unknown flag resize
01-23 18:38:08.084   182   182 E (0)[182:init]fs_mgr: Warning: unknown flag autoformat
01-23 18:38:08.084   182   182 E (0)[182:init]fs_mgr: Warning: unknown flag autoformat
01-23 18:38:08.084   182   182 E (0)[182:init]fs_mgr: Warning: unknown flag autoformat
01-23 18:38:08.090   182   182 I (0)[182:init]EXT4-fs (mmcblk0p20): mounted filesystem with ordered data mode. Opts: (null)
01-23 18:38:08.090   182   182 D (0)[182:init]SELinux: initialized (dev mmcblk0p20, type ext4), uses xattr
01-23 18:38:08.091   182   182 I (0)[182:init]fs_mgr: __mount(source=/dev/block/platform/mtk-msdc.0/11230000.msdc0/by-name/system,target=/system,type=ext4)=0
01-23 18:38:08.095   182   182 W (0)[182:init]EXT4-fs (mmcblk0p22): Ignoring removed nomblk_io_submit option
01-23 18:38:08.100   182   182 I (0)[182:init]EXT4-fs (mmcblk0p22): mounted filesystem with ordered data mode. Opts: nomblk_io_submit,errors=remount-ro
01-23 18:38:08.100   182   182 D (0)[182:init]SELinux: initialized (dev mmcblk0p22, type ext4), uses xattr
01-23 18:38:08.100   182   182 I (0)[182:init]fs_mgr: check_fs(): mount(/dev/block/platform/mtk-msdc.0/11230000.msdc0/by-name/userdata,/data,ext4)=0: Success
01-23 18:38:08.141   182   182 I (0)[182:init]fs_mgr: check_fs(): unmount(/data) succeeded
01-23 18:38:08.143   182   182 I (0)[182:init]fs_mgr: Running /system/bin/e2fsck on /dev/block/platform/mtk-msdc.0/11230000.msdc0/by-name/userdata
01-23 18:38:08.195   182   182 I (1)[182:init]e2fsck: e2fsck 1.42.9 (28-Dec-2013)
01-23 18:38:08.195   182   182 I (1)[182:init]e2fsck: data: clean, 3217/245760 files, 190879/970624 blocks
01-23 18:38:08.199   182   182 I (1)[182:init]EXT4-fs (mmcblk0p22): mounted filesystem with ordered data mode. Opts: noauto_da_alloc,discard
01-23 18:38:08.199   182   182 D (1)[182:init]SELinux: initialized (dev mmcblk0p22, type ext4), uses xattr
01-23 18:38:08.199   182   182 I (1)[182:init]fs_mgr: __mount(source=/dev/block/platform/mtk-msdc.0/11230000.msdc0/by-name/userdata,target=/data,type=ext4)=0
01-23 18:38:08.202   182   182 W (1)[182:init]EXT4-fs (mmcblk0p21): Ignoring removed nomblk_io_submit option
01-23 18:38:08.205   182   182 I (1)[182:init]EXT4-fs (mmcblk0p21): mounted filesystem with ordered data mode. Opts: nomblk_io_submit,errors=remount-ro
01-23 18:38:08.205   182   182 D (1)[182:init]SELinux: initialized (dev mmcblk0p21, type ext4), uses xattr
01-23 18:38:08.205   182   182 I (1)[182:init]fs_mgr: check_fs(): mount(/dev/block/platform/mtk-msdc.0/11230000.msdc0/by-name/cache,/cache,ext4)=0: Success
01-23 18:38:08.241   182   182 I (0)[182:init]fs_mgr: check_fs(): unmount(/cache) succeeded
01-23 18:38:08.241   182   182 I (0)[182:init]fs_mgr: Running /system/bin/e2fsck on /dev/block/platform/mtk-msdc.0/11230000.msdc0/by-name/cache
01-23 18:38:08.268    56    56 D         : (1)[56:cfinteractive][name:mt_cpufreq&][Power/cpufreq] @_mt_cpufreq_set_locked(): Vproc = 1075mv, freq = 858000 KHz
01-23 18:38:08.334   182   182 I (1)[182:init]e2fsck: e2fsck 1.42.9 (28-Dec-2013)
01-23 18:38:08.334   182   182 I (1)[182:init]e2fsck: cache: clean, 23/25600 files, 3359/102400 blocks
01-23 18:38:08.338   182   182 I (0)[182:init]EXT4-fs (mmcblk0p21): mounted filesystem with ordered data mode. Opts: noauto_da_alloc,discard
01-23 18:38:08.338   182   182 D (0)[182:init]SELinux: initialized (dev mmcblk0p21, type ext4), uses xattr
01-23 18:38:08.339   182   182 I (0)[182:init]fs_mgr: __mount(source=/dev/block/platform/mtk-msdc.0/11230000.msdc0/by-name/cache,target=/cache,type=ext4)=0
01-23 18:38:08.342   182   182 W (0)[182:init]EXT4-fs (mmcblk0p3): Ignoring removed nomblk_io_submit option
01-23 18:38:08.344   182   182 I (1)[182:init]EXT4-fs (mmcblk0p3): mounted filesystem with ordered data mode. Opts: nomblk_io_submit,errors=remount-ro
01-23 18:38:08.344   182   182 D (1)[182:init]SELinux: initialized (dev mmcblk0p3, type ext4), uses xattr
01-23 18:38:08.344   182   182 I (1)[182:init]fs_mgr: check_fs(): mount(/dev/block/platform/mtk-msdc.0/11230000.msdc0/by-name/protect1,/protect_f,ext4)=0: Success
01-23 18:38:08.348    56    56 D         : (1)[56:cfinteractive][name:mt_cpufreq&][Power/cpufreq] @_mt_cpufreq_set_locked(): Vproc = 1012mv, freq = 364000 KHz
01-23 18:38:08.382   182   182 I (1)[182:init]fs_mgr: check_fs(): unmount(/protect_f) succeeded
01-23 18:38:08.382   182   182 I (1)[182:init]fs_mgr: Running /system/bin/e2fsck on /dev/block/platform/mtk-msdc.0/11230000.msdc0/by-name/protect1
01-23 18:38:08.408    56    56 D         : (0)[56:cfinteractive][name:mt_cpufreq&][Power/cpufreq] @_mt_cpufreq_set_locked(): Vproc = 1243mv, freq = 1248000 KHz
01-23 18:38:08.422   182   182 I (0)[182:init]e2fsck: e2fsck 1.42.9 (28-Dec-2013)
01-23 18:38:08.422   182   182 I (0)[182:init]e2fsck: /dev/block/platform/mtk-msdc.0/11230000.msdc0/by-name/protect1: clean, 16/640 files, 1084/2560 blocks
01-23 18:38:08.424   182   182 I (1)[182:init]EXT4-fs (mmcblk0p3): mounted filesystem with ordered data mode. Opts: noauto_da_alloc,commit=1,nodelalloc
01-23 18:38:08.424   182   182 D (1)[182:init]SELinux: initialized (dev mmcblk0p3, type ext4), uses xattr
01-23 18:38:08.424   182   182 I (1)[182:init]fs_mgr: __mount(source=/dev/block/platform/mtk-msdc.0/11230000.msdc0/by-name/protect1,target=/protect_f,type=ext4)=0
01-23 18:38:08.427   182   182 W (1)[182:init]EXT4-fs (mmcblk0p4): Ignoring removed nomblk_io_submit option
01-23 18:38:08.429   182   182 I (1)[182:init]EXT4-fs (mmcblk0p4): mounted filesystem with ordered data mode. Opts: nomblk_io_submit,errors=remount-ro
01-23 18:38:08.429   182   182 D (1)[182:init]SELinux: initialized (dev mmcblk0p4, type ext4), uses xattr
01-23 18:38:08.429   182   182 I (1)[182:init]fs_mgr: check_fs(): mount(/dev/block/platform/mtk-msdc.0/11230000.msdc0/by-name/protect2,/protect_s,ext4)=0: Success
01-23 18:38:08.470   182   182 I (0)[182:init]fs_mgr: check_fs(): unmount(/protect_s) succeeded
01-23 18:38:08.470   182   182 I (0)[182:init]fs_mgr: Running /system/bin/e2fsck on /dev/block/platform/mtk-msdc.0/11230000.msdc0/by-name/protect2
01-23 18:38:08.491   182   182 I (1)[182:init]e2fsck: e2fsck 1.42.9 (28-Dec-2013)
01-23 18:38:08.491   182   182 I (1)[182:init]e2fsck: /dev/block/platform/mtk-msdc.0/11230000.msdc0/by-name/protect2: clean, 15/640 files, 1083/2560 blocks
01-23 18:38:08.494   182   182 I (1)[182:init]EXT4-fs (mmcblk0p4): mounted filesystem with ordered data mode. Opts: noauto_da_alloc,commit=1,nodelalloc
01-23 18:38:08.494   182   182 D (1)[182:init]SELinux: initialized (dev mmcblk0p4, type ext4), uses xattr
01-23 18:38:08.494   182   182 I (1)[182:init]fs_mgr: __mount(source=/dev/block/platform/mtk-msdc.0/11230000.msdc0/by-name/protect2,target=/protect_s,type=ext4)=0
01-23 18:38:08.497   182   182 W (1)[182:init]EXT4-fs (mmcblk0p18): Ignoring removed nomblk_io_submit option
01-23 18:38:08.500   182   182 I (1)[182:init]EXT4-fs (mmcblk0p18): mounted filesystem with ordered data mode. Opts: nomblk_io_submit,errors=remount-ro
01-23 18:38:08.500   182   182 D (1)[182:init]SELinux: initialized (dev mmcblk0p18, type ext4), uses xattr
01-23 18:38:08.500   182   182 I (1)[182:init]fs_mgr: check_fs(): mount(/dev/block/platform/mtk-msdc.0/11230000.msdc0/by-name/nvdata,/nvdata,ext4)=0: Success
01-23 18:38:08.531   182   182 I (0)[182:init]fs_mgr: check_fs(): unmount(/nvdata) succeeded
01-23 18:38:08.531   182   182 I (0)[182:init]fs_mgr: Running /system/bin/e2fsck on /dev/block/platform/mtk-msdc.0/11230000.msdc0/by-name/nvdata
01-23 18:38:08.533    87    87 I (0)[87:hps_main]CPU1: shutdown
01-23 18:38:08.533    87    87 W         : (0)[87:hps_main][Power/hotplug] mt_cpu_kill, cpu: 1
01-23 18:38:08.534    87    87 W         : (0)[87:hps_main][HPS] (0200)(2)action end(43)(36)(0)(0) (4)(4)(4)(4)(1) (118)(8)(0) (672)(8)(0) (0)(36)(8)(0)(36) wifi_base(0)
01-23 18:38:08.548    59    59 E         : (0)[59:kworker/0:1]get expdb info
01-23 18:38:08.563   182   182 I (0)[182:init]e2fsck: e2fsck 1.42.9 (28-Dec-2013)
01-23 18:38:08.563   182   182 I (0)[182:init]e2fsck: /dev/block/platform/mtk-msdc.0/11230000.msdc0/by-name/nvdata: clean, 482/2048 files, 1733/8192 blocks
01-23 18:38:08.568   182   182 I (0)[182:init]EXT4-fs (mmcblk0p18): mounted filesystem with ordered data mode. Opts: noauto_da_alloc,discard
01-23 18:38:08.568   182   182 D (0)[182:init]SELinux: initialized (dev mmcblk0p18, type ext4), uses xattr
01-23 18:38:08.568   182   182 I (0)[182:init]fs_mgr: __mount(source=/dev/block/platform/mtk-msdc.0/11230000.msdc0/by-name/nvdata,target=/nvdata,type=ext4)=0
01-23 18:38:08.570     1     1 E (0)[1:init]init: Warning!  Service exec 0 (/system/bin/tune2fs) needs a SELinux domain defined; please fix!
01-23 18:38:08.570     1     1 I (0)[1:init]init: Starting service 'exec 0 (/system/bin/tune2fs)'...
01-23 18:38:08.634    87    87 W         : (0)[87:hps_main][Power/hotplug] mt_smp_boot_secondary, cpu: 1
01-23 18:38:08.635     0     0 W -(1)[0:swapper/1]CPU1: Booted secondary processor
01-23 18:38:08.635     0     0 W         : -(1)[0:swapper/1][Power/hotplug] platform_secondary_init, cpu: 1
01-23 18:38:08.635     0     0 I -(1)[0:swapper/1]CPU1: update cpu_capacity 1024
01-23 18:38:08.635     0     0 I -(1)[0:swapper/1]CPU1: thread -1, cpu 1, socket 0, mpidr 80000001
01-23 18:38:08.635    87    87 W         : (0)[87:hps_main][HPS] (0020)(1)action end(99)(190)(0)(0) (4)(4)(4)(4)(1) (0)(0)(0) (0)(0)(0) (1)(190)(1)(0)(190) wifi_base(0)
01-23 18:38:08.635    87    87 W         : (0)[87:hps_main][HPS] (0020)(1)DBG_HRT(99)(190)(0)(0) (4)(4)(4)(4)(1) (0)(0)(0) (0)(0)(0) (0)(0)(0)(0)(190) wifi_base(0)
01-23 18:38:08.656     1     1 I (1)[1:init]init: Service 'exec 0 (/system/bin/tune2fs)' (pid 211) exited with status 0
01-23 18:38:08.656     1     1 I (1)[1:init]init: Starting service 'exec 1 (/system/bin/chmod)'...
01-23 18:38:08.691     1     1 I (1)[1:init]init: Service 'exec 1 (/system/bin/chmod)' (pid 212) exited with status 0
01-23 18:38:08.691     1     1 I (1)[1:init]init: Starting service 'exec 2 (/system/bin/chown)'...
01-23 18:38:08.720     1     1 I (1)[1:init]init: Service 'exec 2 (/system/bin/chown)' (pid 213) exited with status 0
01-23 18:38:08.720     1     1 I (1)[1:init]init: Starting service 'exec 3 (/system/bin/chmod)'...
01-23 18:38:08.749     1     1 I (1)[1:init]init: Service 'exec 3 (/system/bin/chmod)' (pid 214) exited with status 0
01-23 18:38:08.750     1     1 I (1)[1:init]init: Starting service 'exec 4 (/system/bin/chown)'...
01-23 18:38:08.779     1     1 I (1)[1:init]init: Service 'exec 4 (/system/bin/chown)' (pid 215) exited with status 0
01-23 18:38:08.779     1     1 I (1)[1:init]init: Starting service 'exec 5 (/system/bin/chmod)'...
01-23 18:38:08.808     1     1 I (1)[1:init]init: Service 'exec 5 (/system/bin/chmod)' (pid 216) exited with status 0
01-23 18:38:08.808     1     1 I (1)[1:init]init: Starting service 'exec 6 (/system/bin/chown)'...
01-23 18:38:08.836    87    87 W         : (0)[87:hps_main][Power/hotplug] mt_smp_boot_secondary, cpu: 2
01-23 18:38:08.836     0     0 W -(2)[0:swapper/2]CPU2: Booted secondary processor
01-23 18:38:08.836     0     0 W         : -(2)[0:swapper/2][Power/hotplug] platform_secondary_init, cpu: 2
01-23 18:38:08.836     0     0 I -(2)[0:swapper/2]CPU2: update cpu_capacity 1024
01-23 18:38:08.836     0     0 I -(2)[0:swapper/2]CPU2: thread -1, cpu 2, socket 0, mpidr 80000002
01-23 18:38:08.836    87    87 W         : (0)[87:hps_main][HPS] (0080)(2)action end(197)(199)(0)(0) (4)(4)(4)(4)(1) (393)(2)(0) (196)(1)(1) (1)(199)(2)(0)(199) wifi_base(0)
01-23 18:38:08.838     1     1 I (1)[1:init]init: Service 'exec 6 (/system/bin/chown)' (pid 217) exited with status 0
01-23 18:38:08.838     1     1 I (1)[1:init]init: Starting service 'exec 7 (/system/bin/chmod)'...
01-23 18:38:08.867     1     1 I (1)[1:init]init: Service 'exec 7 (/system/bin/chmod)' (pid 218) exited with status 0
01-23 18:38:08.867     1     1 I (1)[1:init]init: Starting service 'exec 8 (/system/bin/chown)'...
01-23 18:38:08.895     1     1 I (1)[1:init]init: Service 'exec 8 (/system/bin/chown)' (pid 219) exited with status 0
01-23 18:38:08.896     1     1 I (1)[1:init]init: Starting service 'exec 9 (/system/bin/chmod)'...
01-23 18:38:08.924     1     1 I (1)[1:init]init: Service 'exec 9 (/system/bin/chmod)' (pid 220) exited with status 0
01-23 18:38:08.925     1     1 I (1)[1:init]init: Starting service 'exec 10 (/system/bin/chown)'...
01-23 18:38:08.953     1     1 I (1)[1:init]init: Service 'exec 10 (/system/bin/chown)' (pid 221) exited with status 0
01-23 18:38:08.954     1     1 I (1)[1:init]init: Starting service 'exec 11 (/system/bin/chmod)'...
01-23 18:38:08.982     1     1 I (1)[1:init]init: Service 'exec 11 (/system/bin/chmod)' (pid 222) exited with status 1
01-23 18:38:08.982     1     1 I (1)[1:init]init: Starting service 'exec 12 (/system/bin/chown)'...
01-23 18:38:09.011     1     1 I (1)[1:init]init: Service 'exec 12 (/system/bin/chown)' (pid 223) exited with status 1
01-23 18:38:09.011     1     1 I (1)[1:init]init: Starting service 'exec 13 (/system/bin/chmod)'...
01-23 18:38:09.040     1     1 I (1)[1:init]init: Service 'exec 13 (/system/bin/chmod)' (pid 224) exited with status 0
01-23 18:38:09.040     1     1 I (1)[1:init]init: Starting service 'exec 14 (/system/bin/chown)'...
01-23 18:38:09.069     1     1 I (1)[1:init]init: Service 'exec 14 (/system/bin/chown)' (pid 225) exited with status 0
01-23 18:38:09.069     1     1 I (1)[1:init]init: Starting service 'exec 15 (/system/bin/chmod)'...
01-23 18:38:09.098     1     1 I (1)[1:init]init: Service 'exec 15 (/system/bin/chmod)' (pid 226) exited with status 0
01-23 18:38:09.098     1     1 I (1)[1:init]init: Starting service 'exec 16 (/system/bin/chown)'...
01-23 18:38:09.127     1     1 I (1)[1:init]init: Service 'exec 16 (/system/bin/chown)' (pid 227) exited with status 0
01-23 18:38:09.127     1     1 I (1)[1:init]init: Starting service 'exec 17 (/system/bin/chmod)'...
01-23 18:38:09.156     1     1 I (1)[1:init]init: Service 'exec 17 (/system/bin/chmod)' (pid 228) exited with status 0
01-23 18:38:09.156     1     1 I (1)[1:init]init: Starting service 'exec 18 (/system/bin/chown)'...
01-23 18:38:09.185     1     1 I (1)[1:init]init: Service 'exec 18 (/system/bin/chown)' (pid 229) exited with status 0
01-23 18:38:09.185     1     1 E (1)[1:init]BOOTPROF: 3938.682932:INIT:Mount_END
01-23 18:38:09.185     1     1 I (1)[1:init]init: Starting service 'logd'...
01-23 18:38:09.203     1     1 E (1)[1:init]init: property_set("ro.hardware", "mt6737m") failed
01-23 18:38:09.204     1     1 E (1)[1:init]init: property_set("ro.sf.lcd_density", "320") failed
01-23 18:38:09.211     1     1 I (1)[1:init]init: (Loading properties from /system/build.prop took 0.01s.)
01-23 18:38:09.211     1     1 I (1)[1:init]init: (Loading properties from /vendor/build.prop took 0.00s.)
01-23 18:38:09.211     1     1 I (1)[1:init]init: (Loading properties from /factory/factory.prop took 0.00s.)
01-23 18:38:09.211     1     1 E (1)[1:init]fs_mgr: Warning: unknown flag resize
01-23 18:38:09.211     1     1 E (1)[1:init]fs_mgr: Warning: unknown flag autoformat
01-23 18:38:09.211     1     1 E (1)[1:init]fs_mgr: Warning: unknown flag autoformat
01-23 18:38:09.211     1     1 E (1)[1:init]fs_mgr: Warning: unknown flag autoformat
01-23 18:38:09.211     1     1 E (1)[1:init]init: /recovery not specified in fstab
01-23 18:38:09.214     1     1 I (1)[1:init]init: Starting service 'vold'...
01-23 18:38:09.216     1     1 I (1)[1:init]init: Not bootcharting.
01-23 18:38:09.225   230   230 E         : (0)[230:logd][KL_ENV]File open return fail,result=-13,file=fffffff3
01-23 18:38:09.225   230   230 E         : (0)[230:logd][KL_ENV]read_env_area fail
01-23 18:38:09.225   230   230 E         : (0)[230:logd][KL_ENV]File open return fail,result=-13,file=fffffff3
01-23 18:38:09.225   230   230 E         : (0)[230:logd][KL_ENV]read_env_area fail
01-23 18:38:09.225   230   230 E         : (0)[230:logd][KL_ENV]File open return fail,result=-13,file=fffffff3
01-23 18:38:09.225   230   230 E         : (0)[230:logd][KL_ENV]read_env_area fail
01-23 18:38:09.225   230   230 E         : (0)[230:logd][KL_ENV]File open return fail,result=-13,file=fffffff3
01-23 18:38:09.225   230   230 E         : (0)[230:logd][KL_ENV]read_env_area fail
01-23 18:38:09.226   230   230 E         : (0)[230:logd][KL_ENV]File open return fail,result=-13,file=fffffff3
01-23 18:38:09.226   230   230 E         : (0)[230:logd][KL_ENV]read_env_area fail
01-23 18:38:09.226   230   230 E         : (0)[230:logd][KL_ENV]File open return fail,result=-13,file=fffffff3
01-23 18:38:09.226   230   230 E         : (0)[230:logd][KL_ENV]read_env_area fail
01-23 18:38:09.226   230   230 E         : (0)[230:logd][KL_ENV]File open return fail,result=-13,file=fffffff3
01-23 18:38:09.226   230   230 E         : (0)[230:logd][KL_ENV]read_env_area fail
01-23 18:38:09.226   230   230 E         : (0)[230:logd][KL_ENV]File open return fail,result=-13,file=fffffff3
01-23 18:38:09.226   230   230 E         : (0)[230:logd][KL_ENV]read_env_area fail
01-23 18:38:09.226   230   230 E         : (0)[230:logd][KL_ENV]File open return fail,result=-13,file=fffffff3
01-23 18:38:09.226   230   230 E         : (0)[230:logd][KL_ENV]read_env_area fail
01-23 18:38:09.226   230   230 E         : (0)[230:logd][KL_ENV]File open return fail,result=-13,file=fffffff3
01-23 18:38:09.226   230   230 E         : (0)[230:logd][KL_ENV]read_env_area fail
01-23 18:38:09.227   230   230 E         : (0)[230:logd][KL_ENV]File open return fail,result=-13,file=fffffff3
01-23 18:38:09.227   230   230 E         : (0)[230:logd][KL_ENV]read_env_area fail
01-23 18:38:09.227   230   230 E         : (0)[230:logd][KL_ENV]File open return fail,result=-13,file=fffffff3
01-23 18:38:09.227   230   230 E         : (0)[230:logd][KL_ENV]read_env_area fail
01-23 18:38:09.228   230   230 I (0)[230:logd]logd.auditd: start
01-23 18:38:09.247     1     1 I -(0)[1:init]SELinux: Context u:object_r:lost_found_data_file:s0 is not valid (left unmapped).
--------- beginning of system
01-23 18:38:09.319   231   231 I vold    : Vold 3.0 (the awakening) firing up
01-23 18:38:09.320   231   231 V vold    : Detected support for: exfat ext4 ntfs vfat
01-23 18:38:09.330   231   231 W Vold    : Tearing down stale mount /storage/usbotg
01-23 18:38:09.330   231   231 W Vold    : Tearing down stale mount /mnt/media_rw
01-23 18:38:09.378   231   231 E (1)[231:vold]fs_mgr: Warning: unknown flag resize
01-23 18:38:09.378   231   231 E (1)[231:vold]fs_mgr: Warning: unknown flag autoformat
01-23 18:38:09.378   231   231 E (1)[231:vold]fs_mgr: Warning: unknown flag autoformat
01-23 18:38:09.378   231   231 E (1)[231:vold]fs_mgr: Warning: unknown flag autoformat
01-23 18:38:09.461     1     1 I (2)[1:init]init: Starting service 'exec 19 (/system/bin/tzdatacheck)'...
01-23 18:38:09.477   231   239 V vold    : /system/bin/sgdisk
01-23 18:38:09.477   231   239 V vold    :     --android-dump
01-23 18:38:09.477   231   239 V vold    :     /dev/block/vold/disk:179_128
01-23 18:38:09.501     1     1 I (2)[1:init]init: Service 'exec 19 (/system/bin/tzdatacheck)' (pid 240) exited with status 0
01-23 18:38:09.531   181   181 I (1)[181:ueventd]ueventd: Linking partition 'Microsoft basic data' as 'Microsoft_basic_data'
01-23 18:38:09.537     1     1 I (2)[1:init]init: write_file: Unable to open '/sys/class/misc/md32/md32_boot': No such file or directory
01-23 18:38:09.563     1     1 I (2)[1:init]init: Starting service 'exec 20 (/system/bin/rm)'...
01-23 18:38:09.571   231   239 V vold    : DISK gpt CBC83FD9-4235-4453-8D69-6B98D2518C8B
01-23 18:38:09.571   231   239 V vold    : PART 1 EBD0A0A2-B9E5-4433-87C0-68B6B72699C7 6364D990-56C9-45B7-991C-554740580B3D Microsoft basic data
01-23 18:38:09.593     1     1 I (2)[1:init]init: Service 'exec 20 (/system/bin/rm)' (pid 244) exited with status 0
01-23 18:38:09.605     1     1 I (2)[1:init]init: Starting service 'sysinit'...
01-23 18:38:09.606     1     1 I (2)[1:init]init: (Loading properties from /data/local.prop took 0.00s.)
01-23 18:38:09.606     1     1 I (2)[1:init]random: init urandom read with 25 bits of entropy available
01-23 18:38:09.877     1     1 I (2)[1:init]init: Starting service 'logd-reinit'...
01-23 18:38:09.882     1     1 I (2)[1:init]init: Starting service 'healthd'...
01-23 18:38:09.883     1     1 I (2)[1:init]init: Starting service 'lmkd'...
01-23 18:38:09.884     1     1 I (2)[1:init]init: Starting service 'servicemanager'...
01-23 18:38:09.889     1     1 I (2)[1:init]init: Starting service 'surfaceflinger'...
01-23 18:38:09.890     1     1 E (2)[1:init]init: cannot find '/system/bin/boot_logo_updater', disabling 'bootlogoupdater'
01-23 18:38:09.890     1     1 E (2)[1:init]init: cannot find '/system/bin/autokd', disabling 'autokd'
01-23 18:38:09.890     1     1 E (2)[1:init]init: cannot find '/system/bin/sbchk', disabling 'sbchk'
01-23 18:38:09.891     1     1 I (2)[1:init]init: Starting service 'wmtLoader'...
01-23 18:38:09.892     1     1 I (2)[1:init]init: Starting service 'conn_launcher'...
01-23 18:38:09.899     1     1 I (2)[1:init]init: Starting service 'ccci_fsd'...
01-23 18:38:09.900     1     1 I (2)[1:init]init: Starting service 'ccci_mdinit'...
01-23 18:38:09.901     1     1 E (2)[1:init]init: cannot find '/system/bin/ccci_rpcd', disabling 'ccci_rpcd'
01-23 18:38:09.901     1     1 I (2)[1:init]init: Starting service 'terservice'...
01-23 18:38:09.906     1     1 E (2)[1:init]init: property 'ro.boot.psn' doesn't exist while expanding '${ro.boot.psn}'
01-23 18:38:09.906     1     1 E (2)[1:init]init: cannot expand '${ro.boot.psn}' while assigning to 'ro.meizu.hardware.psn'
01-23 18:38:09.944     1     1 E (2)[1:init]init: SELinux: Could not get canonical path /sys/block/sda/queue/scheduler restorecon: No such file or directory.
01-23 18:38:09.944     1     1 E (2)[1:init]init: SELinux: Could not get canonical path /sys/block/sde/queue/scheduler restorecon: No such file or directory.
01-23 18:38:09.944     1     1 E (2)[1:init]init: SELinux: Could not get canonical path /sys/block/dm-0/queue/scheduler restorecon: No such file or directory.
01-23 18:38:09.946     1     1 I (2)[1:init]init: Starting service 'console'...
01-23 18:38:09.947     1     1 E (2)[1:init]init: using deprecated syntax for specifying property 'persist.sys.usb.config', use ${name} instead
01-23 18:38:09.947     1     1 I (2)[1:init]init: Starting service 'netd'...
01-23 18:38:09.954   254   254 I (2)[254:healthd]binder: 254:254 binder_context_mgr_node is NULL
01-23 18:38:09.955   254   254 I (2)[254:healthd]binder: 254:254 transaction failed 29189, size 0-0
01-23 18:38:09.955   254   254 E (2)[254:healthd]binder: read put err 29189 to user b6bfe008, thread error 29189:29185
01-23 18:38:09.982   232   232 I (1)[232:logd.daemon]logd.daemon: reinit
01-23 18:38:09.983     1     1 E         : (2)[1:init][1:init] fork fail retval:0xfffffdff
01-23 18:38:09.983     1     1 E         : (2)[1:init][1:init] fork fail:[fffffdff, -513]
01-23 18:38:09.984     1     1 I (2)[1:init]init: Starting service 'debuggerd'...
01-23 18:38:09.985     1     1 E (2)[1:init]init: cannot find '/system/bin/debuggerd64', disabling 'debuggerd64'
01-23 18:38:10.010     1     1 I (2)[1:init]init: Starting service 'drm'...
01-23 18:38:10.014     1     1 I (2)[1:init]init: Starting service 'media'...
01-23 18:38:10.016     1     1 I (2)[1:init]init: Starting service 'installd'...
01-23 18:38:10.017     1     1 I (2)[1:init]init: Starting service 'keystore'...
01-23 18:38:10.023     1     1 I (2)[1:init]init: Starting service 'mobile_log_d'...
01-23 18:38:10.024     1     1 E (2)[1:init]init: cannot find '/system/bin/met_log_d', disabling 'met_log_d'
01-23 18:38:10.024     1     1 I (2)[1:init]init: Starting service 'netdiag'...
01-23 18:38:10.031   258   258 E (0)[258:wmt_loader][WMT-DETECT][I]wmt_detect_open: open major 154 minor 0 (pid 258)
01-23 18:38:10.031   258   258 E (0)[258:wmt_loader][WMT-DETECT][I]wmt_detect_unlocked_ioctl: cmd (1074034433),arg(821)
01-23 18:38:10.031   258   258 W         : (0)[258:wmt_loader]set current consys chipid (0x335)
01-23 18:38:10.031   258   258 E (0)[258:wmt_loader][WMT-DETECT][I]wmt_detect_unlocked_ioctl: cmd (-2147191035),arg(26421)
01-23 18:38:10.038    87    87 W         : (0)[87:hps_main][Power/hotplug] mt_smp_boot_secondary, cpu: 3
01-23 18:38:10.038     0     0 W -(3)[0:swapper/3]CPU3: Booted secondary processor
01-23 18:38:10.038     0     0 W         : -(3)[0:swapper/3][Power/hotplug] platform_secondary_init, cpu: 3
01-23 18:38:10.038     0     0 I -(3)[0:swapper/3]CPU3: update cpu_capacity 1024
01-23 18:38:10.038     0     0 I -(3)[0:swapper/3]CPU3: thread -1, cpu 3, socket 0, mpidr 80000003
01-23 18:38:10.039    87    87 W         : (0)[87:hps_main][HPS] (0020)(3)action end(300)(1504)(0)(0) (4)(4)(4)(4)(1) (495)(11)(1) (1805)(11)(3) (1)(1504)(12)(0)(1504) wifi_base(0)
01-23 18:38:10.039   258   258 E (0)[258:wmt_loader][SDIO-DETECT][I]sdio_detect_exit: sdio_unregister_driver
01-23 18:38:10.039   258   258 E (0)[258:wmt_loader][WMT-DETECT][I]wmt_detect_unlocked_ioctl: cmd (-2147191036),arg(26421)
01-23 18:38:10.039   258   258 E (0)[258:wmt_loader][WMT-MOD-INIT][I]do_common_drv_init: start to do common driver init, chipid:0x00006735
01-23 18:38:10.041     1     1 I (2)[1:init]init: Starting service 'nvram_daemon'...
01-23 18:38:10.043     1     1 I (2)[1:init]init: Starting service 'pq'...
01-23 18:38:10.044     1     1 E (2)[1:init]init: cannot find '/system/bin/aal', disabling 'aal'
01-23 18:38:10.044     1     1 E (2)[1:init]init: cannot find '/system/bin/dm_agent_binder', disabling 'DMAgent'
01-23 18:38:10.044     1     1 E (2)[1:init]init: Warning!  Service PPLAgent needs a SELinux domain defined; please fix!
01-23 18:38:10.044     1     1 I (2)[1:init]init: Starting service 'PPLAgent'...
01-23 18:38:10.045     1     1 E (2)[1:init]init: cannot find '/system/bin/vtservice', disabling 'vtservice'
01-23 18:38:10.045     1     1 E (2)[1:init]init: cannot find '/system/bin/cmmbsp', disabling 'cmmb'
01-23 18:38:10.045     1     1 E (2)[1:init]init: cannot find '/system/bin/dbus-daemon', disabling 'dbus'
01-23 18:38:10.046     1     1 I (2)[1:init]init: Starting service 'agpsd'...
01-23 18:38:10.047     1     1 I (2)[1:init]init: Starting service 'wifi2agps'...
01-23 18:38:10.088     1     1 I (2)[1:init]init: Starting service 'mnld'...
01-23 18:38:10.089     1     1 E (2)[1:init]init: cannot find '/system/bin/extmdlogger', disabling 'extmdlogger'
01-23 18:38:10.089     1     1 E (2)[1:init]init: cannot find '/system/bin/GoogleOtaBinder', disabling 'GoogleOtaAgent'
01-23 18:38:10.089     1     1 I (2)[1:init]init: Starting service 'msensord'...
01-23 18:38:10.090     1     1 E (2)[1:init]init: Warning!  Service NvRAMAgent needs a SELinux domain defined; please fix!
01-23 18:38:10.090     1     1 I (2)[1:init]init: Starting service 'NvRAMAgent'...
01-23 18:38:10.092     1     1 I (2)[1:init]init: Starting service 'thermal_manager'...
01-23 18:38:10.093     1     1 E (2)[1:init]init: Warning!  Service thermal needs a SELinux domain defined; please fix!
01-23 18:38:10.093     1     1 I (2)[1:init]init: Starting service 'thermal'...
01-23 18:38:10.094     1     1 E (2)[1:init]init: Warning!  Service thermald needs a SELinux domain defined; please fix!
01-23 18:38:10.094     1     1 I (2)[1:init]init: Starting service 'thermald'...
01-23 18:38:10.095     1     1 E (2)[1:init]init: cannot find '/system/bin/poad', disabling 'poad'
01-23 18:38:10.095     1     1 E (2)[1:init]init: cannot find '/system/bin/batterywarning', disabling 'batterywarning'
01-23 18:38:10.095     1     1 E (2)[1:init]init: cannot find '/system/bin/br_app_data_service', disabling 'backuprestore'
01-23 18:38:10.095     1     1 E (2)[1:init]init: Warning!  Service MtkCodecService needs a SELinux domain defined; please fix!
01-23 18:38:10.095     1     1 I (2)[1:init]init: Starting service 'MtkCodecService'...
01-23 18:38:10.096     1     1 E (2)[1:init]init: Warning!  Service guiext-server needs a SELinux domain defined; please fix!
01-23 18:38:10.096     1     1 I (2)[1:init]init: Starting service 'guiext-server'...
01-23 18:38:10.097     1     1 E (2)[1:init]init: cannot find '/system/bin/dongled', disabling 'usbdongled'
01-23 18:38:10.111     1     1 I (2)[1:init]init: Starting service 'zygote'...
01-23 18:38:10.113   260   260 E         : (1)[260:ccci_fsd][md1]port ccci_fs open with flag 20002 by ccci_fsd
01-23 18:38:10.124     1     1 I (2)[1:init]init: Service 'logd-reinit' (pid 253) exited with status 0
01-23 18:38:10.138     1     1 I (2)[1:init]init: Service 'terservice' (pid 262) exited with status 0
01-23 18:38:10.139    87    87 W         : (0)[87:hps_main][HPS] (0000)(4)DBG_HRT(399)(2493)(303)(0) (4)(4)(4)(4)(1) (0)(0)(0) (399)(1)(1) (1)(2493)(1)(0)(2493) wifi_base(0)
01-23 18:38:10.150     1     1 I (2)[1:init]init: Starting service 'gatekeeperd'...
01-23 18:38:10.151     1     1 I (2)[1:init]init: Starting service 'perfprofd'...
01-23 18:38:10.152     1     1 E (2)[1:init]init: Warning!  Service enableswap needs a SELinux domain defined; please fix!
01-23 18:38:10.152     1     1 I (2)[1:init]init: Starting service 'enableswap'...
01-23 18:38:10.153     1     1 E (2)[1:init]init: cannot find '/system/bin/mtkbt', disabling 'mtkbt'
01-23 18:38:10.154     1     1 E (2)[1:init]init: Warning!  Service sn needs a SELinux domain defined; please fix!
01-23 18:38:10.154     1     1 I (2)[1:init]init: Starting service 'sn'...
01-23 18:38:10.155     1     1 E (2)[1:init]init: Warning!  Service program_binary needs a SELinux domain defined; please fix!
01-23 18:38:10.155     1     1 I (2)[1:init]init: Starting service 'program_binary'...
01-23 18:38:10.157     1     1 E (2)[1:init]init: cannot find '/system/bin/atci_service', disabling 'atci_service'
01-23 18:38:10.157     1     1 E (2)[1:init]init: cannot find '/system/bin/atcid', disabling 'atcid-daemon-e'
01-23 18:38:10.157     1     1 E (2)[1:init]init: Warning!  Service emsvr needs a SELinux domain defined; please fix!
01-23 18:38:10.157     1     1 I (2)[1:init]init: Starting service 'emsvr'...
01-23 18:38:10.173   258   258 W         : (0)[258:wmt_loader][HIB/SwSuspHlper] reg. func 6:0xc04c5d04 with device    (null)
01-23 18:38:10.198   258   258 E (0)[258:wmt_loader][CONN-MD-DFT][W]conn_md_add_user: uid (0x80000003) is added to user list successfully
01-23 18:38:10.198   258   258 E (0)[258:wmt_loader][WMT-MOD-INIT][I]do_common_drv_init: finish common driver init
01-23 18:38:10.198   258   258 E (0)[258:wmt_loader][BT-MOD-INIT][I]do_bluetooth_drv_init: start to do bluetooth driver init
01-23 18:38:10.208   258   258 W (0)[258:wmt_loader][MTK-BT] BT_init: mtk_stp_BT_chrdev driver(major 192) installed
01-23 18:38:10.208   258   258 E (0)[258:wmt_loader][BT-MOD-INIT][I]do_bluetooth_drv_init: finish bluetooth driver init, i_ret:0
01-23 18:38:10.208   258   258 E (0)[258:wmt_loader][GPS-MOD-INIT][I]do_gps_drv_init: start to do gps driver init
01-23 18:38:10.208   258   258 W         : (0)[258:wmt_loader]mtk_stp_GPS_chrdev driver(major 191) installed.
01-23 18:38:10.208   258   258 E (0)[258:wmt_loader][GPS-MOD-INIT][I]do_gps_drv_init: finish gps driver init, i_ret:0
01-23 18:38:10.208   258   258 E (0)[258:wmt_loader][FM-MOD-INIT][I]do_fm_drv_init: start to do fm module init
01-23 18:38:10.208   258   258 E         : (0)[258:wmt_loader][FM_NTC | MAIN]fm_env_setup
01-23 18:38:10.208   258   258 E         : (0)[258:wmt_loader][FM_NTC | MAIN]1. fm callback registered
01-23 18:38:10.208   258   258 E         : (0)[258:wmt_loader][FM_NTC | MAIN]2. fm low ops registered
01-23 18:38:10.208   258   258 E         : (0)[258:wmt_loader][FM_NTC | MAIN]3. fm rds ops registered
01-23 18:38:10.208   258   258 E         : (0)[258:wmt_loader][FM_NTC | MAIN]4. fm locks created
01-23 18:38:10.208   258   258 E         : (0)[258:wmt_loader][FM_NTC | MAIN]5. fm timer created
01-23 18:38:10.208   258   258 E link setup: <3>[    4.962233]  (0)[258
01-23 18:38:10.208   258   258 E         : (0)[258:wmt_loader][FM_NTC | LINK]cmd_fifo created
01-23 18:38:10.208   258   258 E         : (0)[258:wmt_loader][FM_NTC | LINK]evt_fifo created
01-23 18:38:10.209   258   258 E         : (0)[258:wmt_loader][FM_NTC | MAIN]mt_fm_probe
01-23 18:38:10.210     1     1 I (2)[1:init]init: Starting service 'exec 21 (/system/bin/logcat)'...
01-23 18:38:10.239   258   258 E         : (0)[258:wmt_loader][FM_NTC | MAIN]MT6627 FM default config
01-23 18:38:10.239   258   258 E (0)[258:wmt_loader][FM_NTC | MAIN]MT6627 rssi_l: -296
01-23 18:38:10.239   258   258 E (0)[258:wmt_loader][FM_NTC | MAIN]MT6627 rssi_s: -296
01-23 18:38:10.239   258   258 E (0)[258:wmt_loader][FM_NTC | MAIN]MT6627 pamd_th: -12
01-23 18:38:10.239   258   258 E (0)[258:wmt_loader][FM_NTC | MAIN]MT6627 mr_th: -67
01-23 18:38:10.239   258   258 E (0)[258:wmt_loader][FM_NTC | MAIN]MT6627: wmt_loader][FM_NTC | MAIN]MT6627 prx_th:	64
01-23 18:38:10.239   258   258 E (0)[258:wmt_loader][FM_NTC | MAIN]MT6627: <3>[    4.993028]  (0)[258:wmt_loader][FM_NTC | MAIN]MT6627 atdev_th:	0
01-23 18:38:10.239   258   258 E (0)[258:wmt_loader][FM_NTC | MAIN]MT6627: <3>[    4.993036]  (0)[258:wmt_loader][FM_NTC | MAIN]MT6627 smg_th:	16421
01-23 18:38:10.239   258   258 E (0)[258:wmt_loader][FM_NTC | MAIN]MT6627: <3>[    4.993045]  (0)[258:wmt_loader][FM_NTC | MAIN]de_emphasis:	0
01-23 18:38:10.239   258   258 E (0)[258:wmt_loader][FM_NTC | MAIN]MT6627: <3>[    4.993052]  (0)[258:wmt_loader][FM_NTC | MAIN]osc_freq:	0
01-23 18:38:10.239   258   258 E (0)[258:wmt_loader][FM_NTC | MAIN]MT6627: <3>[    4.993061]  (0)[258:wmt_loader][FM_NTC | MAIN]aud path[1]I2S state[1]mode[0]rate[0]
01-23 18:38:10.239   258   258 E (0)[258:wmt_loader][FM_NTC | MAIN]MT6627: <3>[    4.993152]  (0)[258:wmt_loader][FM_ERR | CHIP]open "etc/fmr/mt6627_fm_cust.cfg" failed
01-23 18:38:10.239   258   258 E (0)[258:wmt_loader][FM_NTC | MAIN]MT6627: <3>[    4.993163]  (0)[258:wmt_loader][FM_NTC | MAIN]MT6627 FM cust config
01-23 18:38:10.239   258   258 E (0)[258:wmt_loader][FM_NTC | MAIN]MT6627: <3>[    4.993174]  (0)[258:wmt_loader][FM_NTC | MAIN]MT6627 rssi_l:	-296
01-23 18:38:10.239   258   258 E (0)[258:wmt_loader][FM_NTC | MAIN]MT6627: <3>[    4.993183]  (0)[258:wmt_loader][FM_NTC | MAIN]MT6627 rssi_s:	-296
01-23 18:38:10.239   258   258 E (0)[258:wmt_loader][FM_NTC | MAIN]MT6627: <3>[    4.993190]  (0)[258:wmt_loader][FM_NTC | MAIN]MT6627 pamd_th:	-12
01-23 18:38:10.239   258   258 E (0)[258:wmt_loader][FM_NTC | MAIN]MT6627: <3>[    4.993198]  (0)[258:wmt_loader][FM_NTC | MAIN]MT6627 mr_th:	-67
01-23 18:38:10.239   258   258 E (0)[258:wmt_loader][FM_NTC | MAIN]MT6627: <3>[    4.993207]  (0)[258:wmt_loader][FM_NTC | MAIN]MT6627 atdc_th:	3496
01-23 18:38:10.239   258   258 E (0)[258:wmt_loader][FM_NTC | MAIN]MT6627: <3>[    4.993216]  (0)[258:wmt_loader][FM_NTC | MAIN]MT6627 prx_th:	64
01-23 18:38:10.239   258   258 E (0)[258:wmt_loader][FM_NTC | MAIN]MT6627: <3>[    4.993224]  (0)[258:wmt_loader][FM_NTC | MAIN]MT6627 atdev_th:	0
01-23 18:38:10.239   258   258 E (0)[258:wmt_loader][FM_NTC | MAIN]MT6627: <3>[    4.993232]  (0)[258:wmt_loader][FM_NTC | MAIN]MT6627 smg_th:	16421
01-23 18:38:10.239   258   258 E (0)[258:wmt_loader][FM_NTC | MAIN]MT6627: <3>[    4.993240]  (0)[258:wmt_loader][FM_NTC | MAIN]de_emphasis:	0
01-23 18:38:10.239   258   258 E (0)[258:wmt_loader][FM_NTC | MAIN]MT6627: <3>[    4.993248]  (0)[258:wmt_loader][FM_NTC | MAIN]osc_freq:	0
01-23 18:38:10.239   258   258 E (0)[258:wmt_loader][FM_NTC | MAIN]MT6627: <3>[    4.993257]  (0)[258:wmt_loader][FM_NTC | MAIN]aud path[1]I2S state[1]mode[0]rate[0]
01-23 18:38:10.239   258   258 E (0)[258:wmt_loader][FM_NTC | MAIN]MT6627: <3>[    4.993265]  (0)[258:wmt_loader][FM_ERR | MAIN]MT6627fm_cust_config_setup failed
01-23 18:38:10.239   258   258 E (0)[258:wmt_loader][FM_NTC | MAIN]MT6627: <3>[    4.993278]  (0)[258:wmt_loader][FM_NTC | MAIN]alloc fm:230:0
01-23 18:38:10.239   258   258 E (0)[258:wmt_loader][FM_NTC | MAIN]MT6627 prx_th: 64
01-23 18:38:10.239   258   258 E (0)[258:wmt_loader][FM_NTC | MAIN]MT6627 atdev_th: 0
01-23 18:38:10.239   258   258 E (0)[258:wmt_loader][FM_NTC | MAIN]MT6627: wmt_loader][FM_NTC | MAIN]de_emphasis:	0
01-23 18:38:10.239   258   258 E (0)[258:wmt_loader][FM_NTC | MAIN]MT6627: <3>[    4.993052]  (0)[258:wmt_loader][FM_NTC | MAIN]osc_freq:	0
01-23 18:38:10.239   258   258 E (0)[258:wmt_loader][FM_NTC | MAIN]MT6627: <3>[    4.993061]  (0)[258:wmt_loader][FM_NTC | MAIN]aud path[1]I2S state[1]mode[0]rate[0]
01-23 18:38:10.239   258   258 E (0)[258:wmt_loader][FM_NTC | MAIN]MT6627: <3>[    4.993152]  (0)[258:wmt_loader][FM_ERR | CHIP]open "etc/fmr/mt6627_fm_cust.cfg" failed
01-23 18:38:10.239   258   258 E (0)[258:wmt_loader][FM_NTC | MAIN]MT6627: <3>[    4.993163]  (0)[258:wmt_loader][FM_NTC | MAIN]MT6627 FM cust config
01-23 18:38:10.239   258   258 E (0)[258:wmt_loader][FM_NTC | MAIN]MT6627: <3>[    4.993174]  (0)[258:wmt_loader][FM_NTC | MAIN]MT6627 rssi_l:	-296
01-23 18:38:10.239   258   258 E (0)[258:wmt_loader][FM_NTC | MAIN]MT6627: <3>[    4.993183]  (0)[258:wmt_loader][FM_NTC | MAIN]MT6627 rssi_s:	-296
01-23 18:38:10.239   258   258 E (0)[258:wmt_loader][FM_NTC | MAIN]MT6627: <3>[    4.993190]  (0)[258:wmt_loader][FM_NTC | MAIN]MT6627 pamd_th:	-12
01-23 18:38:10.239   258   258 E (0)[258:wmt_loader][FM_NTC | MAIN]MT6627: <3>[    4.993198]  (0)[258:wmt_loader][FM_NTC | MAIN]MT6627 mr_th:	-67
01-23 18:38:10.239   258   258 E (0)[258:wmt_loader][FM_NTC | MAIN]MT6627: <3>[    4.993207]  (0)[258:wmt_loader][FM_NTC | MAIN]MT6627 atdc_th:	3496
01-23 18:38:10.239   258   258 E (0)[258:wmt_loader][FM_NTC | MAIN]MT6627: <3>[    4.993216]  (0)[258:wmt_loader][FM_NTC | MAIN]MT6627 prx_th:	64
01-23 18:38:10.239   258   258 E (0)[258:wmt_loader][FM_NTC | MAIN]MT6627: <3>[    4.993224]  (0)[258:wmt_loader][FM_NTC | MAIN]MT6627 atdev_th:	0
01-23 18:38:10.239   258   258 E (0)[258:wmt_loader][FM_NTC | MAIN]MT6627: <3>[    4.993232]  (0)[258:wmt_loader][FM_NTC | MAIN]MT6627 smg_th:	16421
01-23 18:38:10.239   258   258 E (0)[258:wmt_loader][FM_NTC | MAIN]MT6627: <3>[    4.993240]  (0)[258:wmt_loader][FM_NTC | MAIN]de_emphasis:	0
01-23 18:38:10.239   258   258 E (0)[258:wmt_loader][FM_NTC | MAIN]MT6627: <3>[    4.993248]  (0)[258:wmt_loader][FM_NTC | MAIN]osc_freq:	0
01-23 18:38:10.239   258   258 E (0)[258:wmt_loader][FM_NTC | MAIN]MT6627: <3>[    4.993257]  (0)[258:wmt_loader][FM_NTC | MAIN]aud path[1]I2S state[1]mode[0]rate[0]
01-23 18:38:10.239   258   258 E (0)[258:wmt_loader][FM_NTC | MAIN]MT6627: <3>[    4.993265]  (0)[258:wmt_loader][FM_ERR | MAIN]MT6627fm_cust_config_setup failed
01-23 18:38:10.239   258   258 E (0)[258:wmt_loader][FM_NTC | MAIN]MT6627: <3>[    4.993278]  (0)[258:wmt_loader][FM_NTC | MAIN]alloc fm:230:0
01-23 18:38:10.239   258   258 E (0)[258:wmt_loader][FM_NTC | MAIN]de_emphasis: 0
01-23 18:38:10.239   258   258 E (0)[258:wmt_loader][FM_NTC | MAIN]osc_freq: 0
01-23 18:38:10.239   258   258 E         : (0)[258:wmt_loader][FM_NTC | MAIN]aud path[1]I2S state[1]mode[0]rate[0]
01-23 18:38:10.239   258   258 E         : (0)[258:wmt_loader][FM_ERR | CHIP]open "etc/fmr/mt6627_fm_cust.cfg" failed
01-23 18:38:10.239   258   258 E FM cust config: <3>[    4.993174]  (0)[258
01-23 18:38:10.239   258   258 E (0)[258:wmt_loader][FM_NTC | MAIN]MT6627 rssi_l: -296
01-23 18:38:10.239   258   258 E (0)[258:wmt_loader][FM_NTC | MAIN]MT6627 rssi_s: -296
01-23 18:38:10.239   258   258 E (0)[258:wmt_loader][FM_NTC | MAIN]MT6627 pamd_th: -12
01-23 18:38:10.239   258   258 E (0)[258:wmt_loader][FM_NTC | MAIN]MT6627 mr_th: -67
01-23 18:38:10.239   258   258 E (0)[258:wmt_loader][FM_NTC | MAIN]MT6627: wmt_loader][FM_NTC | MAIN]MT6627 prx_th:	64
01-23 18:38:10.239   258   258 E (0)[258:wmt_loader][FM_NTC | MAIN]MT6627: <3>[    4.993224]  (0)[258:wmt_loader][FM_NTC | MAIN]MT6627 atdev_th:	0
01-23 18:38:10.239   258   258 E (0)[258:wmt_loader][FM_NTC | MAIN]MT6627: <3>[    4.993232]  (0)[258:wmt_loader][FM_NTC | MAIN]MT6627 smg_th:	16421
01-23 18:38:10.239   258   258 E (0)[258:wmt_loader][FM_NTC | MAIN]MT6627: <3>[    4.993240]  (0)[258:wmt_loader][FM_NTC | MAIN]de_emphasis:	0
01-23 18:38:10.239   258   258 E (0)[258:wmt_loader][FM_NTC | MAIN]MT6627: <3>[    4.993248]  (0)[258:wmt_loader][FM_NTC | MAIN]osc_freq:	0
01-23 18:38:10.239   258   258 E (0)[258:wmt_loader][FM_NTC | MAIN]MT6627: <3>[    4.993257]  (0)[258:wmt_loader][FM_NTC | MAIN]aud path[1]I2S state[1]mode[0]rate[0]
01-23 18:38:10.239   258   258 E (0)[258:wmt_loader][FM_NTC | MAIN]MT6627: <3>[    4.993265]  (0)[258:wmt_loader][FM_ERR | MAIN]MT6627fm_cust_config_setup failed
01-23 18:38:10.239   258   258 E (0)[258:wmt_loader][FM_NTC | MAIN]MT6627: <3>[    4.993278]  (0)[258:wmt_loader][FM_NTC | MAIN]alloc fm:230:0
01-23 18:38:10.239   258   258 E (0)[258:wmt_loader][FM_NTC | MAIN]MT6627 prx_th: 64
01-23 18:38:10.239   258   258 E (0)[258:wmt_loader][FM_NTC | MAIN]MT6627 atdev_th: 0
01-23 18:38:10.239   258   258 E (0)[258:wmt_loader][FM_NTC | MAIN]MT6627: wmt_loader][FM_NTC | MAIN]de_emphasis:	0
01-23 18:38:10.239   258   258 E (0)[258:wmt_loader][FM_NTC | MAIN]MT6627: <3>[    4.993248]  (0)[258:wmt_loader][FM_NTC | MAIN]osc_freq:	0
01-23 18:38:10.239   258   258 E (0)[258:wmt_loader][FM_NTC | MAIN]MT6627: <3>[    4.993257]  (0)[258:wmt_loader][FM_NTC | MAIN]aud path[1]I2S state[1]mode[0]rate[0]
01-23 18:38:10.239   258   258 E (0)[258:wmt_loader][FM_NTC | MAIN]MT6627: <3>[    4.993265]  (0)[258:wmt_loader][FM_ERR | MAIN]MT6627fm_cust_config_setup failed
01-23 18:38:10.239   258   258 E (0)[258:wmt_loader][FM_NTC | MAIN]MT6627: <3>[    4.993278]  (0)[258:wmt_loader][FM_NTC | MAIN]alloc fm:230:0
01-23 18:38:10.239   258   258 E (0)[258:wmt_loader][FM_NTC | MAIN]de_emphasis: 0
01-23 18:38:10.239   258   258 E (0)[258:wmt_loader][FM_NTC | MAIN]osc_freq: 0
01-23 18:38:10.239   258   258 E         : (0)[258:wmt_loader][FM_NTC | MAIN]aud path[1]I2S state[1]mode[0]rate[0]
01-23 18:38:10.239   258   258 E         : (0)[258:wmt_loader][FM_ERR | MAIN]MT6627fm_cust_config_setup failed
01-23 18:38:10.239   258   258 E (0)[258:wmt_loader][FM_NTC | MAIN]alloc fm: 230:0
01-23 18:38:10.240   258   258 E         : (0)[258:wmt_loader][FM_NTC | MAIN]create_proc_entry success
01-23 18:38:10.240   258   258 E         : (0)[258:wmt_loader][FM_NTC | MAIN]6. fm platform driver registered
01-23 18:38:10.240   258   258 E (0)[258:wmt_loader][FM-MOD-INIT][I]do_fm_drv_init: finish fm module init
01-23 18:38:10.240   258   258 E (0)[258:wmt_loader][WLAN-MOD-INIT][I]do_wlan_drv_init: start to do wlan module init 0x6735
01-23 18:38:10.240   258   258 W (0)[258:wmt_loader][MTK-WIFI] WIFI_init: mtk_wmt_WIFI_chrdev driver(major 153) installed.
01-23 18:38:10.240   258   258 E (0)[258:wmt_loader][WLAN-MOD-INIT][I]do_wlan_drv_init: WMT-WIFI char dev init, ret:0
01-23 18:38:10.242   258   258 E (0)[258:wmt_loader][WLAN-MOD-INIT][I]do_wlan_drv_init: WLAN-GEN2 driver init, ret:0
01-23 18:38:10.242   258   258 E (0)[258:wmt_loader][WLAN-MOD-INIT][I]do_wlan_drv_init: finish wlan module init
01-23 18:38:10.242   258   258 E (0)[258:wmt_loader][WMT-DETECT][I]wmt_detect_close: close major 154 minor 0 (pid 258)
01-23 18:38:10.267     1     1 W (2)[1:init]__sched_setscheduler 289: MtkCodecService sched_priority=268435532
01-23 18:38:10.291     1     1 I (2)[1:init]init: Service 'wmtLoader' (pid 258) exited with status 0
01-23 18:38:10.328     1     1 I (2)[1:init]init: Service 'enableswap' (pid 296) exited with status 127
01-23 18:38:10.336   259   259 W (2)[259:6620_launcher][WMT-DEV][W]WMT_unlocked_ioctl: chipid = 0x335
01-23 18:38:10.339   274   274 I (1)[274:netdiag][name:capability&]capability: warning: `netdiag' uses 32-bit capabilities (legacy support in use)
--------- beginning of crash
01-23 18:38:10.552   298   298 F libc    : page record for 0xb6f5200c was not found (block_size=16)
01-23 18:38:10.598   259   259 W (2)[259:6620_launcher][WMT-LIB][W]wmt_lib_set_hif: new hifType: 2, fm:2
01-23 18:38:10.598   282   282 E (3)[282:mtk_wmtd][WMT-CORE][E]opfunc_hif_conf(841): WMT-CORE: WMT HIF info added
01-23 18:38:10.598   259   259 W (2)[259:6620_launcher][WMT-DEV][W]WMT_unlocked_ioctl: unknown cmd (-2147180516)
01-23 18:38:10.605   282   282 W (3)[282:mtk_wmtd][WMT-CONSYS-HW][W]mtk_wcn_consys_hw_reg_ctrl: CONSYS-HW-REG-CTRL(0x00000001),start
01-23 18:38:10.605   282   282 E (3)[282:mtk_wmtd]vcn18: operation not allowed
01-23 18:38:10.606   282   282 E (3)[282:mtk_wmtd]vcn28: operation not allowed
01-23 18:38:10.606   282   282 I         : (3)[282:mtk_wmtd][Power/clkmgr] [conn_power_on]
01-23 18:38:10.606   332   332 E (0)[332:mtk_agpsd][WMT-CONSYS-HW][E]mtk_wcn_consys_hw_reg_ctrl(463): Read CONSYS chipId(0x00000000)
01-23 18:38:10.616   332   332 E         : (0)[332:mtk_agpsd][md1]port ttyC2 open with flag 20802 by mtk_agpsd
01-23 18:38:10.658   282   282 W (3)[282:mtk_wmtd][WMT-CONSYS-HW][W]mtk_wcn_consys_hw_reg_ctrl: CONSYS-HW-REG-CTRL(0x00000001),finish
01-23 18:38:10.658   282   282 E (3)[282:mtk_wmtd]MTK-BTIF-EXP[I]mtk_wcn_btif_open: btif_open succeed
01-23 18:38:10.659   282   282 W (3)[282:mtk_wmtd][WMT-CORE][W]wmt_core_hw_check: get hwcode (chip id) (0x335)
01-23 18:38:10.661   282   282 W (3)[282:mtk_wmtd][WMT-IC][W]mtk_wcn_soc_ver_check: 0x335: ic info: SOC_CONSYS.E1 (0x8a00/0x8a00, WMTHWVER:0, patch_ext:_e1)
01-23 18:38:10.708   282   282 W (3)[282:mtk_wmtd][WMT-IC][W]mtk_wcn_soc_patch_dwn: [Consys Patch] Built Time = 20160622173251a
01-23 18:38:10.708   282   282 W (3)[282:mtk_wmtd][WMT-IC][W]mtk_wcn_soc_patch_dwn: [Consys Patch] Platform = 1549
01-23 18:38:10.726   276   276 E (3)[276:nvram_daemon]fs_mgr: Warning: unknown flag autoformat
01-23 18:38:10.726   276   276 E (3)[276:nvram_daemon]fs_mgr: Warning: unknown flag autoformat
01-23 18:38:10.726   276   276 E (3)[276:nvram_daemon]fs_mgr: Warning: unknown flag autoformat
01-23 18:38:10.812   282   282 W (1)[282:mtk_wmtd][WMT-IC][W]mtk_wcn_soc_patch_dwn: wmt_core: patch dwn:0 frag(51, 272) ok
01-23 18:38:10.841     1     1 I (2)[1:init]init: Service 'sysinit' (pid 245) exited with status 0
01-23 18:38:10.843     1     1 I (2)[1:init]init: Service 'msensord' (pid 284) exited with status 254
01-23 18:38:10.843     1     1 I (2)[1:init]init: Service 'thermal_manager' (pid 286) exited with status 255
01-23 18:38:10.844     1     1 I (2)[1:init]init: Service 'program_binary' (pid 298) exited with status 1
01-23 18:38:10.844     1     1 I (2)[1:init]init: Service 'exec 21 (/system/bin/logcat)' (pid 301) exited with status 0
01-23 18:38:10.845     1     1 I (2)[1:init]init: Starting service 'logcatd'...
01-23 18:38:10.900     1     1 E (2)[1:init]init: cannot find '/system/bin/boot_init', disabling 'boot_init'
01-23 18:38:10.901     1     1 I (2)[1:init][g_android][USB]enable_store: device_attr->attr.name: enable
01-23 18:38:10.901     1     1 E (2)[1:init][g_android]android_usb: already disabled
01-23 18:38:10.901     1     1 W 592: type(0): <5>[    5.655050]  (2)[17
01-23 18:38:10.901    17    17 I (2)[17:kworker/2:0][g_android][USB]enable_store: enable 0->0 case - no usb cable
01-23 18:38:10.903    17    17 W (2)[17:kworker/2:0][MUSB]usb_cable_connected 592: type(0)
01-23 18:38:10.903    17    17 I (2)[17:kworker/2:0][g_android][USB]android_work: is_hwconnected=0
01-23 18:38:10.903    17    17 I (2)[17:kworker/2:0][g_android][USB]android_work: did not send uevent (0 0   (null))
01-23 18:38:10.903    17    17 I (2)[17:kworker/2:0][g_android][USB]android_work: sent uevent USB_STATE=HWDISCONNECTED
01-23 18:38:10.903    17    17 I (2)[17:kworker/2:0][g_android][USB]android_work: did not send zero uevent
01-23 18:38:10.910   393   393 I         : (0)[393:nvram_daemon][ALS/PS] epl_sensor_open
01-23 18:38:10.911     1     1 I         : (2)[1:init][g_android][USB]functions_store
01-23 18:38:10.911     1     1 I (2)[1:init][g_android][USB]functions_store: name = mtp
01-23 18:38:10.911     1     1 I (2)[1:init][g_android][USB]android_enable_function: name = mtp, f->name=ffs
01-23 18:38:10.911     1     1 I (2)[1:init][g_android][USB]android_enable_function: name = mtp, f->name=adb
01-23 18:38:10.911     1     1 I (2)[1:init][g_android][USB]android_enable_function: name = mtp, f->name=acm
01-23 18:38:10.911     1     1 I (2)[1:init][g_android][USB]android_enable_function: name = mtp, f->name=mtp
01-23 18:38:10.911     1     1 I (2)[1:init][g_android][USB]functions_store: name = adb
01-23 18:38:10.911     1     1 I (2)[1:init][g_android][USB]android_enable_function: name = adb, f->name=ffs
01-23 18:38:10.911     1     1 I (2)[1:init][g_android][USB]android_enable_function: name = adb, f->name=adb
01-23 18:38:10.912     1     1 I (2)[1:init][g_android][USB]enable_store: device_attr->attr.name: enable
01-23 18:38:10.912     1     1 I         : (2)[1:init][g_android][USB]enable function 'mtp'/c0d0e700
