01-23 17:53:00.189  1257  1257 D DefaultPhoneNotifier: notifySignalStrength: mRegistry=com.android.internal.telephony.ITelephonyRegistry$Stub$Proxy@26f0769 ss=SignalStrength: 11 29 -120 -160 -6 0 -1 99 2147483647 2147483647 2147483647 2147483647 2147483647 gsm|lte sender=Handler (com.android.internal.telephony.gsm.GSMPhone) {d52134a}
01-23 17:53:02.300  1257  1257 D DefaultPhoneNotifier: notifySignalStrength: mRegistry=com.android.internal.telephony.ITelephonyRegistry$Stub$Proxy@26f0769 ss=SignalStrength: 20 99 -120 -160 -120 0 -1 99 2147483647 2147483647 2147483647 2147483647 2147483647 gsm|lte sender=Handler (com.android.internal.telephony.gsm.GSMPhone) {2f483d8}
01-23 17:53:03.350   283   283 I thermal_repeater: select timeout
01-23 17:53:04.252   755  2631 D NetlinkSocketObserver: NeighborEvent{elapsedMs=414235, 192.168.8.1, [E48D8CC4F6E2], RTM_NEWNEIGH, NUD_STALE}
01-23 17:53:05.300  1257  1257 D DefaultPhoneNotifier: notifySignalStrength: mRegistry=com.android.internal.telephony.ITelephonyRegistry$Stub$Proxy@26f0769 ss=SignalStrength: 14 34 -120 -160 -6 0 -1 99 2147483647 2147483647 2147483647 2147483647 2147483647 gsm|lte sender=Handler (com.android.internal.telephony.gsm.GSMPhone) {d52134a}
01-23 17:53:07.451   291   291 I sn      : Retry 40
01-23 17:53:07.451   291   291 I sn      : Fail to access err=2
01-23 17:53:07.452   291   291 I sn      : Fail to access err=2
01-23 17:53:07.452   291   291 I sn      : Fail to access err=2
01-23 17:53:07.452   291   291 I sn      : Check all possible paths
01-23 17:53:08.351   283   283 I thermal_repeater: oh, queryMdThermalInfo (0)No such file or directory
01-23 17:53:08.362   283   283 I thermal_repeater: [recvMdThermalInfo] ret=30, strLen=127,  2, 32767, -127, -1, 32767, 18
01-23 17:53:10.421  1257  1257 D DefaultPhoneNotifier: notifySignalStrength: mRegistry=com.android.internal.telephony.ITelephonyRegistry$Stub$Proxy@26f0769 ss=SignalStrength: 14 36 -120 -160 -6 0 -1 99 2147483647 2147483647 2147483647 2147483647 2147483647 gsm|lte sender=Handler (com.android.internal.telephony.gsm.GSMPhone) {d52134a}
01-23 17:53:13.367   283   283 I thermal_repeater: select timeout
01-23 17:53:15.542  1257  1257 D DefaultPhoneNotifier: notifySignalStrength: mRegistry=com.android.internal.telephony.ITelephonyRegistry$Stub$Proxy@26f0769 ss=SignalStrength: 11 33 -120 -160 -6 0 -1 99 2147483647 2147483647 2147483647 2147483647 2147483647 gsm|lte sender=Handler (com.android.internal.telephony.gsm.GSMPhone) {d52134a}
01-23 17:53:17.452   291   291 I sn      : Retry 41
01-23 17:53:17.452   291   291 I sn      : Fail to access err=2
01-23 17:53:17.452   291   291 I sn      : Fail to access err=2
01-23 17:53:17.452   291   291 I sn      : Fail to access err=2
01-23 17:53:17.453   291   291 I sn      : Check all possible paths
01-23 17:53:18.306   270   432 E MobileLogD/new: conditional wait timedout
01-23 17:53:18.368   283   283 I thermal_repeater: oh, queryMdThermalInfo (0)No such file or directory
01-23 17:53:18.379   283   283 I thermal_repeater: [recvMdThermalInfo] ret=30, strLen=127,  2, 32767, -127, -1, 32767, 18
01-23 17:53:18.833  1257  1257 D DefaultPhoneNotifier: notifySignalStrength: mRegistry=com.android.internal.telephony.ITelephonyRegistry$Stub$Proxy@26f0769 ss=SignalStrength: 19 99 -120 -160 -120 0 -1 99 2147483647 2147483647 2147483647 2147483647 2147483647 gsm|lte sender=Handler (com.android.internal.telephony.gsm.GSMPhone) {2f483d8}
01-23 17:53:20.664  1257  1257 D DefaultPhoneNotifier: notifySignalStrength: mRegistry=com.android.internal.telephony.ITelephonyRegistry$Stub$Proxy@26f0769 ss=SignalStrength: 11 30 -120 -160 -6 0 -1 99 2147483647 2147483647 2147483647 2147483647 2147483647 gsm|lte sender=Handler (com.android.internal.telephony.gsm.GSMPhone) {d52134a}
01-23 17:53:23.381   283   283 I thermal_repeater: select timeout
01-23 17:53:25.784  1257  1257 D DefaultPhoneNotifier: notifySignalStrength: mRegistry=com.android.internal.telephony.ITelephonyRegistry$Stub$Proxy@26f0769 ss=SignalStrength: 11 33 -120 -160 -6 0 -1 99 2147483647 2147483647 2147483647 2147483647 2147483647 gsm|lte sender=Handler (com.android.internal.telephony.gsm.GSMPhone) {d52134a}
01-23 17:53:27.453   291   291 I sn      : Retry 42
01-23 17:53:27.453   291   291 I sn      : Fail to access err=2
01-23 17:53:27.453   291   291 I sn      : Fail to access err=2
01-23 17:53:27.454   291   291 I sn      : Fail to access err=2
01-23 17:53:27.454   291   291 I sn      : Check all possible paths
01-23 17:53:28.382   283   283 I thermal_repeater: oh, queryMdThermalInfo (0)No such file or directory
01-23 17:53:28.393   283   283 I thermal_repeater: [recvMdThermalInfo] ret=30, strLen=127,  2, 32767, -127, -1, 32767, 18
01-23 17:53:29.678   755   804 D IpReachabilityMonitor: probing ip=192.168.8.1%15
01-23 17:53:29.680   755  2631 D NetlinkSocketObserver: NeighborEvent{elapsedMs=439663, 192.168.8.1, [E48D8CC4F6E2], RTM_NEWNEIGH, NUD_PROBE}
01-23 17:53:29.683   755  2631 D NetlinkSocketObserver: NeighborEvent{elapsedMs=439666, 192.168.8.1, [E48D8CC4F6E2], RTM_NEWNEIGH, NUD_REACHABLE}
01-23 17:53:30.906  1257  1257 D DefaultPhoneNotifier: notifySignalStrength: mRegistry=com.android.internal.telephony.ITelephonyRegistry$Stub$Proxy@26f0769 ss=SignalStrength: 11 33 -120 -160 -6 0 -1 99 2147483647 2147483647 2147483647 2147483647 2147483647 gsm|lte sender=Handler (com.android.internal.telephony.gsm.GSMPhone) {d52134a}
01-23 17:53:33.398   283   283 I thermal_repeater: select timeout
01-23 17:53:36.027  1257  1257 D DefaultPhoneNotifier: notifySignalStrength: mRegistry=com.android.internal.telephony.ITelephonyRegistry$Stub$Proxy@26f0769 ss=SignalStrength: 11 34 -120 -160 -6 0 -1 99 2147483647 2147483647 2147483647 2147483647 2147483647 gsm|lte sender=Handler (com.android.internal.telephony.gsm.GSMPhone) {d52134a}
01-23 17:53:36.196  1257  1257 D DefaultPhoneNotifier: notifySignalStrength: mRegistry=com.android.internal.telephony.ITelephonyRegistry$Stub$Proxy@26f0769 ss=SignalStrength: 20 99 -120 -160 -120 0 -1 99 2147483647 2147483647 2147483647 2147483647 2147483647 gsm|lte sender=Handler (com.android.internal.telephony.gsm.GSMPhone) {2f483d8}
01-23 17:53:37.454   291   291 I sn      : Retry 43
01-23 17:53:37.454   291   291 I sn      : Fail to access err=2
01-23 17:53:37.454   291   291 I sn      : Fail to access err=2
01-23 17:53:37.454   291   291 I sn      : Fail to access err=2
01-23 17:53:37.454   291   291 I sn      : Check all possible paths
01-23 17:53:38.399   283   283 I thermal_repeater: oh, queryMdThermalInfo (0)No such file or directory
01-23 17:53:38.410   283   283 I thermal_repeater: [recvMdThermalInfo] ret=30, strLen=127,  2, 32767, -127, -1, 32767, 18
01-23 17:53:41.149  1257  1257 D DefaultPhoneNotifier: notifySignalStrength: mRegistry=com.android.internal.telephony.ITelephonyRegistry$Stub$Proxy@26f0769 ss=SignalStrength: 11 33 -120 -160 -6 0 -1 99 2147483647 2147483647 2147483647 2147483647 2147483647 gsm|lte sender=Handler (com.android.internal.telephony.gsm.GSMPhone) {d52134a}
01-23 17:53:41.832   755  1564 I MediaFocusControl:  AudioFocus  abandonAudioFocus() from android.media.AudioManager@804a404com.cyanogenmod.eleven.MusicPlaybackService$3@30b3ded
01-23 17:53:28.898    86    86 W         : (1)[86:hps_main][Power/hotplug] mt_smp_boot_secondary, cpu: 3<431 -> 237>
01-23 17:53:28.898     0     0 W -(3)[0:swapper/3]CPU3: Booted secondary processor
01-23 17:53:28.898     0     0 W         : -(3)[0:swapper/3][Power/hotplug] platform_secondary_init, cpu: 3
01-23 17:53:28.899    86    86 W         : (1)[86:hps_main][HPS] (0020)(1)action end(100)(421)(0)(0) (4)(4)(4)(4)(1) (35)(537)(1) (0)(0)(0) (1)(421)(538)(0)(421) wifi_base(0)<431 -> 237>
01-23 17:53:28.899    86    86 W         : (1)[86:hps_main][HPS] (0020)(1)DBG_HRT(100)(421)(0)(0) (4)(4)(4)(4)(1) (0)(0)(0) (0)(0)(0) (0)(0)(0)(0)(421) wifi_base(0)
01-23 17:53:41.963   755   767 I MediaFocusControl:  AudioFocus  abandonAudioFocus() from android.media.AudioManager@804a404com.cyanogenmod.eleven.MusicPlaybackService$3@30b3ded
01-23 17:53:42.431  1694  2929 W art     : Long monitor contention event with owner method=void android.os.Parcel.nativeWriteInterfaceToken(long, java.lang.String) from Parcel.java:4294967294 waiters=0 for 461ms
01-23 17:53:42.431  1694  2929 I dvm_lock_sample: [com.google.android.gms,0,[com.google.android.gms.chimera.,461,:com.google.android.gms,321,Parcel.java,-2,92]
01-23 17:53:29.632   175   175 E         : (2)[175:bat_thread_kthr][BATTERY] Default CC mode charging : 50000, input current = 50000
01-23 17:53:42.692     0     0 I         : <431 -> 237>
01-23 17:53:29.634   175   175 E         : (2)[175:bat_thread_kthr]Can't find closest level, small value first
01-23 17:53:29.643   175   175 E         : (2)[175:bat_thread_kthr]UI_SOC=(57), resetBatteryMeter=(0)<431 -> 237>
01-23 17:53:29.643   175   175 I -(2)[175:bat_thread_kthr]mtk_rtc_hal_common: rtc_spare_reg[0] = {16412, 127, 8}
01-23 17:53:42.770   755  1235 I dvm_lock_sample: [system_server,1,Binder_8,44,UserManagerService.java,424,PackageManagerService.java,5440,8]
01-23 17:53:42.935   755  1564 I dvm_lock_sample: [system_server,1,Binder_C,46,UserManagerService.java,424,PackageManagerService.java,5440,9]
01-23 17:53:43.021   755  1233 I dvm_lock_sample: [system_server,1,Binder_7,14,UserManagerService.java,424,PackageManagerService.java,5389,2]
01-23 17:53:43.026  1694  2932 I Ads     : Initialized AdMob from dev at 144333517 in container 10.2.91 (438-144333517)
01-23 17:53:43.413   283   283 I thermal_repeater: select timeout
01-23 17:53:43.415  1694  2930 I Auth    : [WorkAccount] update authenticator enabled for boot or update
01-23 17:53:30.404    86    86 W         : (0)[86:hps_main][HPS] (0000)(2)DBG_HRT(177)(607)(0)(0) (4)(4)(4)(4)(1) (342)(7)(1) (1107)(7)(7) (0)(607)(7)(0)(607) wifi_base(0)<431 -> 237>
01-23 17:53:43.445   755   768 I sync    : [com.google.android.gms.auth.accountstate,0,3,-1776524722]
01-23 17:53:43.570   755  1564 I dvm_lock_sample: [system_server,0,Binder_C,35,ActivityManagerService.java,16450,-,16177,7]
01-23 17:53:43.631   755   899 I dvm_lock_sample: [system_server,1,Binder_3,16,PackageManagerService.java,4264,-,2865,3]
01-23 17:53:43.750   755   768 I dvm_lock_sample: [system_server,0,android.bg,28,UserManagerService.java,397,PackageManagerService.java,5440,5]
01-23 17:53:43.794  1688  2935 W WakefulBroadcastReceiver: No active wake lock id #13
01-23 17:53:43.801  1688  2937 I Auth    : [AccountStateSyncAdapter] performSync(account=<ELLIDED:-1935105920>)
01-23 17:53:44.142  1694  2934 I Backup  : [ComponentEnabler] Enabling target components
01-23 17:53:44.142  1694  2934 V Backup  : [ComponentEnabler] Enabling Component: com.google.android.gms.backup.component.BackupOptInActivity
01-23 17:53:44.146  1694  2930 V Backup  : [MigrateUtil] Clearing migrate temp dir: /data/user/0/com.google.android.gms/files/migrate_dir
01-23 17:53:44.146  1694  2934 V Backup  : [ComponentEnabler] Enabling Component: com.google.android.gms.backup.component.BackupSettingsActivity
01-23 17:53:44.150  1694  2934 V Backup  : [ComponentEnabler] Enabling Component: com.google.android.gms.backup.component.D2dMigrateFlowActivity
01-23 17:53:44.154  1694  2934 V Backup  : [ComponentEnabler] Enabling Component: com.google.android.gms.backup.component.D2dMigrateService
01-23 17:53:44.160  1694  2934 I Backup  : [ComponentEnabler] Enabling source components
01-23 17:53:44.161  1694  2934 V Backup  : [ComponentEnabler] Enabling Component: com.google.android.gms.backup.component.D2dSourceActivity
01-23 17:53:44.166  1694  2934 V Backup  : [ComponentEnabler] Enabling Component: com.google.android.gms.backup.component.D2dSourceService
01-23 17:53:44.171  1694  2934 V Backup  : [ComponentEnabler] Enabling Component: com.google.android.gms.backup.component.CloudRestoreFlowActivity
01-23 17:53:44.192  1694  2934 I CmaSystemUpdateService: Runtime init receiver: Intent { act=com.google.android.chimera.IntentOperation.NEW_MODULE (has extras) } with flags: 12
01-23 17:53:44.192  1694  2934 I CmaSystemUpdateService: receiver: Intent { act=com.google.android.chimera.IntentOperation.NEW_MODULE (has extras) }
01-23 17:53:44.200  1688  2937 I Auth    : [AccountStateSyncAdapter] Skipping rename because the lookup contains the same email.
01-23 17:53:44.309   755   768 I sync    : [com.google.android.gms.auth.accountstate,1,3,-1776524722]
01-23 17:53:31.407    86    86 W         : (0)[86:hps_main][HPS] (0020)(2)action end(200)(508)(0)(0) (4)(4)(4)(4)(1) (357)(16)(0) (1316)(16)(0) (1)(508)(17)(0)(508) wifi_base(0)<431 -> 237>
01-23 17:53:44.603  1694  2934 I [70220] : 34834
01-23 17:53:44.614  1694  2941 I SystemUpdateTask: cancelUpdate (empty URL)
01-23 17:53:44.614  1694  2941 I CmaSystemUpdateService: active receiver: disabled
01-23 17:53:44.630  1694  2944 I ChimeraConfigService: Scheduling checkin every 120 seconds, with flex of 60 seconds
01-23 17:53:44.670  1257  1257 D DefaultPhoneNotifier: notifySignalStrength: mRegistry=com.android.internal.telephony.ITelephonyRegistry$Stub$Proxy@26f0769 ss=SignalStrength: 19 99 -120 -160 -120 0 -1 99 2147483647 2147483647 2147483647 2147483647 2147483647 gsm|lte sender=Handler (com.android.internal.telephony.gsm.GSMPhone) {2f483d8}
01-23 17:53:44.767  1694  2941 I system_update: [262656,0,0,NULL]
01-23 17:53:44.799  1694  2942 I art     : Note: end time exceeds epoch: 
01-23 17:53:44.809  1694  2000 W Herrevad: [226] sgq.a: On wifi, but couldn't get security type
01-23 17:53:31.766     0     0 W (3)[180:wdtk-3][WDK], local_bit: 0x7, cpu:3,RT[442521355361]<431 -> 237>
01-23 17:53:31.766     0     0 W         : (3)[180:wdtk-3][WDK], local_bit:0xf, cpu:3, check bit0x:f, lasthpg_cpu:3, lasthpg_act:1, lasthpg_t:442161081822, RT[442521377130]
01-23 17:53:31.766     0     0 W (3)[180:wdtk-3][WDK]: kick Ex WDT,RT[442521386669]
01-23 17:53:31.766     0     0 W         : (3)[180:wdtk-3][thread:180][RT:442521459900] 2017-01-23 14:53:44.821816 UTC;android time 2017-01-23 17:53:44.821816
01-23 17:53:44.859  1694  2000 D SubscriptionManager: getSimStateForSubscriber: simState=5 slotIdx=0
01-23 17:53:32.209    86    86 I (1)[86:hps_main]CPU3: shutdown<431 -> 237>
01-23 17:53:32.210    86    86 W         : (1)[86:hps_main][HPS] (0200)(4)action end(187)(222)(0)(0) (4)(4)(4)(4)(1) (0)(0)(0) (1996)(8)(0) (0)(222)(8)(0)(222) wifi_base(0)<431 -> 237>
01-23 17:53:45.314   755   902 I dvm_lock_sample: [system_server,1,Binder_4,13,UserManagerService.java,424,PackageManagerService.java,2865,2]
01-23 17:53:45.557   755  2287 I dvm_lock_sample: [system_server,1,Binder_E,18,ActivityManagerService.java,6974,-,17452,3]
01-23 17:53:45.559  1694  2956 I CheckinChimeraService: Checking schedule, now: 1485183225558 next: 1485224248308
01-23 17:53:45.559  1694  2956 I CheckinChimeraService: active receiver: disabled
01-23 17:53:45.562  1694  2956 I [70220] : 51
01-23 17:53:45.592  1694  2930 D ModuleInitIntentOp: Phenotype registration for com.google.android.gms succeeds.
01-23 17:53:45.619  1694  2944 I PerfProfileCollectorService: Turn off PerfProfile Collection
01-23 17:53:45.683   755   902 I dvm_lock_sample: [system_server,1,Binder_4,50,UserManagerService.java,424,PackageManagerService.java,2865,10]
01-23 17:53:45.689  1694  1694 I [70220] : 8
01-23 17:53:45.735   755   770 W art     : Long monitor contention event with owner method=android.app.IActivityManager$ContentProviderHolder com.android.server.am.ActivityManagerService.getContentProviderImpl(android.app.IApplicationThread, java.lang.String, android.os.IBinder, boolean, int) from ActivityManagerService.java:9827 waiters=2 for 109ms
01-23 17:53:45.735   755   770 I dvm_lock_sample: [system_server,1,android.ui,109,ActivityManagerService.java,3981,-,9827,21]
01-23 17:53:45.735   755  2288 I dvm_lock_sample: [system_server,1,Binder_F,44,ActivityManagerService.java,16177,BroadcastQueue.java,654,8]
01-23 17:53:45.738   755   921 I dvm_lock_sample: [system_server,1,Binder_5,42,ActivityManagerService.java,10339,BroadcastQueue.java,654,8]
01-23 17:53:45.783   755   899 I dvm_lock_sample: [system_server,0,Binder_3,6,ActivityManagerService.java,17552,-,16177,1]
01-23 17:53:45.842   755   922 I dvm_lock_sample: [system_server,1,Binder_6,20,ActivityManagerService.java,16177,BroadcastQueue.java,654,4]
01-23 17:53:45.968  1694  2944 I Wear_Controller: Wear is not allowed to run on this device. Not starting control service.
01-23 17:53:45.979  1694  2957 E Ads     : Failed to connect to https://googleads.g.doubleclick.net/pagead/drt/m. No DSID retrieved.
01-23 17:53:45.995  2774  2774 I Binder_5: type=1400 audit(0.0:105): avc: denied { search } for name="287" dev="proc" ino=2144 scontext=u:r:untrusted_app:s0:c512,c768 tcontext=u:r:zygote:s0 tclass=dir permissive=1
01-23 17:53:46.005  2774  2774 I Binder_5: type=1400 audit(0.0:106): avc: denied { read } for name="stat" dev="proc" ino=9748 scontext=u:r:untrusted_app:s0:c512,c768 tcontext=u:r:zygote:s0 tclass=file permissive=1
01-23 17:53:46.005  2774  2774 I Binder_5: type=1400 audit(0.0:107): avc: denied { open } for path="/proc/287/stat" dev="proc" ino=9748 scontext=u:r:untrusted_app:s0:c512,c768 tcontext=u:r:zygote:s0 tclass=file permissive=1
01-23 17:53:46.042  1694  2943 I Fido    : [FidoInitIntentOperation] Initializing Fido module, InitRuntimeState=12
01-23 17:53:46.207  1694  2943 I Fitness : Module updated. Enabling [com.google.android.gms.fitness.service.wearable.WearableSyncMessageService, com.google.android.gms.fitness.service.wearable.WearableSyncAccountService, com.google.android.gms.fitness.service.wearable.WearableSyncConnectionService, com.google.android.gms.fitness.service.wearable.WearableSyncConfigService, com.google.android.gms.fitness.service.goals.FitGoalsBroker]
01-23 17:53:46.260  1257  1257 D DefaultPhoneNotifier: notifySignalStrength: mRegistry=com.android.internal.telephony.ITelephonyRegistry$Stub$Proxy@26f0769 ss=SignalStrength: 11 33 -120 -160 -6 0 -1 99 2147483647 2147483647 2147483647 2147483647 2147483647 gsm|lte sender=Handler (com.android.internal.telephony.gsm.GSMPhone) {d52134a}
01-23 17:53:46.363  1694  2930 D ModuleInitIntentOp: Phenotype registration for com.google.android.gms.gcm succeeds.
01-23 17:53:46.424   755  1947 I dvm_lock_sample: [system_server,1,Binder_D,13,UserManagerService.java,424,PackageManagerService.java,2865,2]
01-23 17:53:46.576   755   770 I dvm_lock_sample: [system_server,1,android.ui,89,ActivityManagerService.java,3981,-,10200,17]
01-23 17:53:46.675   755   770 I dvm_lock_sample: [system_server,1,android.ui,42,ActivityManagerService.java,4044,BroadcastQueue.java,654,8]
01-23 17:53:46.697  1694  2930 W IcingInternalCorpora: getNumBytesRead when not calculated.
01-23 17:53:46.784   755  1235 I dvm_lock_sample: [system_server,0,Binder_8,23,ActivityManagerService.java,17552,-,16236,4]
01-23 17:53:46.845   755  1343 I dvm_lock_sample: [system_server,1,Binder_A,20,UserManagerService.java,424,PackageManagerService.java,2865,4]
01-23 17:53:46.890  1694  2090 I Icing   : MaintenanceDriver: Registering all GCM Tasks.
01-23 17:53:47.017   755  1947 I dvm_lock_sample: [system_server,1,Binder_D,41,UserManagerService.java,424,PackageManagerService.java,5440,8]
01-23 17:53:47.119   755  1235 I dvm_lock_sample: [system_server,1,Binder_8,38,ActivityManagerService.java,17452,BroadcastQueue.java,654,7]
01-23 17:53:47.426  1694  2441 W Icing   : RegisterPhenotypeTask: can't connect to Phenotype.API
01-23 17:53:47.455   291   291 I sn      : Retry 44
01-23 17:53:47.455   291   291 I sn      : Fail to access err=2
01-23 17:53:47.456   291   291 I sn      : Fail to access err=2
01-23 17:53:47.456   291   291 I sn      : Fail to access err=2
01-23 17:53:47.456   291   291 I sn      : Check all possible paths
01-23 17:53:47.487  1694  2930 W IcingInternalCorpora: getNumBytesRead when not calculated.
01-23 17:53:47.787  1694  2930 I MS_RegisterService: RegisterService intent:Intent { act=com.google.android.gms.matchstick.register_intent_action cat=[targeted_intent_op_prefix:com.google.android.libraries.matchstick.net.SilentRegisterIntentOperation] cmp=com.google.android.gms/.chimera.GmsIntentOperationService } isPeriodic:false
01-23 17:53:47.968  1694  2930 I MS_PhoneUtils: Phone type: 1
01-23 17:53:47.981  1694  2930 D SubscriptionManager: getSimStateForSubscriber: simState=5 slotIdx=0
01-23 17:53:35.015    86    86 I (1)[86:hps_main]CPU3: shutdown<431 -> 237>
01-23 17:53:35.015    86    86 W         : (1)[86:hps_main][Power/hotplug] mt_cpu_kill, cpu: 3
01-23 17:53:35.016    86    86 W         : (1)[86:hps_main][HPS] (0200)(4)action end(187)(213)(0)(0) (4)(4)(4)(4)(1) (0)(0)(0) (1979)(25)(1) (0)(213)(25)(0)(213) wifi_base(0)
01-23 17:53:48.070   755  2288 I dvm_lock_sample: [system_server,1,Binder_F,48,ActivityManagerService.java,16177,-,16412,9]
01-23 17:53:48.074   755   902 I dvm_lock_sample: [system_server,1,Binder_4,28,ActivityManagerService.java,16412,-,16412,5]
01-23 17:53:48.411   755  1233 W art     : Long monitor contention event with owner method=void com.android.server.pm.PackageManagerService.setEnabledSetting(java.lang.String, java.lang.String, int, int, int, java.lang.String) from PackageManagerService.java:15584 waiters=2 for 305ms
01-23 17:53:48.412   755  1233 I dvm_lock_sample: [system_server,1,Binder_7,305,UserManagerService.java,424,PackageManagerService.java,15584,61]
01-23 17:53:48.412   755  2288 W art     : Long monitor contention event with owner method=android.content.pm.ParceledListSlice com.android.server.pm.PackageManagerService.getInstalledPackages(int, int) from PackageManagerService.java:5498 waiters=2 for 304ms
01-23 17:53:48.412   755  2288 I dvm_lock_sample: [system_server,1,Binder_F,304,UserManagerService.java,424,PackageManagerService.java,5498,60]
01-23 17:53:48.413   755  1947 W art     : Long monitor contention event with owner method=void com.android.server.pm.PackageManagerService.setEnabledSetting(java.lang.String, java.lang.String, int, int, int, java.lang.String) from PackageManagerService.java:15584 waiters=2 for 307ms
01-23 17:53:48.413   755  1947 I dvm_lock_sample: [system_server,1,Binder_D,307,PackageManagerService.java,3320,-,15584,61]
01-23 17:53:48.413  1694  2947 I OcrModelUpStIntentOp: Updating ocr activity enabled=false (gservicesFlag=false, lowRamDevice=false, prereqCheck=true)
01-23 17:53:48.415   283   283 I thermal_repeater: oh, queryMdThermalInfo (0)No such file or directory
01-23 17:53:48.429   283   283 I thermal_repeater: [recvMdThermalInfo] ret=30, strLen=127,  2, 32767, -127, -1, 32767, 18
01-23 17:53:48.513  1694  2944 I PhenotypeSyncScheduler: Clear all shared preferences
01-23 17:53:48.513  1694  2944 I PhenotypeSyncScheduler: Cancel all previously scheduled polling
01-23 17:53:48.531  1694  2930 I MS_RegisterService: Doing full registration.
01-23 17:53:48.813   755   902 W art     : Long monitor contention event with owner method=android.content.pm.ParceledListSlice com.android.server.pm.PackageManagerService.getInstalledPackages(int, int) from PackageManagerService.java:5498 waiters=0 for 298ms
01-23 17:53:48.813   755   902 I dvm_lock_sample: [system_server,1,Binder_4,298,UserManagerService.java,1889,PackageManagerService.java,5498,59]
01-23 17:53:48.814   755  2288 W art     : Long monitor contention event with owner method=android.content.pm.ParceledListSlice com.android.server.pm.PackageManagerService.getInstalledPackages(int, int) from PackageManagerService.java:5498 waiters=1 for 299ms
01-23 17:53:48.814   755  2288 I dvm_lock_sample: [system_server,1,Binder_F,299,UserManagerService.java,424,PackageManagerService.java,5498,59]
01-23 17:53:48.814   755   922 W art     : Long monitor contention event with owner method=android.content.pm.ParceledListSlice com.android.server.pm.PackageManagerService.getInstalledPackages(int, int) from PackageManagerService.java:5498 waiters=2 for 283ms
01-23 17:53:48.814   755   922 I dvm_lock_sample: [system_server,1,Binder_6,283,UserManagerService.java,424,PackageManagerService.java,5498,56]
01-23 17:53:48.859   755   922 I dvm_lock_sample: [system_server,1,Binder_6,45,UserManagerService.java,424,PackageManagerService.java,5440,9]
01-23 17:53:48.861   755  1344 W art     : Long monitor contention event with owner method=boolean com.android.server.am.ActivityManagerService.unbindService(android.app.IServiceConnection) from ActivityManagerService.java:16419 waiters=1 for 336ms
01-23 17:53:48.862   755  1344 I dvm_lock_sample: [system_server,0,Binder_B,336,ActivityManagerService.java,16450,-,16419,67]
01-23 17:53:48.863   755  1235 W art     : Long monitor contention event with owner method=android.content.ComponentName com.android.server.am.ActivityManagerService.startService(android.app.IApplicationThread, android.content.Intent, java.lang.String, java.lang.String, int) from ActivityManagerService.java:16177 waiters=1 for 332ms
01-23 17:53:48.863   755  1235 I dvm_lock_sample: [system_server,1,Binder_8,332,ActivityManagerService.java,16177,-,16177,66]
01-23 17:53:48.913   755  1233 I dvm_lock_sample: [system_server,1,Binder_7,13,UserManagerService.java,424,PackageManagerService.java,2865,2]
01-23 17:53:48.937   755  1236 I dvm_lock_sample: [system_server,1,Binder_9,75,ActivityManagerService.java,21024,-,16450,15]
01-23 17:53:48.956   755   921 I dvm_lock_sample: [system_server,1,Binder_5,29,ActivityManagerService.java,16419,-,16177,5]
01-23 17:53:48.962  1694  2944 I PhenotypeSyncScheduler: Scheduling Phenotype for first execution 12328 seconds from now (1485183228961)
01-23 17:53:49.184   755   796 I sysui_histogram: [power_double_tap_interval,270400]
01-23 17:53:49.184   755   796 I PowerManagerService: Waking up from sleep (uid 1000)...
01-23 17:53:49.185   755   796 D lights  : write_int open fd=-1
01-23 17:53:49.190   755   755 I power_screen_state: [1,0,0,0]
01-23 17:53:49.191   755   755 I screen_toggled: 1
01-23 17:53:49.191   755   755 V KeyguardServiceDelegate: onStartedWakingUp()
01-23 17:53:49.191   755   755 I power_screen_broadcast_send: 1
01-23 17:53:49.194   755   776 I DisplayPowerController: Blocking screen on until initial contents have been drawn.
01-23 17:53:49.195   843   843 I sysui_histogram: [note_load,2]
01-23 17:53:49.196   755   899 I notification_panel_revealed: 2
01-23 17:53:49.199   755   776 V KeyguardServiceDelegate: onScreenTurnedOn(showListener = com.android.server.policy.PhoneWindowManager$2@a0420d8)
01-23 17:53:49.202   755   774 I DisplayManagerService: Display device changed state: "Встроенный экран", ON
01-23 17:53:49.209   254   254 D SurfaceFlinger: Set power mode=2, type=0 flinger=0xb6a64000
01-23 17:53:49.209   254   254 I hwcomposer: [HWC] SetPowerMode(2) Display(0)
01-23 17:53:49.229   755  1235 I notification_visibility: [0|com.android.messaging|0|com.android.messaging:sms:|10077,1,340770,340770,0,0]
01-23 17:53:49.293   755   755 D lights  : set_led_state colorRGB=39FF0000, onMS=0, offMS=0
01-23 17:53:49.294   755   804 E native  : do suspend false
01-23 17:53:49.295   755   804 I wifi    : command 'IFNAME=wlan0 DRIVER SETSUSPENDMODE 0' returned 'SETSUSPENDMODE 0
01-23 17:53:49.377   755  1235 V KeyguardServiceDelegate: **** SHOWN CALLED ****
01-23 17:53:49.388   843  1377 I [MALI][Gralloc]: [+]r_hnd(0xa1384120), client(42), share_fd(73)
01-23 17:53:49.398   755   922 I dvm_lock_sample: [system_server,1,Binder_6,16,UserManagerService.java,1889,PackageManagerService.java,5389,3]
01-23 17:53:49.408   254   301 I [MALI][Gralloc]: [+]hnd(0xb671dbe0), client(26), share_fd(49), hnd->flags:4
01-23 17:53:49.409   843  1377 I [MALI][Gralloc]: [+]r_hnd(0xafb7b140), client(42), share_fd(74)
01-23 17:53:49.514   254   301 I [MALI][Gralloc]: [+]hnd(0xb65d6fa0), client(26), share_fd(69), hnd->flags:4
01-23 17:53:49.515   843  1377 I [MALI][Gralloc]: [+]r_hnd(0xafb7b820), client(42), share_fd(75)
01-23 17:53:49.544   755   770 D Sensors : activate handle =0, enable = 1
01-23 17:53:49.545   755   770 E Sensors : handleToDriver handle(0)
01-23 17:53:49.545   755   770 D Sensors : use new sensor index=2, mSensors[index](a037cc00)
01-23 17:53:49.545   755   770 D Accel   : ACC enable: handle:0, en:1 
01-23 17:53:49.545   755   770 D Accel   : path:/sys/class/misc/m_acc_misc/accactive 
01-23 17:53:49.546   755   770 D Accel   : ACC enable(1) done
01-23 17:53:49.546   755   770 E Sensors : handleToDriver handle(0)
01-23 17:53:49.546   755   770 D Accel   : setDelay: (handle=0, ns=66667000)
01-23 17:53:49.546   755   770 E Sensors : new setDelay handle(0),ns(66667000)m, error(0), index(2)
01-23 17:53:49.546   755   770 E Sensors : handleToDriver handle(0)
01-23 17:53:49.546   755   770 D Accel   : setDelay: (handle=0, ns=66667000)
01-23 17:53:49.547   755   770 E Sensors : new setDelay handle(0),ns(66667000)m, error(0), index(2)
01-23 17:53:49.547   755   776 I DisplayPowerController: Unblocked screen on after 352 ms
01-23 17:53:49.549   755   776 V KeyguardServiceDelegate: onScreenTurnedOn()
01-23 17:53:49.549   755   921 I dvm_lock_sample: [system_server,1,Binder_5,5,ActivityManagerService.java,16177,BroadcastQueue.java,654,1]
01-23 17:53:49.575   843  1377 I [MALI][Gralloc]: [+]r_hnd(0xafb7b8c0), client(42), share_fd(76)
01-23 17:53:49.595   755   838 D SurfaceControl: Excessive delay in setPowerMode(): 394ms
01-23 17:53:49.599   755   838 D lights  : write_int open fd=198
01-23 17:53:49.600   755   838 D lights  : write_int open fd=192
01-23 17:53:49.616   755   838 D lights  : write_int open fd=192
01-23 17:53:49.632   755   838 D lights  : write_int open fd=192
01-23 17:53:49.639   755   755 I power_screen_broadcast_done: [1,449,1]
01-23 17:53:49.659   755   838 D lights  : write_int open fd=192
01-23 17:53:49.677   755   838 D lights  : write_int open fd=198
01-23 17:53:49.695   755   838 D lights  : write_int open fd=192
01-23 17:53:49.704   755   768 I sync    : [com.google.android.gms.reminders,0,0,-1776524722]
01-23 17:53:49.712   755   838 D lights  : write_int open fd=192
01-23 17:53:49.890  1694  1851 W WearSignatureVerifier: No package com.google.android.wearable.app.cn
01-23 17:53:49.914  1694  1851 W WearSignatureVerifier: No package com.google.android.wearable.app.cn
01-23 17:53:49.915  1694  1851 W WearSignatureVerifier: No package com.google.android.wearable.app.cn
01-23 17:53:49.916  1694  1851 W WearSignatureVerifier: No package com.google.android.wearable.app.cn
01-23 17:53:49.952   755   921 I dvm_lock_sample: [system_server,1,Binder_5,31,ActivityManagerService.java,16177,-,16412,6]
01-23 17:53:49.956  1688  1688 I WearableService: Wear is not allowed to run on this device. Not starting Wear service.
01-23 17:53:49.958  1688  1688 D WearableService: callingUid 10029, callindPid: 1688
01-23 17:53:49.971  1694  2947 V SmartDevice: [service,SmartDeviceIntentHandlers] OnUpgradeOrBootOperation got intent: Intent { act=com.google.android.chimera.IntentOperation.NEW_MODULE (has extras) } with flag 12
01-23 17:53:50.042  1694  1694 W WearSignatureVerifier: No package com.google.android.wearable.app.cn
01-23 17:53:50.044  1694  2990 E MDM     : [425] vce.a: Couldn't connect to Google API client: jug{statusCode=API_UNAVAILABLE, resolution=null, message=null}
01-23 17:53:50.095  1694  2944 I PlatformStatsCollectorService: Start Procstats in 8274 seconds.
01-23 17:53:50.139   755   768 I sync    : [com.google.android.gms.reminders,1,0,-1776524722]
01-23 17:53:37.121     0     0 W         : (0)[172:irq/298-touch_p]*** _DrvPlatformLyrFingerTouchInterruptHandler() ***<431 -> 237>
01-23 17:53:37.121     0     0 W         : (1)[173:mtk-tpd]FIRMWARE_MODE_DEMO_MODE<431 -> 237>
01-23 17:53:37.122     0     0 W         : (2)[173:mtk-tpd]check sum : [12] == [12]? <431 -> 237>
01-23 17:53:37.122     0     0 W         : (2)[173:mtk-tpd]received raw data from touch panel as following:
01-23 17:53:37.122     0     0 W         : (2)[173:mtk-tpd]pPacket[0]=52
01-23 17:53:37.122     0     0 W         : pPacket[1]=55 pPacket[2]=f pPacket[3]=38 pPacket[4]=0
01-23 17:53:37.122     0     0 W         : pPacket[5]=0 pPacket[6]=0 pPacket[7]=12
01-23 17:53:37.122     0     0 W         : (2)[173:mtk-tpd][x,y]=[1295,1336]
01-23 17:53:37.122     0     0 W         : (2)[173:mtk-tpd][delta_x,delta_y]=[0,0]
01-23 17:53:37.122     0     0 W (2)[173:mtk-tpd][_DrvFwCtrlSelfParsePacket]: [x,y]=[1295,1336]
01-23 17:53:37.122     0     0 W (2)[173:mtk-tpd][_DrvFwCtrlSelfParsePacket]: point[x,y]=[455,835]
01-23 17:53:37.122     0     0 W         : (2)[173:mtk-tpd]tInfo->nFingerNum = 1...............
01-23 17:53:37.122     0     0 W         : (2)[173:mtk-tpd]*** DrvPlatformLyrFingerTouchPressed() ***
01-23 17:53:37.123     0     0 W         : (2)[173:mtk-tpd]*** _DrvPlatformLyrFingerTouchHandler() _gInterruptFlag = 0 ***<431 -> 237>
01-23 17:53:37.133     0     0 W         : (0)[172:irq/298-touch_p]*** _DrvPlatformLyrFingerTouchInterruptHandler() _gInterruptFlag = 1 ***<431 -> 237>
01-23 17:53:37.134     0     0 W         : (2)[173:mtk-tpd]*** _DrvFwCtrlSelfParsePacket() ***<431 -> 237>
01-23 17:53:37.134     0     0 W         : (2)[173:mtk-tpd]received raw data from touch panel as following:<431 -> 237>
01-23 17:53:37.134     0     0 W         : (2)[173:mtk-tpd]pPacket[0]=52
01-23 17:53:37.134     0     0 W         : pPacket[1]=55 pPacket[2]=f pPacket[3]=38 pPacket[4]=0
01-23 17:53:37.134     0     0 W         : pPacket[5]=0 pPacket[6]=0 pPacket[7]=12
01-23 17:53:37.134     0     0 W         : (2)[173:mtk-tpd][x,y]=[1295,1336]
01-23 17:53:37.134     0     0 W         : (2)[173:mtk-tpd][delta_x,delta_y]=[0,0]
01-23 17:53:37.134     0     0 W (2)[173:mtk-tpd][_DrvFwCtrlSelfParsePacket]: [x,y]=[1295,1336]
01-23 17:53:37.134     0     0 W (2)[173:mtk-tpd][_DrvFwCtrlSelfParsePacket]: point[x,y]=[455,835]
01-23 17:53:37.134     0     0 W         : (2)[173:mtk-tpd]tInfo->nFingerNum = 1...............
01-23 17:53:37.134     0     0 W         : (2)[173:mtk-tpd]*** DrvPlatformLyrFingerTouchPressed() ***
01-23 17:53:37.134     0     0 W         : (2)[173:mtk-tpd]point touch pressed
01-23 17:53:37.134     0     0 W         : (2)[173:mtk-tpd]*** _DrvPlatformLyrFingerTouchHandler() _gInterruptFlag = 0 ***
01-23 17:53:37.145     0     0 W         : (0)[172:irq/298-touch_p]*** _DrvPlatformLyrFingerTouchInterruptHandler() ***
01-23 17:53:37.145     0     0 W         : (0)[172:irq/298-touch_p]*** _DrvPlatformLyrFingerTouchInterruptHandler() _gInterruptFlag = 1 ***
01-23 17:53:37.145     0     0 W         : (2)[173:mtk-tpd]FIRMWARE_MODE_DEMO_MODE
01-23 17:53:37.146     0     0 W         : (2)[173:mtk-tpd]*** _DrvFwCtrlSelfParsePacket() ***
01-23 17:53:37.146     0     0 W (2)[173:mtk-tpd]check sum: [12] == [12]?
01-23 17:53:37.146     0     0 W         : (2)[173:mtk-tpd]received raw data from touch panel as following:
01-23 17:53:37.146     0     0 W         : (2)[173:mtk-tpd]pPacket[0]=52
01-23 17:53:37.146     0     0 W         : pPacket[1]=55 pPacket[2]=f pPacket[3]=38 pPacket[4]=0
01-23 17:53:37.146     0     0 W         : pPacket[5]=0 pPacket[6]=0 pPacket[7]=12
01-23 17:53:37.146     0     0 W         : (2)[173:mtk-tpd][x,y]=[1295,1336]
01-23 17:53:37.146     0     0 W         : (2)[173:mtk-tpd][delta_x,delta_y]=[0,0]
01-23 17:53:37.146     0     0 W (2)[173:mtk-tpd][_DrvFwCtrlSelfParsePacket]: [x,y]=[1295,1336]
01-23 17:53:37.146     0     0 W (2)[173:mtk-tpd][_DrvFwCtrlSelfParsePacket]: point[x,y]=[455,835]
01-23 17:53:37.146     0     0 W         : (2)[173:mtk-tpd]tInfo->nFingerNum = 1...............
01-23 17:53:37.146     0     0 W         : (2)[173:mtk-tpd]*** DrvPlatformLyrFingerTouchPressed() ***
01-23 17:53:37.146     0     0 W         : (2)[173:mtk-tpd]point touch pressed
01-23 17:53:37.146     0     0 W         : (2)[173:mtk-tpd]*** _DrvPlatformLyrFingerTouchHandler() _gInterruptFlag = 0 ***
01-23 17:53:50.220  1694  2944 I PlatformStatsCollectorService: Start Batterystats in 8274 seconds.
01-23 17:53:37.181     0     0 W         : (3)[172:irq/298-touch_p]*** _DrvPlatformLyrFingerTouchInterruptHandler() ***<431 -> 237>
01-23 17:53:37.181     0     0 W         : (3)[172:irq/298-touch_p]*** _DrvPlatformLyrFingerTouchInterruptHandler() _gInterruptFlag = 1 ***
01-23 17:53:37.181     0     0 W         : (0)[173:mtk-tpd]FIRMWARE_MODE_DEMO_MODE
01-23 17:53:37.182     0     0 W         : (0)[173:mtk-tpd]*** _DrvFwCtrlSelfParsePacket() ***
01-23 17:53:37.182     0     0 W (0)[173:mtk-tpd]check sum: [7a] == [7a]?
01-23 17:53:37.182     0     0 W         : (0)[173:mtk-tpd]received raw data from touch panel as following:
01-23 17:53:37.182     0     0 W         : (0)[173:mtk-tpd]pPacket[0]=52
01-23 17:53:37.182     0     0 W         : pPacket[1]=44 pPacket[2]=fd pPacket[3]=f3 pPacket[4]=0
01-23 17:53:37.182     0     0 W         : pPacket[5]=0 pPacket[6]=0 pPacket[7]=7a
01-23 17:53:37.182     0     0 W         : (0)[173:mtk-tpd][x,y]=[1277,1267]
01-23 17:53:37.182     0     0 W         : (0)[173:mtk-tpd][delta_x,delta_y]=[0,0]
01-23 17:53:37.182     0     0 W (0)[173:mtk-tpd][_DrvFwCtrlSelfParsePacket]: [x,y]=[1277,1267]
01-23 17:53:37.182     0     0 W (0)[173:mtk-tpd][_DrvFwCtrlSelfParsePacket]: point[x,y]=[448,791]
01-23 17:53:37.182     0     0 W         : (0)[173:mtk-tpd]tInfo->nFingerNum = 1...............
01-23 17:53:37.182     0     0 W         : (0)[173:mtk-tpd]*** DrvPlatformLyrFingerTouchPressed() ***
01-23 17:53:37.182     0     0 W         : (0)[173:mtk-tpd]point touch pressed
01-23 17:53:37.182     0     0 W         : (0)[173:mtk-tpd]*** _DrvPlatformLyrFingerTouchHandler() _gInterruptFlag = 0 ***
01-23 17:53:37.193     0     0 W         : (0)[173:mtk-tpd]FIRMWARE_MODE_DEMO_MODE<431 -> 237>
01-23 17:53:37.194     0     0 W         : (0)[173:mtk-tpd]*** _DrvFwCtrlSelfParsePacket() ***
01-23 17:53:37.194     0     0 W (0)[173:mtk-tpd]check sum: [9a] == [9a]?
01-23 17:53:37.194     0     0 W         : (0)[173:mtk-tpd]received raw data from touch panel as following:
01-23 17:53:37.194     0     0 W         : (0)[173:mtk-tpd]pPacket[0]=52
01-23 17:53:37.194     0     0 W         : pPacket[1]=44 pPacket[2]=f8 pPacket[3]=d8 pPacket[4]=0
01-23 17:53:37.194     0     0 W         : pPacket[5]=0 pPacket[6]=0 pPacket[7]=9a
01-23 17:53:37.194     0     0 W         : (0)[173:mtk-tpd][x,y]=[1272,1240]
01-23 17:53:37.194     0     0 W         : (0)[173:mtk-tpd][delta_x,delta_y]=[0,0]
01-23 17:53:37.194     0     0 W (0)[173:mtk-tpd][_DrvFwCtrlSelfParsePacket]: [x,y]=[1272,1240]
01-23 17:53:37.194     0     0 W         : (0)[173:mtk-tpd]tInfo->nFingerNum = 1...............<431 -> 237>
01-23 17:53:37.194     0     0 W         : (0)[173:mtk-tpd]point touch pressed<431 -> 237>
01-23 17:53:37.194     0     0 W         : (0)[173:mtk-tpd]*** _DrvPlatformLyrFingerTouchHandler() _gInterruptFlag = 0 ***
01-23 17:53:37.205     0     0 W         : (1)[172:irq/298-touch_p]*** _DrvPlatformLyrFingerTouchInterruptHandler() ***
01-23 17:53:37.205     0     0 W         : (1)[172:irq/298-touch_p]*** _DrvPlatformLyrFingerTouchInterruptHandler() _gInterruptFlag = 1 ***
01-23 17:53:37.206     0     0 W         : (2)[173:mtk-tpd]FIRMWARE_MODE_DEMO_MODE
01-23 17:53:37.206     0     0 W         : (1)[173:mtk-tpd]*** _DrvFwCtrlSelfParsePacket() ***
01-23 17:53:37.206     0     0 W (1)[173:mtk-tpd]check sum: [c1] == [c1]?
01-23 17:53:37.206     0     0 W         : (1)[173:mtk-tpd]received raw data from touch panel as following:
01-23 17:53:37.206     0     0 W         : (1)[173:mtk-tpd]pPacket[0]=52
01-23 17:53:37.206     0     0 W         : pPacket[1]=44 pPacket[2]=f5 pPacket[3]=b4 pPacket[4]=0
01-23 17:53:37.206     0     0 W         : pPacket[5]=0 pPacket[6]=0 pPacket[7]=c1
01-23 17:53:37.206     0     0 W         : (1)[173:mtk-tpd][x,y]=[1269,1204]
01-23 17:53:37.206     0     0 W         : (1)[173:mtk-tpd][delta_x,delta_y]=[0,0]
01-23 17:53:37.206     0     0 W (1)[173:mtk-tpd][_DrvFwCtrlSelfParsePacket]: [x,y]=[1269,1204]
01-23 17:53:37.206     0     0 W (1)[173:mtk-tpd][_DrvFwCtrlSelfParsePacket]: point[x,y]=[446,752]
01-23 17:53:37.206     0     0 W         : (1)[173:mtk-tpd]tInfo->nFingerNum = 1...............
01-23 17:53:37.206     0     0 W         : (1)[173:mtk-tpd]*** DrvPlatformLyrFingerTouchPressed() ***
01-23 17:53:37.206     0     0 W         : (1)[173:mtk-tpd]point touch pressed
01-23 17:53:37.206     0     0 W         : (1)[173:mtk-tpd]*** _DrvPlatformLyrFingerTouchHandler() _gInterruptFlag = 0 ***
01-23 17:53:37.217     0     0 W         : (1)[172:irq/298-touch_p]*** _DrvPlatformLyrFingerTouchInterruptHandler() ***
01-23 17:53:37.218     0     0 W         : (1)[172:irq/298-touch_p]*** _DrvPlatformLyrFingerTouchInterruptHandler() _gInterruptFlag = 1 ***
01-23 17:53:37.218     0     0 W         : (3)[173:mtk-tpd]FIRMWARE_MODE_DEMO_MODE
01-23 17:53:37.219     0     0 W         : (0)[173:mtk-tpd]*** _DrvFwCtrlSelfParsePacket() ***
01-23 17:53:37.219     0     0 W (0)[173:mtk-tpd]check sum: [e9] == [e9]?
01-23 17:53:37.219     0     0 W         : (0)[173:mtk-tpd]received raw data from touch panel as following:
01-23 17:53:37.219     0     0 W         : (0)[173:mtk-tpd]pPacket[0]=52
01-23 17:53:37.219     0     0 W         : pPacket[1]=44 pPacket[2]=f4 pPacket[3]=8d pPacket[4]=0
01-23 17:53:37.219     0     0 W         : pPacket[5]=0 pPacket[6]=0 pPacket[7]=e9
01-23 17:53:37.219     0     0 W         : (0)[173:mtk-tpd][x,y]=[1268,1165]
01-23 17:53:37.219     0     0 W         : (0)[173:mtk-tpd][delta_x,delta_y]=[0,0]
01-23 17:53:37.219     0     0 W (0)[173:mtk-tpd][_DrvFwCtrlSelfParsePacket]: [x,y]=[1268,1165]
01-23 17:53:37.219     0     0 W (0)[173:mtk-tpd][_DrvFwCtrlSelfParsePacket]: point[x,y]=[445,728]
01-23 17:53:37.219     0     0 W         : (0)[173:mtk-tpd]tInfo->nFingerNum = 1...............
01-23 17:53:37.219     0     0 W         : (0)[173:mtk-tpd]*** DrvPlatformLyrFingerTouchPressed() ***
01-23 17:53:37.219     0     0 W         : (0)[173:mtk-tpd]point touch pressed
01-23 17:53:37.219     0     0 W         : (0)[173:mtk-tpd]*** _DrvPlatformLyrFingerTouchHandler() _gInterruptFlag = 0 ***
01-23 17:53:37.229     0     0 W         : (0)[172:irq/298-touch_p]*** _DrvPlatformLyrFingerTouchInterruptHandler() ***
01-23 17:53:37.229     0     0 W         : (0)[172:irq/298-touch_p]*** _DrvPlatformLyrFingerTouchInterruptHandler() _gInterruptFlag = 1 ***
01-23 17:53:37.229     0     0 W         : (3)[173:mtk-tpd]FIRMWARE_MODE_DEMO_MODE
01-23 17:53:37.230     0     0 W         : (3)[173:mtk-tpd]*** _DrvPlatformLyrFingerTouchHandler() _gInterruptFlag = 0 ***<431 -> 237>
01-23 17:53:50.307   755   767 I dvm_lock_sample: [system_server,1,Binder_2,13,UserManagerService.java,424,PackageManagerService.java,2865,2]
01-23 17:53:37.289     0     0 W         : (2)[173:mtk-tpd]FIRMWARE_MODE_DEMO_MODE<431 -> 237>
01-23 17:53:37.290     0     0 W         : (0)[173:mtk-tpd]*** _DrvFwCtrlSelfParsePacket() ***
01-23 17:53:37.290     0     0 W (0)[173:mtk-tpd]check sum: [f2] == [f2]?
01-23 17:53:37.290     0     0 W         : (0)[173:mtk-tpd]received raw data from touch panel as following:
01-23 17:53:37.290     0     0 W         : (0)[173:mtk-tpd]pPacket[0]=52
01-23 17:53:37.290     0     0 W         : pPacket[1]=52 pPacket[2]=7f pPacket[3]=eb pPacket[4]=0
01-23 17:53:37.290     0     0 W         : pPacket[5]=0 pPacket[6]=0 pPacket[7]=f2
01-23 17:53:37.290     0     0 W         : (0)[173:mtk-tpd][x,y]=[1407,747]
01-23 17:53:37.290     0     0 W         : (0)[173:mtk-tpd][delta_x,delta_y]=[0,0]
01-23 17:53:37.290     0     0 W (0)[173:mtk-tpd][_DrvFwCtrlSelfParsePacket]: [x,y]=[1407,747]
01-23 17:53:37.290     0     0 W (0)[173:mtk-tpd][_DrvFwCtrlSelfParsePacket]: point[x,y]=[494,466]
01-23 17:53:37.290     0     0 W         : (0)[173:mtk-tpd]*** DrvPlatformLyrFingerTouchPressed() ***<431 -> 237>
01-23 17:53:37.290     0     0 W         : (0)[173:mtk-tpd]*** _DrvPlatformLyrFingerTouchHandler() _gInterruptFlag = 0 ***<431 -> 237>
01-23 17:53:37.302     0     0 W         : (2)[173:mtk-tpd][delta_x,delta_y]=[0,0]<431 -> 237>
01-23 17:53:37.302     0     0 W (2)[173:mtk-tpd][_DrvFwCtrlSelfParsePacket]: [x,y]=[1470,652]
01-23 17:53:37.302     0     0 W (2)[173:mtk-tpd][_DrvFwCtrlSelfParsePacket]: point[x,y]=[516,407]
01-23 17:53:37.302     0     0 W         : (2)[173:mtk-tpd]tInfo->nFingerNum = 1...............
01-23 17:53:37.302     0     0 W         : (2)[173:mtk-tpd]*** DrvPlatformLyrFingerTouchPressed() ***
01-23 17:53:37.302     0     0 W         : (2)[173:mtk-tpd]point touch pressed
01-23 17:53:37.302     0     0 W         : (2)[173:mtk-tpd]*** _DrvPlatformLyrFingerTouchHandler() _gInterruptFlag = 0 ***
01-23 17:53:50.372  1694  2944 I PlatformStatsCollectorService: Start UnifiedDumpsysTask in 8274 seconds.
01-23 17:53:37.327     0     0 W         : (1)[173:mtk-tpd]*** _DrvFwCtrlSelfParsePacket() ***<431 -> 237>
01-23 17:53:37.327     0     0 W (1)[173:mtk-tpd]check sum: [12] == [12]?
01-23 17:53:37.327     0     0 W         : (1)[173:mtk-tpd]received raw data from touch panel as following:
01-23 17:53:37.327     0     0 W         : (1)[173:mtk-tpd]pPacket[0]=52
01-23 17:53:37.327     0     0 W         : pPacket[1]=61 pPacket[2]=7b pPacket[3]=c0 pPacket[4]=0
01-23 17:53:37.327     0     0 W         : pPacket[5]=0 pPacket[6]=0 pPacket[7]=12
01-23 17:53:37.327     0     0 W         : (1)[173:mtk-tpd][x,y]=[1659,448]
01-23 17:53:37.327     0     0 W         : (1)[173:mtk-tpd][delta_x,delta_y]=[0,0]
01-23 17:53:37.327     0     0 W (1)[173:mtk-tpd][_DrvFwCtrlSelfParsePacket]: [x,y]=[1659,448]
01-23 17:53:37.327     0     0 W (1)[173:mtk-tpd][_DrvFwCtrlSelfParsePacket]: point[x,y]=[583,280]
01-23 17:53:37.327     0     0 W         : (1)[173:mtk-tpd]tInfo->nFingerNum = 1...............
01-23 17:53:37.327     0     0 W         : (1)[173:mtk-tpd]*** DrvPlatformLyrFingerTouchPressed() ***
01-23 17:53:37.327     0     0 W         : (1)[173:mtk-tpd]point touch pressed
01-23 17:53:37.327     0     0 W         : (1)[173:mtk-tpd]*** _DrvPlatformLyrFingerTouchHandler() _gInterruptFlag = 0 ***
01-23 17:53:50.441   843   843 D InputEventConsistencyVerifier: TouchEvent: ACTION_MOVE contained 1 pointers but there are currently 0 pointers down.
01-23 17:53:50.441   843   843 D InputEventConsistencyVerifier:   in android.view.GestureDetector@4148550
01-23 17:53:50.441   843   843 D InputEventConsistencyVerifier:   0: sent at 448112404000, MotionEvent { action=ACTION_MOVE, actionButton=0, id[0]=0, x[0]=674.06384, y[0]=115.90945, toolType[0]=TOOL_TYPE_FINGER, buttonState=0, metaState=0, flags=0x2, edgeFlags=0x0, pointerCount=1, historySize=0, eventTime=448112, downTime=447876, deviceId=2, source=0x1002 }
01-23 17:53:50.446   843   843 I sysui_lockscreen_gesture: [1,345,2569]
01-23 17:53:50.512  1694  2944 I PlatformStatsCollectorService: Start Settingsstats in 8274 seconds.
01-23 17:53:50.568   755   921 I dvm_lock_sample: [system_server,1,Binder_5,16,ActivityManagerService.java,7191,BroadcastQueue.java,654,3]
01-23 17:53:50.639  1694  2944 I PlatformStatsCollectorService: Start Notificationstats in 8274 seconds.
01-23 17:53:50.682   755  1564 I notification_visibility: [0|com.android.messaging|0|com.android.messaging:sms:|10077,0,342223,342223,0,0]
01-23 17:53:50.684   755  1235 I notification_panel_hidden: []
01-23 17:53:50.688   843  1377 I [MALI][Gralloc]: [-]r_hnd(0xafb7b8c0), client(42), share_fd(76)
01-23 17:53:50.688   843  1377 I [MALI][Gralloc]: [-]r_hnd(0xa1384120), client(42), share_fd(73)
01-23 17:53:50.689   843  1377 I [MALI][Gralloc]: [-]r_hnd(0xafb06f60), client(42), share_fd(71)
01-23 17:53:50.690   254   301 I [MALI][Gralloc]: [-]hnd(0xb65d6d20), client(26), share_fd(31)
01-23 17:53:50.690   254   301 I [MALI][Gralloc]: [-]hnd(0xb671d960), client(26), share_fd(38)
01-23 17:53:50.695   843   843 I screen_toggled: 2
01-23 17:53:50.696   843   843 D PhoneStatusBar: disable: < expand ICONS alerts SYSTEM_INFO back HOME RECENT clock SEARCH quick_settings >
01-23 17:53:50.719   254   254 I sf_frame_dur: [KeyguardBottomArea,13,0,0,0,0,1,2]
01-23 17:53:50.719   254   254 I [MALI][Gralloc]: [-]hnd(0xb671d6e0), client(26), share_fd(34)
01-23 17:53:50.720  1694  2930 I MS_RegisterService: Throttling registration.
01-23 17:53:50.785   755   766 I am_resume_activity: [0,201948011,37,com.android.settings/.Settings]
01-23 17:53:50.816   843   843 D PhoneStatusBar: disable: < expand icons* alerts system_info* back HOME RECENT clock SEARCH quick_settings >
01-23 17:53:50.818  1694  2944 I PlatformStatsCollectorService: Start Fingerprintstats in 8274 seconds.
01-23 17:53:50.819   755  1233 I dvm_lock_sample: [system_server,1,Binder_7,51,ActivityManagerService.java,21024,-,16412,10]
01-23 17:53:50.823  2800  2800 I sysui_view_visibility: [1,100]
01-23 17:53:50.826   755   769 I dvm_lock_sample: [system_server,1,ActivityManager,38,ActivityManagerService.java,1936,-,6617,7]
01-23 17:53:50.890   843   843 I sysui_lls_keyguard_dismissed: 0
01-23 17:53:50.892   755  2287 I notification_expansion: [0|com.android.messaging|0|com.android.messaging:sms:|10077,0,1,342433,342433,1663]
01-23 17:53:50.906  2800  2800 I sysui_view_visibility: [35,100]
01-23 17:53:50.980   843   843 I sysui_status_bar_state: [0,0,0,0,0,1]
01-23 17:53:50.980  1694  2944 I PlatformStatsCollectorService: Start DropboxRealtime in 8274 seconds.
01-23 17:53:50.982  2800  2800 I am_on_resume_called: [0,com.android.settings.Settings]
01-23 17:53:51.068  1688  2677 I c2dm    : [-8,com.google.android.gsf.gtalkservice:,2,3]
01-23 17:53:51.100   755   769 I dvm_lock_sample: [system_server,1,ActivityManager,58,BroadcastQueue.java,654,ActivityManagerService.java,17452,11]
01-23 17:53:51.101   755  1947 I dvm_lock_sample: [system_server,1,Binder_D,24,ActivityManagerService.java,16651,-,20004,4]
01-23 17:53:51.114   843   843 D PhoneStatusBar: disable: < expand icons alerts system_info back home* recent* clock search* quick_settings >
01-23 17:53:51.152  1694  2944 I PlatformStatsCollectorService: Start Graphicsstats in 8274 seconds.
