01-23 17:50:12.171  2698  2736 W System  : ClassLoader referenced unknown path: /data/user/0/com.google.android.gms/app_dg_cache/2C83C9D6E93AA43177284831185FC41E68602CFD/lib
01-23 17:50:12.188  2698  2736 E DG      : FSC error
01-23 17:50:12.188  2698  2736 E DG      : olz: Couldn't load VM class
01-23 17:50:12.188  2698  2736 E DG      : 	at omc.a(:com.google.android.gms:106)
01-23 17:50:12.188  2698  2736 E DG      : 	at omc.a(:com.google.android.gms:70)
01-23 17:50:12.188  2698  2736 E DG      : 	at com.google.android.gms.droidguard.DroidGuardChimeraService.onHandleIntent(:com.google.android.gms:4115)
01-23 17:50:12.188  2698  2736 E DG      : 	at bwr.handleMessage(:com.google.android.gms:67)
01-23 17:50:12.188  2698  2736 E DG      : 	at android.os.Handler.dispatchMessage(Handler.java:102)
01-23 17:50:12.188  2698  2736 E DG      : 	at android.os.Looper.loop(Looper.java:148)
01-23 17:50:12.188  2698  2736 E DG      : 	at android.os.HandlerThread.run(HandlerThread.java:61)
01-23 17:50:12.188  2698  2736 E DG      : Caused by: java.lang.ClassNotFoundException: Didn't find class "com.google.ccc.abuse.droidguard.DroidGuard" on path: DexPathList[[zip file "/data/user/0/com.google.android.gms/app_dg_cache/2C83C9D6E93AA43177284831185FC41E68602CFD/the.apk"],nativeLibraryDirectories=[/data/user/0/com.google.android.gms/app_dg_cache/2C83C9D6E93AA43177284831185FC41E68602CFD/lib, /vendor/lib, /system/lib]]
01-23 17:50:12.188  2698  2736 E DG      : 	at dalvik.system.BaseDexClassLoader.findClass(BaseDexClassLoader.java:56)
01-23 17:50:12.188  2698  2736 E DG      : 	at java.lang.ClassLoader.loadClass(ClassLoader.java:511)
01-23 17:50:12.188  2698  2736 E DG      : 	at java.lang.ClassLoader.loadClass(ClassLoader.java:469)
01-23 17:50:12.188  2698  2736 E DG      : 	at omc.a(:com.google.android.gms:4119)
01-23 17:50:12.188  2698  2736 E DG      : 	... 6 more
01-23 17:50:12.188  2698  2736 E DG      : 	Suppressed: java.io.IOException: Failed to open dex files from /data/user/0/com.google.android.gms/app_dg_cache/2C83C9D6E93AA43177284831185FC41E68602CFD/the.apk
01-23 17:50:12.188  2698  2736 E DG      : 		at dalvik.system.DexFile.openDexFileNative(Native Method)
01-23 17:50:12.188  2698  2736 E DG      : 		at dalvik.system.DexFile.openDexFile(DexFile.java:295)
01-23 17:50:12.188  2698  2736 E DG      : 		at dalvik.system.DexFile.<init>(DexFile.java:111)
01-23 17:50:12.188  2698  2736 E DG      : 		at dalvik.system.DexFile.loadDex(DexFile.java:151)
01-23 17:50:12.188  2698  2736 E DG      : 		at dalvik.system.DexPathList.loadDexFile(DexPathList.java:282)
01-23 17:50:12.188  2698  2736 E DG      : 		at dalvik.system.DexPathList.makePathElements(DexPathList.java:248)
01-23 17:50:12.188  2698  2736 E DG      : 		at dalvik.system.DexPathList.<init>(DexPathList.java:120)
01-23 17:50:12.188  2698  2736 E DG      : 		at dalvik.system.BaseDexClassLoader.<init>(BaseDexClassLoader.java:48)
01-23 17:50:12.188  2698  2736 E DG      : 		at dalvik.system.DexClassLoader.<init>(DexClassLoader.java:57)
01-23 17:50:12.188  2698  2736 E DG      : 		at omc.a(:com.google.android.gms:4118)
01-23 17:50:12.188  2698  2736 E DG      : 		... 6 more
01-23 17:50:12.188  2698  2736 E DG      : 	Suppressed: java.lang.ClassNotFoundException: Didn't find class "com.google.ccc.abuse.droidguard.DroidGuard" on path: DexPathList[[zip file "/system/framework/com.android.location.provider.jar", zip file "/system/framework/com.android.media.remotedisplay.jar", zip file "/system/priv-app/PrebuiltGmsCore/PrebuiltGmsCore.apk"],nativeLibraryDirectories=[/system/priv-app/PrebuiltGmsCore/lib/arm, /system/priv-app/PrebuiltGmsCore/PrebuiltGmsCore.apk!/lib/armeabi-v7a, /vendor/lib, /system/lib]]
01-23 17:50:12.188  2698  2736 E DG      : 		at dalvik.system.BaseDexClassLoader.findClass(BaseDexClassLoader.java:56)
01-23 17:50:12.188  2698  2736 E DG      : 		at java.lang.ClassLoader.loadClass(ClassLoader.java:511)
01-23 17:50:12.188  2698  2736 E DG      : 		at java.lang.ClassLoader.loadClass(ClassLoader.java:504)
01-23 17:50:12.188  2698  2736 E DG      : 		... 8 more
01-23 17:50:12.188  2698  2736 E DG      : 		Suppressed: java.lang.ClassNotFoundException: com.google.ccc.abuse.droidguard.DroidGuard
01-23 17:50:12.188  2698  2736 E DG      : 			at java.lang.Class.classForName(Native Method)
01-23 17:50:12.188  2698  2736 E DG      : 			at java.lang.BootClassLoader.findClass(ClassLoader.java:781)
01-23 17:50:12.188  2698  2736 E DG      : 			at java.lang.BootClassLoader.loadClass(ClassLoader.java:841)
01-23 17:50:12.188  2698  2736 E DG      : 			at java.lang.ClassLoader.loadClass(ClassLoader.java:504)
01-23 17:50:12.188  2698  2736 E DG      : 			... 9 more
01-23 17:50:12.188  2698  2736 E DG      : 		Caused by: java.lang.NoClassDefFoundError: Class not found using the boot class loader; no stack trace available
01-23 17:50:12.201  1694  2697 I MS_RegisterService: Throttling registration.
01-23 17:50:12.295  2758  2758 I dex2oat : /system/bin/dex2oat --compiler-filter=interpret-only --compiler-filter=verify-at-runtime --dex-file=/data/user/0/com.google.android.gms/app_dg_cache/2C83C9D6E93AA43177284831185FC41E68602CFD/the.apk --oat-file=/data/user/0/com.google.android.gms/app_dg_cache/2C83C9D6E93AA43177284831185FC41E68602CFD/opt/the.dex
01-23 17:50:12.375  2758  2758 I dex2oat : dex2oat took 81.409ms (threads: 4) arena alloc=0B java alloc=17KB native alloc=787KB free=748KB
01-23 17:50:12.383  2698  2736 W InstanceID/Rpc: Found 10029
01-23 17:50:12.386  2698  2753 W art     : Long monitor contention event with owner method=java.lang.Object dalvik.system.DexFile.openDexFileNative(java.lang.String, java.lang.String, int) from DexFile.java:4294967294 waiters=0 for 126ms
01-23 17:50:12.386  2698  2753 I dvm_lock_sample: [com.google.android.gms.unstable,0,Binder_4,126,:com.google.android.gms,81,DexFile.java,-2,25]
01-23 17:50:12.506  1688  2752 I GoogleURLConnFactory: Using platform SSLCertificateSocketFactory
01-23 17:49:59.505     0     0 W         : (0)[173:mtk-tpd]*** _DrvPlatformLyrFingerTouchHandler() _gInterruptFlag = 0 ***<431 -> 237>
01-23 17:50:13.056   283   283 I thermal_repeater: select timeout
01-23 17:50:13.112  1688  2752 I GoogleURLConnFactory: Using platform SSLCertificateSocketFactory
01-23 17:50:13.285  2744  2744 I Binder_3: type=1400 audit(0.0:93): avc: denied { search } for name="287" dev="proc" ino=2144 scontext=u:r:untrusted_app:s0:c512,c768 tcontext=u:r:zygote:s0 tclass=dir permissive=1
01-23 17:50:13.285  2744  2744 I Binder_3: type=1400 audit(0.0:94): avc: denied { read } for name="stat" dev="proc" ino=9748 scontext=u:r:untrusted_app:s0:c512,c768 tcontext=u:r:zygote:s0 tclass=file permissive=1
01-23 17:50:13.285  2744  2744 I Binder_3: type=1400 audit(0.0:95): avc: denied { open } for path="/proc/287/stat" dev="proc" ino=9748 scontext=u:r:untrusted_app:s0:c512,c768 tcontext=u:r:zygote:s0 tclass=file permissive=1
01-23 17:50:13.360  2698  2744 W art     : Method processed more than once: void okf.<clinit>()
01-23 17:50:13.483  2773  2773 I dex2oat : /system/bin/dex2oat --compiler-filter=interpret-only --compiler-filter=verify-at-runtime --dex-file=/data/user/0/com.google.android.gms/app_fb/f.apk --oat-file=/data/user/0/com.google.android.gms/app_fb/f.dex
01-23 17:50:13.534  2773  2773 I dex2oat : dex2oat took 51.975ms (threads: 4) arena alloc=0B java alloc=56KB native alloc=781KB free=754KB
01-23 17:50:13.539  2698  2744 W System  : ClassLoader referenced unknown path: 
01-23 17:50:13.673  2698  2744 W art     : Method processed more than once: java.lang.String olu.a(byte[])
01-23 17:50:13.865  2744  2744 I Binder_3: type=1400 audit(0.0:96): avc: denied { read } for name="/" dev="tmpfs" ino=201 scontext=u:r:untrusted_app:s0:c512,c768 tcontext=u:object_r:device:s0 tclass=dir permissive=1
01-23 17:50:13.865  2744  2744 I Binder_3: type=1400 audit(0.0:97): avc: denied { open } for path="/dev" dev="tmpfs" ino=201 scontext=u:r:untrusted_app:s0:c512,c768 tcontext=u:object_r:device:s0 tclass=dir permissive=1
01-23 17:50:01.197     0     0 W         : (2)[172:irq/298-touch_p]*** _DrvPlatformLyrFingerTouchInterruptHandler() _gInterruptFlag = 1 ***<431 -> 237>
01-23 17:50:01.197     0     0 W         : (2)[173:mtk-tpd]*** _DrvFwCtrlSelfParsePacket() ***<431 -> 237>
01-23 17:50:01.197     0     0 W         : (2)[173:mtk-tpd]received raw data from touch panel as following:<431 -> 237>
01-23 17:50:01.197     0     0 W         : (2)[173:mtk-tpd]pPacket[0]=52
01-23 17:50:01.197     0     0 W         : pPacket[1]=44 pPacket[2]=ac pPacket[3]=1e pPacket[4]=0
01-23 17:50:01.197     0     0 W         : pPacket[5]=0 pPacket[6]=0 pPacket[7]=a0
01-23 17:50:01.197     0     0 W         : (2)[173:mtk-tpd][x,y]=[1196,1054]
01-23 17:50:01.197     0     0 W         : (2)[173:mtk-tpd][delta_x,delta_y]=[0,0]
01-23 17:50:01.197     0     0 W (2)[173:mtk-tpd][_DrvFwCtrlSelfParsePacket]: [x,y]=[1196,1054]
01-23 17:50:01.197     0     0 W (2)[173:mtk-tpd][_DrvFwCtrlSelfParsePacket]: point[x,y]=[420,658]
01-23 17:50:01.197     0     0 W         : (2)[173:mtk-tpd]tInfo->nFingerNum = 1...............
01-23 17:50:01.197     0     0 W         : (2)[173:mtk-tpd]*** DrvPlatformLyrFingerTouchPressed() ***
01-23 17:50:01.197     0     0 W         : (2)[173:mtk-tpd]point touch pressed
01-23 17:50:01.209     0     0 W         : (0)[173:mtk-tpd]tInfo->nFingerNum = 1...............<431 -> 237>
01-23 17:50:01.209     0     0 W         : (0)[173:mtk-tpd]*** DrvPlatformLyrFingerTouchPressed() ***
01-23 17:50:01.209     0     0 W         : (0)[173:mtk-tpd]point touch pressed
01-23 17:50:01.209     0     0 W         : (0)[173:mtk-tpd]*** _DrvPlatformLyrFingerTouchHandler() _gInterruptFlag = 0 ***
01-23 17:50:14.321  1694  2725 W PlatformStatsUtil: Could not retrieve Usage & Diagnostics setting. Giving up.
01-23 17:50:14.358   755  1233 I ActivityManager: START u0 {act=android.intent.action.MAIN cat=[android.intent.category.LAUNCHER] flg=0x10200000 cmp=com.android.settings/.Settings (has extras)} from uid 10033 on display 0
01-23 17:50:14.420   755  1233 I wm_stack_created: [2,0,0,0,0]
01-23 17:50:14.428   755  1233 I am_home_stack_moved: [0,0,2,2,startingNewTask]
01-23 17:50:14.429   755  1233 I am_create_task: [0,37]
01-23 17:50:14.430   755  1233 I am_create_activity: [0,201948011,37,com.android.settings/.Settings,android.intent.action.MAIN,NULL,NULL,270532608]
01-23 17:50:14.434   755  1233 I wm_task_created: [37,2]
01-23 17:50:14.434   755  1233 I wm_task_moved: [37,1,0]
01-23 17:50:14.435   755  1233 I am_pause_activity: [0,164251604,com.cyanogenmod.trebuchet/com.android.launcher3.Launcher]
01-23 17:50:14.437   755  1233 I am_home_stack_moved: [0,0,2,2,startedActivity setFocusedActivity]
01-23 17:50:14.437   755  1233 I wm_task_moved: [37,1,0]
01-23 17:50:14.443   755  1233 I am_focused_activity: [0,com.android.settings/.Settings]
01-23 17:50:14.474   755   769 W BroadcastQueue: Permission Denial: receiving Intent { act=com.android.launcher3.action.LAUNCH flg=0x10 (has extras) } to com.google.android.gms/.chimera.GmsIntentOperationService$GmsExternalReceiver requires com.android.launcher3.permission.RECEIVE_LAUNCH_BROADCASTS due to sender com.cyanogenmod.trebuchet (uid 10033)
01-23 17:50:14.474   755   769 W BroadcastQueue: Permission Denial: broadcasting Intent { act=com.android.launcher3.action.LAUNCH flg=0x10 (has extras) } from com.cyanogenmod.trebuchet (pid=1262, uid=10033) requires com.google.android.launcher.permission.RECEIVE_LAUNCH_BROADCASTS due to receiver com.google.android.gms/.icing.proxy.ApplicationLauncherReceiver
01-23 17:50:14.492  1262  1262 I am_on_paused_called: [0,com.android.launcher3.Launcher]
01-23 17:50:14.543   254   301 I [MALI][Gralloc]: [+]hnd(0xb65d7040), client(26), share_fd(42), hnd->flags:4
01-23 17:50:14.544   755   774 I [MALI][Gralloc]: [+]r_hnd(0xa03eb160), client(109), share_fd(192)
01-23 17:50:14.579   755  1236 I am_proc_start: [0,2800,1000,com.android.settings,activity,com.android.settings/.Settings]
01-23 17:50:14.579   755  1236 I ActivityManager: Start proc 2800:com.android.settings/1000 for activity com.android.settings/.Settings
01-23 17:50:14.584   755   921 I dvm_lock_sample: [system_server,0,Binder_5,28,ActivityManagerService.java,16450,-,6800,5]
01-23 17:50:14.688  1694  2793 I GAv4-SVC: Google Analytics 10.2.91 is starting up.
01-23 17:50:14.734  1694  2688 I CheckinUtil: Classify the device as Phone.
01-23 17:50:14.774  2800  2800 I art     : Late-enabling JIT
01-23 17:50:14.790  2800  2800 I art     : JIT created with code_cache_capacity=2MB compile_threshold=1000
01-23 17:50:14.845   755  1564 I am_proc_bound: [0,2800,com.android.settings]
01-23 17:50:14.846  1688  1875 W Conscrypt: Could not set socket write timeout: null
01-23 17:50:14.860   755  1564 I am_restart_activity: [0,201948011,37,com.android.settings/.Settings]
01-23 17:50:14.877  1262  1481 I [MALI][Gralloc]: [-]r_hnd(0xaffb3780), client(35), share_fd(51)
01-23 17:50:14.877  1262  1481 I [MALI][Gralloc]: [-]r_hnd(0xaffb36e0), client(35), share_fd(49)
01-23 17:50:14.878  1262  1481 I [MALI][Gralloc]: [-]r_hnd(0xaffb3500), client(35), share_fd(46)
01-23 17:50:14.879   254   301 I [MALI][Gralloc]: [-]hnd(0xb65d6fa0), client(26), share_fd(66)
01-23 17:50:14.879   254   301 I [MALI][Gralloc]: [-]hnd(0xb671dbe0), client(26), share_fd(71)
01-23 17:50:15.022  1688  1875 W Conscrypt: Could not set socket write timeout: null
01-23 17:50:15.024  2800  2800 W System  : ClassLoader referenced unknown path: /system/priv-app/Settings/lib/arm
01-23 17:50:15.207  1694  2688 I [70220] : [5,1485113912635,1485183008372,14,823,288,0,161,1193,0,189,0,3305,6,0,9,0,27,444]
01-23 17:50:15.218  1694  2688 I CheckinTask: set cookie as: NID=95=LQvnZLAiNCUueY-nP9Ou27vZE7WPnChtnqKTsS1MvZhURbrCeo-g39fvLqrTsS1d47rK9Ij1OP5X7pzm_UfKoTHDVf4BQ87WR351eTx5XprQZX4jSsyf8x4QG_Y1JzLD
01-23 17:50:15.247   254   254 I sf_frame_dur: [com.cyanogenmod.trebuchet/com.android.launcher3.Launcher,32,2,1,0,4,1,0]
01-23 17:50:15.247   254   254 I [MALI][Gralloc]: [-]hnd(0xb65d6500), client(26), share_fd(62)
01-23 17:50:15.270  1694  2688 W Conscrypt: Could not set socket write timeout: null
01-23 17:50:15.319  1694  2688 W Conscrypt: Could not set socket write timeout: null
01-23 17:50:15.376  1694  2688 I CheckinTask: Sending checkin request (14853 bytes)
01-23 17:50:02.522     0     0 E         : (0)[176:mtk charger_hv_][BATTERY] Disable check battery exist.<431 -> 237>
01-23 17:50:02.642    86    86 W         : (1)[86:hps_main][Power/hotplug] mt_cpu_kill, cpu: 3<431 -> 237>
01-23 17:50:15.746  2800  2800 D Index   : Cannot find field 'SEARCH_INDEX_DATA_PROVIDER'
01-23 17:50:15.773  2800  2822 I IndexDatabaseHelper: Using schema version: 121
01-23 17:50:15.777  2800  2822 I IndexDatabaseHelper: Index is fine
01-23 17:50:15.783  2800  2822 D Index   : Locale 'ru_RU' is already indexed
01-23 17:50:15.788  2800  2800 I sysui_view_visibility: [1,100]
01-23 17:50:15.844  2800  2800 I sysui_view_visibility: [35,100]
01-23 17:50:15.847  2800  2800 I am_on_resume_called: [0,com.android.settings.Settings]
01-23 17:50:15.855  1694  2688 I [70220] : [6,600,46,1]
01-23 17:50:15.856  1694  2688 I CheckinRequestBuilder: Checkin reason type: 12 attempt count: 1
01-23 17:50:15.858  2800  2823 D OpenGLRenderer: Use EGL_SWAP_BEHAVIOR_PRESERVED: false
01-23 17:50:15.870  1694  2688 E ActivityThread: Failed to find provider info for com.google.android.wearable.settings
01-23 17:50:15.875  2800  2800 I [MALI][Gralloc]: [+]r_hnd(0xafb05020), client(30), share_fd(29)
01-23 17:50:16.157   755   805 D WifiService: New client listening to asynchronous messages
01-23 17:50:16.199   755   773 D BluetoothManagerService: Message: 20
01-23 17:50:16.199   755   773 D BluetoothManagerService: Added callback: android.bluetooth.IBluetoothManagerCallback$Stub$Proxy@9dc9217:true
01-23 17:50:16.233   755   773 D BluetoothManagerService: Message: 30
01-23 17:50:16.245   755   773 D BluetoothManagerService: Message: 30
01-23 17:50:16.250  2800  2800 D LocalBluetoothProfileManager: Adding local MAP profile
01-23 17:50:16.260  1694  2688 I CheckinUtil: Classify the device as Phone.
01-23 17:50:16.267  2800  2800 D BluetoothMap: Create BluetoothMap proxy object
01-23 17:50:16.268   755   773 D BluetoothManagerService: Message: 30
01-23 17:50:16.279   755   773 D BluetoothManagerService: Message: 30
01-23 17:50:16.284  2800  2800 D LocalBluetoothProfileManager: LocalBluetoothProfileManager construction complete
01-23 17:50:16.301  1694  2688 I [70220] : [5,1485183008372,1485183008372,9,197,41,0,1,81,0,29,0,0,14,0,15,0,4,35]
01-23 17:50:16.307  1694  2688 I CheckinTask: Checkin success: https://android.clients.google.com/checkin (1 requests sent)
01-23 17:50:16.308  1694  2688 I [70220] : 119
01-23 17:50:16.346  1694  2688 I CheckinChimeraService: Checking schedule, now: 1485183016346 next: 1485224248308
01-23 17:50:16.346  1694  2688 I CheckinChimeraService: active receiver: disabled
01-23 17:50:16.351  1694  2688 I [70220] : 51
01-23 17:50:16.375  1694  1694 I [70220] : 24
01-23 17:50:16.451  1688  1706 I art     : Background sticky concurrent mark sweep GC freed 12680(813KB) AllocSpace objects, 6(120KB) LOS objects, 8% free, 12MB/13MB, paused 7.038ms total 28.569ms
01-23 17:50:03.444    86    86 W         : (0)[86:hps_main][Power/hotplug] mt_smp_boot_secondary, cpu: 3<431 -> 237>
01-23 17:50:03.444     0     0 W -(3)[0:swapper/3]CPU3: Booted secondary processor
01-23 17:50:03.444     0     0 W         : -(3)[0:swapper/3][Power/hotplug] platform_secondary_init, cpu: 3
01-23 17:50:03.444     0     0 I -(3)[0:swapper/3]CPU3: update cpu_capacity 1024
01-23 17:50:03.444     0     0 I -(3)[0:swapper/3]CPU3: thread -1, cpu 3, socket 0, mpidr 80000003
01-23 17:50:16.941  2800  2800 D DashboardSummary: rebuildUI took: 1017 ms
01-23 17:50:16.955  2800  2800 I Choreographer: Skipped 59 frames!  The application may be doing too much work on its main thread.
01-23 17:50:17.401  2800  2823 I OpenGLRenderer: Initialized EGL, version 1.4
01-23 17:50:17.410  2800  2823 D mali_winsys: new_window_surface returns 0x3000
01-23 17:50:17.411   254   303 I [MALI][Gralloc]: [+]hnd(0xb671d5a0), client(26), share_fd(54), hnd->flags:4
01-23 17:50:17.412   291   291 I sn      : Retry 23
01-23 17:50:17.413   254   303 I [MALI][Gralloc]: [+]hnd(0xb671d460), client(26), share_fd(64), hnd->flags:4
01-23 17:50:17.413   291   291 I sn      : Fail to access err=2
01-23 17:50:17.413   291   291 I sn      : Fail to access err=2
01-23 17:50:17.413   291   291 I sn      : Fail to access err=2
01-23 17:50:17.413   291   291 I sn      : Check all possible paths
01-23 17:50:17.405   291   291 I sn      : type=1400 audit(0.0:98): avc: denied { read } for name="primary" dev="tmpfs" ino=12331 scontext=u:r:init:s0 tcontext=u:object_r:mnt_user_file:s0 tclass=lnk_file permissive=1
01-23 17:50:17.416   254   303 I [MALI][Gralloc]: [+]hnd(0xb65d6820), client(26), share_fd(65), hnd->flags:4
01-23 17:50:17.541  2800  2844 D Index   : Deleting data for locale 'ru_RU' took 49 millis
01-23 17:50:17.643  2800  2844 D Index   : Indexing locale 'ru_RU' took 101 millis
01-23 17:50:17.694  2800  2823 I [MALI][Gralloc]: [+]r_hnd(0xa0c71500), client(30), share_fd(41)
01-23 17:50:17.882   755   774 I am_activity_launch_time: [0,201948011,com.android.settings/.Settings,3322,3322]
01-23 17:50:17.882   755   774 I ActivityManager: Displayed com.android.settings/.Settings: +3s322ms
01-23 17:50:17.886  2800  2848 D Index   : Deleting data for locale 'ru_RU' took 6 millis
01-23 17:50:17.892  2800  2848 D Index   : Indexing locale 'ru_RU' took 5 millis
01-23 17:50:18.057   283   283 I thermal_repeater: oh, queryMdThermalInfo (0)No such file or directory
01-23 17:50:18.063   283   283 I thermal_repeater: [recvMdThermalInfo] ret=30, strLen=127,  2, 32767, -127, -1, 32767, 18
01-23 17:50:18.083   755   774 I [MALI][Gralloc]: [-]r_hnd(0xa03eb160), client(109), share_fd(192)
01-23 17:50:18.096   254   254 I [MALI][Gralloc]: [-]hnd(0xb65d7040), client(26), share_fd(42)
01-23 17:50:18.281  2800  2823 I [MALI][Gralloc]: [+]r_hnd(0xa0c72540), client(30), share_fd(43)
01-23 17:50:18.299  2800  2850 D Index   : Deleting data for locale 'ru_RU' took 5 millis
01-23 17:50:18.302  2800  2823 I [MALI][Gralloc]: [+]r_hnd(0xa0c73440), client(30), share_fd(45)
01-23 17:50:18.332  2800  2850 D Index   : Indexing locale 'ru_RU' took 33 millis
01-23 17:50:05.560    56    56 D         : (0)[56:cfinteractive][name:mt_cpufreq&][Power/cpufreq] @_mt_cpufreq_set_locked(): Vproc = 950mv, freq = 221000 KHz<431 -> 237>
01-23 17:50:05.954    86    86 W         : (1)[86:hps_main][HPS] (0200)(3)action end(59)(69)(0)(0) (4)(4)(4)(4)(1) (265)(8)(0) (1109)(8)(0) (0)(69)(8)(0)(69) wifi_base(0)<431 -> 237>
01-23 17:50:06.047    56    56 D         : (1)[56:cfinteractive][name:mt_cpufreq&][Power/cpufreq] @_mt_cpufreq_set_locked(): Vproc = 950mv, freq = 221000 KHz
01-23 17:50:06.054    86    86 W         : (1)[86:hps_main][HPS] (0000)(2)DBG_HRT(24)(38)(0)(0) (4)(4)(4)(4)(1) (24)(1)(1) (24)(1)(1) (0)(38)(1)(0)(38) wifi_base(0)
01-23 17:50:19.760   755   770 I dvm_lock_sample: [system_server,1,android.ui,24,ActivityManagerService.java,3981,-,16450,4]
01-23 17:50:19.780  1694  2725 W PlatformStatsUtil: Could not retrieve Usage & Diagnostics setting. Giving up.
01-23 17:50:07.963    86    86 W         : (2)[86:hps_main][HPS] (0020)(1)action end(100)(376)(0)(0) (4)(4)(4)(4)(1) (26)(11)(1) (0)(0)(0) (1)(376)(12)(0)(376) wifi_base(0)<431 -> 237>
01-23 17:50:08.140    56    56 D         : (2)[56:cfinteractive][name:mt_cpufreq&][Power/cpufreq] @_mt_cpufreq_set_locked(): Vproc = 950mv, freq = 221000 KHz
01-23 17:50:22.202   755   921 D lights  : write_int open fd=-1
01-23 17:50:09.283     0     0 W         : -(3)[0:swapper/3][Power/hotplug] platform_secondary_init, cpu: 3<431 -> 237>
01-23 17:50:09.283     0     0 I -(3)[0:swapper/3]CPU3: thread -1, cpu 3, socket 0, mpidr 80000003
01-23 17:50:09.284    86    86 W         : (0)[86:hps_main][HPS] (0020)(1)action end(100)(479)(0)(0) (4)(4)(4)(4)(1) (92)(4)(0) (0)(0)(0) (1)(479)(5)(0)(479) wifi_base(0)
01-23 17:50:09.635   175   175 E         : (1)[175:bat_thread_kthr][BATTERY] Disable check battery exist.<431 -> 237>
01-23 17:50:09.660   175   175 E         : (0)[175:bat_thread_kthr]UI_SOC=(57), resetBatteryMeter=(0)<431 -> 237>
01-23 17:50:09.661   175   175 I -(0)[175:bat_thread_kthr]mtk_rtc_hal_common: rtc_spare_reg[0] = {16412, 127, 8}
01-23 17:50:23.068   283   283 I thermal_repeater: select timeout
01-23 17:50:23.204   558   583 I liblog  : 229
01-23 17:50:26.131  1694  2851 W PlatformStatsUtil: Could not retrieve Usage & Diagnostics setting. Giving up.
01-23 17:50:26.163   755   804 I liblog  : 1
01-23 17:50:13.213     0     0 I -(1)[0:swapper/1]CPU1: update cpu_capacity 1024<431 -> 237>
01-23 17:50:13.213     0     0 I -(1)[0:swapper/1]CPU1: thread -1, cpu 1, socket 0, mpidr 80000001
01-23 17:50:13.214    86    86 W         : (0)[86:hps_main][Power/hotplug] mt_smp_boot_secondary, cpu: 2
01-23 17:50:13.214     0     0 W -(2)[0:swapper/2]CPU2: Booted secondary processor
01-23 17:50:13.214     0     0 W         : -(2)[0:swapper/2][Power/hotplug] platform_secondary_init, cpu: 2
01-23 17:50:13.214     0     0 I -(2)[0:swapper/2]CPU2: update cpu_capacity 1024
01-23 17:50:13.214     0     0 I -(2)[0:swapper/2]CPU2: thread -1, cpu 2, socket 0, mpidr 80000002
01-23 17:50:26.566  2159  2159 W ContextImpl: Calling a method in the system process without a qualified user: android.app.ContextImpl.startService:1231 android.content.ContextWrapper.startService:587 android.content.ContextWrapper.startService:587 org.cyanogenmod.providers.datausage.DataUsageAppInstallReceiver.onReceive:47 android.app.ActivityThread.handleReceiver:2759 
01-23 17:50:26.579   755   796 I InputReader: Reconfiguring input devices.  changes=0x00000010
01-23 17:50:26.579   438   543 I liblog  : 80
01-23 17:50:26.591   755   767 I dvm_lock_sample: [system_server,1,Binder_2,78,ActivityManagerService.java,16800,BroadcastQueue.java,654,15]
01-23 17:50:26.639   755   755 I dvm_lock_sample: [system_server,1,main,16,UserManagerService.java,424,PackageManagerService.java,2865,3]
01-23 17:50:26.686   755   768 I dvm_lock_sample: [system_server,0,android.bg,25,UserManagerService.java,424,PackageManagerService.java,2865,5]
01-23 17:50:26.798   755   767 I dvm_lock_sample: [system_server,1,Binder_2,7,UserManagerService.java,424,PackageManagerService.java,2865,1]
01-23 17:50:26.955  1257  1257 I liblog  : 16
01-23 17:50:26.965  1694  2853 D Wear_Controller: Received broadcast action=android.intent.action.PACKAGE_CHANGED and uri=com.google.android.gms
01-23 17:50:27.004   755   768 W Searchables: No global search activity found
01-23 17:50:27.016   755   770 I dvm_lock_sample: [system_server,1,android.ui,45,ActivityManagerService.java,3981,BroadcastQueue.java,654,9]
01-23 17:50:14.017    86    86 I (1)[86:hps_main]CPU3: shutdown<431 -> 237>
01-23 17:50:14.017    86    86 W         : (1)[86:hps_main][Power/hotplug] mt_cpu_kill, cpu: 3
01-23 17:50:14.018    86    86 W         : (1)[86:hps_main][HPS] (0200)(4)action end(187)(207)(0)(0) (4)(4)(4)(4)(1) (0)(0)(0) (1412)(8)(0) (0)(207)(8)(0)(207) wifi_base(0)
01-23 17:50:27.130   755   769 W art     : Long monitor contention event with owner method=android.content.Intent com.android.server.am.ActivityManagerService.registerReceiver(android.app.IApplicationThread, java.lang.String, android.content.IIntentReceiver, android.content.IntentFilter, java.lang.String, int) from ActivityManagerService.java:16729 waiters=7 for 113ms
01-23 17:50:27.130   755   769 I dvm_lock_sample: [system_server,1,ActivityManager,113,BroadcastQueue.java,654,ActivityManagerService.java,16729,22]
01-23 17:50:27.137   755   921 W art     : Long monitor contention event with owner method=android.content.ComponentName com.android.server.am.ActivityManagerService.startService(android.app.IApplicationThread, android.content.Intent, java.lang.String, java.lang.String, int) from ActivityManagerService.java:16177 waiters=6 for 113ms
01-23 17:50:27.137   755   921 I dvm_lock_sample: [system_server,1,Binder_5,113,ActivityManagerService.java,16177,-,16177,22]
01-23 17:50:27.138  1694  1933 I Icing   : updateResources: need to parse snt{com.google.android.gms}
01-23 17:50:27.312  1688  1688 I GCoreNlp: shouldConfirmNlp, NLP off. Ensuring opt-in disabled
01-23 17:50:27.415   291   291 I sn      : Retry 24
01-23 17:50:27.405   291   291 I sn      : type=1400 audit(0.0:100): avc: denied { read } for name="primary" dev="tmpfs" ino=3222 scontext=u:r:init:s0 tcontext=u:object_r:storage_file:s0 tclass=lnk_file permissive=1
01-23 17:50:27.421   291   291 I sn      : Fail to access err=2
01-23 17:50:27.424   291   291 I sn      : Fail to access err=2
01-23 17:50:27.424   291   291 I sn      : Fail to access err=2
01-23 17:50:27.424   291   291 I sn      : Check all possible paths
01-23 17:50:27.468  1694  2853 W IcingInternalCorpora: getNumBytesRead when not calculated.
01-23 17:50:14.546     0     0 E         : (1)[176:mtk charger_hv_][BATTERY] Disable check battery exist.
01-23 17:50:27.762   755   768 I memtrack_graphic: graphic_memtrack_get_memory match 4:      ion_mm_heap 2800  3686400   2 cd79b200 cdd66000.
01-23 17:50:27.762   755   768 I memtrack_graphic:  : 2800 2800 3686400 2 1843200
01-23 17:50:27.765   755   768 I memtrack_graphic: graphic_memtrack_get_memory match 4:      ion_mm_heap 2800  3686400   3 cd79b700 cdd66600.
01-23 17:50:27.765   755   768 I memtrack_graphic:  : 2800 2800 3686400 3 3072000
01-23 17:50:27.765   755   768 I memtrack_graphic: graphic_memtrack_get_memory match 4:      ion_mm_heap 2800  3686400   2 cd0fba40 cdd66a00.
01-23 17:50:27.765   755   768 I memtrack_graphic:  : 2800 2800 3686400 2 4915200
01-23 17:50:27.765   755   768 I memtrack_graphic: graphic_memtrack_get_memory match 4:      ion_mm_heap 2800  6815744   5 d48469c0 da360700.
01-23 17:50:27.765   755   768 I memtrack_graphic:  : 2800 2800 6815744 5 6278348
01-23 17:50:27.782  2800  2800 D DashboardSummary: rebuildUI took: 1305 ms
01-23 17:50:27.782  2800  2800 I Choreographer: Skipped 70 frames!  The application may be doing too much work on its main thread.
01-23 17:50:27.820   755   768 I am_pss  : [2800,1000,com.android.settings,36461568,34044928]
01-23 17:50:27.997  1694  1933 I Icing   : Usage reports 0 indexed 0 rejected 0 imm upload false
01-23 17:50:28.045  1694  1933 I Icing   : Usage reports 0 indexed 0 rejected 0 imm upload false
01-23 17:50:28.055   755   768 I am_pss  : [1694,10029,com.google.android.gms,45227008,39596032]
01-23 17:50:28.069   283   283 I thermal_repeater: oh, queryMdThermalInfo (0)No such file or directory
01-23 17:50:28.078   283   283 I thermal_repeater: [recvMdThermalInfo] ret=30, strLen=127,  2, 32767, -127, -1, 32767, 18
01-23 17:50:28.138  2800  2861 D Index   : Deleting data for locale 'ru_RU' took 10 millis
01-23 17:50:28.191  2800  2861 D Index   : Indexing locale 'ru_RU' took 52 millis
01-23 17:50:28.295  2800  2861 D Index   : Deleting data for locale 'ru_RU' took 7 millis
01-23 17:50:28.300  2800  2861 D Index   : Indexing locale 'ru_RU' took 4 millis
01-23 17:50:28.320  2800  2861 D Index   : Deleting data for locale 'ru_RU' took 5 millis
01-23 17:50:28.361   254   406 W hwcomposer: [JOB] (0) Timed out waiting for vsync...
01-23 17:50:28.367  2800  2861 D Index   : Indexing locale 'ru_RU' took 47 millis
01-23 17:50:15.728    86    86 W         : (1)[86:hps_main][HPS] (0200)(3)action end(10)(9)(0)(0) (4)(4)(4)(4)(1) (15)(17)(1) (1225)(17)(1) (0)(9)(17)(0)(9) wifi_base(0)<431 -> 237>
01-23 17:50:29.076  1694  1933 I Icing   : Indexing 05C3DD2B4C8DB1459CA8B25B276287E822398B85 from com.google.android.gms
01-23 17:50:29.118  1694  1933 I Icing   : Indexing done 05C3DD2B4C8DB1459CA8B25B276287E822398B85
01-23 17:50:30.200   755   755 I free_storage_changed: 2627911680
01-23 17:50:19.687    56    56 D         : (0)[56:cfinteractive][name:mt_cpufreq&][Power/cpufreq] @_mt_cpufreq_set_locked(): Vproc = 1175mv, freq = 1248000 KHz<431 -> 237>
01-23 17:50:33.083   283   283 I thermal_repeater: select timeout
01-23 17:50:21.137    56    56 D         : (0)[56:cfinteractive][name:mt_cpufreq&][Power/cpufreq] @_mt_cpufreq_set_locked(): Vproc = 1175mv, freq = 1248000 KHz<431 -> 237>
01-23 17:50:37.424   291   291 I sn      : Retry 25
01-23 17:50:37.427   291   291 I sn      : Fail to access err=2
01-23 17:50:37.428   291   291 I sn      : Fail to access err=2
01-23 17:50:37.428   291   291 I sn      : Fail to access err=2
01-23 17:50:37.428   291   291 I sn      : Check all possible paths
01-23 17:50:38.084   283   283 I thermal_repeater: oh, queryMdThermalInfo (0)No such file or directory
01-23 17:50:38.094   283   283 I thermal_repeater: [recvMdThermalInfo] ret=30, strLen=127,  2, 32767, -127, -1, 32767, 18
01-23 17:50:28.256    86    86 W         : (0)[86:hps_main][Power/hotplug] mt_smp_boot_secondary, cpu: 2<431 -> 237>
01-23 17:50:28.256     0     0 W         : -(2)[0:swapper/2][Power/hotplug] platform_secondary_init, cpu: 2<431 -> 237>
01-23 17:50:28.256     0     0 I -(2)[0:swapper/2]CPU2: update cpu_capacity 1024
01-23 17:50:28.256     0     0 I -(2)[0:swapper/2]CPU2: thread -1, cpu 2, socket 0, mpidr 80000002
01-23 17:50:28.257    86    86 W         : (0)[86:hps_main][Power/hotplug] mt_smp_boot_secondary, cpu: 3
01-23 17:50:28.257     0     0 W -(3)[0:swapper/3]CPU3: Booted secondary processor
01-23 17:50:28.257     0     0 W         : -(3)[0:swapper/3][Power/hotplug] platform_secondary_init, cpu: 3<431 -> 237>
01-23 17:50:28.437    56    56 D         : (2)[56:cfinteractive][name:mt_cpufreq&][Power/cpufreq] @_mt_cpufreq_set_locked(): Vproc = 981mv, freq = 793000 KHz
01-23 17:50:28.658    86    86 W         : (3)[86:hps_main][HPS] (0000)(4)DBG_HRT(156)(155)(0)(0) (4)(4)(4)(4)(1) (0)(0)(0) (657)(4)(4) (0)(155)(4)(0)(155) wifi_base(0)<431 -> 237>
01-23 17:50:41.842  1694  2693 W art     : Long monitor contention event with owner method=boolean android.os.BinderProxy.transactNative(int, android.os.Parcel, android.os.Parcel, int) from Binder.java:4294967294 waiters=0 for 562ms
01-23 17:50:41.842  1694  2693 I dvm_lock_sample: [com.google.android.gms,0,[com.google.android.gms.chimera.,562,:com.google.android.gms,321,Binder.java,-2,100]
01-23 17:50:42.411   755   768 I am_pss  : [2112,10002,com.android.providers.calendar,5548032,4808704]
01-23 17:50:42.412   755   768 I memtrack_graphic: graphic_memtrack_get_memory match 4:      ion_mm_heap 2534  6815744   5 d81a02c0 da360700.
01-23 17:50:42.412   755   768 I memtrack_graphic:  : 2534 2534 6815744 5 1363148
01-23 17:50:42.448   755   768 I am_pss  : [2534,10019,org.cyanogenmod.snap,26856448,24062976]
01-23 17:50:42.503  1694  2863 I Ads     : Initialized AdMob from dev at 144333517 in container 10.2.91 (438-144333517)
01-23 17:50:42.507   755   768 I am_pss  : [851,10007,android.process.media,8162304,7147520]
01-23 17:50:42.544   755   768 I am_pss  : [2644,10008,com.cyanogenmod.updater,4199424,3489792]
01-23 17:50:42.634  1694  2864 I Auth    : [WorkAccount] update authenticator enabled for boot or update
01-23 17:50:42.658   755   768 I sync    : [com.google.android.gms.auth.accountstate,0,3,-1776524722]
01-23 17:50:29.634   175   175 E         : (3)[175:bat_thread_kthr][BATTERY] Default CC mode charging : 50000, input current = 50000
01-23 17:50:42.691     0     0 I         : <431 -> 237>
01-23 17:50:29.636   175   175 E         : (1)[175:bat_thread_kthr]Can't find closest level, small value first
01-23 17:50:42.695   755   899 I dvm_lock_sample: [system_server,1,Binder_3,38,ActivityManagerService.java,16236,-,16412,7]
01-23 17:50:42.700   755   768 I dvm_lock_sample: [system_server,0,android.bg,37,ActivityManagerService.java,6974,-,16412,7]
01-23 17:50:29.651   175   175 E         : (1)[175:bat_thread_kthr][Sync_Real.1] plug_charge_in_out=0, plug_charge_in_out_counter=0,UI_SOC=57, SOC=57,timer_counter_1=0<431 -> 237>
01-23 17:50:29.651   175   175 I -(1)[175:bat_thread_kthr]mtk_rtc_hal_common: rtc_spare_reg[0] = {16412, 127, 8}<431 -> 237>
01-23 17:50:42.871  1688  2869 I Auth    : [AccountStateSyncAdapter] performSync(account=<ELLIDED:-1935105920>)
01-23 17:50:42.877  1688  2867 W WakefulBroadcastReceiver: No active wake lock id #11
01-23 17:50:42.962  1694  2863 I Backup  : [ComponentEnabler] Enabling target components
01-23 17:50:42.963  1694  2863 V Backup  : [ComponentEnabler] Enabling Component: com.google.android.gms.backup.component.BackupOptInActivity
01-23 17:50:42.963  1694  2866 V Backup  : [MigrateUtil] Clearing migrate temp dir: /data/user/0/com.google.android.gms/files/migrate_dir
01-23 17:50:42.966  1694  2863 V Backup  : [ComponentEnabler] Enabling Component: com.google.android.gms.backup.component.BackupSettingsActivity
01-23 17:50:42.969  1694  2863 V Backup  : [ComponentEnabler] Enabling Component: com.google.android.gms.backup.component.D2dMigrateFlowActivity
01-23 17:50:42.972  1694  2863 V Backup  : [ComponentEnabler] Enabling Component: com.google.android.gms.backup.component.D2dMigrateService
01-23 17:50:42.978  1694  2863 I Backup  : [ComponentEnabler] Enabling source components
01-23 17:50:42.978  1694  2863 V Backup  : [ComponentEnabler] Enabling Component: com.google.android.gms.backup.component.D2dSourceActivity
01-23 17:50:42.981  1694  2863 V Backup  : [ComponentEnabler] Enabling Component: com.google.android.gms.backup.component.D2dSourceService
01-23 17:50:42.985  1694  2863 V Backup  : [ComponentEnabler] Enabling Component: com.google.android.gms.backup.component.CloudRestoreFlowActivity
01-23 17:50:42.991  1694  2866 I CmaSystemUpdateService: Runtime init receiver: Intent { act=com.google.android.chimera.IntentOperation.NEW_MODULE (has extras) } with flags: 12
01-23 17:50:42.991  1694  2866 I CmaSystemUpdateService: receiver: Intent { act=com.google.android.chimera.IntentOperation.NEW_MODULE (has extras) }
01-23 17:50:43.100   283   283 I thermal_repeater: select timeout
01-23 17:50:43.115  1694  2866 I [70220] : 34834
01-23 17:50:43.170  1694  2873 I ChimeraConfigService: Scheduling checkin every 120 seconds, with flex of 60 seconds
01-23 17:50:43.223   755   921 I dvm_lock_sample: [system_server,1,Binder_5,49,UserManagerService.java,424,PackageManagerService.java,2865,9]
01-23 17:50:30.175     0     0 E         : (0)[176:mtk charger_hv_][BATTERY] Disable check battery exist.<431 -> 237>
01-23 17:50:43.281   755   902 I dvm_lock_sample: [system_server,1,Binder_4,100,ActivityManagerService.java,16651,-,16412,20]
01-23 17:50:43.335   755  1344 I dvm_lock_sample: [system_server,1,Binder_B,47,ActivityManagerService.java,16236,-,17452,9]
01-23 17:50:43.361  1694  2874 I art     : Note: end time exceeds epoch: 
01-23 17:50:43.422   755   766 I dvm_lock_sample: [system_server,0,Binder_1,55,ActivityManagerService.java,17552,-,17452,11]
01-23 17:50:43.426  1694  1843 W art     : Long monitor contention event with owner method=boolean lar.a(laq, android.content.ServiceConnection, java.lang.String) from :com.google.android.gms:85 waiters=1 for 137ms
01-23 17:50:43.426  1694  1843 I dvm_lock_sample: [com.google.android.gms,0,Thread-166,137,:com.google.android.gms,85,-,85,27]
01-23 17:50:30.372    86    86 I (1)[86:hps_main]CPU3: shutdown
01-23 17:50:30.372    86    86 W         : (1)[86:hps_main][Power/hotplug] mt_cpu_kill, cpu: 3
01-23 17:50:30.373    86    86 W         : (1)[86:hps_main][HPS] (0200)(4)action end(198)(225)(0)(0) (4)(4)(4)(4)(1) (0)(0)(0) (1929)(9)(1) (0)(225)(9)(0)(225) wifi_base(0)
01-23 17:50:43.452  1688  2869 I Auth    : [AccountStateSyncAdapter] Skipping rename because the lookup contains the same email.
01-23 17:50:43.550  1694  2880 I SystemUpdateTask: cancelUpdate (empty URL)
01-23 17:50:43.550  1694  2880 I CmaSystemUpdateService: active receiver: disabled
01-23 17:50:43.579   755   768 I sync    : [com.google.android.gms.auth.accountstate,1,3,-1776524722]
01-23 17:50:43.592  1694  2880 I system_update: [262656,0,0,NULL]
01-23 17:50:43.734  1688  1781 W art     : Long monitor contention event with owner method=void rou.a(rpn, int) from :com.google.android.gms:344 waiters=0 for 229ms
01-23 17:50:43.734  1688  1781 I dvm_lock_sample: [com.google.android.gms.persisten,1,lowpool[3],229,:com.google.android.gms,183,-,344,45]
01-23 17:50:43.827  1694  2881 I CheckinChimeraService: Checking schedule, now: 1485183043826 next: 1485224248308
01-23 17:50:43.827  1694  2881 I CheckinChimeraService: active receiver: disabled
01-23 17:50:43.833  1694  2881 I [70220] : 51
01-23 17:50:43.879  1694  1694 I [70220] : 8
01-23 17:50:43.932  1694  2873 I PerfProfileCollectorService: Turn off PerfProfile Collection
01-23 17:50:43.941  1694  2863 D ModuleInitIntentOp: Phenotype registration for com.google.android.gms succeeds.
01-23 17:50:44.068   755   767 I dvm_lock_sample: [system_server,1,Binder_2,30,ActivityManagerService.java,16177,-,17452,6]
01-23 17:50:44.079  1694  1933 W Herrevad: [196] sgq.a: On wifi, but couldn't get security type
01-23 17:50:44.118  1694  1933 D SubscriptionManager: getSimStateForSubscriber: simState=5 slotIdx=0
01-23 17:50:44.139  1694  2882 E Ads     : Failed to connect to https://googleads.g.doubleclick.net/pagead/drt/m. No DSID retrieved.
01-23 17:50:44.258   755  1233 I dvm_lock_sample: [system_server,1,Binder_7,36,UserManagerService.java,424,PackageManagerService.java,5440,7]
01-23 17:50:44.285  1694  2874 I Wear_Controller: Wear is not allowed to run on this device. Not starting control service.
01-23 17:50:44.303   755  2288 I dvm_lock_sample: [system_server,0,Binder_F,7,ActivityManagerService.java,16450,-,16177,1]
01-23 17:50:44.565  1694  2874 I Fido    : [FidoInitIntentOperation] Initializing Fido module, InitRuntimeState=12
01-23 17:50:44.578  1694  2874 I Fitness : Module updated. Enabling [com.google.android.gms.fitness.service.wearable.WearableSyncMessageService, com.google.android.gms.fitness.service.wearable.WearableSyncAccountService, com.google.android.gms.fitness.service.wearable.WearableSyncConnectionService, com.google.android.gms.fitness.service.wearable.WearableSyncConfigService, com.google.android.gms.fitness.service.goals.FitGoalsBroker]
01-23 17:50:44.623   755  1236 I dvm_lock_sample: [system_server,1,Binder_9,12,UserManagerService.java,424,PackageManagerService.java,2865,2]
01-23 17:50:44.634   755  1344 I dvm_lock_sample: [system_server,1,Binder_B,7,ActivityManagerService.java,16236,-,16412,1]
01-23 17:50:44.695  1694  2874 D ModuleInitIntentOp: Phenotype registration for com.google.android.gms.gcm succeeds.
01-23 17:50:31.646     0     0 W (1)[178:wdtk-1][WDK], local_bit: 0x1, cpu:1,RT[262401371855]<431 -> 237>
01-23 17:50:31.646     0     0 W         : (1)[178:wdtk-1][WDK], local_bit:0x3, cpu:1, check bit0x:f, lasthpg_cpu:3, lasthpg_act:1, lasthpg_t:261228001544, RT[262401387009]
01-23 17:50:31.656     0     0 W (2)[179:wdtk-2][WDK], local_bit: 0x3, cpu:2,RT[262411353624]<431 -> 237>
01-23 17:50:31.656     0     0 W         : (2)[179:wdtk-2][WDK], local_bit:0x7, cpu:2, check bit0x:f, lasthpg_cpu:3, lasthpg_act:1, lasthpg_t:261228001544, RT[262411368547]
01-23 17:50:31.656     0     0 W         : (2)[179:wdtk-2][thread:179][RT:262411381470] 2017-01-23 14:50:44.711738 UTC;android time 2017-01-23 17:50:44.711738
01-23 17:50:31.676     0     0 W (3)[180:wdtk-3][WDK], local_bit: 0x7, cpu:3,RT[262431336086]<431 -> 237>
01-23 17:50:31.676     0     0 W         : (3)[180:wdtk-3][WDK], local_bit:0xf, cpu:3, check bit0x:f, lasthpg_cpu:3, lasthpg_act:1, lasthpg_t:261228001544, RT[262431357162]
01-23 17:50:31.676     0     0 W (3)[180:wdtk-3][WDK]: kick Ex WDT,RT[262431365855]
01-23 17:50:31.676     0     0 W         : (3)[180:wdtk-3][thread:180][RT:262431441547] 2017-01-23 14:50:44.731798 UTC;android time 2017-01-23 17:50:44.731798
01-23 17:50:44.740   755  1235 I dvm_lock_sample: [system_server,1,Binder_8,9,UserManagerService.java,424,PackageManagerService.java,2865,1]
01-23 17:50:44.875   755  1236 I dvm_lock_sample: [system_server,1,Binder_9,7,UserManagerService.java,424,PackageManagerService.java,5389,1]
01-23 17:50:44.985  1694  2874 W IcingInternalCorpora: getNumBytesRead when not calculated.
01-23 17:50:44.992   755  1233 I dvm_lock_sample: [system_server,1,Binder_7,10,ActivityManagerService.java,10200,-,16177,2]
01-23 17:50:45.045  1694  1993 I Icing   : MaintenanceDriver: Registering all GCM Tasks.
01-23 17:50:45.335  2889  2889 I IntentService[D: type=1400 audit(0.0:101): avc: denied { read } for name="/" dev="tmpfs" ino=201 scontext=u:r:untrusted_app:s0:c512,c768 tcontext=u:object_r:device:s0 tclass=dir permissive=1
01-23 17:50:45.335  2889  2889 I IntentService[D: type=1400 audit(0.0:102): avc: denied { open } for path="/dev" dev="tmpfs" ino=201 scontext=u:r:untrusted_app:s0:c512,c768 tcontext=u:object_r:device:s0 tclass=dir permissive=1
01-23 17:50:45.433  1694  2863 W IcingInternalCorpora: getNumBytesRead when not calculated.
01-23 17:50:45.806  1694  2872 I MS_RegisterService: RegisterService intent:Intent { act=com.google.android.gms.matchstick.register_intent_action cat=[targeted_intent_op_prefix:com.google.android.libraries.matchstick.net.SilentRegisterIntentOperation] cmp=com.google.android.gms/.chimera.GmsIntentOperationService } isPeriodic:false
01-23 17:50:45.834   755  1235 I dvm_lock_sample: [system_server,1,Binder_8,23,UserManagerService.java,424,PackageManagerService.java,5440,4]
01-23 17:50:45.864  1694  2872 I MS_PhoneUtils: Phone type: 1
01-23 17:50:45.884  1694  2872 D SubscriptionManager: getSimStateForSubscriber: simState=5 slotIdx=0
01-23 17:50:45.884  1694  2863 I OcrModelUpStIntentOp: Updating ocr activity enabled=false (gservicesFlag=false, lowRamDevice=false, prereqCheck=true)
01-23 17:50:45.947   755  1564 I dvm_lock_sample: [system_server,1,Binder_C,20,UserManagerService.java,424,PackageManagerService.java,5440,4]
01-23 17:50:46.215   755   766 W art     : Long monitor contention event with owner method=android.content.pm.ParceledListSlice com.android.server.pm.PackageManagerService.getInstalledPackages(int, int) from PackageManagerService.java:5498 waiters=0 for 252ms
01-23 17:50:46.215   755   766 I dvm_lock_sample: [system_server,1,Binder_1,252,PackageManagerService.java,15722,-,5498,50]
01-23 17:50:46.219   755   921 W art     : Long monitor contention event with owner method=int com.android.server.am.ActivityManagerService.bindService(android.app.IApplicationThread, android.os.IBinder, android.content.Intent, java.lang.String, android.app.IServiceConnection, int, java.lang.String, int) from ActivityManagerService.java:16412 waiters=2 for 297ms
01-23 17:50:46.219   755   921 I dvm_lock_sample: [system_server,0,Binder_5,297,ActivityManagerService.java,16450,-,16412,59]
01-23 17:50:46.220   755   767 W art     : Long monitor contention event with owner method=int com.android.server.am.ActivityManagerService.bindService(android.app.IApplicationThread, android.os.IBinder, android.content.Intent, java.lang.String, android.app.IServiceConnection, int, java.lang.String, int) from ActivityManagerService.java:16412 waiters=2 for 296ms
01-23 17:50:46.220   755   767 I dvm_lock_sample: [system_server,1,Binder_2,296,ActivityManagerService.java,16430,-,16412,59]
01-23 17:50:46.223   755   768 W art     : Long monitor contention event with owner method=int com.android.server.am.ActivityManagerService.bindService(android.app.IApplicationThread, android.os.IBinder, android.content.Intent, java.lang.String, android.app.IServiceConnection, int, java.lang.String, int) from ActivityManagerService.java:16412 waiters=3 for 261ms
01-23 17:50:46.223   755   768 I dvm_lock_sample: [system_server,0,android.bg,261,ActivityManagerService.java,2285,-,16412,52]
01-23 17:50:33.177    86    86 I (0)[86:hps_main]CPU3: shutdown<431 -> 237>
01-23 17:50:33.177    86    86 W         : (0)[86:hps_main][Power/hotplug] mt_cpu_kill, cpu: 3
01-23 17:50:33.179    86    86 W         : (0)[86:hps_main][HPS] (0200)(4)action end(161)(229)(0)(0) (4)(4)(4)(4)(1) (0)(0)(0) (1904)(27)(3) (0)(229)(27)(0)(229) wifi_base(0)
01-23 17:50:33.179    86    86 W         : (0)[86:hps_main][HPS] (0200)(4)DBG_HRT(161)(229)(0)(0) (4)(4)(4)(4)(1) (0)(0)(0) (0)(0)(0) (0)(0)(0)(0)(229) wifi_base(0)
01-23 17:50:46.230  1694  2870 I PhenotypeSyncScheduler: Clear all shared preferences
01-23 17:50:46.231  1694  2870 I PhenotypeSyncScheduler: Cancel all previously scheduled polling
01-23 17:50:46.312   755  1564 I dvm_lock_sample: [system_server,1,Binder_C,42,UserManagerService.java,424,PackageManagerService.java,5440,8]
01-23 17:50:46.315   755  1233 I dvm_lock_sample: [system_server,1,Binder_7,52,ActivityManagerService.java,16177,-,16419,10]
01-23 17:50:46.369   755   768 I am_pss  : [2023,10004,com.android.cellbroadcastreceiver,4383744,3543040]
01-23 17:50:46.372   755   766 I dvm_lock_sample: [system_server,1,Binder_1,57,ActivityManagerService.java,16177,-,16412,11]
01-23 17:50:46.387  1694  2870 I PhenotypeSyncScheduler: Scheduling Phenotype for first execution 10765 seconds from now (1485183046387)
01-23 17:50:46.692   755  1236 W art     : Long monitor contention event with owner method=android.content.pm.ParceledListSlice com.android.server.pm.PackageManagerService.getInstalledPackages(int, int) from PackageManagerService.java:5498 waiters=1 for 248ms
01-23 17:50:46.692   755  1236 I dvm_lock_sample: [system_server,1,Binder_9,248,UserManagerService.java,424,PackageManagerService.java,5498,49]
01-23 17:50:46.884  1694  2872 I MS_RegisterService: Doing full registration.
01-23 17:50:46.924   755  1233 I dvm_lock_sample: [system_server,0,Binder_7,39,ActivityManagerService.java,16450,-,16177,7]
01-23 17:50:47.006   755  1344 I dvm_lock_sample: [system_server,1,Binder_B,55,UserManagerService.java,424,PackageManagerService.java,5440,11]
01-23 17:50:47.013   755  1343 I dvm_lock_sample: [system_server,1,Binder_A,90,ActivityManagerService.java,6974,-,16177,18]
01-23 17:50:47.045   755   899 I dvm_lock_sample: [system_server,1,Binder_3,15,PackageManagerService.java,4047,-,2865,3]
01-23 17:50:47.061   755   921 I dvm_lock_sample: [system_server,1,Binder_5,33,ActivityManagerService.java,6974,-,16177,6]
01-23 17:50:47.064   755  1564 I dvm_lock_sample: [system_server,1,Binder_C,20,ActivityManagerService.java,16412,-,17452,4]
01-23 17:50:47.395   755   768 I sync    : [com.google.android.gms.reminders,0,0,-1776524722]
01-23 17:50:47.428   291   291 I sn      : Retry 26
01-23 17:50:47.429   291   291 I sn      : Fail to access err=2
01-23 17:50:47.429   291   291 I sn      : Fail to access err=2
01-23 17:50:47.429   291   291 I sn      : Fail to access err=2
01-23 17:50:47.429   291   291 I sn      : Check all possible paths
01-23 17:50:47.488  1694  1851 W WearSignatureVerifier: No package com.google.android.wearable.app.cn
01-23 17:50:47.489  1694  1851 W WearSignatureVerifier: No package com.google.android.wearable.app.cn
01-23 17:50:47.490  1694  1851 W WearSignatureVerifier: No package com.google.android.wearable.app.cn
01-23 17:50:47.492  1694  1851 W WearSignatureVerifier: No package com.google.android.wearable.app.cn
01-23 17:50:47.528  1688  1688 I WearableService: Wear is not allowed to run on this device. Not starting Wear service.
01-23 17:50:47.533  1688  1688 D WearableService: callingUid 10029, callindPid: 1688
01-23 17:50:47.550  1694  2863 V SmartDevice: [service,SmartDeviceIntentHandlers] OnUpgradeOrBootOperation got intent: Intent { act=com.google.android.chimera.IntentOperation.NEW_MODULE (has extras) } with flag 12
01-23 17:50:47.599   755   768 I sync    : [com.google.android.gms.reminders,1,0,-1776524722]
01-23 17:50:47.698  1694  1694 W WearSignatureVerifier: No package com.google.android.wearable.app.cn
01-23 17:50:47.700  1694  2912 E MDM     : [386] vce.a: Couldn't connect to Google API client: jug{statusCode=API_UNAVAILABLE, resolution=null, message=null}
01-23 17:50:47.717  1694  2870 I PlatformStatsCollectorService: Start Procstats in 83293 seconds.
