01-23 18:40:00.451   749   919 I dvm_lock_sample: [system_server,1,Binder_5,274,UserManagerService.java,424,PackageManagerService.java,5498,54]
01-23 18:40:00.460   749  1449 W art     : Long monitor contention event with owner method=void com.android.server.am.ActivityManagerService.attachApplication(android.app.IApplicationThread) from ActivityManagerService.java:6536 waiters=0 for 278ms
01-23 18:40:00.460   749  1449 I dvm_lock_sample: [system_server,1,Binder_A,278,ActivityManagerService.java,10268,-,6536,55]
01-23 18:40:00.463   749  1670 W art     : Long monitor contention event with owner method=void com.android.server.am.ActivityManagerService.attachApplication(android.app.IApplicationThread) from ActivityManagerService.java:6536 waiters=1 for 280ms
01-23 18:40:00.463   749  1670 I dvm_lock_sample: [system_server,0,Binder_D,280,ActivityManagerService.java,16450,-,6536,56]
01-23 18:40:00.464   749   897 W art     : Long monitor contention event with owner method=void com.android.server.am.ActivityManagerService.attachApplication(android.app.IApplicationThread) from ActivityManagerService.java:6536 waiters=2 for 273ms
01-23 18:40:00.464   749   897 I dvm_lock_sample: [system_server,1,Binder_3,273,ActivityManagerService.java,16430,-,6536,54]
01-23 18:40:00.473   749   765 W art     : Long monitor contention event with owner method=void com.android.server.am.ActivityManagerService.attachApplication(android.app.IApplicationThread) from ActivityManagerService.java:6536 waiters=3 for 205ms
01-23 18:40:00.473   749   765 I dvm_lock_sample: [system_server,1,ActivityManager,205,ActivityManagerService.java,2110,-,6536,41]
01-23 18:40:00.483   842   842 D PhoneStatusBar: disable: < EXPAND* icons alerts system_info BACK* HOME* RECENT* clock SEARCH* quick_settings >
01-23 18:40:00.509   749   836 V KeyValueBackupJob: Scheduling k/v pass in 242 minutes
01-23 18:40:00.546   842   842 I Choreographer: Skipped 326 frames!  The application may be doing too much work on its main thread.
01-23 18:40:00.603  1377  1377 D TelephonyDebugService: TelephonyDebugService()
01-23 18:40:00.636   842   842 D ViewRootImpl: changeCanvasOpacity: opaque=true
01-23 18:40:00.648  1655  1704 W art     : Long monitor contention event with owner method=int java.lang.String.length() from String.java:861 waiters=0 for 624ms
01-23 18:40:00.649   749  1670 I am_proc_start: [0,1718,10029,com.google.process.gapps,content provider,com.google.android.gsf/.gservices.GservicesProvider]
01-23 18:40:00.649   749  1670 I ActivityManager: Start proc 1718:com.google.process.gapps/u0a29 for content provider com.google.android.gsf/.gservices.GservicesProvider
01-23 18:40:00.651  1655  1704 I dvm_lock_sample: [com.android.email,0,AsyncTask #5,624,EmailProvider.java,487,String.java,861,100]
01-23 18:40:00.652   749  1451 W ActivityManager: Unable to start service Intent { cmp=com.android.email/.service.AttachmentService } U=0: not found
01-23 18:40:00.653  1655  1698 W art     : Long monitor contention event with owner method=int java.lang.String.length() from String.java:861 waiters=1 for 630ms
01-23 18:40:00.653  1655  1698 I dvm_lock_sample: [com.android.email,0,AsyncTask #2,630,EmailProvider.java,487,String.java,861,100]
01-23 18:40:00.653   749   804 D WifiService: New client listening to asynchronous messages
01-23 18:40:00.660  1655  1700 W art     : Long monitor contention event with owner method=int java.lang.String.length() from String.java:861 waiters=2 for 508ms
01-23 18:40:00.660  1655  1700 I dvm_lock_sample: [com.android.email,0,AsyncTask #3,508,EmailProvider.java,487,String.java,861,100]
01-23 18:40:00.660  1655  1668 W art     : Long monitor contention event with owner method=int java.lang.String.length() from String.java:861 waiters=3 for 137ms
01-23 18:40:00.660  1655  1668 I dvm_lock_sample: [com.android.email,1,Binder_1,137,EmailProvider.java,487,String.java,861,27]
01-23 18:40:00.669  1377  1377 D CarrierConfigLoader: mHandler: 12 phoneId: 0
01-23 18:40:00.710   749  1449 W ActivityManager: Unable to start service Intent { cmp=com.android.email/.service.AttachmentService } U=0: not found
01-23 18:40:00.717   749   760 W ActivityManager: Unable to start service Intent { cmp=com.android.email/.service.AttachmentService } U=0: not found
01-23 18:40:00.745  1633  1633 I Exchange: EasService.onCreate
01-23 18:40:00.752  1655  1725 I Email   : Observing account changes for notifications
01-23 18:40:00.781  1655  1701 W art     : Long monitor contention event with owner method=boolean android.os.BinderProxy.transactNative(int, android.os.Parcel, android.os.Parcel, int) from Binder.java:4294967294 waiters=0 for 849ms
01-23 18:40:00.781  1655  1701 I dvm_lock_sample: [com.android.email,0,AsyncTask #4,849,AccountReconciler.java,-1,Binder.java,-2,100]
01-23 18:40:00.811  1377  1377 W Telephony: TelecomAccountRegistry: Failed to get primary stack id
01-23 18:40:00.822   749   921 W ActivityManager: Unable to start service Intent { cmp=com.android.email/.service.AttachmentService } U=0: not found
01-23 18:40:00.861  1633  1728 I Exchange: RestartPingTask
01-23 18:40:00.872   749  1449 I Telecom : PhoneAccountRegistrar: New phone account registered: [[ ] PhoneAccount: ComponentInfo{com.android.phone/com.android.services.telephony.TelephonyConnectionService}, [e0184adedf913b076626646d3f52c3b49c39ad6d], UserHandle{0} Capabilities: 54 Schemes: tel voicemail ]
01-23 18:40:00.912  1692  1692 W System  : ClassLoader referenced unknown path: /system/priv-app/Settings/lib/arm
01-23 18:40:00.929  1718  1718 I art     : Late-enabling JIT
01-23 18:40:00.943   749  1449 I Telecom : : Sending phone-account registered intent as user
01-23 18:40:00.958  1718  1718 I art     : JIT created with code_cache_capacity=2MB compile_threshold=1000
01-23 18:40:01.027  1377  1377 I Telephony: AccountEntry: Registered phoneAccount: [[ ] PhoneAccount: ComponentInfo{com.android.phone/com.android.services.telephony.TelephonyConnectionService}, [e0184adedf913b076626646d3f52c3b49c39ad6d], UserHandle{0} Capabilities: 54 Schemes: tel voicemail ] with handle: ComponentInfo{com.android.phone/com.android.services.telephony.TelephonyConnectionService}, [e0184adedf913b076626646d3f52c3b49c39ad6d], UserHandle{0}
01-23 18:40:01.029   749   919 I am_proc_bound: [0,1718,com.google.process.gapps]
01-23 18:40:01.038  1377  1377 I Telephony: PstnIncomingCallNotifier: Registering: Handler (com.android.internal.telephony.gsm.GSMPhone) {13a66af}
01-23 18:40:01.080  1377  1377 I Telephony: TelecomAccountRegistry: Unregistering phone account ComponentInfo{com.android.phone/com.android.services.telephony.TelephonyConnectionService}, [356a192b7913b04c54574d18c28d46e6395428ab], UserHandle{0}.
01-23 18:40:01.122  1633  1633 I Exchange: RestartPingsTask did not start any pings.
01-23 18:40:01.123  1633  1633 I Exchange: PSS stopIfIdle
01-23 18:40:01.125  1633  1633 I Exchange: PSS has no active accounts; stopping service.
01-23 18:40:01.134  1633  1633 I Exchange: onDestroy
01-23 18:40:01.160   749   770 D BluetoothManagerService: Message: 20
01-23 18:40:01.160   749   770 D BluetoothManagerService: Added callback: android.bluetooth.IBluetoothManagerCallback$Stub$Proxy@efd2bca:true
01-23 18:40:01.167   749  1449 I Telecom : : Sending phone-account unregistered intent as user
01-23 18:40:01.182  1633  1633 I Exchange: EasService.onCreate
01-23 18:40:01.205   749   899 I Telecom : PhoneAccountRegistrar: getUserSelVoicePhoneAccount, voice subId = -1
01-23 18:40:01.211  1633  1741 I Exchange: RestartPingTask
01-23 18:40:01.212   749   899 I Telecom : PhoneAccountRegistrar: getUserSelVoicePhoneAccount, emergency account 
01-23 18:40:01.220  1718  1718 W System  : ClassLoader referenced unknown path: /system/priv-app/GoogleServicesFramework/lib/arm
01-23 18:40:01.244   749   770 D BluetoothManagerService: Message: 30
01-23 18:40:01.286   749   770 D BluetoothManagerService: Message: 30
01-23 18:40:01.295  1718  1718 I GservicesProvider: Gservices pushing to system: true; secure/global: true
01-23 18:40:01.304  1692  1692 D LocalBluetoothProfileManager: Adding local MAP profile
01-23 18:40:01.358  1692  1692 D BluetoothMap: Create BluetoothMap proxy object
01-23 18:40:01.359   749   770 D BluetoothManagerService: Message: 30
01-23 18:40:01.476  1633  1633 I Exchange: RestartPingsTask did not start any pings.
01-23 18:40:01.477  1633  1633 I Exchange: PSS stopIfIdle
01-23 18:40:01.477  1633  1633 I Exchange: PSS has no active accounts; stopping service.
01-23 18:40:01.496   749   770 D BluetoothManagerService: Message: 30
01-23 18:40:01.503   749  1357 I dvm_lock_sample: [system_server,1,Binder_8,21,ActivityManagerService.java,16236,-,12822,4]
01-23 18:40:01.507   946   999 W art     : Suspending all threads took: 18.421ms
01-23 18:40:01.513  1633  1633 I Exchange: onDestroy
01-23 18:40:01.552  1692  1692 D LocalBluetoothProfileManager: LocalBluetoothProfileManager construction complete
01-23 18:40:01.615     1     1 I (2)[1:init]init: write_file: Unable to open '/proc/sys/net/netfilter/nf_conntrack_tcp_no_window_check': No such file or directory<436 -> 237>
01-23 18:40:01.717   547   563 I liblog  : 337
01-23 18:40:01.717   547   563 I liblog  : 1
01-23 18:40:01.718  1377  1377 I liblog  : 69
01-23 18:40:01.721   453   539 I liblog  : 172
01-23 18:40:01.740   453   543 I liblog  : 22
01-23 18:40:01.743   547   572 I liblog  : 45
01-23 18:40:01.764   749   804 D WifiService: New client listening to asynchronous messages
01-23 18:40:01.777   547   579 I liblog  : 19
01-23 18:40:01.777   453   533 I liblog  : 16
01-23 18:40:01.779   453   543 I liblog  : 5
01-23 18:40:01.780   547   579 I liblog  : 14
01-23 18:40:01.780  1377  1479 I liblog  : 1
01-23 18:40:01.807   547   563 I liblog  : 61
01-23 18:40:01.807   547   563 I liblog  : 1
01-23 18:40:01.807   453   539 I liblog  : 41
01-23 18:40:01.826   547   568 I liblog  : 53
01-23 18:40:01.826   453   545 I liblog  : 8
01-23 18:40:01.828  1377  1481 I liblog  : 2
01-23 18:40:01.828   842  1482 I liblog  : 1
01-23 18:40:01.828   842  1482 D mali_winsys: new_window_surface returns 0x3000
01-23 18:40:01.829   257   313 I liblog  : 1
01-23 18:40:01.829   257   313 I [MALI][Gralloc]: [+]hnd(0xb6718aa0), client(26), share_fd(58), hnd->flags:4
01-23 18:40:01.829   257   313 I [MALI][Gralloc]: [+]hnd(0xb6718be0), client(26), share_fd(61), hnd->flags:4
01-23 18:40:01.829   257   313 I [MALI][Gralloc]: [+]hnd(0xb6718d20), client(26), share_fd(63), hnd->flags:4
01-23 18:40:01.864   749  1449 I am_proc_start: [0,1756,10036,com.android.vending,broadcast,com.android.vending/com.google.android.finsky.receivers.LocationProviderChangedReceiver]
01-23 18:40:01.864   749  1449 I ActivityManager: Start proc 1756:com.android.vending/u0a36 for broadcast com.android.vending/com.google.android.finsky.receivers.LocationProviderChangedReceiver
01-23 18:40:01.931  1718  1718 I GoogleHttpClient: GMS http client unavailable, use old client
01-23 18:40:01.957  1377  1377 I Telephony: PstnIncomingCallNotifier: Unregistering: Handler (com.android.internal.telephony.gsm.GSMPhone) {13a66af}
01-23 18:40:01.962  1718  1718 W System  : ClassLoader referenced unknown path: /system/framework/tcmclient.jar
01-23 18:40:01.976  1377  1377 W Telephony: TelecomAccountRegistry: Failed to get primary stack id
01-23 18:40:02.024   749   761 I dvm_lock_sample: [system_server,1,Binder_2,17,UserManagerService.java,424,PackageManagerService.java,2865,3]
01-23 18:40:02.033   749   761 I Telecom : PhoneAccountRegistrar: [ComponentInfo{com.android.phone/com.android.services.telephony.TelephonyConnectionService}, [e0184adedf913b076626646d3f52c3b49c39ad6d], UserHandle{0}(icon: Icon(typ=BITMAP size=38x48) -> Icon(typ=BITMAP size=38x48))]
01-23 18:40:02.065  1671  1671 I GoogleHttpClient: GMS http client unavailable, use old client
01-23 18:40:02.080  1671  1671 W System  : ClassLoader referenced unknown path: /system/framework/tcmclient.jar
01-23 18:40:02.091   749   761 I Telecom : : Sending phone-account registered intent as user
01-23 18:40:02.127  1377  1377 I Telephony: AccountEntry: Registered phoneAccount: [[ ] PhoneAccount: ComponentInfo{com.android.phone/com.android.services.telephony.TelephonyConnectionService}, [e0184adedf913b076626646d3f52c3b49c39ad6d], UserHandle{0} Capabilities: 54 Schemes: tel voicemail ] with handle: ComponentInfo{com.android.phone/com.android.services.telephony.TelephonyConnectionService}, [e0184adedf913b076626646d3f52c3b49c39ad6d], UserHandle{0}
01-23 18:40:02.135  1377  1377 I Telephony: PstnIncomingCallNotifier: Registering: Handler (com.android.internal.telephony.gsm.GSMPhone) {13a66af}
01-23 18:40:02.149  1756  1756 I art     : Late-enabling JIT
01-23 18:40:02.164   749   804 D WifiService: New client listening to asynchronous messages
01-23 18:40:02.177   749   919 I Telecom : PhoneAccountRegistrar: getUserSelVoicePhoneAccount, voice subId = -1
01-23 18:40:02.180   749   919 I Telecom : PhoneAccountRegistrar: getUserSelVoicePhoneAccount, emergency account 
01-23 18:40:02.188  1756  1756 I art     : JIT created with code_cache_capacity=2MB compile_threshold=1000
01-23 18:40:02.257  1454  1485 I liblog  : 2
01-23 18:40:02.257  1454  1485 I ContactDirectoryManager: deleted 0 stale rows which don't have any relevant directory
01-23 18:40:02.284  1454  1485 I ContactDirectoryManager: Discovered 0 contact directories in 5849ms
01-23 18:40:02.285   749   921 I am_proc_bound: [0,1756,com.android.vending]
01-23 18:40:02.364  1377  1377 I liblog  : 1
01-23 18:40:02.364   547   572 I liblog  : 138
01-23 18:40:02.371   453   537 I liblog  : 60
01-23 18:40:02.385   749   919 I dvm_lock_sample: [system_server,1,Binder_5,31,ActivityManagerService.java,9827,-,12822,6]
01-23 18:40:02.605   842   842 D PhoneStatusBar: disable: < EXPAND ICONS* alerts SYSTEM_INFO* BACK HOME RECENT clock SEARCH quick_settings >
01-23 18:40:02.642  1756  1756 W System  : ClassLoader referenced unknown path: /system/priv-app/Phonesky/lib/arm
01-23 18:40:02.745   842  1639 D SubscriptionManager: getSimStateForSubscriber: simState=6 slotIdx=0
01-23 18:40:02.867   842  1639 D SubscriptionManager: getSimStateForSubscriber: simState=6 slotIdx=0
01-23 18:40:02.895   842   842 D PhoneStatusBar: disable: < EXPAND ICONS alerts SYSTEM_INFO BACK HOME RECENT clock SEARCH quick_settings >
01-23 18:40:02.925  1756  1756 W art     : Method processed more than once: void com.google.android.finsky.providers.RecentSuggestionsProvider.<init>()
01-23 18:40:02.971   842   842 I sysui_status_bar_state: [1,1,0,0,0,1]
01-23 18:40:02.977   749   920 I am_pause_activity: [0,10996801,com.cyanogenmod.trebuchet/com.android.launcher3.Launcher]
01-23 18:40:02.980  1384  1384 I liblog  : 1
01-23 18:40:02.980  1384  1384 I am_on_paused_called: [0,com.android.launcher3.Launcher]
01-23 18:40:03.046   749   765 I dvm_lock_sample: [system_server,1,ActivityManager,72,ActivityManagerService.java,2110,-,10855,14]
01-23 18:40:03.079  1377  1377 I gsm_service_state_change: [3,3,1,1]
01-23 18:40:03.080   749   765 I am_focused_activity: [0,com.cyanogenmod.trebuchet/com.android.launcher3.Launcher]
01-23 18:40:03.087  1377  1377 V ConfigResourceUtil: resourceName = config_spn_display_control resourceId = 2130837514resourceValue = false
01-23 18:40:03.138   749   760 D SubscriptionManager: getSimStateForSubscriber: simState=6 slotIdx=0
01-23 18:40:03.164   749  1670 V KeyguardServiceDelegate: **** SHOWN CALLED ****
01-23 18:40:03.169   842   842 I sysui_histogram: [note_load,0]
01-23 18:40:03.171   749  1449 I notification_panel_revealed: 0
01-23 18:40:03.193   749   771 I [MALI][Gralloc]: [-]r_hnd(0xa1702e60), client(109), share_fd(178)
01-23 18:40:03.194  1377  1377 I gsm_service_state_change: [3,3,0,0]
01-23 18:40:03.194  1377  1377 I gsm_rat_switched_new: [5536089,0,11]
01-23 18:40:03.208   257   257 I [MALI][Gralloc]: [-]hnd(0xb67185a0), client(26), share_fd(42)
01-23 18:40:03.209  1377  1377 V ConfigResourceUtil: resourceName = config_spn_display_control resourceId = 2130837514resourceValue = false
01-23 18:40:03.216   749  1450 V KeyguardServiceDelegate: **** SHOWN CALLED ****
01-23 18:40:03.257   749  1450 I WifiService: WifiService trying to set country code to ru with persist set to true
01-23 18:40:03.340   749   899 D SubscriptionManager: getSimStateForSubscriber: simState=6 slotIdx=0
01-23 18:40:03.439   749   749 D WifiService: resetting networks because SIM was removed
01-23 18:40:03.439   749   749 D WifiService: resetting country code because SIM is removed
01-23 18:40:03.478   749  1450 I dvm_lock_sample: [system_server,1,Binder_B,12,UserManagerService.java,424,PackageManagerService.java,2865,2]
01-23 18:40:03.504  1377  1377 I Telephony: PstnIncomingCallNotifier: Unregistering: Handler (com.android.internal.telephony.gsm.GSMPhone) {13a66af}
01-23 18:40:03.514  1377  1377 W Telephony: TelecomAccountRegistry: Failed to get primary stack id
01-23 18:40:03.538   749   919 I Telecom : PhoneAccountRegistrar: [ComponentInfo{com.android.phone/com.android.services.telephony.TelephonyConnectionService}, [e0184adedf913b076626646d3f52c3b49c39ad6d], UserHandle{0}(icon: Icon(typ=BITMAP size=38x48) -> Icon(typ=BITMAP size=38x48))]
01-23 18:40:03.589   749   919 I Telecom : : Sending phone-account registered intent as user
01-23 18:40:03.623  1377  1377 I Telephony: AccountEntry: Registered phoneAccount: [[ ] PhoneAccount: ComponentInfo{com.android.phone/com.android.services.telephony.TelephonyConnectionService}, [e0184adedf913b076626646d3f52c3b49c39ad6d], UserHandle{0} Capabilities: 54 Schemes: tel voicemail ] with handle: ComponentInfo{com.android.phone/com.android.services.telephony.TelephonyConnectionService}, [e0184adedf913b076626646d3f52c3b49c39ad6d], UserHandle{0}
01-23 18:40:03.635  1377  1377 I Telephony: PstnIncomingCallNotifier: Registering: Handler (com.android.internal.telephony.gsm.GSMPhone) {13a66af}
01-23 18:40:03.662   749   921 I Telecom : PhoneAccountRegistrar: getUserSelVoicePhoneAccount, voice subId = -1
01-23 18:40:03.667   749   921 I Telecom : PhoneAccountRegistrar: getUserSelVoicePhoneAccount, emergency account 
01-23 18:40:03.726   749   771 W WindowManager: Window freeze timeout expired.
01-23 18:40:03.726   749   771 W WindowManager: Force clearing orientation change: Window{226ca2 u0 StatusBar}
01-23 18:40:03.742  1377  1377 I Telephony: PstnIncomingCallNotifier: Unregistering: Handler (com.android.internal.telephony.gsm.GSMPhone) {13a66af}
01-23 18:40:03.758  1377  1377 W Telephony: TelecomAccountRegistry: Failed to get primary stack id
01-23 18:40:03.788   749   761 I Telecom : PhoneAccountRegistrar: [ComponentInfo{com.android.phone/com.android.services.telephony.TelephonyConnectionService}, [e0184adedf913b076626646d3f52c3b49c39ad6d], UserHandle{0}(icon: Icon(typ=BITMAP size=38x48) -> Icon(typ=BITMAP size=38x48))]
01-23 18:40:03.839   749   761 I Telecom : : Sending phone-account registered intent as user
01-23 18:40:03.852  1377  1377 I Telephony: AccountEntry: Registered phoneAccount: [[ ] PhoneAccount: ComponentInfo{com.android.phone/com.android.services.telephony.TelephonyConnectionService}, [e0184adedf913b076626646d3f52c3b49c39ad6d], UserHandle{0} Capabilities: 54 Schemes: tel voicemail ] with handle: ComponentInfo{com.android.phone/com.android.services.telephony.TelephonyConnectionService}, [e0184adedf913b076626646d3f52c3b49c39ad6d], UserHandle{0}
01-23 18:40:03.854  1377  1377 I Telephony: PstnIncomingCallNotifier: Registering: Handler (com.android.internal.telephony.gsm.GSMPhone) {13a66af}
01-23 18:40:03.890   749  1450 I Telecom : PhoneAccountRegistrar: getUserSelVoicePhoneAccount, voice subId = -1
01-23 18:40:03.893   749  1450 I Telecom : PhoneAccountRegistrar: getUserSelVoicePhoneAccount, emergency account 
01-23 18:40:03.990  1756  1756 W System  : ClassLoader referenced unknown path: /system/framework/tcmclient.jar
01-23 18:40:04.140  1377  1377 E IccCardProxy: setExternalState: !override and newstate unchanged from READY
01-23 18:40:04.140  1377  1377 E IccCardProxy: setExternalState: !override and newstate unchanged from ABSENT
01-23 18:40:04.171   749   761 I dvm_lock_sample: [system_server,1,Binder_2,15,UserManagerService.java,424,PackageManagerService.java,2865,3]
01-23 18:40:04.258  1756  1786 W art     : Method processed more than once: java.lang.String com.android.volley.a.g.c(java.io.InputStream)
01-23 18:40:04.285  1377  1377 D IccCardProxy: broadcastIccStateChangedIntent intent ACTION_SIM_STATE_CHANGED value=IMSI reason=null for mPhoneId=0
01-23 18:40:04.294  1377  1377 D CarrierConfigLoader: update config for phoneId: 1 simState: ABSENT
01-23 18:40:04.294  1377  1377 D CarrierServiceBindHelper: update binding for phoneId: 1 simState: ABSENT
01-23 18:40:04.295  1377  1377 D PHONE   : [ServiceState] setDataRegState=0
01-23 18:40:04.295  1377  1377 D PHONE   : [ServiceState] setDataRadioTechnology=11
01-23 18:40:04.295  1377  1377 D PHONE   : [ServiceState] setVoiceRegState=0
01-23 18:40:04.296  1377  1377 E PHONE   : [ServiceState] setState deprecated use setVoiceRegState()
01-23 18:40:04.319  1377  1377 D PHONE   : [ServiceState] setNullState=1
01-23 18:40:04.320  1377  1377 D DcSwitchAsyncChannel: [DcSwitchAsyncChannel-0]: rspIsIdle=true
01-23 18:40:04.321  1377  1377 D DcSwitchAsyncChannel: [DcSwitchAsyncChannel-1]: rspIsIdle=true
01-23 18:40:04.324  1377  1377 D DcSwitchAsyncChannel: [DcSwitchAsyncChannel-0]: rspIsIdle=true
01-23 18:40:04.325  1377  1377 D DcSwitchAsyncChannel: [DcSwitchAsyncChannel-1]: rspIsIdle=true
01-23 18:40:04.327  1377  1377 D DcSwitchAsyncChannel: [DcSwitchAsyncChannel-0]: rspIsIdle=true
01-23 18:40:04.328  1377  1377 D DcSwitchAsyncChannel: [DcSwitchAsyncChannel-1]: rspIsIdle=true
01-23 18:40:04.329  1377  1377 D DcSwitchAsyncChannel: [DcSwitchAsyncChannel-0]: rspIsIdle=true
01-23 18:40:04.340  1377  1377 D DcSwitchAsyncChannel: [DcSwitchAsyncChannel-1]: rspIsIdle=true
01-23 18:40:04.390   749   760 I configuration_changed: 3
01-23 18:40:04.390   749   760 I ActivityManager: Config changes=3 {1.0 250mcc20mnc ru_RU ldltr sw360dp w360dp h616dp 320dpi nrml long port finger -keyb/v/h -nav/h s.6 themeResource=null}
01-23 18:40:04.419     0     0 E         : (3)[176:mtk charger_hv_][BATTERY] Disable check battery exist.<436 -> 237>
01-23 18:40:04.664  1377  1377 E PhoneBase: Error! unregisterForCallWaiting() in PhoneBase should not be called, CDMAPhone inactive.
01-23 18:40:04.705   749  1451 I Telecom : PhoneAccountRegistrar: [ComponentInfo{com.android.phone/com.android.services.telephony.TelephonyConnectionService}, [e0184adedf913b076626646d3f52c3b49c39ad6d], UserHandle{0}(icon: Icon(typ=BITMAP size=38x48) -> Icon(typ=BITMAP size=38x48))]
01-23 18:40:04.763   749   765 I ActivityManager: Waited long enough for: ServiceRecord{b94852d u0 org.cyanogenmod.themes.provider/.PreviewGenerationService}
01-23 18:40:04.767   749  1451 I Telecom : : Sending phone-account registered intent as user
01-23 18:40:04.791  1377  1377 E PhoneBase: Error! registerForCallWaiting() in PhoneBase should not be called, CDMAPhone inactive.
01-23 18:40:04.812   749   899 I Telecom : PhoneAccountRegistrar: getUserSelVoicePhoneAccount, voice subId = -1
01-23 18:40:04.821   749   899 I Telecom : PhoneAccountRegistrar: getUserSelVoicePhoneAccount, emergency account 
01-23 18:40:04.823  1377  1377 D CAT     : CatService: handleMessage[20]
01-23 18:40:04.825  1377  1377 D GSMPhone: [GSMPhone] updateCurrentCarrierInProvider: mSubId = -2 currentDds = -1 operatorNumeric = 25020
01-23 18:40:04.825  1377  1377 D PhoneBase: Voicemail count retrieval returning 0 as count for matching subscriberId not found
01-23 18:40:04.825  1377  1377 D GSMPhone: updateVoiceMail countVoiceMessages = 0 subId -2
01-23 18:40:04.827  1377  1377 D GSMPhone: updateCallForwardStatus got sim records
01-23 18:40:04.828  1377  1377 D PhoneProxy: [PhoneProxy] updatePhoneObject: radioTechnology=11
01-23 18:40:04.905  1377  1377 D IccCardProxy: operator=25020 mPhoneId=0
01-23 18:40:04.905  1377  1377 D IccCardProxy: update icc_operator_numeric=25020
01-23 18:40:04.916  1377  1377 D DefaultPhoneNotifier: notifySignalStrength: mRegistry=com.android.internal.telephony.ITelephonyRegistry$Stub$Proxy@d23edf2 ss=SignalStrength: 11 38 -120 -160 -6 0 -1 99 2147483647 2147483647 2147483647 2147483647 2147483647 gsm|lte sender=Handler (com.android.internal.telephony.gsm.GSMPhone) {13a66af}
01-23 18:40:04.924  1377  1377 D GSMPhone: EVENT_GET_CALLFORWARDING_STATUS
01-23 18:40:04.924  1377  1377 D PhoneBase: Get callforwarding info from perferences
01-23 18:40:04.924  1377  1377 D PhoneBase: ProvisionStatus: -1
01-23 18:40:04.925  1377  1377 D PhoneBase: Get video call forwarding info from preferences
01-23 18:40:04.928  1377  1377 D PhoneProxy: [PhoneProxy] phoneObjectUpdater: newVoiceRadioTech=11
01-23 18:40:04.928  1377  1377 D PhoneProxy: [PhoneProxy] phoneObjectUpdater: No change ignore, newVoiceRadioTech=11 mActivePhone=GSM
01-23 18:40:04.933  1377  1377 E PhoneBase: Error! unregisterForCallWaiting() in PhoneBase should not be called, CDMAPhone inactive.
01-23 18:40:04.991   749  1449 I Telecom : PhoneAccountRegistrar: [ComponentInfo{com.android.phone/com.android.services.telephony.TelephonyConnectionService}, [e0184adedf913b076626646d3f52c3b49c39ad6d], UserHandle{0}(icon: Icon(typ=BITMAP size=38x48) -> Icon(typ=BITMAP size=38x48))]
01-23 18:40:05.038   749  1449 I Telecom : : Sending phone-account registered intent as user
01-23 18:40:05.042   749  1449 I dvm_lock_sample: [system_server,1,Binder_A,5,UserManagerService.java,424,PackageManagerService.java,2865,1]
01-23 18:40:05.061  1377  1377 E PhoneBase: Error! registerForCallWaiting() in PhoneBase should not be called, CDMAPhone inactive.
01-23 18:40:05.079   749  1670 I Telecom : PhoneAccountRegistrar: getUserSelVoicePhoneAccount, voice subId = -1
01-23 18:40:05.082   749  1670 I Telecom : PhoneAccountRegistrar: getUserSelVoicePhoneAccount, emergency account 
01-23 18:40:05.120  1377  1377 D DcSwitchAsyncChannel: [DcSwitchAsyncChannel-0]: rspIsIdle=true
01-23 18:40:05.122  1377  1377 D DcSwitchAsyncChannel: [DcSwitchAsyncChannel-1]: rspIsIdle=true
01-23 18:40:05.124  1377  1377 D DcSwitchAsyncChannel: [DcSwitchAsyncChannel-0]: rspIsIdle=true
01-23 18:40:05.125  1377  1377 D DcSwitchAsyncChannel: [DcSwitchAsyncChannel-1]: rspIsIdle=true
01-23 18:40:05.144  1377  1377 D DcSwitchAsyncChannel: [DcSwitchAsyncChannel-0]: rspIsIdle=true
01-23 18:40:05.146  1377  1377 D DcSwitchAsyncChannel: [DcSwitchAsyncChannel-1]: rspIsIdle=true
01-23 18:40:05.147  1377  1377 D DcSwitchAsyncChannel: [DcSwitchAsyncChannel-0]: rspIsIdle=true
01-23 18:40:05.148  1377  1377 D DcSwitchAsyncChannel: [DcSwitchAsyncChannel-1]: rspIsIdle=true
01-23 18:40:05.553   749  1449 I ActivityManager: Process com.android.externalstorage (pid 857) has died
01-23 18:40:05.553   749  1449 I am_proc_died: [0,857,com.android.externalstorage]
01-23 18:40:05.554   749  1449 D ActivityManager: cleanUpApplicationRecord -- 857
01-23 18:40:05.653   749  1358 I am_proc_start: [0,1806,10029,com.google.android.gms.persistent,broadcast,com.google.android.gms/.chimera.GmsIntentOperationService$PersistentTrustedReceiver]
01-23 18:40:05.653   749  1358 I ActivityManager: Start proc 1806:com.google.android.gms.persistent/u0a29 for broadcast com.google.android.gms/.chimera.GmsIntentOperationService$PersistentTrustedReceiver
01-23 18:40:05.774   749  1357 I am_proc_start: [0,1813,10029,com.google.android.gms,service,com.google.android.gms/.ads.identifier.service.AdvertisingIdService]
01-23 18:40:05.774   749  1357 I ActivityManager: Start proc 1813:com.google.android.gms/u0a29 for service com.google.android.gms/.ads.identifier.service.AdvertisingIdService
01-23 18:40:05.802  1377  1377 D DefaultPhoneNotifier: notifySignalStrength: mRegistry=com.android.internal.telephony.ITelephonyRegistry$Stub$Proxy@d23edf2 ss=SignalStrength: 17 99 -120 -160 -120 0 -1 99 2147483647 2147483647 2147483647 2147483647 2147483647 gsm|lte sender=Handler (com.android.internal.telephony.gsm.GSMPhone) {f537a45}
01-23 18:40:05.829  1377  1377 D PHONE   : [ServiceState] setDataRegState=1
01-23 18:40:05.829  1377  1377 D PHONE   : [ServiceState] setDataRadioTechnology=0
01-23 18:40:05.833  1377  1377 D PHONE   : [ServiceState] setVoiceRegState=1
01-23 18:40:05.833  1377  1377 E PHONE   : [ServiceState] setState deprecated use setVoiceRegState()
01-23 18:40:05.841  1377  1377 D PHONE   : [ServiceState] setNullState=1
01-23 18:40:05.842   749   771 I dvm_lock_sample: [system_server,1,android.display,26,WindowManagerService.java,7830,-,3155,5]
01-23 18:40:05.884  1377  1377 D DefaultPhoneNotifier: nofityServiceState: mRegistry=com.android.internal.telephony.ITelephonyRegistry$Stub$Proxy@d23edf2 ss=1 1 voice home data home null null null null null null  Unknown Unknown CSS not supported -1 -1 RoamInd=-1 DefRoamInd=-1 EmergOnly=true IsDataRoamingFromRegistration=false sender=Handler (com.android.internal.telephony.gsm.GSMPhone) {f537a45} phondId=1 subId=-3
01-23 18:40:05.895   749   897 D SubscriptionManager: getSimStateForSubscriber: simState=5 slotIdx=0
01-23 18:40:05.941  1377  1377 E PhoneBase: Error! unregisterForCallWaiting() in PhoneBase should not be called, CDMAPhone inactive.
01-23 18:40:05.980   749  1357 I Telecom : PhoneAccountRegistrar: [ComponentInfo{com.android.phone/com.android.services.telephony.TelephonyConnectionService}, [e0184adedf913b076626646d3f52c3b49c39ad6d], UserHandle{0}(icon: Icon(typ=BITMAP size=38x48) -> Icon(typ=BITMAP size=38x48))]
01-23 18:40:06.049   749  1357 I Telecom : : Sending phone-account registered intent as user
01-23 18:40:06.074  1377  1377 E PhoneBase: Error! registerForCallWaiting() in PhoneBase should not be called, CDMAPhone inactive.
01-23 18:40:06.083   749   897 I am_proc_bound: [0,1806,com.google.android.gms.persistent]
01-23 18:40:06.110   749   921 I Telecom : PhoneAccountRegistrar: getUserSelVoicePhoneAccount, voice subId = -1
01-23 18:40:06.116   749   921 I Telecom : PhoneAccountRegistrar: getUserSelVoicePhoneAccount, emergency account 
01-23 18:40:06.134  1377  1377 D DcSwitchAsyncChannel: [DcSwitchAsyncChannel-0]: rspIsIdle=true
01-23 18:40:06.140  1377  1377 D DcSwitchAsyncChannel: [DcSwitchAsyncChannel-1]: rspIsIdle=true
01-23 18:40:06.144  1377  1377 D DcSwitchAsyncChannel: [DcSwitchAsyncChannel-0]: rspIsIdle=true
01-23 18:40:06.145  1377  1377 D DcSwitchAsyncChannel: [DcSwitchAsyncChannel-1]: rspIsIdle=true
01-23 18:40:06.168   749  1451 I dvm_lock_sample: [system_server,1,Binder_C,83,ActivityManagerService.java,12783,-,6536,16]
01-23 18:40:06.195   749  1449 I am_proc_bound: [0,1813,com.google.android.gms]
01-23 18:40:06.208   749   899 I dvm_lock_sample: [system_server,1,Binder_4,10,UserManagerService.java,424,PackageManagerService.java,5717,2]
01-23 18:40:06.395   842   842 D PhoneStatusBar: disable: < expand* ICONS alerts SYSTEM_INFO back* HOME RECENT clock SEARCH quick_settings >
01-23 18:40:06.397  1756  1756 I Finsky  : [1] com.google.android.finsky.services.bb.a(962): Restore complete with 0 success and 0 failed.
01-23 18:40:06.406  1806  1806 W System  : ClassLoader referenced unknown path: /system/priv-app/PrebuiltGmsCore/lib/arm
01-23 18:40:06.432   842   842 D SubscriptionManager: getSimStateForSubscriber: simState=5 slotIdx=0
01-23 18:40:06.455  1813  1813 W System  : ClassLoader referenced unknown path: /system/priv-app/PrebuiltGmsCore/lib/arm
01-23 18:40:06.505   842   842 D CarrierText: onSimStateChanged: Normal
01-23 18:40:06.537   842   842 W KeyguardUpdateMonitor: invalid subId in handleServiceStateChange()
01-23 18:40:06.577   406   423 D BootAnimation: Use save memory method, maybe small fps in actual.
01-23 18:40:06.716   842   842 D SubscriptionManager: getSimStateForSubscriber: simState=5 slotIdx=0
01-23 18:40:06.731   842   842 W KeyguardUpdateMonitor: invalid subId in handleServiceStateChange()
01-23 18:40:06.738   749  1358 I notification_visibility: [-1|com.android.systemui|1397773634|public:179_129|10027,1,12300,12300,0,0]
01-23 18:40:06.738   749  1358 I notification_visibility: [-1|android|17040487|null|1000,1,12399,12399,0,1]
01-23 18:40:06.763  1806  1806 I LoadedApk: No resource references to update in package FFFFFFFFFFFFFFFFFFFFFF
01-23 18:40:06.765  1813  1813 I LoadedApk: No resource references to update in package FFFFFFFFFFFFFFFFFFFFFF
01-23 18:40:07.067   842   842 I Choreographer: Skipped 81 frames!  The application may be doing too much work on its main thread.
01-23 18:40:07.148   749   764 I am_pss  : [847,10021,org.cyanogenmod.themeservice,4963328,3981312]
01-23 18:40:07.229   406   423 D BootAnimation: playing boot audio here
01-23 18:40:07.229   406   423 W BootAnimation: Audio service is not initiated.
01-23 18:40:07.234   406   423 I [MALI][Gralloc]: [-]r_hnd(0xb5d941e0), client(21), share_fd(20)
01-23 18:40:07.234   406   423 I [MALI][Gralloc]: [-]r_hnd(0xb5d94320), client(21), share_fd(22)
01-23 18:40:07.235   406   423 I [MALI][Gralloc]: [-]r_hnd(0xb5d94460), client(21), share_fd(23)
01-23 18:40:07.236   257   315 I [MALI][Gralloc]: [-]hnd(0xb67180a0), client(26), share_fd(32)
01-23 18:40:07.236   257   315 I [MALI][Gralloc]: [-]hnd(0xb67181e0), client(26), share_fd(35)
01-23 18:40:07.255   257   257 I sf_frame_dur: [BootAnimation,568,3247,8,1,0,0,0]
01-23 18:40:07.255   257   257 I [MALI][Gralloc]: [-]hnd(0xb6718460), client(26), share_fd(49)
01-23 18:40:07.256   257   257 I hwcomposer: [GAME] game: 0 notify gas
01-23 18:40:07.267   257   257 I SceneKnowledgeProvider: SKP: notifyChange(0, 0, -1)
01-23 18:40:07.275   406   406 D MALI    : osup_destructor:170: osup_destructor
01-23 18:40:07.412   257   815 I [MALI][Gralloc]: [+]hnd(0xb6718aa0), client(26), share_fd(32), hnd->flags:4
01-23 18:40:07.413   842  1482 I [MALI][Gralloc]: [+]r_hnd(0x9e263a00), client(42), share_fd(66)
01-23 18:40:07.415  1806  1806 W linker  : /system/priv-app/PrebuiltGmsCore/PrebuiltGmsCore.apk: unused DT entry: type 0x7ffffffd arg 0x795
01-23 18:40:07.430   842  1482 I [MALI][Gralloc]: [+]r_hnd(0x9e263be0), client(42), share_fd(67)
01-23 18:40:07.458  1806  1806 W linker  : /system/priv-app/PrebuiltGmsCore/PrebuiltGmsCore.apk: unused DT entry: type 0x1d arg 0xe0
01-23 18:40:07.458  1806  1806 W linker  : /system/priv-app/PrebuiltGmsCore/PrebuiltGmsCore.apk: unused DT entry: type 0x7ffffffd arg 0x1cb
01-23 18:40:07.470  1806  1806 V JNIHelp : Registering com/google/android/gms/org/conscrypt/NativeCrypto's 242 native methods...
01-23 18:40:07.517  1806  1806 I art     : Rejecting re-init on previously-failed class java.lang.Class<com.google.android.gms.org.conscrypt.OpenSSLExtendedSessionImpl>
01-23 18:40:07.517  1806  1806 I art     : Rejecting re-init on previously-failed class java.lang.Class<com.google.android.gms.org.conscrypt.OpenSSLExtendedSessionImpl>
01-23 18:40:07.579  1813  1813 W linker  : /system/priv-app/PrebuiltGmsCore/PrebuiltGmsCore.apk: unused DT entry: type 0x7ffffffd arg 0x795
01-23 18:40:07.588     0     0 W         : (1)[178:wdtk-1][WDK], local_bit:0x3, cpu:1, check bit0x:f, lasthpg_cpu:3, lasthpg_act:1, lasthpg_t:100956575548, RT[122341432983]<436 -> 237>
01-23 18:40:07.588     0     0 W         : (1)[178:wdtk-1][thread:178][RT:122341444676] 2017-01-23 15:40:07.586695 UTC;android time 2017-01-23 18:40:07.586695<436 -> 237>
01-23 18:40:07.588     0     0 W         : (2)[179:wdtk-2][thread:179][RT:122341465445] 2017-01-23 15:40:07.586718 UTC;android time 2017-01-23 18:40:07.586718<436 -> 237>
01-23 18:40:07.604  1813  1813 W linker  : /system/priv-app/PrebuiltGmsCore/PrebuiltGmsCore.apk: unused DT entry: type 0x1d arg 0xe0
01-23 18:40:07.604  1813  1813 W linker  : /system/priv-app/PrebuiltGmsCore/PrebuiltGmsCore.apk: unused DT entry: type 0x7ffffffd arg 0x1cb
01-23 18:40:07.614  1806  1806 I art     : Rejecting re-init on previously-failed class java.lang.Class<com.google.android.gms.org.conscrypt.OpenSSLExtendedSessionImpl>
01-23 18:40:07.617  1813  1813 V JNIHelp : Registering com/google/android/gms/org/conscrypt/NativeCrypto's 242 native methods...
01-23 18:40:07.634  1806  1806 I ProviderInstaller: Installed default security provider GmsCore_OpenSSL
01-23 18:40:07.648  1813  1813 I art     : Rejecting re-init on previously-failed class java.lang.Class<com.google.android.gms.org.conscrypt.OpenSSLExtendedSessionImpl>
01-23 18:40:07.649  1813  1813 I art     : Rejecting re-init on previously-failed class java.lang.Class<com.google.android.gms.org.conscrypt.OpenSSLExtendedSessionImpl>
01-23 18:40:07.662   749   771 I SystemServiceManager: Starting phase 1000
01-23 18:40:07.664   749   771 D lights  : write_int open fd=-1
01-23 18:40:07.664   749   771 D lights  : write_int open fd=-1
01-23 18:40:07.677   842   842 D SubscriptionManager: getSimStateForSubscriber: simState=5 slotIdx=0
01-23 18:40:07.684   842   842 W KeyguardUpdateMonitor: invalid subId in handleServiceStateChange()
01-23 18:40:07.712   842   842 D PhoneStatusBar: disable: < expand ICONS alerts SYSTEM_INFO back HOME RECENT clock SEARCH quick_settings >
01-23 18:40:07.739   749   771 D lights  : set_led_state colorRGB=2BFF0000, onMS=0, offMS=0
01-23 18:40:07.739   749   771 D lights  : blink_red, level=255, onMS=0, offMS=0
01-23 18:40:07.739   749   771 D lights  : write_int open fd=-1
01-23 18:40:07.754   749   771 W ContextImpl: Calling a method in the system process without a qualified user: android.app.ContextImpl.sendBroadcast:788 org.cyanogenmod.platform.internal.CMHardwareService.onBootPhase:429 com.android.server.SystemServiceManager.startBootPhase:135 com.android.server.am.ActivityManagerService.finishBooting:6695 com.android.server.am.ActivityManagerService.bootAnimationComplete:6762 
01-23 18:40:07.757   842   842 D SubscriptionManager: getSimStateForSubscriber: simState=5 slotIdx=0
01-23 18:40:07.834  1806  1806 W art     : Method processed more than once: java.lang.String aved.e()
01-23 18:40:07.854  1813  1813 I art     : Rejecting re-init on previously-failed class java.lang.Class<com.google.android.gms.org.conscrypt.OpenSSLExtendedSessionImpl>
01-23 18:40:07.869   842   842 W KeyguardUpdateMonitor: invalid subId in handleServiceStateChange()
01-23 18:40:07.869   842   842 W KeyguardUpdateMonitor: invalid subId in handleSimStateChange()
01-23 18:40:07.869   842   842 W KeyguardUpdateMonitor: invalid subId in handleSimStateChange()
01-23 18:40:07.870   842   842 W KeyguardUpdateMonitor: invalid subId in handleSimStateChange()
01-23 18:40:07.872  1813  1813 I ProviderInstaller: Installed default security provider GmsCore_OpenSSL
01-23 18:40:07.879   749   920 I dvm_lock_sample: [system_server,1,Binder_6,8,ActivityManagerService.java,10200,-,6697,1]
01-23 18:40:07.893   749   771 D lights  : set_led_state colorRGB=FF000000, onMS=0, offMS=0
01-23 18:40:07.893   749   771 D lights  : blink_red, level=0, onMS=0, offMS=0
01-23 18:40:07.893   749   771 D lights  : write_int open fd=-1
01-23 18:40:07.933   842   842 D SubscriptionManager: getSimStateForSubscriber: simState=5 slotIdx=0
01-23 18:40:07.985   842   842 D SubscriptionManager: getSimStateForSubscriber: simState=5 slotIdx=0
01-23 18:40:07.995   842   842 I Choreographer: Skipped 51 frames!  The application may be doing too much work on its main thread.
01-23 18:40:08.087  1813  1813 W art     : Method processed more than once: java.lang.String aved.e()
01-23 18:40:08.119   749   764 I am_pss  : [867,10007,android.process.media,5983232,4894720]
01-23 18:40:08.181   842  1482 I [MALI][Gralloc]: [+]r_hnd(0x9e263e60), client(42), share_fd(69)
01-23 18:40:08.228   842   842 D SubscriptionManager: getSimStateForSubscriber: simState=5 slotIdx=0
01-23 18:40:08.233   842   842 W KeyguardUpdateMonitor: invalid subId in handleServiceStateChange()
01-23 18:40:08.237   749  1450 I dvm_lock_sample: [system_server,1,Binder_B,12,UserManagerService.java,424,PackageManagerService.java,2865,2]
01-23 18:40:08.361   749   749 V BackupManagerService: Connected to transport ComponentInfo{com.google.android.gms/com.google.android.gms.backup.BackupTransportService}
01-23 18:40:08.366   749   749 V BackupManagerService: Registering transport com.google.android.gms/.backup.BackupTransportService::com.google.android.gms/.backup.BackupTransportService = com.android.internal.backup.IBackupTransport$Stub$Proxy@b24f84d
01-23 18:40:08.385   749   749 I backup_transport_lifecycle: [com.google.android.gms/.backup.BackupTransportService,1]
01-23 18:40:08.458  1806  1806 I GCoreNlp: shouldConfirmNlp, NLP off. Ensuring opt-in disabled
01-23 18:40:08.672     0     0 W         : (0)[173:mtk-tpd]pPacket[0]=52
01-23 18:40:08.672     0     0 W         : pPacket[1]=35 pPacket[2]=15 pPacket[3]=22 pPacket[4]=0
01-23 18:40:08.672     0     0 W         : pPacket[5]=0 pPacket[6]=0 pPacket[7]=42 <436 -> 237>
01-23 18:40:08.672     0     0 W         : (0)[173:mtk-tpd][x,y]=[789,1314]
01-23 18:40:08.672     0     0 W         : (0)[173:mtk-tpd][delta_x,delta_y]=[0,0]
01-23 18:40:08.672     0     0 W (0)[173:mtk-tpd][_DrvFwCtrlSelfParsePacket]: point[x,y]=[277,821]<436 -> 237>
01-23 18:40:08.672     0     0 W         : (0)[173:mtk-tpd]*** DrvPlatformLyrFingerTouchPressed() ***<436 -> 237>
01-23 18:40:08.672     0     0 W         : (0)[173:mtk-tpd]*** _DrvPlatformLyrFingerTouchHandler() _gInterruptFlag = 0 ***<436 -> 237>
01-23 18:40:08.682     0     0 W         : (2)[173:mtk-tpd]FIRMWARE_MODE_DEMO_MODE<436 -> 237>
01-23 18:40:08.684     0     0 W         : (2)[173:mtk-tpd]check sum : [42] == [42]? <436 -> 237>
01-23 18:40:08.684     0     0 W         : (2)[173:mtk-tpd]pPacket[0]=52
01-23 18:40:08.684     0     0 W         : pPacket[1]=35 pPacket[2]=15 pPacket[3]=22 pPacket[4]=0
01-23 18:40:08.684     0     0 W         : pPacket[5]=0 pPacket[6]=0 pPacket[7]=42 <436 -> 237>
01-23 18:40:08.684     0     0 W         : (2)[173:mtk-tpd][delta_x,delta_y]=[0,0]<436 -> 237>
01-23 18:40:08.684     0     0 W (2)[173:mtk-tpd][_DrvFwCtrlSelfParsePacket]: [x,y]=[789,1314]
01-23 18:40:08.684     0     0 W (2)[173:mtk-tpd][_DrvFwCtrlSelfParsePacket]: point[x,y]=[277,821]
01-23 18:40:08.684     0     0 W         : (2)[173:mtk-tpd]tInfo->nFingerNum = 1...............
01-23 18:40:08.684     0     0 W         : (2)[173:mtk-tpd]*** DrvPlatformLyrFingerTouchPressed() ***
01-23 18:40:08.684     0     0 W         : (2)[173:mtk-tpd]point touch pressed
01-23 18:40:08.684     0     0 W         : (2)[173:mtk-tpd]*** _DrvPlatformLyrFingerTouchHandler() _gInterruptFlag = 0 ***
01-23 18:40:08.706     0     0 W         : (2)[173:mtk-tpd]FIRMWARE_MODE_DEMO_MODE<436 -> 237>
01-23 18:40:08.708     0     0 W         : (2)[173:mtk-tpd]*** _DrvFwCtrlSelfParsePacket() ***
01-23 18:40:08.708     0     0 W (2)[173:mtk-tpd]check sum: [73] == [73]?
01-23 18:40:08.708     0     0 W         : (2)[173:mtk-tpd]received raw data from touch panel as following:
01-23 18:40:08.708     0     0 W         : (2)[173:mtk-tpd]pPacket[0]=52
01-23 18:40:08.708     0     0 W         : pPacket[1]=34 pPacket[2]=15 pPacket[3]=f2 pPacket[4]=0
01-23 18:40:08.708     0     0 W         : pPacket[5]=0 pPacket[6]=0 pPacket[7]=73
01-23 18:40:08.708     0     0 W         : (2)[173:mtk-tpd][x,y]=[789,1266]
01-23 18:40:08.708     0     0 W         : (2)[173:mtk-tpd][delta_x,delta_y]=[0,0]
01-23 18:40:08.708     0     0 W (2)[173:mtk-tpd][_DrvFwCtrlSelfParsePacket]: [x,y]=[789,1266]
01-23 18:40:08.708     0     0 W (2)[173:mtk-tpd][_DrvFwCtrlSelfParsePacket]: point[x,y]=[277,791]
01-23 18:40:08.708     0     0 W         : (2)[173:mtk-tpd]tInfo->nFingerNum = 1...............
01-23 18:40:08.708     0     0 W         : (2)[173:mtk-tpd]*** DrvPlatformLyrFingerTouchPressed() ***
01-23 18:40:08.708     0     0 W         : (2)[173:mtk-tpd]point touch pressed
01-23 18:40:08.708     0     0 W         : (2)[173:mtk-tpd]*** _DrvPlatformLyrFingerTouchHandler() _gInterruptFlag = 0 ***
01-23 18:40:08.719     0     0 W         : (1)[172:irq/298-touch_p]*** _DrvPlatformLyrFingerTouchInterruptHandler() ***
01-23 18:40:08.719     0     0 W         : (1)[172:irq/298-touch_p]*** _DrvPlatformLyrFingerTouchInterruptHandler() _gInterruptFlag = 1 ***
01-23 18:40:08.719     0     0 W         : (0)[173:mtk-tpd]FIRMWARE_MODE_DEMO_MODE
01-23 18:40:08.720     0     0 W         : (1)[173:mtk-tpd]*** _DrvFwCtrlSelfParsePacket() ***
01-23 18:40:08.720     0     0 W (1)[173:mtk-tpd]check sum: [9a] == [9a]?
01-23 18:40:08.720     0     0 W         : (1)[173:mtk-tpd]received raw data from touch panel as following:
01-23 18:40:08.720     0     0 W         : (1)[173:mtk-tpd]pPacket[0]=52
01-23 18:40:08.720     0     0 W         : pPacket[1]=34 pPacket[2]=15 pPacket[3]=cb pPacket[4]=0
01-23 18:40:08.720     0     0 W         : pPacket[5]=0 pPacket[6]=0 pPacket[7]=9a
01-23 18:40:08.720     0     0 W         : (1)[173:mtk-tpd][x,y]=[789,1227]
01-23 18:40:08.720     0     0 W         : (1)[173:mtk-tpd][delta_x,delta_y]=[0,0]
01-23 18:40:08.720     0     0 W (1)[173:mtk-tpd][_DrvFwCtrlSelfParsePacket]: [x,y]=[789,1227]
01-23 18:40:08.720     0     0 W (1)[173:mtk-tpd][_DrvFwCtrlSelfParsePacket]: point[x,y]=[277,766]
01-23 18:40:08.720     0     0 W         : (1)[173:mtk-tpd]tInfo->nFingerNum = 1...............
01-23 18:40:08.720     0     0 W         : (1)[173:mtk-tpd]*** DrvPlatformLyrFingerTouchPressed() ***
01-23 18:40:08.720     0     0 W         : (1)[173:mtk-tpd]point touch pressed
01-23 18:40:08.721     0     0 W         : (1)[173:mtk-tpd]*** _DrvPlatformLyrFingerTouchHandler() _gInterruptFlag = 0 ***
01-23 18:40:08.732   842  1482 I [MALI][Gralloc]: [+]r_hnd(0x9e263fa0), client(42), share_fd(70)
01-23 18:40:08.779     0     0 W         : (0)[172:irq/298-touch_p]*** _DrvPlatformLyrFingerTouchInterruptHandler() ***<436 -> 237>
01-23 18:40:08.779     0     0 W         : (0)[172:irq/298-touch_p]*** _DrvPlatformLyrFingerTouchInterruptHandler() _gInterruptFlag = 1 ***
01-23 18:40:08.779     0     0 W         : (2)[173:mtk-tpd]FIRMWARE_MODE_DEMO_MODE
01-23 18:40:08.780     0     0 W         : (0)[173:mtk-tpd]*** _DrvFwCtrlSelfParsePacket() ***
01-23 18:40:08.780     0     0 W (0)[173:mtk-tpd]check sum: [0] == [0]?
01-23 18:40:08.780     0     0 W         : (0)[173:mtk-tpd]received raw data from touch panel as following:
01-23 18:40:08.780     0     0 W         : (0)[173:mtk-tpd]pPacket[0]=52
01-23 18:40:08.780     0     0 W         : pPacket[1]=23 pPacket[2]=e1 pPacket[3]=aa pPacket[4]=0
01-23 18:40:08.780     0     0 W         : pPacket[5]=0 pPacket[6]=0 pPacket[7]=0
01-23 18:40:08.780     0     0 W         : (0)[173:mtk-tpd][x,y]=[737,938]
01-23 18:40:08.780     0     0 W         : (0)[173:mtk-tpd][delta_x,delta_y]=[0,0]
01-23 18:40:08.780     0     0 W (0)[173:mtk-tpd][_DrvFwCtrlSelfParsePacket]: [x,y]=[737,938]
01-23 18:40:08.780     0     0 W (0)[173:mtk-tpd][_DrvFwCtrlSelfParsePacket]: point[x,y]=[259,586]
01-23 18:40:08.780     0     0 W         : (0)[173:mtk-tpd]tInfo->nFingerNum = 1...............
01-23 18:40:08.780     0     0 W         : (0)[173:mtk-tpd]*** DrvPlatformLyrFingerTouchPressed() ***
01-23 18:40:08.780     0     0 W         : (0)[173:mtk-tpd]point touch pressed
01-23 18:40:08.780     0     0 W         : (0)[173:mtk-tpd]*** _DrvPlatformLyrFingerTouchHandler() _gInterruptFlag = 0 ***
01-23 18:40:08.792     0     0 W         : (0)[173:mtk-tpd]received raw data from touch panel as following:<436 -> 237>
01-23 18:40:08.792     0     0 W         : (0)[173:mtk-tpd]pPacket[0]=52
01-23 18:40:08.792     0     0 W         : pPacket[1]=23 pPacket[2]=c9 pPacket[3]=5d pPacket[4]=0
01-23 18:40:08.792     0     0 W         : pPacket[5]=0 pPacket[6]=0 pPacket[7]=65
01-23 18:40:08.792     0     0 W         : (0)[173:mtk-tpd][x,y]=[713,861]
01-23 18:40:08.792     0     0 W         : (0)[173:mtk-tpd][delta_x,delta_y]=[0,0]
01-23 18:40:08.792     0     0 W (0)[173:mtk-tpd][_DrvFwCtrlSelfParsePacket]: [x,y]=[713,861]
01-23 18:40:08.792     0     0 W         : (0)[173:mtk-tpd]tInfo->nFingerNum = 1...............<436 -> 237>
01-23 18:40:08.792     0     0 W         : (0)[173:mtk-tpd]point touch pressed<436 -> 237>
01-23 18:40:08.792     0     0 W         : (0)[173:mtk-tpd]*** _DrvPlatformLyrFingerTouchHandler() _gInterruptFlag = 0 ***
01-23 18:40:08.825   257   315 I [MALI][Gralloc]: [+]hnd(0xb67181e0), client(26), share_fd(59), hnd->flags:4
01-23 18:40:08.827   842  1482 I [MALI][Gralloc]: [+]r_hnd(0x9e2640e0), client(42), share_fd(81)
01-23 18:40:08.839     0     0 W         : (2)[173:mtk-tpd]FIRMWARE_MODE_DEMO_MODE<436 -> 237>
01-23 18:40:08.840     0     0 W         : (0)[173:mtk-tpd]*** _DrvFwCtrlSelfParsePacket() ***
01-23 18:40:08.840     0     0 W (0)[173:mtk-tpd]check sum: [33] == [33]?
01-23 18:40:08.840     0     0 W         : (0)[173:mtk-tpd]received raw data from touch panel as following:
01-23 18:40:08.840     0     0 W         : (0)[173:mtk-tpd][x,y]=[570,543]<436 -> 237>
01-23 18:40:08.840     0     0 W         : (0)[173:mtk-tpd][delta_x,delta_y]=[0,0]
01-23 18:40:08.840     0     0 W (0)[173:mtk-tpd][_DrvFwCtrlSelfParsePacket]: [x,y]=[570,543]
01-23 18:40:08.840     0     0 W (0)[173:mtk-tpd][_DrvFwCtrlSelfParsePacket]: point[x,y]=[200,339]
01-23 18:40:08.840     0     0 W         : (0)[173:mtk-tpd]tInfo->nFingerNum = 1...............
01-23 18:40:08.840     0     0 W         : (0)[173:mtk-tpd]*** DrvPlatformLyrFingerTouchPressed() ***
01-23 18:40:08.840     0     0 W         : (0)[173:mtk-tpd]point touch pressed
01-23 18:40:08.887     0     0 W         : (0)[172:irq/298-touch_p]*** _DrvPlatformLyrFingerTouchInterruptHandler() ***<436 -> 237>
01-23 18:40:08.887     0     0 W         : (0)[172:irq/298-touch_p]*** _DrvPlatformLyrFingerTouchInterruptHandler() _gInterruptFlag = 1 ***
01-23 18:40:08.888     0     0 W         : (1)[173:mtk-tpd]FIRMWARE_MODE_DEMO_MODE
01-23 18:40:08.889     0     0 W         : (0)[173:mtk-tpd]*** _DrvFwCtrlSelfParsePacket() ***
01-23 18:40:08.889     0     0 W (0)[173:mtk-tpd]check sum: [88] == [88]?
