01-23 18:39:52.467   749   757 E StrictMode: 	at dalvik.system.CloseGuard.open(CloseGuard.java:180)
01-23 18:39:52.467   749   757 E StrictMode: 	at android.content.ContentResolver$CursorWrapperInner.<init>(ContentResolver.java:2512)
01-23 18:39:52.467   749   757 E StrictMode: 	at android.content.ContentResolver.query(ContentResolver.java:517)
01-23 18:39:52.467   749   757 E StrictMode: 	at android.content.ContentResolver.query(ContentResolver.java:435)
01-23 18:39:52.467   749   757 E StrictMode: 	at com.android.server.notification.NotificationManagerService$SpamFilterObserver$1.run(NotificationManagerService.java:908)
01-23 18:39:52.467   749   757 E StrictMode: 	at java.util.concurrent.Executors$RunnableAdapter.call(Executors.java:423)
01-23 18:39:52.467   749   757 E StrictMode: 	at java.util.concurrent.FutureTask.run(FutureTask.java:237)
01-23 18:39:52.467   749   757 E StrictMode: 	at java.util.concurrent.ThreadPoolExecutor.runWorker(ThreadPoolExecutor.java:1113)
01-23 18:39:52.467   749   757 E StrictMode: 	at java.util.concurrent.ThreadPoolExecutor$Worker.run(ThreadPoolExecutor.java:588)
01-23 18:39:52.467   749   757 E StrictMode: 	at java.lang.Thread.run(Thread.java:818)
01-23 18:39:52.468   749   757 W CursorWrapperInner: Cursor finalized without prior close()
01-23 18:39:52.508   749   749 I am_create_task: [0,41]
01-23 18:39:52.509   749   749 I am_create_activity: [0,10996801,41,com.cyanogenmod.trebuchet/com.android.launcher3.Launcher,android.intent.action.MAIN,NULL,NULL,276824064]
01-23 18:39:52.515   749   749 I wm_task_created: [41,0]
01-23 18:39:52.517   749   749 I wm_task_moved: [41,1,0]
01-23 18:39:52.535  1306  1306 I LatinIME: Hardware accelerated drawing: true
01-23 18:39:52.544   749   749 I am_proc_start: [0,1384,10033,com.cyanogenmod.trebuchet,activity,com.cyanogenmod.trebuchet/com.android.launcher3.Launcher]
01-23 18:39:52.544   749   749 I ActivityManager: Start proc 1384:com.cyanogenmod.trebuchet/u0a33 for activity com.cyanogenmod.trebuchet/com.android.launcher3.Launcher
01-23 18:39:52.545   749   749 I wm_task_moved: [41,1,0]
01-23 18:39:52.548   749   749 I am_focused_activity: [0,com.cyanogenmod.trebuchet/com.android.launcher3.Launcher]
01-23 18:39:52.555   749   749 I SystemServer: Enabled StrictMode for system server main thread.
01-23 18:39:52.575   749   764 I am_proc_start: [0,1389,10063,com.android.printspooler,service,com.android.printspooler/.model.PrintSpoolerService]
01-23 18:39:52.576   749   764 I ActivityManager: Start proc 1389:com.android.printspooler/u0a63 for service com.android.printspooler/.model.PrintSpoolerService
01-23 18:39:52.579  1361  1361 I art     : Late-enabling JIT
01-23 18:39:52.586   757   757 I (1)[757:FinalizerDaemon]binder: 749:757 refcount change on invalid ref 98<436 -> 237>
01-23 18:39:52.584   749   757 E StrictMode: A resource was acquired at attached stack trace but never released. See java.io.Closeable for information on avoiding resource leaks.
01-23 18:39:52.584   749   757 E StrictMode: java.lang.Throwable: Explicit termination method 'close' not called
01-23 18:39:52.584   749   757 E StrictMode: 	at dalvik.system.CloseGuard.open(CloseGuard.java:180)
01-23 18:39:52.584   749   757 E StrictMode: 	at android.database.CursorWindow.<init>(CursorWindow.java:141)
01-23 18:39:52.584   749   757 E StrictMode: 	at android.database.CursorWindow.<init>(CursorWindow.java)
01-23 18:39:52.584   749   757 E StrictMode: 	at android.database.CursorWindow$1.createFromParcel(CursorWindow.java:685)
01-23 18:39:52.584   749   757 E StrictMode: 	at android.database.CursorWindow$1.createFromParcel(CursorWindow.java:684)
01-23 18:39:52.584   749   757 E StrictMode: 	at android.database.BulkCursorDescriptor.readFromParcel(BulkCursorDescriptor.java:75)
01-23 18:39:52.584   749   757 E StrictMode: 	at android.database.BulkCursorDescriptor$1.createFromParcel(BulkCursorDescriptor.java:34)
01-23 18:39:52.584   749   757 E StrictMode: 	at android.database.BulkCursorDescriptor$1.createFromParcel(BulkCursorDescriptor.java:32)
01-23 18:39:52.584   749   757 E StrictMode: 	at android.content.ContentProviderProxy.query(ContentProviderNative.java:424)
01-23 18:39:52.584   749   757 E StrictMode: 	at android.content.ContentResolver.query(ContentResolver.java:493)
01-23 18:39:52.584   749   757 E StrictMode: 	at android.content.ContentResolver.query(ContentResolver.java:435)
01-23 18:39:52.584   749   757 E StrictMode: 	at com.android.server.notification.NotificationManagerService$SpamFilterObserver$1.run(NotificationManagerService.java:908)
01-23 18:39:52.584   749   757 E StrictMode: 	at java.util.concurrent.Executors$RunnableAdapter.call(Executors.java:423)
01-23 18:39:52.584   749   757 E StrictMode: 	at java.util.concurrent.FutureTask.run(FutureTask.java:237)
01-23 18:39:52.584   749   757 E StrictMode: 	at java.util.concurrent.ThreadPoolExecutor.runWorker(ThreadPoolExecutor.java:1113)
01-23 18:39:52.584   749   757 E StrictMode: 	at java.util.concurrent.ThreadPoolExecutor$Worker.run(ThreadPoolExecutor.java:588)
01-23 18:39:52.584   749   757 E StrictMode: 	at java.lang.Thread.run(Thread.java:818)
01-23 18:39:52.591   749   765 W BroadcastQueue: Permission Denial: receiving Intent { act=android.intent.action.USER_SWITCHED flg=0x50000010 (has extras) } to ProcessRecord{c8c279 847:org.cyanogenmod.themeservice/u0a21} (pid=847, uid=10021) requires android.permission.MANAGE_USERS due to sender null (uid 1000)
01-23 18:39:52.604   749   796 D MountService: Volume emulated broadcasting mounted to UserHandle{0}
01-23 18:39:52.620   749   749 D RttService: SCAN_AVAILABLE : 1
01-23 18:39:52.621   749   834 D RttService: DefaultState got{ when=0 what=160513 target=com.android.internal.util.StateMachine$SmHandler }
01-23 18:39:52.627  1361  1361 I art     : JIT created with code_cache_capacity=2MB compile_threshold=1000
01-23 18:39:52.629  1367  1367 I art     : Late-enabling JIT
01-23 18:39:52.644   749   766 I dvm_lock_sample: [system_server,1,android.ui,48,PowerManagerService.java,2622,-,3041,9]
01-23 18:39:52.647  1367  1367 I art     : JIT created with code_cache_capacity=2MB compile_threshold=1000
01-23 18:39:52.679  1372  1372 I art     : Late-enabling JIT
01-23 18:39:52.698  1377  1377 I art     : Late-enabling JIT
01-23 18:39:52.704  1372  1372 I art     : JIT created with code_cache_capacity=2MB compile_threshold=1000
01-23 18:39:52.714   749   749 I Choreographer: Skipped 382 frames!  The application may be doing too much work on its main thread.
01-23 18:39:52.720   749  1358 I am_proc_bound: [0,1367,org.cyanogenmod.audiofx]
01-23 18:39:52.748  1377  1377 I art     : JIT created with code_cache_capacity=2MB compile_threshold=1000
01-23 18:39:52.755   749   897 I am_proc_bound: [0,1361,org.cyanogenmod.yahooweatherprovider]
01-23 18:39:52.758  1384  1384 I art     : Late-enabling JIT
01-23 18:39:52.789  1384  1384 I art     : JIT created with code_cache_capacity=2MB compile_threshold=1000
01-23 18:39:52.810  1389  1389 I art     : Late-enabling JIT
01-23 18:39:52.829   749   899 I am_proc_bound: [0,1372,com.android.nfc]
01-23 18:39:52.837  1389  1389 I art     : JIT created with code_cache_capacity=2MB compile_threshold=1000
01-23 18:39:52.890   749   919 I am_proc_bound: [0,1377,com.android.phone]
01-23 18:39:52.948   749  1358 I am_proc_bound: [0,1384,com.cyanogenmod.trebuchet]
01-23 18:39:52.956   749  1358 I am_restart_activity: [0,10996801,41,com.cyanogenmod.trebuchet/com.android.launcher3.Launcher]
01-23 18:39:52.977  1361  1361 W System  : ClassLoader referenced unknown path: /data/app/org.cyanogenmod.yahooweatherprovider-1/lib/arm
01-23 18:39:52.992   749   897 I am_proc_bound: [0,1389,com.android.printspooler]
01-23 18:39:53.006  1367  1367 W System  : ClassLoader referenced unknown path: /system/priv-app/AudioFX/lib/arm
01-23 18:39:53.060  1306  1306 W InputAttributes: No editor info for this field. Bug?
01-23 18:39:53.075  1306  1306 W art     : Method processed more than once: void com.android.inputmethod.latin.settings.SpacingAndPunctuations.<init>(android.content.res.Resources)
01-23 18:39:53.225  1384  1384 W System  : ClassLoader referenced unknown path: /system/priv-app/Trebuchet/lib/arm
01-23 18:39:53.242  1372  1372 I NfcService: Starting NFC service
01-23 18:39:53.249  1377  1377 W System  : ClassLoader referenced unknown path: /system/priv-app/TeleService/lib/arm
01-23 18:39:53.270  1384  1384 W art     : Method processed more than once: void com.android.launcher3.LauncherApplication.<init>()
01-23 18:39:53.308  1306  1453 I LatinIME:LogUtils: Dictionary info: dictionary = contacts.zz ; version = 1485135192 ; date = 1485135192
01-23 18:39:53.310   749   803 D WIFI    : Registering NetworkFactory
01-23 18:39:53.311   749   803 D WIFI_UT : Registering NetworkFactory
01-23 18:39:53.313  1306  1453 I LatinIME:LogUtils: Dictionary info: dictionary = userunigram.zz ; version = 1485185993 ; date = ?
01-23 18:39:53.384  1372  1372 I NFCJNI  : NFC Service: loading nxp JNI
01-23 18:39:53.385  1389  1389 I PrintSpoolerService: No existing print spooler state.
01-23 18:39:53.395   749  1357 I am_proc_start: [0,1454,10003,android.process.acore,content provider,com.android.providers.userdictionary/.UserDictionaryProvider]
01-23 18:39:53.395   749  1357 I ActivityManager: Start proc 1454:android.process.acore/u0a3 for content provider com.android.providers.userdictionary/.UserDictionaryProvider
01-23 18:39:53.398   749   749 I dvm_lock_sample: [system_server,1,main,62,ActivityManagerService.java,17452,-,9827,12]
01-23 18:39:53.401   749   803 D WIFI    : got request NetworkRequest [ id=1, legacyType=-1, [ Capabilities: INTERNET&NOT_RESTRICTED&TRUSTED&NOT_VPN] ] with score 0
01-23 18:39:53.401   749   803 D WIFI_UT : got request NetworkRequest [ id=1, legacyType=-1, [ Capabilities: INTERNET&NOT_RESTRICTED&TRUSTED&NOT_VPN] ] with score 0
01-23 18:39:53.404  1377  1377 W System  : ClassLoader referenced unknown path: /system/priv-app/TelephonyProvider/lib/arm
01-23 18:39:53.412   749   770 D BluetoothManagerService: Message: 20
01-23 18:39:53.413  1372  1372 W Settings: Setting device_provisioned has moved from android.provider.Settings.Secure to android.provider.Settings.Global.
01-23 18:39:53.413   749   770 D BluetoothManagerService: Added callback: android.bluetooth.IBluetoothManagerCallback$Stub$Proxy@27527cc:true
01-23 18:39:53.502  1384  1384 W MOD.CyanogenAmbientUtil: Cyanogen Ambient package is missing! Version 1050100 is required.
01-23 18:39:53.503  1384  1384 E MOD.AmbientApiClientImp: This application will not run unless you install Ambient services
01-23 18:39:53.623   749   749 W System  : ClassLoader referenced unknown path: /system/priv-app/Telecom/lib/arm
01-23 18:39:53.659  1454  1454 I art     : Late-enabling JIT
01-23 18:39:53.673  1454  1454 I art     : JIT created with code_cache_capacity=2MB compile_threshold=1000
01-23 18:39:53.682  1377  1377 D TelephonyProvider: dbh.onOpen: ok, queried table=siminfo
01-23 18:39:53.683  1377  1377 D TelephonyProvider: dbh.onOpen: ok, queried table=carriers
01-23 18:39:53.704  1372  1372 W NfceeAccess: could not find /etc/nfcee_access.xml, no NFCEE access allowed
01-23 18:39:53.705  1372  1372 I NfceeAccess: read 0 signature(s) for NFCEE access
01-23 18:39:53.726  1372  1372 W Settings: Setting airplane_mode_radios has moved from android.provider.Settings.System to android.provider.Settings.Global, returning read-only value.
01-23 18:39:53.729  1372  1372 W Settings: Setting airplane_mode_toggleable_radios has moved from android.provider.Settings.System to android.provider.Settings.Global, returning read-only value.
01-23 18:39:53.764   749   920 I am_proc_bound: [0,1454,android.process.acore]
01-23 18:39:54.028   749   749 W art     : Long monitor contention event with owner method=android.content.pm.ParceledListSlice com.android.server.pm.PackageManagerService.getInstalledPackages(int, int) from PackageManagerService.java:5498 waiters=1 for 243ms
01-23 18:39:54.029   749   749 I dvm_lock_sample: [system_server,1,main,243,UserManagerService.java,1889,PackageManagerService.java,5498,48]
01-23 18:39:54.036   749  1451 W art     : Long monitor contention event with owner method=void com.android.server.am.ActivityManagerService.attachApplication(android.app.IApplicationThread) from ActivityManagerService.java:6536 waiters=0 for 265ms
01-23 18:39:54.036   749  1451 I dvm_lock_sample: [system_server,1,Binder_C,265,ActivityManagerService.java,9290,-,6536,53]
01-23 18:39:54.036   749   919 W art     : Long monitor contention event with owner method=void com.android.server.am.ActivityManagerService.attachApplication(android.app.IApplicationThread) from ActivityManagerService.java:6536 waiters=1 for 249ms
01-23 18:39:54.036   749   919 I dvm_lock_sample: [system_server,1,Binder_5,249,ActivityManagerService.java,10268,-,6536,49]
01-23 18:39:54.042  1384  1384 V Launcher: LauncherAppState inited
01-23 18:39:54.103   749   770 D BluetoothManagerService: Message: 30
01-23 18:39:54.127  1377  1377 V ConfigResourceUtil: resourceName = telephony_plugin_jar_name resourceId = 2130903040resourceValue = 
01-23 18:39:54.129  1377  1377 V ConfigResourceUtil: resourceName = telephony_plugin_class_name resourceId = 2130903041resourceValue = 
01-23 18:39:54.139  1372  1475 D NfcService: checking on firmware download
01-23 18:39:54.139  1372  1475 W Settings: Setting airplane_mode_on has moved from android.provider.Settings.System to android.provider.Settings.Global, returning read-only value.
01-23 18:39:54.142  1372  1475 D NfcService: NFC is on. Doing normal stuff
01-23 18:39:54.142  1372  1475 I NfcService: Enabling NFC
01-23 18:39:54.176  1372  1475 D NFCJNI  : Start Initialization
01-23 18:39:54.176  1372  1475 E NFCJNI  : hw_get_module() failed.
01-23 18:39:54.196   749   749 I Telecom : ViceNotificationImpl: ViceNotificationImpl
01-23 18:39:54.198  1454  1454 W System  : ClassLoader referenced unknown path: /system/app/UserDictionaryProvider/lib/arm
01-23 18:39:54.226  1372  1475 D NFCJNI  : Terminating client thread...
01-23 18:39:54.226  1372  1475 W NfcService: Error enabling NFC
01-23 18:39:54.238   749   770 D BluetoothManagerService: Message: 30
01-23 18:39:54.257   749   749 I Telecom : BluetoothPhoneService: Ignoring IBluetoothDsdaService class not found exception 
01-23 18:39:54.281   749   749 I Telecom : Class: TelecomSystem.INSTANCE being set
01-23 18:39:54.282   749   749 W ContextImpl: Calling a method in the system process without a qualified user: android.app.ContextImpl.startService:1231 android.content.ContextWrapper.startService:587 com.android.server.telecom.components.TelecomService.initializeTelecomSystem:141 com.android.server.telecom.components.TelecomService.onBind:69 android.app.ActivityThread.handleBindService:2938 
01-23 18:39:54.296     0     0 I         : permissive=1<436 -> 237>
01-23 18:39:54.320  1454  1454 W System  : ClassLoader referenced unknown path: /system/priv-app/ContactsProvider/lib/arm
01-23 18:39:54.366   749   749 I BrokerableCMSystemService: Implementation service connected
01-23 18:39:54.368   749   749 I BrokerableCMSystemService: Notifying service connected
01-23 18:39:54.370  1377  1377 W art     : Method processed more than once: void com.android.internal.telephony.MtkEccList$EccEntry.<init>()
01-23 18:39:54.423   749  1450 I dvm_lock_sample: [system_server,1,Binder_B,49,UserManagerService.java,424,-,2109,9]
01-23 18:39:54.428   749   810 D NotificationSQLiteLog: Pruned event entries: 0
01-23 18:39:54.433   749   761 I dvm_lock_sample: [system_server,1,Binder_2,48,UserManagerService.java,424,-,2109,9]
01-23 18:39:54.437   749   749 I BrokerableCMSystemService: Connecting to implementation
01-23 18:39:54.437   749   749 D BrokerableCMSystemService: Already connected
01-23 18:39:54.460   749   749 D RttService: SCAN_AVAILABLE : 3
01-23 18:39:54.460   749   833 E WifiScanningService: could not start HAL
01-23 18:39:54.460   749   834 D RttService: DefaultState got{ when=-1ms what=160512 target=com.android.internal.util.StateMachine$SmHandler }
01-23 18:39:54.463   749   749 I BrokerableCMSystemService: Implementation service connected
01-23 18:39:54.464   749   749 I BrokerableCMSystemService: Notifying service connected
01-23 18:39:54.469   749   749 I BrokerableCMSystemService: Implementation service connected
01-23 18:39:54.471   749   749 I BrokerableCMSystemService: Notifying service connected
01-23 18:39:54.493   749   749 I BrokerableCMSystemService: Implementation service connected
01-23 18:39:54.494   749   749 I BrokerableCMSystemService: Implementation service connected
01-23 18:39:54.495   749   749 D GpsNetInitiatedHandler: location enabled :false
01-23 18:39:54.495   749   749 V WiredAccessoryManager: init()
01-23 18:39:54.562   749  1450 W Searchables: No global search activity found
01-23 18:39:54.636   842  1482 D OpenGLRenderer: Use EGL_SWAP_BEHAVIOR_PRESERVED: false
01-23 18:39:54.688   842   842 I [MALI][Gralloc]: [+]r_hnd(0xa0e9d540), client(42), share_fd(41)
01-23 18:39:54.715   749   771 W WindowManager: Window freeze timeout expired.
01-23 18:39:54.716   749   771 W WindowManager: Force clearing orientation change: Window{e975f71 u0 KeyguardScrim}
01-23 18:39:54.738  1384  1384 D Launcher.Model: Old launcher provider: content://com.android.launcher2.settings/favorites?notify=true
01-23 18:39:54.739  1384  1384 D Launcher.Model: Old launcher provider does not exist.
01-23 18:39:54.850   257   815 D PermissionCache: checking android.permission.HARDWARE_TEST for uid=1000 => granted (1505 us)
01-23 18:39:54.936   257   397 W hwcomposer: [JOB] (0) Timed out waiting for vsync...
01-23 18:39:55.065  1367  1491 D AudioFx-AudioOutputChangeListener: onAudioOutputChanged id: 2 type: 2 name: Smart Surf2 4G address:  [android.media.AudioDeviceInfo@a813936]
01-23 18:39:55.077   749  1357 I am_proc_start: [0,1492,10042,com.cyanogenmod.eleven,broadcast,com.cyanogenmod.eleven/.MediaButtonIntentReceiver]
01-23 18:39:55.077   749  1357 I ActivityManager: Start proc 1492:com.cyanogenmod.eleven/u0a42 for broadcast com.cyanogenmod.eleven/.MediaButtonIntentReceiver
01-23 18:39:55.078   749   749 I dvm_lock_sample: [system_server,1,main,79,ActivityManagerService.java,17452,BroadcastQueue.java,654,15]
01-23 18:39:55.079   749   766 I dvm_lock_sample: [system_server,1,android.ui,68,ActivityManagerService.java,4044,BroadcastQueue.java,654,13]
01-23 18:39:55.081   749  1477 I dvm_lock_sample: [system_server,0,AsyncQueryWorker,70,ActivityManagerService.java,10339,BroadcastQueue.java,654,14]
01-23 18:39:55.169  1306  1453 I LatinIME:LogUtils: Dictionary info: dictionary = UserHistoryDictionary.zz ; version = 1485185995 ; date = ?
01-23 18:39:55.299  1492  1492 I art     : Late-enabling JIT
01-23 18:39:55.299   749   749 E CMHardwareService: Vibrator is not supported
01-23 18:39:55.308   749   749 E CMHardwareService: Vibrator is not supported
01-23 18:39:55.315  1492  1492 I art     : JIT created with code_cache_capacity=2MB compile_threshold=1000
01-23 18:39:55.315   749   749 V BackupManagerService: Connected to transport ComponentInfo{android/com.android.internal.backup.LocalTransportService}
01-23 18:39:55.316   749   749 V BackupManagerService: Registering transport android/com.android.internal.backup.LocalTransportService::android/com.android.internal.backup.LocalTransport = android.app.backup.BackupTransport$TransportImpl@a7b6568
01-23 18:39:55.325   749   749 I backup_transport_lifecycle: [android/com.android.internal.backup.LocalTransportService,1]
01-23 18:39:55.335   749   749 I Choreographer: Skipped 144 frames!  The application may be doing too much work on its main thread.
01-23 18:39:55.339   257   313 I [MALI][Gralloc]: [+]hnd(0xb67185a0), client(26), share_fd(42), hnd->flags:4
01-23 18:39:55.341   749   749 I [MALI][Gralloc]: [+]r_hnd(0xa1702e60), client(109), share_fd(178)
01-23 18:39:55.353   749   749 I BrokerableCMSystemService: Connecting to implementation
01-23 18:39:55.353   749   749 D BrokerableCMSystemService: Already connected
01-23 18:39:55.361   749   770 D BluetoothManagerService: Message: 20
01-23 18:39:55.361   749   770 D BluetoothManagerService: Added callback: android.bluetooth.IBluetoothManagerCallback$Stub$Proxy@557014:true
01-23 18:39:55.386   287   287 I thermal_repeater: select timeout
01-23 18:39:55.405   749   770 D BluetoothManagerService: Message: 30
01-23 18:39:55.417   749   897 I am_proc_bound: [0,1492,com.cyanogenmod.eleven]
01-23 18:39:55.432   749   897 I dvm_lock_sample: [system_server,1,Binder_3,10,PackageManagerService.java,5717,-,2865,2]
01-23 18:39:55.434   749   770 D BluetoothManagerService: Message: 30
01-23 18:39:55.442   842   842 D LocalBluetoothProfileManager: Adding local MAP profile
01-23 18:39:55.462   842   842 D BluetoothMap: Create BluetoothMap proxy object
01-23 18:39:55.484   749   770 D BluetoothManagerService: Message: 30
01-23 18:39:55.505  1454  1485 I ContactLocale: AddressBook Labels [ru-RU]: [, , , , , , , , , , , , , , , , , , , , , , , , , , , , , , , , , , , , , , , A, B, C, D, E, F, G, H, I, J, K, L, M, N, O, P, Q, R, S, T, U, V, W, X, Y, Z, , , , , , , , , , , , , , , , , , , , , , , , , , , , , , , , , , , , , , , , , , , , , , , , , , , , , , , , , , , , , , , , , , , , , , , , , , , , , , , , , , , , , , , , , , , , , , , , , , , , , , , , , , , , , , , , , , , , , , , , , , , , , , , , , , , , , , , , , , , , , , , , , , , , , , #, ]
01-23 18:39:55.537   749   770 D BluetoothManagerService: Message: 30
01-23 18:39:55.572   842   842 D LocalBluetoothProfileManager: LocalBluetoothProfileManager construction complete
01-23 18:39:55.589  1492  1492 W System  : ClassLoader referenced unknown path: /system/app/Eleven/lib/arm
01-23 18:39:55.674   749   920 I am_proc_start: [0,1515,10042,com.cyanogenmod.eleven:main,service,com.cyanogenmod.eleven/.MusicPlaybackService]
01-23 18:39:55.674   749   920 I ActivityManager: Start proc 1515:com.cyanogenmod.eleven:main/u0a42 for service com.cyanogenmod.eleven/.MusicPlaybackService
01-23 18:39:55.740   749   920 I am_proc_start: [0,1522,10067,com.android.smspush,service,com.android.smspush/.WapPushManager]
01-23 18:39:55.740   749   920 I ActivityManager: Start proc 1522:com.android.smspush/u0a67 for service com.android.smspush/.WapPushManager
01-23 18:39:55.749   842   842 I CameraManagerGlobal: Connecting to camera service
01-23 18:39:55.908  1515  1515 I art     : Late-enabling JIT
01-23 18:39:55.927  1515  1515 I art     : JIT created with code_cache_capacity=2MB compile_threshold=1000
01-23 18:39:55.958  1522  1522 I art     : Late-enabling JIT
01-23 18:39:55.979  1522  1522 I art     : JIT created with code_cache_capacity=2MB compile_threshold=1000
01-23 18:39:55.989   749  1449 I am_proc_bound: [0,1515,com.cyanogenmod.eleven:main]
01-23 18:39:56.064   749   761 I am_proc_bound: [0,1522,com.android.smspush]
01-23 18:39:56.129  1377  1562 E DcSwitchStateMachine-0: DctController is not ready
01-23 18:39:56.128  1515  1515 W System  : ClassLoader referenced unknown path: /system/app/Eleven/lib/arm
01-23 18:39:56.201  1377  1564 E DcSwitchStateMachine-1: DctController is not ready
01-23 18:39:56.204  1522  1522 W System  : ClassLoader referenced unknown path: /system/app/WAPPushManager/lib/arm
01-23 18:39:56.227  1384  1384 I am_on_resume_called: [0,com.android.launcher3.Launcher]
01-23 18:39:56.228  1384  1483 W Launcher: setApplicationContext called twice! old=com.android.launcher3.LauncherApplication@38268d3 new=com.android.launcher3.LauncherApplication@38268d3
01-23 18:39:56.256  1384  1568 D OpenGLRenderer: Use EGL_SWAP_BEHAVIOR_PRESERVED: false
01-23 18:39:56.273  1384  1384 I [MALI][Gralloc]: [+]r_hnd(0xafb069c0), client(34), share_fd(32)
01-23 18:39:56.312  1384  1384 I Choreographer: Skipped 44 frames!  The application may be doing too much work on its main thread.
01-23 18:39:56.421  1515  1515 V RenderScript_jni: RS native mode
01-23 18:39:56.463  1515  1515 V RenderScript_jni: Unable to load libRSSupportIO.so, USAGE_IO not supported
01-23 18:39:56.537  1515  1574 V RenderScript: 0xac2b6000 Launching thread(s), CPUs 4
01-23 18:39:56.631  1384  1568 I OpenGLRenderer: Initialized EGL, version 1.4
01-23 18:39:56.651  1384  1568 D mali_winsys: new_window_surface returns 0x3000
01-23 18:39:56.665   257   313 I [MALI][Gralloc]: [+]hnd(0xb67186e0), client(26), share_fd(31), hnd->flags:4
01-23 18:39:56.683   257   313 I [MALI][Gralloc]: [+]hnd(0xb6718820), client(26), share_fd(45), hnd->flags:4
01-23 18:39:56.691   257   313 I [MALI][Gralloc]: [+]hnd(0xb6718960), client(26), share_fd(50), hnd->flags:4
01-23 18:39:56.695   749  1449 I dvm_lock_sample: [system_server,1,Binder_A,70,UserManagerService.java,308,-,2109,14]
01-23 18:39:56.697   749  1451 I dvm_lock_sample: [system_server,1,Binder_C,46,PackageManagerService.java,5498,UserManagerService.java,2109,9]
01-23 18:39:56.987   749  1449 W art     : Long monitor contention event with owner method=android.content.pm.ParceledListSlice com.android.server.pm.PackageManagerService.getInstalledPackages(int, int) from PackageManagerService.java:5498 waiters=6 for 217ms
01-23 18:39:56.988   749  1449 I dvm_lock_sample: [system_server,1,Binder_A,217,UserManagerService.java,424,PackageManagerService.java,5498,43]
01-23 18:39:56.990   749  1450 W art     : Long monitor contention event with owner method=android.content.pm.ParceledListSlice com.android.server.pm.PackageManagerService.getInstalledPackages(int, int) from PackageManagerService.java:5498 waiters=9 for 155ms
01-23 18:39:56.990   749  1450 I dvm_lock_sample: [system_server,1,Binder_B,155,UserManagerService.java,424,PackageManagerService.java,5498,31]
01-23 18:39:56.993  1384  1384 I Choreographer: Skipped 37 frames!  The application may be doing too much work on its main thread.
01-23 18:39:57.031  1384  1568 I [MALI][Gralloc]: [+]r_hnd(0xaff73500), client(34), share_fd(45)
01-23 18:39:57.076   749   771 I am_activity_launch_time: [0,10996801,com.cyanogenmod.trebuchet/com.android.launcher3.Launcher,4558,4558]
01-23 18:39:57.076   749   771 I ActivityManager: Displayed com.cyanogenmod.trebuchet/com.android.launcher3.Launcher: +4s558ms
01-23 18:39:57.107   749  1450 I am_proc_start: [0,1610,10028,org.cyanogenmod.weather.provider,content provider,org.cyanogenmod.weather.provider/.WeatherContentProvider]
01-23 18:39:57.107   749  1450 I ActivityManager: Start proc 1610:org.cyanogenmod.weather.provider/u0a28 for content provider org.cyanogenmod.weather.provider/.WeatherContentProvider
01-23 18:39:57.116  1515  1515 E MediaPlayer-JNI: JNIMediaPlayerFactory: bIsQCMediaPlayerPresent 0
01-23 18:39:57.116  1515  1515 E MediaPlayer-JNI: JNIMediaPlayerFactory: bIsQCMediaPlayerPresent 0
01-23 18:39:57.132  1384  1568 I [MALI][Gralloc]: [+]r_hnd(0xaff736e0), client(34), share_fd(44)
01-23 18:39:57.146  1377  1377 D CarrierConfigLoader: CarrierConfigLoader has started
01-23 18:39:57.151   749   765 I boot_progress_enable_screen: 111904
01-23 18:39:57.153   749   765 V KeyguardServiceDelegate: *** Keyguard started
01-23 18:39:57.153   749   749 V KeyguardServiceDelegate: *** Keyguard connected (yay!)
01-23 18:39:57.165   749   770 D BluetoothManagerService: Message: 20
01-23 18:39:57.165   749   765 I screen_toggled: 1
01-23 18:39:57.166   749   770 D BluetoothManagerService: Added callback: android.bluetooth.IBluetoothManagerCallback$Stub$Proxy@61bb8b7:true
01-23 18:39:57.187   749   765 D Sensors : activate handle =0, enable = 1
01-23 18:39:57.187   749   765 E Sensors : handleToDriver handle(0)
01-23 18:39:57.187   749   765 D Sensors : use new sensor index=2, mSensors[index](a0538c00)
01-23 18:39:57.187   749   765 D Accel   : ACC enable: handle:0, en:1 
01-23 18:39:57.187   749   765 D Accel   : path:/sys/class/misc/m_acc_misc/accactive 
01-23 18:39:57.188   749   765 D Accel   : ACC enable(1) done
01-23 18:39:57.188   749   765 E Sensors : handleToDriver handle(0)
01-23 18:39:57.188   749   765 D Accel   : setDelay: (handle=0, ns=66667000)
01-23 18:39:57.189   749   765 E Sensors : new setDelay handle(0),ns(66667000)m, error(0), index(2)
01-23 18:39:57.189   749   765 E Sensors : handleToDriver handle(0)
01-23 18:39:57.189   749   765 D Accel   : setDelay: (handle=0, ns=66667000)
01-23 18:39:57.189   749   765 E Sensors : new setDelay handle(0),ns(66667000)m, error(0), index(2)
01-23 18:39:57.189   749   765 V KeyguardServiceDelegate: onStartedWakingUp()
01-23 18:39:57.189   749   765 V KeyguardServiceDelegate: onScreenTurnedOn(showListener = com.android.server.policy.PhoneWindowManager$2@9f9824)
01-23 18:39:57.190   749   765 V KeyguardServiceDelegate: onScreenTurnedOn()
01-23 18:39:57.192   749   770 D BluetoothManagerService: Message: 30
01-23 18:39:57.258   749  1357 D CryptdConnector: SND -> {2 cryptfs getpw}
01-23 18:39:57.259   231   242 D VoldCryptCmdListener: cryptfs getpw
01-23 18:39:57.261   231   242 I Ext4Crypt: ext4 crypto complete called on /data
01-23 18:39:57.261   231   242 I Ext4Crypt: No master key, so not ext4enc
01-23 18:39:57.261   231   242 I Ext4Crypt: ext4 crypto complete called on /data
01-23 18:39:57.261   231   242 I Ext4Crypt: No master key, so not ext4enc
01-23 18:39:57.262   749   798 D CryptdConnector: RCV <- {200 2 -1}
01-23 18:39:57.265   749  1357 D CryptdConnector: SND -> {3 cryptfs clearpw}
01-23 18:39:57.266   231   242 D VoldCryptCmdListener: cryptfs clearpw
01-23 18:39:57.266   231   242 I Ext4Crypt: ext4 crypto complete called on /data
01-23 18:39:57.266   231   242 I Ext4Crypt: No master key, so not ext4enc
01-23 18:39:57.266   749   798 D CryptdConnector: RCV <- {200 3 0}
01-23 18:39:57.305  1377  1377 I Telephony: TtyManager: updateUiTtyMode -1 -> 0
01-23 18:39:57.335  1377  1377 I Telephony: TtyManager: updateUiTtyMode -1 -> 0
01-23 18:39:57.361   749   757 E StrictMode: A resource was acquired at attached stack trace but never released. See java.io.Closeable for information on avoiding resource leaks.
01-23 18:39:57.361   749   757 E StrictMode: java.lang.Throwable: Explicit termination method 'close' not called
01-23 18:39:57.361   749   757 E StrictMode: 	at dalvik.system.CloseGuard.open(CloseGuard.java:180)
01-23 18:39:57.361   749   757 E StrictMode: 	at android.content.ContentResolver$CursorWrapperInner.<init>(ContentResolver.java:2512)
01-23 18:39:57.361   749   757 E StrictMode: 	at android.content.ContentResolver.query(ContentResolver.java:517)
01-23 18:39:57.361   749   757 E StrictMode: 	at android.content.ContentResolver.query(ContentResolver.java:435)
01-23 18:39:57.361   749   757 E StrictMode: 	at com.android.server.notification.NotificationManagerService$SpamFilterObserver$1.run(NotificationManagerService.java:908)
01-23 18:39:57.361   749   757 E StrictMode: 	at java.util.concurrent.Executors$RunnableAdapter.call(Executors.java:423)
01-23 18:39:57.361   749   757 E StrictMode: 	at java.util.concurrent.FutureTask.run(FutureTask.java:237)
01-23 18:39:57.361   749   757 E StrictMode: 	at java.util.concurrent.ThreadPoolExecutor.runWorker(ThreadPoolExecutor.java:1113)
01-23 18:39:57.361   749   757 E StrictMode: 	at java.util.concurrent.ThreadPoolExecutor$Worker.run(ThreadPoolExecutor.java:588)
01-23 18:39:57.361   749   757 E StrictMode: 	at java.lang.Thread.run(Thread.java:818)
01-23 18:39:57.361   749   757 W CursorWrapperInner: Cursor finalized without prior close()
01-23 18:39:57.393   749   757 E StrictMode: A resource was acquired at attached stack trace but never released. See java.io.Closeable for information on avoiding resource leaks.
01-23 18:39:57.393   749   757 E StrictMode: java.lang.Throwable: Explicit termination method 'close' not called
01-23 18:39:57.393   749   757 E StrictMode: 	at dalvik.system.CloseGuard.open(CloseGuard.java:180)
01-23 18:39:57.393   749   757 E StrictMode: 	at android.database.CursorWindow.<init>(CursorWindow.java:141)
01-23 18:39:57.393   749   757 E StrictMode: 	at android.database.CursorWindow.<init>(CursorWindow.java)
01-23 18:39:57.393   749   757 E StrictMode: 	at android.database.CursorWindow$1.createFromParcel(CursorWindow.java:685)
01-23 18:39:57.393   749   757 E StrictMode: 	at android.database.CursorWindow$1.createFromParcel(CursorWindow.java:684)
01-23 18:39:57.393   749   757 E StrictMode: 	at android.database.BulkCursorDescriptor.readFromParcel(BulkCursorDescriptor.java:75)
01-23 18:39:57.393   749   757 E StrictMode: 	at android.database.BulkCursorDescriptor$1.createFromParcel(BulkCursorDescriptor.java:34)
01-23 18:39:57.393   749   757 E StrictMode: 	at android.database.BulkCursorDescriptor$1.createFromParcel(BulkCursorDescriptor.java:32)
01-23 18:39:57.393   749   757 E StrictMode: 	at android.content.ContentProviderProxy.query(ContentProviderNative.java:424)
01-23 18:39:57.393   749   757 E StrictMode: 	at android.content.ContentResolver.query(ContentResolver.java:493)
01-23 18:39:57.393   749   757 E StrictMode: 	at android.content.ContentResolver.query(ContentResolver.java:435)
01-23 18:39:57.393   749   757 E StrictMode: 	at com.android.server.notification.NotificationManagerService$SpamFilterObserver$1.run(NotificationManagerService.java:908)
01-23 18:39:57.393   749   757 E StrictMode: 	at java.util.concurrent.Executors$RunnableAdapter.call(Executors.java:423)
01-23 18:39:57.393   749   757 E StrictMode: 	at java.util.concurrent.FutureTask.run(FutureTask.java:237)
01-23 18:39:57.393   749   757 E StrictMode: 	at java.util.concurrent.ThreadPoolExecutor.runWorker(ThreadPoolExecutor.java:1113)
01-23 18:39:57.393   749   757 E StrictMode: 	at java.util.concurrent.ThreadPoolExecutor$Worker.run(ThreadPoolExecutor.java:588)
01-23 18:39:57.393   749   757 E StrictMode: 	at java.lang.Thread.run(Thread.java:818)
01-23 18:39:57.430  1610  1610 I art     : Late-enabling JIT
01-23 18:39:57.433  1377  1377 I gsm_service_state_change: [1,1,3,3]
01-23 18:39:57.438  1377  1377 V ConfigResourceUtil: resourceName = config_spn_display_control resourceId = 2130837514resourceValue = false
01-23 18:39:57.458  1610  1610 I art     : JIT created with code_cache_capacity=2MB compile_threshold=1000
01-23 18:39:57.468   749   899 D SubscriptionManager: getSimStateForSubscriber: simState=6 slotIdx=0
01-23 18:39:57.580   547   579 I liblog  : 120
01-23 18:39:57.619  1377  1377 I liblog  : 49
01-23 18:39:57.636   749  1449 I liblog  : 2
01-23 18:39:57.636   749  1449 I am_proc_start: [0,1633,10045,com.android.exchange,content provider,com.android.exchange/.provider.ExchangeDirectoryProvider]
01-23 18:39:57.636   749  1449 I ActivityManager: Start proc 1633:com.android.exchange/u0a45 for content provider com.android.exchange/.provider.ExchangeDirectoryProvider
01-23 18:39:57.694   749   759 I art     : Background partial concurrent mark sweep GC freed 4908(370KB) AllocSpace objects, 1(60KB) LOS objects, 33% free, 9MB/13MB, paused 5.558ms total 100.796ms
01-23 18:39:57.741  1610  1610 W System  : ClassLoader referenced unknown path: /system/priv-app/WeatherProvider/lib/arm
01-23 18:39:57.850  1633  1633 I art     : Late-enabling JIT
01-23 18:39:57.859  1384  1568 I liblog  : 1
01-23 18:39:57.859  1384  1568 V RenderScript: 0x9f6da000 Launching thread(s), CPUs 4
01-23 18:39:57.887  1633  1633 I art     : JIT created with code_cache_capacity=2MB compile_threshold=1000
01-23 18:39:57.913  1384  1384 D Launcher: bindAppWidget: AppWidget(id=2)
01-23 18:39:57.913  1384  1384 D Launcher: bindAppWidget: id=2 belongs to component ComponentInfo{com.cyanogenmod.lockclock/com.cyanogenmod.lockclock.ClockWidgetProvider}
01-23 18:39:57.980   749   759 I art     : Background partial concurrent mark sweep GC freed 1201(96KB) AllocSpace objects, 0(0B) LOS objects, 33% free, 9MB/13MB, paused 5.982ms total 91.620ms
01-23 18:39:57.985   749   897 I am_proc_bound: [0,1633,com.android.exchange]
01-23 18:39:58.118  1515  1515 W WakefulBroadcastReceiver: No active wake lock id #1
01-23 18:39:58.190   749   766 W WindowManager: Keyguard drawn timeout. Setting mKeyguardDrawComplete
01-23 18:39:58.203   842   842 W CustomTileListenerService[]: CustomTile listener service not yet bound.
01-23 18:39:58.212  1633  1633 W System  : ClassLoader referenced unknown path: /system/app/Exchange2/lib/arm
01-23 18:39:58.262   842   842 W Resources: Drawable com.android.systemui:drawable/ic_battery_circle has unresolved theme attributes! Consider using Resources.getDrawable(int, Theme) or Context.getDrawable(int).
01-23 18:39:58.262   842   842 W Resources: java.lang.RuntimeException
01-23 18:39:58.262   842   842 W Resources: 	at android.content.res.Resources.getDrawable(Resources.java:799)
01-23 18:39:58.262   842   842 W Resources: 	at com.android.systemui.BatteryMeterView$AllInOneBatteryMeterDrawable.loadBatteryDrawables(BatteryMeterView.java:637)
01-23 18:39:58.262   842   842 W Resources: 	at com.android.systemui.BatteryMeterView$AllInOneBatteryMeterDrawable.<init>(BatteryMeterView.java:492)
01-23 18:39:58.262   842   842 W Resources: 	at com.android.systemui.BatteryMeterView.createBatteryMeterDrawable(BatteryMeterView.java:264)
01-23 18:39:58.262   842   842 W Resources: 	at com.android.systemui.BatteryMeterView.setMode(BatteryMeterView.java:366)
01-23 18:39:58.262   842   842 W Resources: 	at com.android.systemui.BatteryMeterView.onBatteryStyleChanged(BatteryMeterView.java:336)
01-23 18:39:58.262   842   842 W Resources: 	at com.android.systemui.statusbar.policy.BatteryController.addStateChangedCallback(BatteryController.java:100)
01-23 18:39:58.262   842   842 W Resources: 	at com.android.systemui.BatteryMeterView.setBatteryStateRegistar(BatteryMeterView.java:283)
01-23 18:39:58.262   842   842 W Resources: 	at com.android.systemui.statusbar.phone.StatusBarHeaderView.setBatteryController(StatusBarHeaderView.java:350)
01-23 18:39:58.262   842   842 W Resources: 	at com.android.systemui.statusbar.phone.PhoneStatusBar.makeStatusBarView(PhoneStatusBar.java:1297)
01-23 18:39:58.262   842   842 W Resources: 	at com.android.systemui.statusbar.phone.PhoneStatusBar.addStatusBarWindow(PhoneStatusBar.java:3463)
01-23 18:39:58.262   842   842 W Resources: 	at com.android.systemui.statusbar.phone.PhoneStatusBar.createAndAddWindows(PhoneStatusBar.java:3459)
01-23 18:39:58.262   842   842 W Resources: 	at com.android.systemui.statusbar.BaseStatusBar.start(BaseStatusBar.java:631)
01-23 18:39:58.262   842   842 W Resources: 	at com.android.systemui.statusbar.phone.PhoneStatusBar.start(PhoneStatusBar.java:818)
01-23 18:39:58.262   842   842 W Resources: 	at com.android.systemui.statusbar.SystemBars.createStatusBarFromConfig(SystemBars.java:106)
01-23 18:39:58.262   842   842 W Resources: 	at com.android.systemui.statusbar.SystemBars.onNoService(SystemBars.java:58)
01-23 18:39:58.262   842   842 W Resources: 	at com.android.systemui.statusbar.ServiceMonitor.startService(ServiceMonitor.java:230)
01-23 18:39:58.262   842   842 W Resources: 	at com.android.systemui.statusbar.ServiceMonitor.-wrap5(ServiceMonitor.java)
01-23 18:39:58.262   842   842 W Resources: 	at com.android.systemui.statusbar.ServiceMonitor$1.handleMessage(ServiceMonitor.java:73)
01-23 18:39:58.262   842   842 W Resources: 	at android.os.Handler.dispatchMessage(Handler.java:102)
01-23 18:39:58.262   842   842 W Resources: 	at android.os.Looper.loop(Looper.java:148)
01-23 18:39:58.262   842   842 W Resources: 	at android.app.ActivityThread.main(ActivityThread.java:5461)
01-23 18:39:58.262   842   842 W Resources: 	at java.lang.reflect.Method.invoke(Native Method)
01-23 18:39:58.262   842   842 W Resources: 	at com.android.internal.os.ZygoteInit$MethodAndArgsCaller.run(ZygoteInit.java:726)
01-23 18:39:58.262   842   842 W Resources: 	at com.android.internal.os.ZygoteInit.main(ZygoteInit.java:616)
01-23 18:39:58.267   842   842 D BatteryMeterView: mTextGravity=17
01-23 18:39:58.272   842   842 D BatteryMeterView: mTextGravity=17
01-23 18:39:58.287   842   842 D BatteryMeterView: mTextGravity=17
01-23 18:39:58.316   842  1639 D SubscriptionManager: getSimStateForSubscriber: simState=6 slotIdx=0
01-23 18:39:58.366   749   921 I am_proc_start: [0,1655,10069,com.android.email,content provider,com.android.email/.provider.EmailProvider]
01-23 18:39:58.366   749   921 I ActivityManager: Start proc 1655:com.android.email/u0a69 for content provider com.android.email/.provider.EmailProvider
01-23 18:39:58.372   842  1639 D SubscriptionManager: getSimStateForSubscriber: simState=6 slotIdx=0
01-23 18:39:58.390   842  1482 D OpenGLRenderer: profile bars disabled
01-23 18:39:58.390   842  1482 D OpenGLRenderer: ambientRatio = 1.50
01-23 18:39:58.422   257   313 D PermissionCache: checking android.permission.ACCESS_SURFACE_FLINGER for uid=10027 => granted (2917 us)
01-23 18:39:58.462   547   572 I liblog  : 22
01-23 18:39:58.485   842   842 D PhoneStatusBar: disable: < expand icons alerts system_info back home recent clock search quick_settings >
01-23 18:39:58.490   453   537 I liblog  : 60
01-23 18:39:58.526   749  1450 I dvm_lock_sample: [system_server,1,Binder_B,15,UserManagerService.java,424,PackageManagerService.java,2865,3]
01-23 18:39:58.534  1377  1377 I gsm_service_state_change: [1,1,3,3]
01-23 18:39:58.550  1377  1377 V ConfigResourceUtil: resourceName = config_spn_display_control resourceId = 2130837514resourceValue = false
01-23 18:39:58.570  1655  1655 I art     : Late-enabling JIT
01-23 18:39:58.593  1655  1655 I art     : JIT created with code_cache_capacity=2MB compile_threshold=1000
01-23 18:39:58.681   749   899 D SubscriptionManager: getSimStateForSubscriber: simState=6 slotIdx=0
01-23 18:39:58.761   749  1358 I am_proc_start: [0,1671,10072,com.google.process.gapps,content provider,com.google.android.syncadapters.contacts/.GalProvider]
01-23 18:39:58.762   749  1358 I ActivityManager: Start proc 1671:com.google.process.gapps/u0a72 for content provider com.google.android.syncadapters.contacts/.GalProvider
01-23 18:39:58.762   749   919 I dvm_lock_sample: [system_server,1,Binder_5,69,ActivityManagerService.java,21003,-,17452,13]
01-23 18:39:58.763   749  1451 I dvm_lock_sample: [system_server,1,Binder_C,73,ActivityManagerService.java,6536,-,17452,14]
01-23 18:39:58.763   749   765 I dvm_lock_sample: [system_server,1,ActivityManager,69,BroadcastQueue.java,654,ActivityManagerService.java,17452,13]
01-23 18:39:58.770   749  1451 I am_proc_bound: [0,1655,com.android.email]
01-23 18:39:58.886  1384  1384 D Launcher: bound widget id=2 in 975ms
01-23 18:39:58.886  1384  1384 I Choreographer: Skipped 57 frames!  The application may be doing too much work on its main thread.
01-23 18:39:58.942   842  1639 D SubscriptionManager: getSimStateForSubscriber: simState=6 slotIdx=0
01-23 18:39:58.964  1384  1384 D Launcher: bindAppWidget: AppWidget(id=3)
01-23 18:39:58.965  1384  1384 D Launcher: bindAppWidget: id=3 belongs to component ComponentInfo{com.cyanogenmod.eleven/com.cyanogenmod.eleven.appwidgets.AppWidgetLarge}
01-23 18:39:59.046   842   842 D PhoneStatusBar: heads up is enabled
01-23 18:39:59.070  1671  1671 I art     : Late-enabling JIT
01-23 18:39:59.093  1384  1384 D Launcher: bound widget id=3 in 129ms
01-23 18:39:59.096  1671  1671 I art     : JIT created with code_cache_capacity=2MB compile_threshold=1000
01-23 18:39:59.140  1384  1384 D android.widget.GridLayout: vertical constraints: y2-y0>=264, y2-y0<=256, y2-y1<=104 are inconsistent; permanently removing: y2-y0<=256. 
01-23 18:39:59.166   749  1357 I am_proc_bound: [0,1671,com.google.process.gapps]
01-23 18:39:59.178   749  1357 I PackageManager.DexOptimizer: Running dexopt (dex2oat) on: /system/app/GoogleContactsSyncAdapter/GoogleContactsSyncAdapter.apk pkg=com.google.android.syncadapters.contacts isa=arm vmSafeMode=false debuggable=false oatDir = null bootComplete=true
01-23 18:39:59.184  1655  1655 W System  : ClassLoader referenced unknown path: /system/app/Email/lib/arm
01-23 18:39:59.299  1686  1686 I dex2oat : /system/bin/dex2oat --compiler-filter=verify-at-runtime
01-23 18:39:59.798  1686  1686 I dex2oat : dex2oat took 504.297ms (threads: 4) arena alloc=0B java alloc=556KB native alloc=838KB free=1465KB
01-23 18:39:59.808   749   919 W art     : Long monitor contention event with owner method=void com.android.server.am.ActivityManagerService.attachApplication(android.app.IApplicationThread) from ActivityManagerService.java:6536 waiters=0 for 633ms
01-23 18:39:59.808   749   919 I dvm_lock_sample: [system_server,1,Binder_5,633,ActivityManagerService.java,12783,-,6536,100]
01-23 18:39:59.808   749   760 W art     : Long monitor contention event with owner method=void com.android.server.am.ActivityManagerService.attachApplication(android.app.IApplicationThread) from ActivityManagerService.java:6536 waiters=1 for 619ms
01-23 18:39:59.808   749   760 I dvm_lock_sample: [system_server,1,Binder_1,619,ActivityManagerService.java,17452,-,6536,100]
01-23 18:39:59.810   749   761 W art     : Long monitor contention event with owner method=void com.android.server.am.ActivityManagerService.attachApplication(android.app.IApplicationThread) from ActivityManagerService.java:6536 waiters=2 for 460ms
01-23 18:39:59.811   749   761 I dvm_lock_sample: [system_server,1,Binder_2,460,ActivityManagerService.java,16236,-,6536,92]
01-23 18:39:59.812   749  1670 W art     : Long monitor contention event with owner method=void com.android.server.am.ActivityManagerService.attachApplication(android.app.IApplicationThread) from ActivityManagerService.java:6536 waiters=3 for 454ms
01-23 18:39:59.812   749  1670 I dvm_lock_sample: [system_server,1,Binder_D,454,ActivityManagerService.java,12783,-,6536,90]
01-23 18:39:59.855   749   761 I am_proc_start: [0,1692,1000,com.android.settings,broadcast,com.android.settings/.widget.SettingsAppWidgetProvider]
01-23 18:39:59.855   749   761 I ActivityManager: Start proc 1692:com.android.settings/1000 for broadcast com.android.settings/.widget.SettingsAppWidgetProvider
01-23 18:39:59.906  1655  1697 D ActivityThread: Loading provider com.android.email.provider;com.android.email.notifier: com.android.email.provider.EmailProvider
01-23 18:39:59.922  1655  1698 D ActivityThread: Loading provider com.android.email.provider;com.android.email.notifier: com.android.email.provider.EmailProvider
01-23 18:39:59.983  1655  1700 D ActivityThread: Loading provider com.android.email.provider;com.android.email.notifier: com.android.email.provider.EmailProvider
01-23 18:40:00.049  1692  1692 I art     : Late-enabling JIT
01-23 18:40:00.052  1384  1384 I Choreographer: Skipped 49 frames!  The application may be doing too much work on its main thread.
01-23 18:40:00.075  1692  1692 I art     : JIT created with code_cache_capacity=2MB compile_threshold=1000
01-23 18:40:00.081  1705  1705 E dex2oat : Failed to create oat file: /data/dalvik-cache/arm/system@app@GoogleContactsSyncAdapter@GoogleContactsSyncAdapter.apk@classes.dex: Permission denied
01-23 18:40:00.081  1705  1705 I dex2oat : dex2oat took 824us (threads: 4) 
01-23 18:40:00.083  1671  1671 W art     : Failed execv(/system/bin/dex2oat --runtime-arg -classpath --runtime-arg  --compiler-filter=interpret-only --instruction-set=arm --instruction-set-features=smp,div,-atomic_ldrd_strd --runtime-arg -Xrelocate --boot-image=/system/framework/boot.art --runtime-arg -Xms64m --runtime-arg -Xmx512m --compiler-filter=verify-at-runtime --instruction-set-variant=cortex-a7 --instruction-set-features=default --dex-file=/system/app/GoogleContactsSyncAdapter/GoogleContactsSyncAdapter.apk --oat-file=/data/dalvik-cache/arm/system@app@GoogleContactsSyncAdapter@GoogleContactsSyncAdapter.apk@classes.dex) because non-0 exit status
01-23 18:40:00.088   749  1670 I dvm_lock_sample: [system_server,1,Binder_D,19,UserManagerService.java,424,PackageManagerService.java,2865,3]
01-23 18:40:00.105  1384  1384 W BRVScrubberSections: Found 11# custom sections when 8 is allowed!
01-23 18:40:00.173  1671  1671 W System  : ClassLoader referenced unknown path: /system/app/GoogleContactsSyncAdapter/lib/arm
01-23 18:40:00.180   749  1451 I am_proc_bound: [0,1692,com.android.settings]
01-23 18:40:00.195  1655  1697 W art     : Verification of void com.android.email.provider.DBHelper$DatabaseHelper.onUpgrade(android.database.sqlite.SQLiteDatabase, int, int) took 135.896ms
01-23 18:40:00.318   297   297 I sn      : Retry 11
01-23 18:40:00.319   297   297 I sn      : Fail to access err=2
01-23 18:40:00.319   297   297 I sn      : Fail to access err=2
01-23 18:40:00.320   297   297 I sn      : Fail to access err=2
01-23 18:40:00.320   297   297 I sn      : Check all possible paths
01-23 18:40:00.310   297   297 I sn      : type=1400 audit(0.0:70): avc: denied { read } for name="primary" dev="tmpfs" ino=3248 scontext=u:r:init:s0 tcontext=u:object_r:storage_file:s0 tclass=lnk_file permissive=1
01-23 18:40:00.310   297   297 I sn      : type=1400 audit(0.0:71): avc: denied { read } for name="primary" dev="tmpfs" ino=13511 scontext=u:r:init:s0 tcontext=u:object_r:mnt_user_file:s0 tclass=lnk_file permissive=1
01-23 18:40:00.310   297   297 I sn      : type=1400 audit(0.0:72): avc: denied { search } for name="/" dev="fuse" ino=0 scontext=u:r:init:s0 tcontext=u:object_r:fuse:s0 tclass=dir permissive=1
01-23 18:40:00.387   287   287 I thermal_repeater: oh, queryMdThermalInfo (0)No such file or directory
01-23 18:40:00.380   287   287 I thermal : type=1400 audit(0.0:75): avc: denied { write } for name="mdm_mdinfo" dev="proc" ino=4026533804 scontext=u:r:init:s0 tcontext=u:object_r:proc_thermal:s0 tclass=file permissive=1
01-23 18:40:00.390   287   287 I thermal_repeater: [recvMdThermalInfo] ret=25, strLen=127,  2, 49, -5, -1, 32767, 18
01-23 18:40:00.451   749   919 W art     : Long monitor contention event with owner method=android.content.pm.ParceledListSlice com.android.server.pm.PackageManagerService.getInstalledPackages(int, int) from PackageManagerService.java:5498 waiters=1 for 274ms
