01-23 17:53:51.196  1694  1694 I DeviceCache: Unable to convert the the network interface's MAC Address to string. MAC address cannot be null.
01-23 17:53:51.213  1694  1694 I DeviceCache: Unable to convert the the network interface's MAC Address to string. MAC address cannot be null.
01-23 17:53:51.213   755  2288 I dvm_lock_sample: [system_server,1,Binder_F,53,ActivityManagerService.java,16419,-,16800,10]
01-23 17:53:51.213  1694  1694 I DeviceCache: Unable to convert the the network interface's MAC Address to string. MAC address cannot be null.
01-23 17:53:51.234  1694  1694 I DeviceCache: Unable to convert the the network interface's MAC Address to string. MAC address cannot be null.
01-23 17:53:51.312  1694  2944 I PlatformStatsCollectorService: Start Dropbox in 8274 seconds.
01-23 17:53:51.363  1688  1781 W art     : Long monitor contention event with owner method=void rou.a(rpn, int) from :com.google.android.gms:344 waiters=0 for 376ms
01-23 17:53:51.364  1688  1781 I dvm_lock_sample: [com.google.android.gms.persisten,1,lowpool[3],376,:com.google.android.gms,183,-,344,75]
01-23 17:53:51.381  1257  1257 D DefaultPhoneNotifier: notifySignalStrength: mRegistry=com.android.internal.telephony.ITelephonyRegistry$Stub$Proxy@26f0769 ss=SignalStrength: 11 34 -120 -160 -6 0 -1 99 2147483647 2147483647 2147483647 2147483647 2147483647 gsm|lte sender=Handler (com.android.internal.telephony.gsm.GSMPhone) {d52134a}
01-23 17:53:51.419   843  1377 I [MALI][Gralloc]: [-]r_hnd(0xa1382c80), client(42), share_fd(68)
01-23 17:53:51.419   843  1377 I [MALI][Gralloc]: [-]r_hnd(0xafb7b140), client(42), share_fd(74)
01-23 17:53:51.420   843  1377 I [MALI][Gralloc]: [-]r_hnd(0xafb7b820), client(42), share_fd(75)
01-23 17:53:51.423   254  2522 I [MALI][Gralloc]: [-]hnd(0xb671dbe0), client(26), share_fd(49)
01-23 17:53:51.424   254  2522 I [MALI][Gralloc]: [-]hnd(0xb65d6fa0), client(26), share_fd(69)
01-23 17:53:51.427   843  1377 D mali_winsys: new_window_surface returns 0x3000
01-23 17:53:51.437   254   301 I [MALI][Gralloc]: [+]hnd(0xb671d960), client(26), share_fd(31), hnd->flags:4
01-23 17:53:51.439   843  1377 I [MALI][Gralloc]: [+]r_hnd(0xa13869c0), client(42), share_fd(66)
01-23 17:53:51.444   254   794 I [MALI][Gralloc]: [+]hnd(0xb671dfa0), client(26), share_fd(34), hnd->flags:4
01-23 17:53:51.445   843  1377 I [MALI][Gralloc]: [+]r_hnd(0xa1383fe0), client(42), share_fd(68)
01-23 17:53:51.451   254   254 I [MALI][Gralloc]: [-]hnd(0xb65d6e60), client(26), share_fd(42)
01-23 17:53:51.470  1694  2944 I PlatformStatsCollectorService: Start Diskstats in 8274 seconds.
01-23 17:53:51.482   755  2288 I dvm_lock_sample: [system_server,1,Binder_F,12,UserManagerService.java,424,PackageManagerService.java,2865,2]
01-23 17:53:51.577  1694  2944 I PlatformStatsCollectorService: Start Netstats in 8274 seconds.
01-23 17:53:51.583   755  1343 I dvm_lock_sample: [system_server,1,Binder_A,11,ActivityManagerService.java,16177,-,17452,2]
01-23 17:53:51.715  1688  1954 E NetworkScheduler.ATC: Provided calling package not found: com.google.android.apps.photos
01-23 17:53:51.861  2800  2800 D DashboardSummary: rebuildUI took: 754 ms
01-23 17:53:51.861  2800  2800 I Choreographer: Skipped 48 frames!  The application may be doing too much work on its main thread.
01-23 17:53:38.826    86    86 W         : (0)[86:hps_main][Power/hotplug] mt_smp_boot_secondary, cpu: 3<431 -> 237>
01-23 17:53:38.826     0     0 W -(3)[0:swapper/3]CPU3: Booted secondary processor
01-23 17:53:38.826     0     0 W         : -(3)[0:swapper/3][Power/hotplug] platform_secondary_init, cpu: 3
01-23 17:53:38.827    86    86 W         : (1)[86:hps_main][HPS] (0080)(3)action end(281)(496)(0)(0) (4)(4)(4)(4)(1) (574)(13)(1) (2155)(12)(4) (0)(496)(13)(0)(496) wifi_base(0)<431 -> 237>
01-23 17:53:38.882     0     0 W         : (1)[172:irq/298-touch_p]*** _DrvPlatformLyrFingerTouchInterruptHandler() ***<431 -> 237>
01-23 17:53:38.882     0     0 W         : (2)[173:mtk-tpd]FIRMWARE_MODE_DEMO_MODE<431 -> 237>
01-23 17:53:38.883     0     0 W         : (2)[173:mtk-tpd]check sum : [3e] == [3e]? <431 -> 237>
01-23 17:53:38.883     0     0 W         : (2)[173:mtk-tpd]received raw data from touch panel as following:
01-23 17:53:38.883     0     0 W         : (2)[173:mtk-tpd]pPacket[0]=52
01-23 17:53:38.883     0     0 W         : pPacket[1]=45 pPacket[2]=a9 pPacket[3]=82 pPacket[4]=0
01-23 17:53:38.883     0     0 W         : pPacket[5]=0 pPacket[6]=0 pPacket[7]=3e
01-23 17:53:38.883     0     0 W         : (2)[173:mtk-tpd][x,y]=[1193,1410]
01-23 17:53:38.883     0     0 W         : (2)[173:mtk-tpd][delta_x,delta_y]=[0,0]
01-23 17:53:38.883     0     0 W (2)[173:mtk-tpd][_DrvFwCtrlSelfParsePacket]: [x,y]=[1193,1410]
01-23 17:53:38.883     0     0 W (2)[173:mtk-tpd][_DrvFwCtrlSelfParsePacket]: point[x,y]=[419,881]
01-23 17:53:38.883     0     0 W         : (2)[173:mtk-tpd]tInfo->nFingerNum = 1...............
01-23 17:53:38.883     0     0 W         : (2)[173:mtk-tpd]*** DrvPlatformLyrFingerTouchPressed() ***
01-23 17:53:38.883     0     0 W         : (2)[173:mtk-tpd]*** _DrvPlatformLyrFingerTouchHandler() _gInterruptFlag = 0 ***<431 -> 237>
01-23 17:53:38.893     0     0 W         : (2)[172:irq/298-touch_p]*** _DrvPlatformLyrFingerTouchInterruptHandler() ***
01-23 17:53:38.893     0     0 W         : (0)[173:mtk-tpd]FIRMWARE_MODE_DEMO_MODE<431 -> 237>
01-23 17:53:38.894     0     0 W         : (3)[173:mtk-tpd]check sum : [3e] == [3e]? <431 -> 237>
01-23 17:53:38.894     0     0 W         : (3)[173:mtk-tpd]received raw data from touch panel as following:
01-23 17:53:38.894     0     0 W         : (3)[173:mtk-tpd]pPacket[0]=52
01-23 17:53:38.894     0     0 W         : pPacket[1]=45 pPacket[2]=a9 pPacket[3]=82 pPacket[4]=0
01-23 17:53:38.894     0     0 W         : pPacket[5]=0 pPacket[6]=0 pPacket[7]=3e
01-23 17:53:38.894     0     0 W         : (3)[173:mtk-tpd][x,y]=[1193,1410]
01-23 17:53:38.894     0     0 W         : (3)[173:mtk-tpd][delta_x,delta_y]=[0,0]
01-23 17:53:38.894     0     0 W (3)[173:mtk-tpd][_DrvFwCtrlSelfParsePacket]: [x,y]=[1193,1410]
01-23 17:53:38.894     0     0 W (3)[173:mtk-tpd][_DrvFwCtrlSelfParsePacket]: point[x,y]=[419,881]
01-23 17:53:38.894     0     0 W         : (3)[173:mtk-tpd]tInfo->nFingerNum = 1...............
01-23 17:53:38.894     0     0 W         : (3)[173:mtk-tpd]point touch pressed<431 -> 237>
01-23 17:53:38.929     0     0 W         : (2)[173:mtk-tpd]FIRMWARE_MODE_DEMO_MODE<431 -> 237>
01-23 17:53:38.930     0     0 W         : (2)[173:mtk-tpd]*** _DrvFwCtrlSelfParsePacket() ***
01-23 17:53:38.930     0     0 W (2)[173:mtk-tpd]check sum: [84] == [84]?
01-23 17:53:38.930     0     0 W         : (2)[173:mtk-tpd]received raw data from touch panel as following:
01-23 17:53:38.930     0     0 W         : (2)[173:mtk-tpd]pPacket[0]=52
01-23 17:53:38.930     0     0 W         : pPacket[1]=45 pPacket[2]=d8 pPacket[3]=d pPacket[4]=0
01-23 17:53:38.930     0     0 W         : pPacket[5]=0 pPacket[6]=0 pPacket[7]=84
01-23 17:53:38.930     0     0 W         : (2)[173:mtk-tpd][x,y]=[1240,1293]
01-23 17:53:38.930     0     0 W         : (2)[173:mtk-tpd][delta_x,delta_y]=[0,0]
01-23 17:53:38.930     0     0 W (2)[173:mtk-tpd][_DrvFwCtrlSelfParsePacket]: [x,y]=[1240,1293]
01-23 17:53:38.930     0     0 W         : (2)[173:mtk-tpd]tInfo->nFingerNum = 1...............<431 -> 237>
01-23 17:53:38.930     0     0 W         : (2)[173:mtk-tpd]point touch pressed<431 -> 237>
01-23 17:53:38.930     0     0 W         : (2)[173:mtk-tpd]*** _DrvPlatformLyrFingerTouchHandler() _gInterruptFlag = 0 ***
01-23 17:53:38.954     0     0 W         : (3)[172:irq/298-touch_p]*** _DrvPlatformLyrFingerTouchInterruptHandler() _gInterruptFlag = 1 ***<431 -> 237>
01-23 17:53:38.955     0     0 W         : (2)[173:mtk-tpd]*** _DrvFwCtrlSelfParsePacket() ***<431 -> 237>
01-23 17:53:38.955     0     0 W         : (2)[173:mtk-tpd]received raw data from touch panel as following:<431 -> 237>
01-23 17:53:38.955     0     0 W         : (2)[173:mtk-tpd]pPacket[0]=52
01-23 17:53:38.955     0     0 W         : pPacket[1]=54 pPacket[2]=8 pPacket[3]=ac pPacket[4]=0
01-23 17:53:38.955     0     0 W         : pPacket[5]=0 pPacket[6]=0 pPacket[7]=a6
01-23 17:53:38.955     0     0 W         : (2)[173:mtk-tpd][x,y]=[1288,1196]
01-23 17:53:38.955     0     0 W         : (2)[173:mtk-tpd][delta_x,delta_y]=[0,0]
01-23 17:53:38.955     0     0 W (2)[173:mtk-tpd][_DrvFwCtrlSelfParsePacket]: [x,y]=[1288,1196]
01-23 17:53:38.955     0     0 W (2)[173:mtk-tpd][_DrvFwCtrlSelfParsePacket]: point[x,y]=[452,747]
01-23 17:53:38.955     0     0 W         : (2)[173:mtk-tpd]tInfo->nFingerNum = 1...............
01-23 17:53:38.955     0     0 W         : (2)[173:mtk-tpd]*** DrvPlatformLyrFingerTouchPressed() ***
01-23 17:53:38.955     0     0 W         : (2)[173:mtk-tpd]point touch pressed
01-23 17:53:38.965     0     0 W         : (0)[173:mtk-tpd]FIRMWARE_MODE_DEMO_MODE<431 -> 237>
01-23 17:53:38.966     0     0 W         : (1)[173:mtk-tpd]*** _DrvFwCtrlSelfParsePacket() ***
01-23 17:53:38.966     0     0 W (1)[173:mtk-tpd]check sum: [c0] == [c0]?
01-23 17:53:38.966     0     0 W         : (1)[173:mtk-tpd]received raw data from touch panel as following:
01-23 17:53:38.966     0     0 W         : (1)[173:mtk-tpd]pPacket[0]=52
01-23 17:53:38.966     0     0 W         : pPacket[1]=54 pPacket[2]=29 pPacket[3]=71 pPacket[4]=0
01-23 17:53:38.966     0     0 W         : pPacket[5]=0 pPacket[6]=0 pPacket[7]=c0
01-23 17:53:38.966     0     0 W         : (1)[173:mtk-tpd][x,y]=[1321,1137]
01-23 17:53:38.966     0     0 W         : (1)[173:mtk-tpd][delta_x,delta_y]=[0,0]
01-23 17:53:38.967     0     0 W (1)[173:mtk-tpd][_DrvFwCtrlSelfParsePacket]: [x,y]=[1321,1137]
01-23 17:53:38.967     0     0 W (1)[173:mtk-tpd][_DrvFwCtrlSelfParsePacket]: point[x,y]=[464,710]
01-23 17:53:38.967     0     0 W         : (1)[173:mtk-tpd]tInfo->nFingerNum = 1...............
01-23 17:53:38.967     0     0 W         : (1)[173:mtk-tpd]*** DrvPlatformLyrFingerTouchPressed() ***
01-23 17:53:38.967     0     0 W         : (1)[173:mtk-tpd]point touch pressed
01-23 17:53:38.967     0     0 W         : (1)[173:mtk-tpd]*** _DrvPlatformLyrFingerTouchHandler() _gInterruptFlag = 0 ***
01-23 17:53:52.054   755   766 W InputMethodManagerService: Window already focused, ignoring focus gain of: com.android.internal.view.IInputMethodClient$Stub$Proxy@eee6754 attribute=android.view.inputmethod.EditorInfo@df5c6fd, token = android.os.BinderProxy@faef735
01-23 17:53:52.072  2800  2844 D Index   : Deleting data for locale 'ru_RU' took 15 millis
01-23 17:53:52.101  2800  2844 D Index   : Indexing locale 'ru_RU' took 29 millis
01-23 17:53:52.137  2800  2844 D Index   : Deleting data for locale 'ru_RU' took 8 millis
01-23 17:53:52.144  2800  2844 D Index   : Indexing locale 'ru_RU' took 7 millis
01-23 17:53:52.174  2800  2844 D Index   : Deleting data for locale 'ru_RU' took 7 millis
01-23 17:53:52.205  2800  2844 D Index   : Indexing locale 'ru_RU' took 31 millis
01-23 17:53:52.269  1688  1781 I dvm_lock_sample: [com.google.android.gms.persisten,1,lowpool[3],30,:com.google.android.gms,736,-,344,6]
01-23 17:53:39.461     0     0 W         : (0)[173:mtk-tpd]FIRMWARE_MODE_DEMO_MODE<431 -> 237>
01-23 17:53:39.462     0     0 W         : (1)[173:mtk-tpd]*** _DrvFwCtrlSelfParsePacket() ***
01-23 17:53:39.462     0     0 W (1)[173:mtk-tpd]check sum: [cb] == [cb]?
01-23 17:53:39.462     0     0 W         : (1)[173:mtk-tpd]received raw data from touch panel as following:
01-23 17:53:39.462     0     0 W         : (1)[173:mtk-tpd]pPacket[0]=52
01-23 17:53:39.462     0     0 W         : pPacket[1]=46 pPacket[2]=e5 pPacket[3]=b8 pPacket[4]=0
01-23 17:53:39.462     0     0 W         : pPacket[5]=0 pPacket[6]=0 pPacket[7]=cb
01-23 17:53:39.462     0     0 W         : (1)[173:mtk-tpd][x,y]=[1253,1720]
01-23 17:53:39.462     0     0 W         : (1)[173:mtk-tpd][delta_x,delta_y]=[0,0]
01-23 17:53:39.462     0     0 W (1)[173:mtk-tpd][_DrvFwCtrlSelfParsePacket]: [x,y]=[1253,1720]
01-23 17:53:39.462     0     0 W         : (1)[173:mtk-tpd]tInfo->nFingerNum = 1...............<431 -> 237>
01-23 17:53:39.462     0     0 W         : (1)[173:mtk-tpd]point touch pressed<431 -> 237>
01-23 17:53:39.462     0     0 W         : (1)[173:mtk-tpd]*** _DrvPlatformLyrFingerTouchHandler() _gInterruptFlag = 0 ***
01-23 17:53:39.473     0     0 W         : (0)[172:irq/298-touch_p]*** _DrvPlatformLyrFingerTouchInterruptHandler() _gInterruptFlag = 1 ***<431 -> 237>
01-23 17:53:39.473     0     0 W         : (0)[173:mtk-tpd]*** _DrvFwCtrlSelfParsePacket() ***<431 -> 237>
01-23 17:53:39.473     0     0 W         : (0)[173:mtk-tpd]received raw data from touch panel as following:<431 -> 237>
01-23 17:53:39.473     0     0 W         : (0)[173:mtk-tpd]pPacket[0]=52
01-23 17:53:39.473     0     0 W         : pPacket[1]=46 pPacket[2]=e5 pPacket[3]=b8 pPacket[4]=0
01-23 17:53:39.473     0     0 W         : pPacket[5]=0 pPacket[6]=0 pPacket[7]=cb
01-23 17:53:39.473     0     0 W         : (0)[173:mtk-tpd][x,y]=[1253,1720]
01-23 17:53:39.473     0     0 W         : (0)[173:mtk-tpd][delta_x,delta_y]=[0,0]
01-23 17:53:39.473     0     0 W (0)[173:mtk-tpd][_DrvFwCtrlSelfParsePacket]: [x,y]=[1253,1720]
01-23 17:53:39.473     0     0 W (0)[173:mtk-tpd][_DrvFwCtrlSelfParsePacket]: point[x,y]=[440,1075]
01-23 17:53:39.473     0     0 W         : (0)[173:mtk-tpd]tInfo->nFingerNum = 1...............
01-23 17:53:39.473     0     0 W         : (0)[173:mtk-tpd]*** DrvPlatformLyrFingerTouchPressed() ***
01-23 17:53:39.473     0     0 W         : (0)[173:mtk-tpd]*** _DrvPlatformLyrFingerTouchHandler() _gInterruptFlag = 0 ***<431 -> 237>
01-23 17:53:39.496     0     0 W         : (0)[172:irq/298-touch_p]*** _DrvPlatformLyrFingerTouchInterruptHandler() _gInterruptFlag = 1 ***<431 -> 237>
01-23 17:53:39.508     0     0 W         : (1)[172:irq/298-touch_p]*** _DrvPlatformLyrFingerTouchInterruptHandler() ***<431 -> 237>
01-23 17:53:39.508     0     0 W         : (3)[173:mtk-tpd]FIRMWARE_MODE_DEMO_MODE<431 -> 237>
01-23 17:53:39.509     0     0 W         : (3)[173:mtk-tpd]check sum : [15] == [15]? <431 -> 237>
01-23 17:53:39.509     0     0 W         : (3)[173:mtk-tpd]received raw data from touch panel as following:
01-23 17:53:39.509     0     0 W         : (3)[173:mtk-tpd]pPacket[0]=52
01-23 17:53:39.509     0     0 W         : pPacket[1]=46 pPacket[2]=ee pPacket[3]=65 pPacket[4]=0
01-23 17:53:39.509     0     0 W         : pPacket[5]=0 pPacket[6]=0 pPacket[7]=15
01-23 17:53:39.509     0     0 W         : (3)[173:mtk-tpd][x,y]=[1262,1637]
01-23 17:53:39.509     0     0 W         : (3)[173:mtk-tpd][delta_x,delta_y]=[0,0]
01-23 17:53:39.509     0     0 W (3)[173:mtk-tpd][_DrvFwCtrlSelfParsePacket]: [x,y]=[1262,1637]
01-23 17:53:39.509     0     0 W (3)[173:mtk-tpd][_DrvFwCtrlSelfParsePacket]: point[x,y]=[443,1023]
01-23 17:53:39.509     0     0 W         : (3)[173:mtk-tpd]tInfo->nFingerNum = 1...............
01-23 17:53:39.509     0     0 W         : (3)[173:mtk-tpd]point touch pressed<431 -> 237>
01-23 17:53:39.520     0     0 W         : (1)[172:irq/298-touch_p]*** _DrvPlatformLyrFingerTouchInterruptHandler() ***<431 -> 237>
01-23 17:53:39.520     0     0 W         : (1)[172:irq/298-touch_p]*** _DrvPlatformLyrFingerTouchInterruptHandler() _gInterruptFlag = 1 ***
01-23 17:53:39.520     0     0 W         : (3)[173:mtk-tpd]FIRMWARE_MODE_DEMO_MODE
01-23 17:53:39.521     0     0 W         : (3)[173:mtk-tpd]*** _DrvFwCtrlSelfParsePacket() ***
01-23 17:53:39.521     0     0 W (3)[173:mtk-tpd]check sum: [55] == [55]?
01-23 17:53:39.521     0     0 W         : (3)[173:mtk-tpd]received raw data from touch panel as following:
01-23 17:53:39.521     0     0 W         : (3)[173:mtk-tpd][x,y]=[1269,1566]<431 -> 237>
01-23 17:53:39.521     0     0 W         : (3)[173:mtk-tpd][delta_x,delta_y]=[0,0]
01-23 17:53:39.521     0     0 W (3)[173:mtk-tpd][_DrvFwCtrlSelfParsePacket]: [x,y]=[1269,1566]
01-23 17:53:39.521     0     0 W (3)[173:mtk-tpd][_DrvFwCtrlSelfParsePacket]: point[x,y]=[446,978]
01-23 17:53:39.521     0     0 W         : (3)[173:mtk-tpd]tInfo->nFingerNum = 1...............
01-23 17:53:39.521     0     0 W         : (3)[173:mtk-tpd]*** DrvPlatformLyrFingerTouchPressed() ***
01-23 17:53:39.521     0     0 W         : (3)[173:mtk-tpd]point touch pressed
01-23 17:53:39.521     0     0 W         : (3)[173:mtk-tpd]*** _DrvPlatformLyrFingerTouchHandler() _gInterruptFlag = 0 ***
01-23 17:53:39.527    56    56 D         : (1)[56:cfinteractive][name:mt_cpufreq&][Power/cpufreq] @_mt_cpufreq_set_locked(): Vproc = 975mv, freq = 793000 KHz
01-23 17:53:39.532     0     0 W         : (1)[172:irq/298-touch_p]*** _DrvPlatformLyrFingerTouchInterruptHandler() ***
01-23 17:53:39.532     0     0 W         : (1)[172:irq/298-touch_p]*** _DrvPlatformLyrFingerTouchInterruptHandler() _gInterruptFlag = 1 ***
01-23 17:53:39.532     0     0 W         : (3)[173:mtk-tpd]FIRMWARE_MODE_DEMO_MODE
01-23 17:53:39.533     0     0 W         : (3)[173:mtk-tpd]*** _DrvFwCtrlSelfParsePacket() ***
01-23 17:53:39.533     0     0 W (3)[173:mtk-tpd]check sum: [95] == [95]?
01-23 17:53:39.533     0     0 W         : (3)[173:mtk-tpd]received raw data from touch panel as following:
01-23 17:53:39.533     0     0 W         : (3)[173:mtk-tpd][x,y]=[1290,1466]<431 -> 237>
01-23 17:53:39.533     0     0 W (3)[173:mtk-tpd][_DrvFwCtrlSelfParsePacket]: [x,y]=[1290,1466]<431 -> 237>
01-23 17:53:39.533     0     0 W (3)[173:mtk-tpd][_DrvFwCtrlSelfParsePacket]: point[x,y]=[453,916]
01-23 17:53:39.533     0     0 W         : (3)[173:mtk-tpd]tInfo->nFingerNum = 1...............
01-23 17:53:39.533     0     0 W         : (3)[173:mtk-tpd]*** DrvPlatformLyrFingerTouchPressed() ***
01-23 17:53:39.533     0     0 W         : (3)[173:mtk-tpd]point touch pressed
01-23 17:53:39.533     0     0 W         : (3)[173:mtk-tpd]*** _DrvPlatformLyrFingerTouchHandler() _gInterruptFlag = 0 ***
01-23 17:53:39.545     0     0 W         : (1)[172:irq/298-touch_p]*** _DrvPlatformLyrFingerTouchInterruptHandler() ***
01-23 17:53:39.545     0     0 W         : (1)[172:irq/298-touch_p]*** _DrvPlatformLyrFingerTouchInterruptHandler() _gInterruptFlag = 1 ***
01-23 17:53:39.545     0     0 W         : (2)[173:mtk-tpd]FIRMWARE_MODE_DEMO_MODE
01-23 17:53:39.546     0     0 W         : (2)[173:mtk-tpd]*** _DrvFwCtrlSelfParsePacket() ***
01-23 17:53:39.546     0     0 W (2)[173:mtk-tpd]check sum: [e9] == [e9]?
01-23 17:53:39.546     0     0 W         : (2)[173:mtk-tpd]received raw data from touch panel as following:
01-23 17:53:39.546     0     0 W         : (2)[173:mtk-tpd]pPacket[0]=52
01-23 17:53:39.546     0     0 W         : pPacket[1]=55 pPacket[2]=2b pPacket[3]=45 pPacket[4]=0
01-23 17:53:39.546     0     0 W         : pPacket[5]=0 pPacket[6]=0 pPacket[7]=e9
01-23 17:53:39.546     0     0 W         : (2)[173:mtk-tpd][x,y]=[1323,1349]
01-23 17:53:39.546     0     0 W         : (2)[173:mtk-tpd][delta_x,delta_y]=[0,0]
01-23 17:53:39.546     0     0 W (2)[173:mtk-tpd][_DrvFwCtrlSelfParsePacket]: [x,y]=[1323,1349]
01-23 17:53:39.546     0     0 W (2)[173:mtk-tpd][_DrvFwCtrlSelfParsePacket]: point[x,y]=[465,843]
01-23 17:53:39.546     0     0 W         : (2)[173:mtk-tpd]tInfo->nFingerNum = 1...............
01-23 17:53:39.546     0     0 W         : (2)[173:mtk-tpd]*** DrvPlatformLyrFingerTouchPressed() ***
01-23 17:53:39.546     0     0 W         : (2)[173:mtk-tpd]point touch pressed
01-23 17:53:39.557     0     0 W         : (1)[172:irq/298-touch_p]*** _DrvPlatformLyrFingerTouchInterruptHandler() ***<431 -> 237>
01-23 17:53:39.557     0     0 W         : (2)[173:mtk-tpd]FIRMWARE_MODE_DEMO_MODE<431 -> 237>
01-23 17:53:39.558     0     0 W         : (2)[173:mtk-tpd]check sum : [4a] == [4a]? <431 -> 237>
01-23 17:53:39.558     0     0 W         : (2)[173:mtk-tpd]received raw data from touch panel as following:
01-23 17:53:39.558     0     0 W         : (2)[173:mtk-tpd]pPacket[0]=52
01-23 17:53:39.558     0     0 W         : pPacket[1]=54 pPacket[2]=80 pPacket[3]=90 pPacket[4]=0
01-23 17:53:39.558     0     0 W         : pPacket[5]=0 pPacket[6]=0 pPacket[7]=4a
01-23 17:53:39.558     0     0 W         : (2)[173:mtk-tpd][x,y]=[1408,1168]
01-23 17:53:39.558     0     0 W         : (2)[173:mtk-tpd][delta_x,delta_y]=[0,0]
01-23 17:53:39.558     0     0 W (2)[173:mtk-tpd][_DrvFwCtrlSelfParsePacket]: [x,y]=[1408,1168]
01-23 17:53:39.558     0     0 W (2)[173:mtk-tpd][_DrvFwCtrlSelfParsePacket]: point[x,y]=[495,730]
01-23 17:53:39.558     0     0 W         : (2)[173:mtk-tpd]*** DrvPlatformLyrFingerTouchPressed() ***<431 -> 237>
01-23 17:53:39.558     0     0 W         : (2)[173:mtk-tpd]*** _DrvPlatformLyrFingerTouchHandler() _gInterruptFlag = 0 ***<431 -> 237>
01-23 17:53:39.569     0     0 W         : (0)[172:irq/298-touch_p]*** _DrvPlatformLyrFingerTouchInterruptHandler() ***
01-23 17:53:39.569     0     0 W         : (0)[172:irq/298-touch_p]*** _DrvPlatformLyrFingerTouchInterruptHandler() _gInterruptFlag = 1 ***
01-23 17:53:39.570     0     0 W         : (2)[173:mtk-tpd]*** _DrvFwCtrlSelfParsePacket() ***<431 -> 237>
01-23 17:53:39.570     0     0 W         : (2)[173:mtk-tpd]received raw data from touch panel as following:<431 -> 237>
01-23 17:53:39.570     0     0 W         : (2)[173:mtk-tpd]pPacket[0]=52
01-23 17:53:39.570     0     0 W         : pPacket[1]=53 pPacket[2]=e1 pPacket[3]=f6 pPacket[4]=0
01-23 17:53:39.570     0     0 W         : pPacket[5]=0 pPacket[6]=0 pPacket[7]=84
01-23 17:53:39.570     0     0 W         : (2)[173:mtk-tpd][x,y]=[1505,1014]
01-23 17:53:39.570     0     0 W         : (2)[173:mtk-tpd][delta_x,delta_y]=[0,0]
01-23 17:53:39.570     0     0 W (2)[173:mtk-tpd][_DrvFwCtrlSelfParsePacket]: [x,y]=[1505,1014]
01-23 17:53:39.570     0     0 W (2)[173:mtk-tpd][_DrvFwCtrlSelfParsePacket]: point[x,y]=[529,633]
01-23 17:53:39.570     0     0 W         : (2)[173:mtk-tpd]tInfo->nFingerNum = 1...............
01-23 17:53:39.570     0     0 W         : (2)[173:mtk-tpd]point touch pressed<431 -> 237>
01-23 17:53:39.589     0     0 W         : (0)[172:irq/298-touch_p]*** _DrvPlatformLyrFingerTouchInterruptHandler() _gInterruptFlag = 1 ***<431 -> 237>
01-23 17:53:39.589     0     0 W         : (2)[173:mtk-tpd]*** _DrvFwCtrlSelfParsePacket() ***<431 -> 237>
01-23 17:53:39.589     0     0 W         : (2)[173:mtk-tpd]received raw data from touch panel as following:<431 -> 237>
01-23 17:53:39.589     0     0 W         : (2)[173:mtk-tpd]pPacket[0]=52
01-23 17:53:39.589     0     0 W         : pPacket[1]=63 pPacket[2]=7c pPacket[3]=25 pPacket[4]=0
01-23 17:53:39.589     0     0 W         : pPacket[5]=0 pPacket[6]=0 pPacket[7]=aa
01-23 17:53:39.589     0     0 W         : (2)[173:mtk-tpd][x,y]=[1660,805]
01-23 17:53:39.589     0     0 W         : (2)[173:mtk-tpd][delta_x,delta_y]=[0,0]
01-23 17:53:39.589     0     0 W (2)[173:mtk-tpd][_DrvFwCtrlSelfParsePacket]: [x,y]=[1660,805]
01-23 17:53:39.589     0     0 W (2)[173:mtk-tpd][_DrvFwCtrlSelfParsePacket]: point[x,y]=[583,503]
01-23 17:53:39.589     0     0 W         : (2)[173:mtk-tpd]tInfo->nFingerNum = 1...............
01-23 17:53:39.589     0     0 W         : (2)[173:mtk-tpd]*** DrvPlatformLyrFingerTouchPressed() ***
01-23 17:53:39.589     0     0 W         : (2)[173:mtk-tpd]*** _DrvPlatformLyrFingerTouchHandler() _gInterruptFlag = 0 ***<431 -> 237>
01-23 17:53:39.601     0     0 W         : (2)[173:mtk-tpd]FIRMWARE_MODE_DEMO_MODE<431 -> 237>
01-23 17:53:39.601     0     0 W         : (2)[173:mtk-tpd]check sum : [d1] == [d1]? <431 -> 237>
01-23 17:53:39.601     0     0 W         : (2)[173:mtk-tpd]pPacket[0]=52
01-23 17:53:39.601     0     0 W         : pPacket[1]=72 pPacket[2]=18 pPacket[3]=53 pPacket[4]=0
01-23 17:53:39.601     0     0 W         : pPacket[5]=0 pPacket[6]=0 pPacket[7]=d1 <431 -> 237>
01-23 17:53:39.601     0     0 W         : (2)[173:mtk-tpd][delta_x,delta_y]=[0,0]<431 -> 237>
01-23 17:53:39.601     0     0 W (2)[173:mtk-tpd][_DrvFwCtrlSelfParsePacket]: [x,y]=[1816,595]
01-23 17:53:39.601     0     0 W (2)[173:mtk-tpd][_DrvFwCtrlSelfParsePacket]: point[x,y]=[638,371]
01-23 17:53:39.601     0     0 W         : (2)[173:mtk-tpd]tInfo->nFingerNum = 1...............
01-23 17:53:39.601     0     0 W         : (2)[173:mtk-tpd]*** DrvPlatformLyrFingerTouchPressed() ***
01-23 17:53:39.601     0     0 W         : (2)[173:mtk-tpd]point touch pressed
01-23 17:53:39.602     0     0 W         : (2)[173:mtk-tpd]*** _DrvPlatformLyrFingerTouchHandler() _gInterruptFlag = 0 ***
01-23 17:53:39.606    56    56 D         : (1)[56:cfinteractive][name:mt_cpufreq&][Power/cpufreq] @_mt_cpufreq_set_locked(): Vproc = 1000mv, freq = 858000 KHz
01-23 17:53:39.613     0     0 W         : (3)[172:irq/298-touch_p]*** _DrvPlatformLyrFingerTouchInterruptHandler() _gInterruptFlag = 1 ***<431 -> 237>
01-23 17:53:39.613     0     0 W         : (1)[173:mtk-tpd]*** _DrvFwCtrlSelfParsePacket() ***<431 -> 237>
01-23 17:53:39.614     0     0 W         : (1)[173:mtk-tpd]received raw data from touch panel as following:<431 -> 237>
01-23 17:53:39.614     0     0 W         : (1)[173:mtk-tpd]pPacket[0]=52
01-23 17:53:39.614     0     0 W         : pPacket[1]=ff pPacket[2]=ff pPacket[3]=ff pPacket[4]=ff
01-23 17:53:39.614     0     0 W         : pPacket[5]=ff pPacket[6]=ff pPacket[7]=b4
01-23 17:53:39.614     0     0 W         : (1)[173:mtk-tpd][x,y]=[4095,4095]
01-23 17:53:39.614     0     0 W         : (1)[173:mtk-tpd][delta_x,delta_y]=[4095,4095]
01-23 17:53:39.614     0     0 W         : (1)[173:mtk-tpd]touch end
01-23 17:53:39.614     0     0 W         : (1)[173:mtk-tpd]*** DrvPlatformLyrFingerTouchReleased() ***
01-23 17:53:39.614     0     0 W         : (1)[173:mtk-tpd]point touch released
01-23 17:53:39.614     0     0 W         : (1)[173:mtk-tpd]*** _DrvPlatformLyrFingerTouchHandler() _gInterruptFlag = 0 ***
01-23 17:53:39.625     0     0 W         : (2)[172:irq/298-touch_p]*** _DrvPlatformLyrFingerTouchInterruptHandler() ***
01-23 17:53:39.625     0     0 W         : (2)[172:irq/298-touch_p]*** _DrvPlatformLyrFingerTouchInterruptHandler() _gInterruptFlag = 1 ***
01-23 17:53:39.625     0     0 W         : (0)[173:mtk-tpd]FIRMWARE_MODE_DEMO_MODE
01-23 17:53:39.626     0     0 W         : (0)[173:mtk-tpd]*** _DrvFwCtrlSelfParsePacket() ***
01-23 17:53:39.626     0     0 W (0)[173:mtk-tpd]check sum: [b4] == [b4]?
01-23 17:53:39.626     0     0 W         : (0)[173:mtk-tpd]received raw data from touch panel as following:
01-23 17:53:39.626     0     0 W         : (0)[173:mtk-tpd]pPacket[0]=52
01-23 17:53:39.626     0     0 W         : pPacket[1]=ff pPacket[2]=ff pPacket[3]=ff pPacket[4]=ff
01-23 17:53:39.626     0     0 W         : pPacket[5]=ff pPacket[6]=ff pPacket[7]=b4
01-23 17:53:39.626     0     0 W         : (0)[173:mtk-tpd][x,y]=[4095,4095]
01-23 17:53:39.626     0     0 W         : (0)[173:mtk-tpd][delta_x,delta_y]=[4095,4095]
01-23 17:53:39.626     0     0 W         : (0)[173:mtk-tpd]touch end
01-23 17:53:39.626     0     0 W         : (0)[173:mtk-tpd]*** DrvPlatformLyrFingerTouchReleased() ***
01-23 17:53:39.626     0     0 W         : (0)[173:mtk-tpd]point touch released
01-23 17:53:39.626     0     0 W         : (0)[173:mtk-tpd]*** _DrvPlatformLyrFingerTouchHandler() _gInterruptFlag = 0 ***
01-23 17:53:39.627    56    56 D         : (0)[56:cfinteractive][name:mt_cpufreq&][Power/cpufreq] @_mt_cpufreq_set_locked(): Vproc = 1168mv, freq = 1248000 KHz
01-23 17:53:39.634   175   175 E         : (2)[175:bat_thread_kthr][BATTERY] Disable check battery exist.<431 -> 237>
01-23 17:53:39.636   175   175 E         : (1)[175:bat_thread_kthr][BATTERY] Default CC mode charging : 50000, input current = 50000
01-23 17:53:39.637     0     0 W         : (2)[172:irq/298-touch_p]*** _DrvPlatformLyrFingerTouchInterruptHandler() _gInterruptFlag = 1 ***<431 -> 237>
01-23 17:53:39.638   175   175 E         : (1)[175:bat_thread_kthr]Can't find closest level, small value first
01-23 17:53:52.702     0     0 I         : <431 -> 237>
01-23 17:53:39.638     0     0 W         : (0)[173:mtk-tpd]check sum : [b4] == [b4]? <431 -> 237>
01-23 17:53:39.638     0     0 W         : (0)[173:mtk-tpd]received raw data from touch panel as following:
01-23 17:53:39.638     0     0 W         : (0)[173:mtk-tpd]pPacket[0]=52
01-23 17:53:39.638     0     0 W         : pPacket[1]=ff pPacket[2]=ff pPacket[3]=ff pPacket[4]=ff
01-23 17:53:39.638     0     0 W         : pPacket[5]=ff pPacket[6]=ff pPacket[7]=b4
01-23 17:53:39.638     0     0 W         : (0)[173:mtk-tpd][x,y]=[4095,4095]
01-23 17:53:39.638     0     0 W         : (0)[173:mtk-tpd][delta_x,delta_y]=[4095,4095]
01-23 17:53:39.638     0     0 W         : (0)[173:mtk-tpd]touch end
01-23 17:53:39.638     0     0 W         : (0)[173:mtk-tpd]*** DrvPlatformLyrFingerTouchReleased() ***
01-23 17:53:39.638     0     0 W         : (0)[173:mtk-tpd]*** _DrvPlatformLyrFingerTouchHandler() _gInterruptFlag = 0 ***<431 -> 237>
01-23 17:53:39.646   175   175 E         : (0)[175:bat_thread_kthr][Sync_Real.1] plug_charge_in_out=0, plug_charge_in_out_counter=0,UI_SOC=57, SOC=57,timer_counter_1=0<431 -> 237>
01-23 17:53:39.646   175   175 I -(0)[175:bat_thread_kthr]mtk_rtc_hal_common: rtc_spare_reg[0] = {16412, 127, 8}<431 -> 237>
01-23 17:53:39.728    86    86 W         : (2)[86:hps_main][Power/hotplug] mt_cpu_kill, cpu: 3<431 -> 237>
01-23 17:53:52.797  1694  2975 W PlatformStatsUtil: Could not retrieve Usage & Diagnostics setting. Giving up.
01-23 17:53:40.067    56    56 D         : (0)[56:cfinteractive][name:mt_cpufreq&][Power/cpufreq] @_mt_cpufreq_set_locked(): Vproc = 950mv, freq = 494000 KHz<431 -> 237>
01-23 17:53:53.144  1257  1257 D DefaultPhoneNotifier: notifySignalStrength: mRegistry=com.android.internal.telephony.ITelephonyRegistry$Stub$Proxy@26f0769 ss=SignalStrength: 20 99 -120 -160 -120 0 -1 99 2147483647 2147483647 2147483647 2147483647 2147483647 gsm|lte sender=Handler (com.android.internal.telephony.gsm.GSMPhone) {2f483d8}
01-23 17:53:53.431   283   283 I thermal_repeater: select timeout
01-23 17:53:40.531    86    86 I (1)[86:hps_main]CPU2: shutdown<431 -> 237>
01-23 17:53:40.531    86    86 W         : (1)[86:hps_main][Power/hotplug] mt_cpu_kill, cpu: 2
01-23 17:53:40.533    86    86 W         : (1)[86:hps_main][HPS] (0200)(3)action end(173)(221)(0)(0) (4)(4)(4)(4)(1) (339)(8)(0) (1182)(8)(0) (0)(221)(8)(0)(221) wifi_base(0)
01-23 17:53:40.727    56    56 D         : (0)[56:cfinteractive][name:mt_cpufreq&][Power/cpufreq] @_mt_cpufreq_set_locked(): Vproc = 950mv, freq = 221000 KHz
01-23 17:53:40.933    86    86 W         : (1)[86:hps_main][HPS] (0000)(2)DBG_HRT(18)(16)(0)(0) (4)(4)(4)(4)(1) (37)(4)(0) (233)(4)(4) (0)(16)(4)(0)(16) wifi_base(0)
01-23 17:53:42.090     0     0 W         : (0)[172:irq/298-touch_p]*** _DrvPlatformLyrFingerTouchInterruptHandler() ***<431 -> 237>
01-23 17:53:42.090     0     0 W         : (0)[172:irq/298-touch_p]*** _DrvPlatformLyrFingerTouchInterruptHandler() _gInterruptFlag = 1 ***
01-23 17:53:42.090     0     0 W         : (1)[173:mtk-tpd]FIRMWARE_MODE_DEMO_MODE
01-23 17:53:42.091     0     0 W         : (1)[173:mtk-tpd]*** _DrvFwCtrlSelfParsePacket() ***
01-23 17:53:42.091     0     0 W (1)[173:mtk-tpd]check sum: [4f] == [4f]?
01-23 17:53:42.091     0     0 W         : (1)[173:mtk-tpd]received raw data from touch panel as following:
01-23 17:53:42.091     0     0 W         : (1)[173:mtk-tpd]pPacket[0]=52
01-23 17:53:42.091     0     0 W         : pPacket[1]=47 pPacket[2]=b2 pPacket[3]=66 pPacket[4]=0
01-23 17:53:42.091     0     0 W         : pPacket[5]=0 pPacket[6]=0 pPacket[7]=4f
01-23 17:53:42.092     0     0 W         : (1)[173:mtk-tpd][x,y]=[1202,1894]
01-23 17:53:42.092     0     0 W         : (1)[173:mtk-tpd][delta_x,delta_y]=[0,0]
01-23 17:53:42.092     0     0 W (1)[173:mtk-tpd][_DrvFwCtrlSelfParsePacket]: [x,y]=[1202,1894]
01-23 17:53:42.092     0     0 W (1)[173:mtk-tpd][_DrvFwCtrlSelfParsePacket]: point[x,y]=[422,1183]
01-23 17:53:42.092     0     0 W         : (1)[173:mtk-tpd]tInfo->nFingerNum = 1...............
01-23 17:53:42.092     0     0 W         : (1)[173:mtk-tpd]*** DrvPlatformLyrFingerTouchPressed() ***
01-23 17:53:42.092     0     0 W         : (1)[173:mtk-tpd]point touch pressed
01-23 17:53:42.092     0     0 W         : (1)[173:mtk-tpd]*** _DrvPlatformLyrFingerTouchHandler() _gInterruptFlag = 0 ***
01-23 17:53:42.138     0     0 W         : (0)[172:irq/298-touch_p]*** _DrvPlatformLyrFingerTouchInterruptHandler() ***<431 -> 237>
01-23 17:53:42.138     0     0 W         : (0)[172:irq/298-touch_p]*** _DrvPlatformLyrFingerTouchInterruptHandler() _gInterruptFlag = 1 ***
01-23 17:53:42.138     0     0 W         : (0)[173:mtk-tpd]FIRMWARE_MODE_DEMO_MODE
01-23 17:53:42.139     0     0 W         : (0)[173:mtk-tpd]*** _DrvFwCtrlSelfParsePacket() ***
01-23 17:53:42.139     0     0 W (0)[173:mtk-tpd]check sum: [4f] == [4f]?
01-23 17:53:42.139     0     0 W         : (0)[173:mtk-tpd]received raw data from touch panel as following:
01-23 17:53:42.139     0     0 W         : (0)[173:mtk-tpd]pPacket[0]=52
01-23 17:53:42.139     0     0 W         : pPacket[1]=47 pPacket[2]=b2 pPacket[3]=66 pPacket[4]=0
01-23 17:53:42.139     0     0 W         : pPacket[5]=0 pPacket[6]=0 pPacket[7]=4f
01-23 17:53:42.139     0     0 W         : (0)[173:mtk-tpd][x,y]=[1202,1894]
01-23 17:53:42.139     0     0 W         : (0)[173:mtk-tpd][delta_x,delta_y]=[0,0]
01-23 17:53:42.140     0     0 W (0)[173:mtk-tpd][_DrvFwCtrlSelfParsePacket]: [x,y]=[1202,1894]
01-23 17:53:42.140     0     0 W (0)[173:mtk-tpd][_DrvFwCtrlSelfParsePacket]: point[x,y]=[422,1183]
01-23 17:53:42.140     0     0 W         : (0)[173:mtk-tpd]tInfo->nFingerNum = 1...............
01-23 17:53:42.140     0     0 W         : (0)[173:mtk-tpd]*** DrvPlatformLyrFingerTouchPressed() ***
01-23 17:53:42.140     0     0 W         : (0)[173:mtk-tpd]point touch pressed
01-23 17:53:42.140     0     0 W         : (0)[173:mtk-tpd]*** _DrvPlatformLyrFingerTouchHandler() _gInterruptFlag = 0 ***
01-23 17:53:42.158     0     0 W         : (1)[173:mtk-tpd]FIRMWARE_MODE_DEMO_MODE<431 -> 237>
01-23 17:53:42.159     0     0 W         : (1)[173:mtk-tpd]*** _DrvFwCtrlSelfParsePacket() ***
01-23 17:53:42.159     0     0 W (1)[173:mtk-tpd]check sum: [b4] == [b4]?
01-23 17:53:42.159     0     0 W         : (1)[173:mtk-tpd]received raw data from touch panel as following:
01-23 17:53:42.159     0     0 W         : (1)[173:mtk-tpd]pPacket[0]=52
01-23 17:53:42.159     0     0 W         : pPacket[1]=ff pPacket[2]=ff pPacket[3]=ff pPacket[4]=ff
01-23 17:53:42.159     0     0 W         : pPacket[5]=ff pPacket[6]=ff pPacket[7]=b4
01-23 17:53:42.159     0     0 W         : (1)[173:mtk-tpd][x,y]=[4095,4095]
01-23 17:53:42.159     0     0 W         : (1)[173:mtk-tpd][delta_x,delta_y]=[4095,4095]
01-23 17:53:42.159     0     0 W         : (1)[173:mtk-tpd]touch end
01-23 17:53:42.159     0     0 W         : (1)[173:mtk-tpd]point touch released<431 -> 237>
01-23 17:53:42.172     0     0 W         : (0)[173:mtk-tpd]received raw data from touch panel as following:<431 -> 237>
01-23 17:53:42.172     0     0 W         : (0)[173:mtk-tpd][x,y]=[4095,4095]<431 -> 237>
01-23 17:53:42.172     0     0 W         : (0)[173:mtk-tpd][delta_x,delta_y]=[4095,4095]
01-23 17:53:42.172     0     0 W         : (0)[173:mtk-tpd]touch end
01-23 17:53:42.172     0     0 W         : (0)[173:mtk-tpd]*** DrvPlatformLyrFingerTouchReleased() ***
01-23 17:53:42.172     0     0 W         : (0)[173:mtk-tpd]point touch released
01-23 17:53:42.172     0     0 W         : (0)[173:mtk-tpd]*** _DrvPlatformLyrFingerTouchHandler() _gInterruptFlag = 0 ***
01-23 17:53:55.251   755  1343 I ActivityManager: START u0 {act=android.intent.action.MAIN cmp=com.android.settings/.SubSettings (has extras)} from uid 1000 on display 0
01-23 17:53:55.254   755  1343 I am_home_stack_moved: [0,0,2,2,sourceStackToFront]
01-23 17:53:55.254   755  1343 I wm_task_moved: [37,1,0]
01-23 17:53:55.259   755  1343 I am_create_activity: [0,150274034,37,com.android.settings/.SubSettings,android.intent.action.MAIN,NULL,NULL,0]
01-23 17:53:55.260   755  1343 I am_pause_activity: [0,201948011,com.android.settings/.Settings]
01-23 17:53:55.264   755  1343 I am_home_stack_moved: [0,0,2,2,startedActivity setFocusedActivity]
01-23 17:53:55.264   755  1343 I wm_task_moved: [37,1,0]
01-23 17:53:55.270   755  1343 I am_focused_activity: [0,com.android.settings/.SubSettings]
01-23 17:53:55.290  2800  2800 I sysui_view_visibility: [35,0]
01-23 17:53:55.292  2800  2800 I sysui_view_visibility: [1,0]
01-23 17:53:55.304  2800  2800 I am_on_paused_called: [0,com.android.settings.Settings]
01-23 17:53:55.309   755  1344 I am_restart_activity: [0,150274034,37,com.android.settings/.SubSettings]
01-23 17:53:55.546  2800  2800 D SubSettings: Launching fragment com.android.settings.DeviceInfoSettings
01-23 17:53:42.603     0     0 W -(0)[0:swapper/0][Power/swap]DP: No enter --- SODI: No enter --- <431 -> 237>
01-23 17:53:55.691  2800  2800 D DeviceInfoSettings: Property 'ro.url.safetylegal' missing and no 'safetylegal' preference
01-23 17:53:55.838  2800  2800 I sysui_view_visibility: [40,100]
01-23 17:53:55.839  2800  2800 I am_on_resume_called: [0,com.android.settings.SubSettings]
01-23 17:53:55.944  2800  2800 I Choreographer: Skipped 33 frames!  The application may be doing too much work on its main thread.
01-23 17:53:56.004  2800  2823 D mali_winsys: new_window_surface returns 0x3000
01-23 17:53:56.008   254  2522 I [MALI][Gralloc]: [+]hnd(0xb65d6fa0), client(26), share_fd(38), hnd->flags:4
01-23 17:53:56.010   254  2522 I [MALI][Gralloc]: [+]hnd(0xb671dbe0), client(26), share_fd(42), hnd->flags:4
01-23 17:53:56.011   254  2522 I [MALI][Gralloc]: [+]hnd(0xb671d0a0), client(26), share_fd(58), hnd->flags:4
01-23 17:53:43.045    86    86 W         : (1)[86:hps_main][Power/hotplug] mt_smp_boot_secondary, cpu: 2
01-23 17:53:43.045     0     0 W -(2)[0:swapper/2]CPU2: Booted secondary processor
01-23 17:53:43.045     0     0 W         : -(2)[0:swapper/2][Power/hotplug] platform_secondary_init, cpu: 2
01-23 17:53:43.045     0     0 I -(2)[0:swapper/2]CPU2: update cpu_capacity 1024
01-23 17:53:43.045     0     0 I -(2)[0:swapper/2]CPU2: thread -1, cpu 2, socket 0, mpidr 80000002
01-23 17:53:43.046    86    86 W         : (1)[86:hps_main][HPS] (0080)(2)action end(196)(374)(0)(0) (4)(4)(4)(4)(1) (390)(13)(1) (1476)(12)(4) (0)(374)(13)(0)(374) wifi_base(0)
01-23 17:53:56.167  2800  2823 I [MALI][Gralloc]: [+]r_hnd(0xa0c71b40), client(30), share_fd(42)
01-23 17:53:56.207   755   774 I am_activity_launch_time: [0,150274034,com.android.settings/.SubSettings,901,901]
01-23 17:53:56.207   755   774 I ActivityManager: Displayed com.android.settings/.SubSettings: +901ms
01-23 17:53:56.255  2800  2823 I [MALI][Gralloc]: [+]r_hnd(0xa0c72180), client(30), share_fd(40)
01-23 17:53:56.271  2800  2823 I [MALI][Gralloc]: [-]r_hnd(0xa0c73440), client(30), share_fd(45)
01-23 17:53:56.272  2800  2823 I [MALI][Gralloc]: [-]r_hnd(0xa0c72540), client(30), share_fd(43)
01-23 17:53:56.273  2800  2823 I [MALI][Gralloc]: [-]r_hnd(0xa0c71500), client(30), share_fd(41)
01-23 17:53:56.274   254  2522 I [MALI][Gralloc]: [-]hnd(0xb671d5a0), client(26), share_fd(54)
01-23 17:53:56.274   254  2522 I [MALI][Gralloc]: [-]hnd(0xb671d460), client(26), share_fd(64)
01-23 17:53:56.448   254   254 I sf_frame_dur: [com.android.settings/com.android.settings.Settings,187,5,1,2,0,2,5]
01-23 17:53:56.449   254   254 I [MALI][Gralloc]: [-]hnd(0xb65d6820), client(26), share_fd(65)
01-23 17:53:56.508  1257  1257 D DefaultPhoneNotifier: notifySignalStrength: mRegistry=com.android.internal.telephony.ITelephonyRegistry$Stub$Proxy@26f0769 ss=SignalStrength: 11 35 -120 -160 -6 0 -1 99 2147483647 2147483647 2147483647 2147483647 2147483647 gsm|lte sender=Handler (com.android.internal.telephony.gsm.GSMPhone) {d52134a}
01-23 17:53:56.584  2800  2823 I [MALI][Gralloc]: [+]r_hnd(0xa0c71500), client(30), share_fd(39)
01-23 17:53:43.681     0     0 W         : (0)[172:irq/298-touch_p]*** _DrvPlatformLyrFingerTouchInterruptHandler() ***<431 -> 237>
01-23 17:53:43.682     0     0 W         : (0)[172:irq/298-touch_p]*** _DrvPlatformLyrFingerTouchInterruptHandler() _gInterruptFlag = 1 ***
01-23 17:53:43.682     0     0 W         : (1)[173:mtk-tpd]FIRMWARE_MODE_DEMO_MODE
01-23 17:53:43.683     0     0 W         : (2)[173:mtk-tpd]*** _DrvFwCtrlSelfParsePacket() ***
01-23 17:53:43.683     0     0 W (2)[173:mtk-tpd]check sum: [96] == [96]?
01-23 17:53:43.683     0     0 W         : (2)[173:mtk-tpd]received raw data from touch panel as following:
01-23 17:53:43.683     0     0 W         : (2)[173:mtk-tpd]pPacket[0]=52
01-23 17:53:43.683     0     0 W         : pPacket[1]=56 pPacket[2]=d1 pPacket[3]=f1 pPacket[4]=0
01-23 17:53:43.683     0     0 W         : pPacket[5]=0 pPacket[6]=0 pPacket[7]=96
01-23 17:53:43.683     0     0 W         : (2)[173:mtk-tpd][x,y]=[1489,1777]
01-23 17:53:43.683     0     0 W         : (2)[173:mtk-tpd][delta_x,delta_y]=[0,0]
01-23 17:53:43.683     0     0 W (2)[173:mtk-tpd][_DrvFwCtrlSelfParsePacket]: [x,y]=[1489,1777]
01-23 17:53:43.683     0     0 W (2)[173:mtk-tpd][_DrvFwCtrlSelfParsePacket]: point[x,y]=[523,1110]
01-23 17:53:43.683     0     0 W         : (2)[173:mtk-tpd]tInfo->nFingerNum = 1...............
01-23 17:53:43.683     0     0 W         : (2)[173:mtk-tpd]*** DrvPlatformLyrFingerTouchPressed() ***
01-23 17:53:43.683     0     0 W         : (2)[173:mtk-tpd]point touch pressed
01-23 17:53:43.683     0     0 W         : (2)[173:mtk-tpd]*** _DrvPlatformLyrFingerTouchHandler() _gInterruptFlag = 0 ***
01-23 17:53:43.694     0     0 W         : (2)[172:irq/298-touch_p]*** _DrvPlatformLyrFingerTouchInterruptHandler() ***
01-23 17:53:43.694     0     0 W         : (2)[172:irq/298-touch_p]*** _DrvPlatformLyrFingerTouchInterruptHandler() _gInterruptFlag = 1 ***
01-23 17:53:43.694     0     0 W         : (1)[173:mtk-tpd]FIRMWARE_MODE_DEMO_MODE
01-23 17:53:43.695     0     0 W         : (2)[173:mtk-tpd]*** _DrvFwCtrlSelfParsePacket() ***
01-23 17:53:43.696     0     0 W (2)[173:mtk-tpd]check sum: [cb] == [cb]?
01-23 17:53:43.696     0     0 W         : (2)[173:mtk-tpd]received raw data from touch panel as following:
01-23 17:53:43.696     0     0 W         : (2)[173:mtk-tpd]pPacket[0]=52
01-23 17:53:43.696     0     0 W         : pPacket[1]=56 pPacket[2]=cf pPacket[3]=be pPacket[4]=0
01-23 17:53:43.696     0     0 W         : pPacket[5]=0 pPacket[6]=0 pPacket[7]=cb
01-23 17:53:43.696     0     0 W         : (2)[173:mtk-tpd][x,y]=[1487,1726]
01-23 17:53:43.696     0     0 W         : (2)[173:mtk-tpd][delta_x,delta_y]=[0,0]
01-23 17:53:43.696     0     0 W (2)[173:mtk-tpd][_DrvFwCtrlSelfParsePacket]: [x,y]=[1487,1726]<431 -> 237>
01-23 17:53:43.696     0     0 W         : (2)[173:mtk-tpd]point touch pressed
01-23 17:53:43.696     0     0 W         : (2)[173:mtk-tpd]*** _DrvPlatformLyrFingerTouchHandler() _gInterruptFlag = 0 ***
01-23 17:53:43.697    56    56 D         : (1)[56:cfinteractive][name:mt_cpufreq&][Power/cpufreq] @_mt_cpufreq_set_locked(): Vproc = 1168mv, freq = 1248000 KHz
01-23 17:53:43.706     0     0 W         : (2)[172:irq/298-touch_p]*** _DrvPlatformLyrFingerTouchInterruptHandler() _gInterruptFlag = 1 ***<431 -> 237>
01-23 17:53:43.707     0     0 W         : (0)[173:mtk-tpd]check sum : [f8] == [f8]? <431 -> 237>
01-23 17:53:43.707     0     0 W         : (0)[173:mtk-tpd]pPacket[0]=52
01-23 17:53:43.707     0     0 W         : pPacket[1]=56 pPacket[2]=ce pPacket[3]=92 pPacket[4]=0
01-23 17:53:43.707     0     0 W         : pPacket[5]=0 pPacket[6]=0 pPacket[7]=f8 <431 -> 237>
01-23 17:53:43.707     0     0 W         : (0)[173:mtk-tpd][delta_x,delta_y]=[0,0]<431 -> 237>
01-23 17:53:43.707     0     0 W (0)[173:mtk-tpd][_DrvFwCtrlSelfParsePacket]: [x,y]=[1486,1682]
01-23 17:53:43.707     0     0 W (0)[173:mtk-tpd][_DrvFwCtrlSelfParsePacket]: point[x,y]=[522,1051]
01-23 17:53:43.707     0     0 W         : (0)[173:mtk-tpd]tInfo->nFingerNum = 1...............
01-23 17:53:43.707     0     0 W         : (0)[173:mtk-tpd]*** DrvPlatformLyrFingerTouchPressed() ***
01-23 17:53:43.707     0     0 W         : (0)[173:mtk-tpd]point touch pressed
01-23 17:53:43.707     0     0 W         : (0)[173:mtk-tpd]*** _DrvPlatformLyrFingerTouchHandler() _gInterruptFlag = 0 ***
01-23 17:53:43.718     0     0 W         : (2)[172:irq/298-touch_p]*** _DrvPlatformLyrFingerTouchInterruptHandler() _gInterruptFlag = 1 ***<431 -> 237>
01-23 17:53:43.719     0     0 W         : (1)[173:mtk-tpd]*** _DrvFwCtrlSelfParsePacket() ***<431 -> 237>
01-23 17:53:43.719     0     0 W         : (1)[173:mtk-tpd]received raw data from touch panel as following:<431 -> 237>
01-23 17:53:43.719     0     0 W         : (1)[173:mtk-tpd]pPacket[0]=52
01-23 17:53:43.719     0     0 W         : pPacket[1]=56 pPacket[2]=ce pPacket[3]=50 pPacket[4]=0
01-23 17:53:43.719     0     0 W         : pPacket[5]=0 pPacket[6]=0 pPacket[7]=3a
01-23 17:53:43.719     0     0 W         : (1)[173:mtk-tpd][x,y]=[1486,1616]
01-23 17:53:43.719     0     0 W         : (1)[173:mtk-tpd][delta_x,delta_y]=[0,0]
01-23 17:53:43.719     0     0 W (1)[173:mtk-tpd][_DrvFwCtrlSelfParsePacket]: [x,y]=[1486,1616]
01-23 17:53:43.719     0     0 W (1)[173:mtk-tpd][_DrvFwCtrlSelfParsePacket]: point[x,y]=[522,1010]
01-23 17:53:43.719     0     0 W         : (1)[173:mtk-tpd]tInfo->nFingerNum = 1...............
01-23 17:53:43.719     0     0 W         : (1)[173:mtk-tpd]*** DrvPlatformLyrFingerTouchPressed() ***
01-23 17:53:43.719     0     0 W         : (1)[173:mtk-tpd]point touch pressed
01-23 17:53:43.730     0     0 W         : (2)[172:irq/298-touch_p]*** _DrvPlatformLyrFingerTouchInterruptHandler() ***<431 -> 237>
01-23 17:53:43.730     0     0 W         : (2)[172:irq/298-touch_p]*** _DrvPlatformLyrFingerTouchInterruptHandler() _gInterruptFlag = 1 ***
01-23 17:53:43.730     0     0 W         : (1)[173:mtk-tpd]FIRMWARE_MODE_DEMO_MODE
01-23 17:53:43.731     0     0 W         : (1)[173:mtk-tpd]*** _DrvFwCtrlSelfParsePacket() ***
01-23 17:53:43.731     0     0 W (1)[173:mtk-tpd]check sum: [93] == [93]?
01-23 17:53:43.731     0     0 W         : (1)[173:mtk-tpd]received raw data from touch panel as following:
01-23 17:53:43.731     0     0 W         : (1)[173:mtk-tpd]pPacket[0]=52
01-23 17:53:43.731     0     0 W         : pPacket[1]=55 pPacket[2]=d1 pPacket[3]=f5 pPacket[4]=0
01-23 17:53:43.731     0     0 W         : pPacket[5]=0 pPacket[6]=0 pPacket[7]=93
01-23 17:53:43.731     0     0 W         : (1)[173:mtk-tpd][x,y]=[1489,1525]
01-23 17:53:43.731     0     0 W         : (1)[173:mtk-tpd][delta_x,delta_y]=[0,0]
01-23 17:53:43.731     0     0 W (1)[173:mtk-tpd][_DrvFwCtrlSelfParsePacket]: [x,y]=[1489,1525]
01-23 17:53:43.731     0     0 W (1)[173:mtk-tpd][_DrvFwCtrlSelfParsePacket]: point[x,y]=[523,953]
01-23 17:53:43.731     0     0 W         : (1)[173:mtk-tpd]tInfo->nFingerNum = 1...............
01-23 17:53:43.731     0     0 W         : (1)[173:mtk-tpd]*** DrvPlatformLyrFingerTouchPressed() ***
01-23 17:53:43.731     0     0 W         : (1)[173:mtk-tpd]point touch pressed
01-23 17:53:43.731     0     0 W         : (1)[173:mtk-tpd]*** _DrvPlatformLyrFingerTouchHandler() _gInterruptFlag = 0 ***
01-23 17:53:43.742     0     0 W         : (2)[172:irq/298-touch_p]*** _DrvPlatformLyrFingerTouchInterruptHandler() ***
01-23 17:53:43.742     0     0 W         : (2)[172:irq/298-touch_p]*** _DrvPlatformLyrFingerTouchInterruptHandler() _gInterruptFlag = 1 ***
01-23 17:53:43.742     0     0 W         : (1)[173:mtk-tpd]FIRMWARE_MODE_DEMO_MODE
01-23 17:53:43.743     0     0 W         : (1)[173:mtk-tpd]check sum : [f5] == [f5]? <431 -> 237>
01-23 17:53:43.743     0     0 W         : (1)[173:mtk-tpd]pPacket[0]=52
01-23 17:53:43.743     0     0 W         : pPacket[1]=55 pPacket[2]=ea pPacket[3]=7a pPacket[4]=0
01-23 17:53:43.743     0     0 W         : pPacket[5]=0 pPacket[6]=0 pPacket[7]=f5 <431 -> 237>
01-23 17:53:43.743     0     0 W         : (1)[173:mtk-tpd][delta_x,delta_y]=[0,0]<431 -> 237>
01-23 17:53:43.743     0     0 W (1)[173:mtk-tpd][_DrvFwCtrlSelfParsePacket]: [x,y]=[1514,1402]
01-23 17:53:43.743     0     0 W (1)[173:mtk-tpd][_DrvFwCtrlSelfParsePacket]: point[x,y]=[532,876]
01-23 17:53:43.743     0     0 W         : (1)[173:mtk-tpd]tInfo->nFingerNum = 1...............
01-23 17:53:43.743     0     0 W         : (1)[173:mtk-tpd]*** DrvPlatformLyrFingerTouchPressed() ***
01-23 17:53:43.743     0     0 W         : (1)[173:mtk-tpd]point touch pressed
01-23 17:53:43.743     0     0 W         : (1)[173:mtk-tpd]*** _DrvPlatformLyrFingerTouchHandler() _gInterruptFlag = 0 ***
01-23 17:53:43.762     0     0 W         : (2)[172:irq/298-touch_p]*** _DrvPlatformLyrFingerTouchInterruptHandler() ***
01-23 17:53:43.762     0     0 W         : (2)[172:irq/298-touch_p]*** _DrvPlatformLyrFingerTouchInterruptHandler() _gInterruptFlag = 1 ***
01-23 17:53:43.762     0     0 W         : (0)[173:mtk-tpd]FIRMWARE_MODE_DEMO_MODE
01-23 17:53:43.763     0     0 W         : (0)[173:mtk-tpd]*** _DrvFwCtrlSelfParsePacket() ***
01-23 17:53:43.763     0     0 W (0)[173:mtk-tpd]check sum: [6e] == [6e]?
01-23 17:53:43.763     0     0 W         : (0)[173:mtk-tpd]received raw data from touch panel as following:
01-23 17:53:43.763     0     0 W         : (0)[173:mtk-tpd]pPacket[0]=52
01-23 17:53:43.763     0     0 W         : pPacket[1]=64 pPacket[2]=15 pPacket[3]=c7 pPacket[4]=0
01-23 17:53:43.763     0     0 W         : pPacket[5]=0 pPacket[6]=0 pPacket[7]=6e
01-23 17:53:43.763     0     0 W         : (0)[173:mtk-tpd][x,y]=[1557,1223]
01-23 17:53:43.763     0     0 W         : (0)[173:mtk-tpd][delta_x,delta_y]=[0,0]
01-23 17:53:43.763     0     0 W (0)[173:mtk-tpd][_DrvFwCtrlSelfParsePacket]: [x,y]=[1557,1223]
01-23 17:53:43.763     0     0 W (0)[173:mtk-tpd][_DrvFwCtrlSelfParsePacket]: point[x,y]=[547,764]
01-23 17:53:43.763     0     0 W         : (0)[173:mtk-tpd]*** DrvPlatformLyrFingerTouchPressed() ***<431 -> 237>
