01-23 18:16:50.368  1861  6163 E ActivityThread: Failed to find provider info for com.google.android.wearable.settings
01-23 18:16:50.444  1554  1625 I force_gc: Binder
01-23 18:16:50.542  1861  6163 I [70220] : [5,1451595610837,1451595610837,3,86,28,0,0,17,0,14,0,0,1,0,3,0,2,16]
01-23 18:16:50.542  1861  6163 I [70220] : 119
01-23 18:16:50.556  1861  6163 I [70220] : 307
01-23 18:16:50.561  1861  1861 I [70220] : 24
01-23 18:16:50.603  1861  1861 E ActivityThread: Service com.google.android.gms.checkin.CheckinService has leaked IntentReceiver android.net.wifi.WifiManager$1@347f017 that was originally registered here. Are you missing a call to unregisterReceiver()?
01-23 18:16:50.603  1861  1861 E ActivityThread: android.app.IntentReceiverLeaked: Service com.google.android.gms.checkin.CheckinService has leaked IntentReceiver android.net.wifi.WifiManager$1@347f017 that was originally registered here. Are you missing a call to unregisterReceiver()?
01-23 18:16:50.603  1861  1861 E ActivityThread: 	at android.app.LoadedApk$ReceiverDispatcher.<init>(LoadedApk.java:959)
01-23 18:16:50.603  1861  1861 E ActivityThread: 	at android.app.LoadedApk.getReceiverDispatcher(LoadedApk.java:728)
01-23 18:16:50.603  1861  1861 E ActivityThread: 	at android.app.ContextImpl.registerReceiverInternal(ContextImpl.java:1177)
01-23 18:16:50.603  1861  1861 E ActivityThread: 	at android.app.ContextImpl.registerReceiver(ContextImpl.java:1157)
01-23 18:16:50.603  1861  1861 E ActivityThread: 	at android.app.ContextImpl.registerReceiver(ContextImpl.java:1151)
01-23 18:16:50.603  1861  1861 E ActivityThread: 	at android.content.ContextWrapper.registerReceiver(ContextWrapper.java:554)
01-23 18:16:50.603  1861  1861 E ActivityThread: 	at android.net.wifi.WifiManager.init(WifiManager.java:2266)
01-23 18:16:50.603  1861  1861 E ActivityThread: 	at android.net.wifi.WifiManager.<init>(WifiManager.java:750)
01-23 18:16:50.603  1861  1861 E ActivityThread: 	at android.app.SystemServiceRegistry$45.createService(SystemServiceRegistry.java:555)
01-23 18:16:50.603  1861  1861 E ActivityThread: 	at android.app.SystemServiceRegistry$45.createService(SystemServiceRegistry.java:552)
01-23 18:16:50.603  1861  1861 E ActivityThread: 	at android.app.SystemServiceRegistry$CachedServiceFetcher.getService(SystemServiceRegistry.java:883)
01-23 18:16:50.603  1861  1861 E ActivityThread: 	at android.app.SystemServiceRegistry.getSystemService(SystemServiceRegistry.java:836)
01-23 18:16:50.603  1861  1861 E ActivityThread: 	at android.app.ContextImpl.getSystemService(ContextImpl.java:1370)
01-23 18:16:50.603  1861  1861 E ActivityThread: 	at android.content.ContextWrapper.getSystemService(ContextWrapper.java:627)
01-23 18:16:50.603  1861  1861 E ActivityThread: 	at com.google.android.chimera.ModuleContext.getSystemService(:com.google.android.gms:173)
01-23 18:16:50.603  1861  1861 E ActivityThread: 	at android.content.ContextWrapper.getSystemService(ContextWrapper.java:627)
01-23 18:16:50.603  1861  1861 E ActivityThread: 	at hlj.a(:com.google.android.gms:379)
01-23 18:16:50.603  1861  1861 E ActivityThread: 	at hlj.a(:com.google.android.gms:273)
01-23 18:16:50.603  1861  1861 E ActivityThread: 	at hlb.a(:com.google.android.gms:1082)
01-23 18:16:50.603  1861  1861 E ActivityThread: 	at hlb.doInBackground(:com.google.android.gms:1026)
01-23 18:16:50.603  1861  1861 E ActivityThread: 	at android.os.AsyncTask$2.call(AsyncTask.java:295)
01-23 18:16:50.603  1861  1861 E ActivityThread: 	at java.util.concurrent.FutureTask.run(FutureTask.java:237)
01-23 18:16:50.603  1861  1861 E ActivityThread: 	at java.lang.Thread.run(Thread.java:818)
01-23 18:16:50.655   865  1073 I am_home_stack_moved: [0,0,1,1,sourceStackToFront]
01-23 18:16:50.656   865  1073 I wm_task_moved: [3,1,0]
01-23 18:16:50.657   865  1073 I am_create_activity: [0,187146320,3,com.google.android.setupwizard/.WizardManager,com.android.wizard.NEXT,NULL,NULL,8388608]
01-23 18:16:50.674   865  1073 I am_pause_activity: [0,214506463,com.google.android.setupwizard/.ProgressActivity]
01-23 18:16:50.676   865  1073 I am_home_stack_moved: [0,0,1,1,startedActivity setFocusedActivity]
01-23 18:16:50.680   865  1073 I wm_task_moved: [3,1,0]
01-23 18:16:50.684   865  1073 I am_focused_activity: [0,com.google.android.setupwizard/.WizardManager]
01-23 18:16:50.689  1651  1651 I am_on_paused_called: [0,com.google.android.setupwizard.ProgressActivity]
01-23 18:16:50.691   865   876 I am_restart_activity: [0,187146320,3,com.google.android.setupwizard/.WizardManager]
01-23 18:16:50.705   865  3979 I am_home_stack_moved: [0,0,1,1,intentActivityFound]
01-23 18:16:50.705   865  3979 I wm_task_moved: [3,1,0]
01-23 18:16:50.707   865  3979 I am_finish_activity: [0,187146320,3,com.google.android.setupwizard/.WizardManager,clear-task-stack]
01-23 18:16:50.708   865  3979 I am_home_stack_moved: [0,0,1,1,finishActivity adjustFocus setFocusedActivity]
01-23 18:16:50.708   865  3979 I wm_task_moved: [3,1,0]
01-23 18:16:50.727   865  3979 I am_focused_activity: [0,com.google.android.setupwizard/.ProgressActivity]
01-23 18:16:50.728   865  3979 I am_pause_activity: [0,187146320,com.google.android.setupwizard/.WizardManager]
01-23 18:16:50.728   865  3979 I am_new_intent: [0,181616751,3,com.google.android.setupwizard/.ProgressActivity,com.google.android.setupwizard.PROGRESS,NULL,NULL,335544320]
01-23 18:16:50.737   865  1072 I am_resume_activity: [0,214506463,3,com.google.android.setupwizard/.ProgressActivity]
01-23 18:16:50.751   865  1076 I am_home_stack_moved: [0,0,1,1,sourceStackToFront]
01-23 18:16:50.751   865  1076 I wm_task_moved: [3,1,0]
01-23 18:16:50.752   865  1076 I am_create_activity: [0,226642437,3,com.google.android.setupwizard/.WizardManager,com.android.wizard.NEXT,NULL,NULL,8388608]
01-23 18:16:50.772   865  1076 I am_pause_activity: [0,214506463,com.google.android.setupwizard/.ProgressActivity]
01-23 18:16:50.773   865  1076 I am_home_stack_moved: [0,0,1,1,startedActivity setFocusedActivity]
01-23 18:16:50.774   865  1076 I wm_task_moved: [3,1,0]
01-23 18:16:50.780   865  1076 I am_focused_activity: [0,com.google.android.setupwizard/.WizardManager]
01-23 18:16:50.782   865   876 I am_finish_activity: [0,214506463,3,com.google.android.setupwizard/.ProgressActivity,app-request]
01-23 18:16:50.793  1651  1651 I am_on_resume_called: [0,com.google.android.setupwizard.ProgressActivity]
01-23 18:16:50.796  1651  1651 I am_on_paused_called: [0,com.google.android.setupwizard.ProgressActivity]
01-23 18:16:50.798   865  5233 I am_restart_activity: [0,226642437,3,com.google.android.setupwizard/.WizardManager]
01-23 18:16:50.811   865   875 I am_home_stack_moved: [0,0,1,1,intentActivityFound]
01-23 18:16:50.811   865   875 I wm_task_moved: [3,1,0]
01-23 18:16:50.812   865   875 I am_home_stack_moved: [0,0,1,1,sourceStackToFront]
01-23 18:16:50.812   865   875 I wm_task_moved: [3,1,0]
01-23 18:16:50.813   865   875 I am_create_activity: [0,246194726,3,com.google.android.setupwizard/.ProgressActivity,com.google.android.setupwizard.PROGRESS,NULL,NULL,335544320]
01-23 18:16:50.814   865   875 I am_pause_activity: [0,226642437,com.google.android.setupwizard/.WizardManager]
01-23 18:16:50.815   865   875 I am_home_stack_moved: [0,0,1,1,startedActivity setFocusedActivity]
01-23 18:16:50.815   865   875 I wm_task_moved: [3,1,0]
01-23 18:16:50.817   865   875 I am_focused_activity: [0,com.google.android.setupwizard/.ProgressActivity]
01-23 18:16:50.819   865  1075 I am_finish_activity: [0,226642437,3,com.google.android.setupwizard/.WizardManager,app-request]
01-23 18:16:50.843   865  1639 I am_restart_activity: [0,246194726,3,com.google.android.setupwizard/.ProgressActivity]
01-23 18:16:50.899   865  5233 I am_home_stack_moved: [0,0,1,1,sourceStackToFront]
01-23 18:16:50.899   865  5233 I wm_task_moved: [3,1,0]
01-23 18:16:50.900   865  5233 I am_create_activity: [0,87079602,3,com.google.android.setupwizard/.WizardManager,com.android.wizard.NEXT,NULL,NULL,8388608]
01-23 18:16:50.900   865  5233 I am_pause_activity: [0,246194726,com.google.android.setupwizard/.ProgressActivity]
01-23 18:16:50.901   865  5233 I am_home_stack_moved: [0,0,1,1,startedActivity setFocusedActivity]
01-23 18:16:50.901   865  5233 I wm_task_moved: [3,1,0]
01-23 18:16:50.904   865  5233 I am_focused_activity: [0,com.google.android.setupwizard/.WizardManager]
01-23 18:16:50.905   865  1639 I am_finish_activity: [0,246194726,3,com.google.android.setupwizard/.ProgressActivity,app-request]
01-23 18:16:50.927   865  1075 I am_restart_activity: [0,87079602,3,com.google.android.setupwizard/.WizardManager]
01-23 18:16:50.936   865   876 I am_home_stack_moved: [0,0,1,1,intentActivityFound]
01-23 18:16:50.937   865   876 I wm_task_moved: [3,1,0]
01-23 18:16:50.938   865   876 I am_home_stack_moved: [0,0,1,1,sourceStackToFront]
01-23 18:16:50.938   865   876 I wm_task_moved: [3,1,0]
01-23 18:16:50.939   865   876 I am_create_activity: [0,75292601,3,com.google.android.setupwizard/.ProgressActivity,com.google.android.setupwizard.PROGRESS,NULL,NULL,335544320]
01-23 18:16:50.940   865   876 I am_pause_activity: [0,87079602,com.google.android.setupwizard/.WizardManager]
01-23 18:16:50.942   865   876 I am_home_stack_moved: [0,0,1,1,startedActivity setFocusedActivity]
01-23 18:16:50.942   865   876 I wm_task_moved: [3,1,0]
01-23 18:16:50.944   865   876 I am_focused_activity: [0,com.google.android.setupwizard/.ProgressActivity]
01-23 18:16:50.944   865  3979 I am_finish_activity: [0,87079602,3,com.google.android.setupwizard/.WizardManager,app-request]
01-23 18:16:50.960   865   875 I am_restart_activity: [0,75292601,3,com.google.android.setupwizard/.ProgressActivity]
01-23 18:16:50.999   865   994 I am_home_stack_moved: [0,0,1,1,sourceStackToFront]
01-23 18:16:50.999   865   994 I wm_task_moved: [3,1,0]
01-23 18:16:51.000   865   994 I am_create_activity: [0,82784684,3,com.google.android.setupwizard/.WizardManager,com.android.wizard.NEXT,NULL,NULL,8388608]
01-23 18:16:51.000   865   994 I am_pause_activity: [0,75292601,com.google.android.setupwizard/.ProgressActivity]
01-23 18:16:51.001   865   994 I am_home_stack_moved: [0,0,1,1,startedActivity setFocusedActivity]
01-23 18:16:51.001   865   994 I wm_task_moved: [3,1,0]
01-23 18:16:51.003   865   994 I am_focused_activity: [0,com.google.android.setupwizard/.WizardManager]
01-23 18:16:51.003   865   876 I am_finish_activity: [0,75292601,3,com.google.android.setupwizard/.ProgressActivity,app-request]
01-23 18:16:51.026   865  5233 I am_restart_activity: [0,82784684,3,com.google.android.setupwizard/.WizardManager]
01-23 18:16:51.035   865  1075 I am_home_stack_moved: [0,0,1,1,intentActivityFound]
01-23 18:16:51.036   865  1075 I wm_task_moved: [3,1,0]
01-23 18:16:51.037   865  1075 I am_home_stack_moved: [0,0,1,1,sourceStackToFront]
01-23 18:16:51.037   865  1075 I wm_task_moved: [3,1,0]
01-23 18:16:51.039   865  1075 I am_create_activity: [0,228103803,3,com.google.android.setupwizard/.ProgressActivity,com.google.android.setupwizard.PROGRESS,NULL,NULL,335544320]
01-23 18:16:51.039   865  1075 I am_pause_activity: [0,82784684,com.google.android.setupwizard/.WizardManager]
01-23 18:16:51.040   865  1075 I am_home_stack_moved: [0,0,1,1,startedActivity setFocusedActivity]
01-23 18:16:51.040   865  1075 I wm_task_moved: [3,1,0]
01-23 18:16:51.042   865  1075 I am_focused_activity: [0,com.google.android.setupwizard/.ProgressActivity]
01-23 18:16:51.043   865  1076 I am_finish_activity: [0,82784684,3,com.google.android.setupwizard/.WizardManager,app-request]
01-23 18:16:51.061   865   876 I am_restart_activity: [0,228103803,3,com.google.android.setupwizard/.ProgressActivity]
01-23 18:16:51.103   865  1073 I am_home_stack_moved: [0,0,1,1,sourceStackToFront]
01-23 18:16:51.103   865  1073 I wm_task_moved: [3,1,0]
01-23 18:16:51.104   865  1073 I am_create_activity: [0,209182934,3,com.google.android.setupwizard/.WizardManager,com.android.wizard.NEXT,NULL,NULL,8388608]
01-23 18:16:51.104   865  1073 I am_pause_activity: [0,228103803,com.google.android.setupwizard/.ProgressActivity]
01-23 18:16:51.105   865  1073 I am_home_stack_moved: [0,0,1,1,startedActivity setFocusedActivity]
01-23 18:16:51.105   865  1073 I wm_task_moved: [3,1,0]
01-23 18:16:51.107   865  1073 I am_focused_activity: [0,com.google.android.setupwizard/.WizardManager]
01-23 18:16:51.108   865  1078 I am_finish_activity: [0,228103803,3,com.google.android.setupwizard/.ProgressActivity,app-request]
01-23 18:16:51.130   865  5233 I am_restart_activity: [0,209182934,3,com.google.android.setupwizard/.WizardManager]
01-23 18:16:51.142   865  1076 I am_home_stack_moved: [0,0,1,1,sourceStackToFront]
01-23 18:16:51.142   865  1076 I wm_task_moved: [3,1,0]
01-23 18:16:51.144   865  1076 I am_create_activity: [0,199832674,3,com.google.android.setupwizard/.GmailWrapper,com.google.android.setupwizard.GMAIL_SETUP,NULL,NULL,67108864]
01-23 18:16:51.144   865  1076 I am_pause_activity: [0,209182934,com.google.android.setupwizard/.WizardManager]
01-23 18:16:51.145   865  1076 I am_home_stack_moved: [0,0,1,1,startedActivity setFocusedActivity]
01-23 18:16:51.145   865  1076 I wm_task_moved: [3,1,0]
01-23 18:16:51.147   865  1076 I am_focused_activity: [0,com.google.android.setupwizard/.GmailWrapper]
01-23 18:16:51.148   865  1077 I am_finish_activity: [0,209182934,3,com.google.android.setupwizard/.WizardManager,app-request]
01-23 18:16:51.164   865  2545 I am_restart_activity: [0,199832674,3,com.google.android.setupwizard/.GmailWrapper]
01-23 18:16:51.199   865   889 I am_proc_start: [0,6214,1000,com.android.settings,broadcast,com.android.settings/.users.ProfileUpdateReceiver]
01-23 18:16:51.338   865  2545 I am_proc_bound: [0,6214,com.android.settings]
01-23 18:16:51.448   865  3979 I am_home_stack_moved: [0,0,1,1,startingNewTask]
01-23 18:16:51.448   865  3979 I wm_task_moved: [3,1,0]
01-23 18:16:51.449   865  3979 I am_create_task: [0,5]
01-23 18:16:51.450   865  3979 I am_create_activity: [0,136983726,5,com.google.android.gm/.setup.AccountSetupFinalGmail,com.google.android.gm.email.CREATE_NEW_ACCOUNT,NULL,NULL,302514176]
01-23 18:16:51.459   865  3979 I wm_task_created: [5,1]
01-23 18:16:51.459   865  3979 I wm_task_moved: [5,1,1]
01-23 18:16:51.461   865  3979 I am_pause_activity: [0,199832674,com.google.android.setupwizard/.GmailWrapper]
01-23 18:16:51.462   865  3979 I am_home_stack_moved: [0,0,1,1,startedActivity setFocusedActivity]
01-23 18:16:51.462   865  3979 I wm_task_moved: [5,1,1]
01-23 18:16:51.464   865  3979 I am_focused_activity: [0,com.google.android.gm/.setup.AccountSetupFinalGmail]
01-23 18:16:51.466   865  2545 I am_finish_activity: [0,199832674,3,com.google.android.setupwizard/.GmailWrapper,app-request]
01-23 18:16:51.499   865   876 I am_restart_activity: [0,136983726,5,com.google.android.gm/.setup.AccountSetupFinalGmail]
01-23 18:16:51.989  5737  5737 I am_on_resume_called: [0,com.google.android.gm.setup.AccountSetupFinalGmail]
01-23 18:16:52.207   865   894 I am_activity_launch_time: [0,136983726,com.google.android.gm/.setup.AccountSetupFinalGmail,711,1517]
01-23 18:16:52.212   239   239 I sf_frame_dur: [com.google.android.setupwizard/com.google.android.setupwizard.AccountSetupWrapper,0,0,3,0,1,0,0]
01-23 18:16:52.245   865  3981 I am_destroy_activity: [0,187146320,3,com.google.android.setupwizard/.WizardManager,finish-idle]
01-23 18:16:52.245   865  3981 I am_destroy_activity: [0,226642437,3,com.google.android.setupwizard/.WizardManager,finish-idle]
01-23 18:16:52.245   865  3981 I am_destroy_activity: [0,246194726,3,com.google.android.setupwizard/.ProgressActivity,finish-idle]
01-23 18:16:52.245   865  3981 I am_destroy_activity: [0,87079602,3,com.google.android.setupwizard/.WizardManager,finish-idle]
01-23 18:16:52.246   865  3981 I am_destroy_activity: [0,75292601,3,com.google.android.setupwizard/.ProgressActivity,finish-idle]
01-23 18:16:52.246   865  3981 I am_destroy_activity: [0,82784684,3,com.google.android.setupwizard/.WizardManager,finish-idle]
01-23 18:16:52.246   865  3981 I am_destroy_activity: [0,228103803,3,com.google.android.setupwizard/.ProgressActivity,finish-idle]
01-23 18:16:52.246   865  3981 I am_destroy_activity: [0,209182934,3,com.google.android.setupwizard/.WizardManager,finish-idle]
01-23 18:16:52.246   865  3981 I am_destroy_activity: [0,199832674,3,com.google.android.setupwizard/.GmailWrapper,finish-idle]
01-23 18:16:52.498   865   889 I am_destroy_activity: [0,214506463,3,com.google.android.setupwizard/.ProgressActivity,finish-imm]
01-23 18:16:52.515   239   239 I sf_frame_dur: [com.google.android.setupwizard/com.google.android.setupwizard.ProgressActivity,126,8,0,0,2,0,0]
01-23 18:16:52.967  5302  5322 I google_http_request: [438,200,unused/0,1]
01-23 18:16:54.925   865  1073 I am_kill : [0,5882,com.google.android.apps.docs,15,empty #17]
01-23 18:16:54.988   865  5233 I am_proc_died: [0,5882,com.google.android.apps.docs]
01-23 18:16:55.674   865  1072 I am_kill : [0,5757,com.google.process.gapps,15,empty #17]
01-23 18:16:55.724   865  1639 I am_proc_died: [0,5757,com.google.process.gapps]
01-23 18:16:56.340   865   994 I am_home_stack_moved: [0,0,1,1,sourceStackToFront]
01-23 18:16:56.340   865   994 I wm_task_moved: [5,1,1]
01-23 18:16:56.342   865   994 I am_create_activity: [0,168972977,5,com.google.android.setupwizard/.WizardManager,com.android.wizard.NEXT,NULL,NULL,8388608]
01-23 18:16:56.358   865   994 I am_pause_activity: [0,136983726,com.google.android.gm/.setup.AccountSetupFinalGmail]
01-23 18:16:56.359   865   994 I am_home_stack_moved: [0,0,1,1,startedActivity setFocusedActivity]
01-23 18:16:56.359   865   994 I wm_task_moved: [5,1,1]
01-23 18:16:56.364   865   994 I am_focused_activity: [0,com.google.android.setupwizard/.WizardManager]
01-23 18:16:56.373  5737  5737 I am_on_paused_called: [0,com.google.android.gm.setup.AccountSetupFinalGmail]
01-23 18:16:56.378   865   876 I am_restart_activity: [0,168972977,5,com.google.android.setupwizard/.WizardManager]
01-23 18:16:56.387   865  5233 I am_home_stack_moved: [0,0,1,1,sourceStackToFront]
01-23 18:16:56.388   865  5233 I wm_task_moved: [5,1,1]
01-23 18:16:56.390   865  5233 I am_create_activity: [0,186620676,5,com.google.android.setupwizard/.LockScreenIntroActivity,com.google.android.setupwizard.LOCK_SCREEN_INTRO,NULL,NULL,67108864]
01-23 18:16:56.391   865  5233 I am_pause_activity: [0,168972977,com.google.android.setupwizard/.WizardManager]
01-23 18:16:56.393   865  5233 I am_home_stack_moved: [0,0,1,1,startedActivity setFocusedActivity]
01-23 18:16:56.393   865  5233 I wm_task_moved: [5,1,1]
01-23 18:16:56.395   865  5233 I am_focused_activity: [0,com.google.android.setupwizard/.LockScreenIntroActivity]
01-23 18:16:56.396   865  1076 I am_finish_activity: [0,168972977,5,com.google.android.setupwizard/.WizardManager,app-request]
01-23 18:16:56.400   865  3981 I am_restart_activity: [0,186620676,5,com.google.android.setupwizard/.LockScreenIntroActivity]
01-23 18:16:56.403   865   889 I am_destroy_activity: [0,168972977,5,com.google.android.setupwizard/.WizardManager,finish-idle]
01-23 18:16:56.526  1651  1651 I am_on_resume_called: [0,com.google.android.setupwizard.LockScreenIntroActivity]
01-23 18:16:56.614   865   894 I am_activity_launch_time: [0,186620676,com.google.android.setupwizard/.LockScreenIntroActivity,216,241]
01-23 18:16:56.941   239   239 I sf_frame_dur: [com.google.android.gm/com.google.android.gm.setup.AccountSetupFinalGmail,72,2,0,2,0,1,1]
01-23 18:16:58.480  1534  1534 E SmsApplication: com.mediatek.apst.target does not have system signature
01-23 18:16:58.481  1534  1534 E SmsApplication: com.mediatek.ppl does not have system signature
01-23 18:16:58.481  1534  1534 E SmsApplication: com.mediatek.backuprestore does not have system signature
01-23 18:16:58.483  1534  1534 E SmsApplication: com.mediatek.rcs.messageservice does not have system signature
01-23 18:16:58.485  1534  1534 E SmsApplication: com.mediatek.esntrack does not have system signature
01-23 18:16:58.534  1534  1534 E SmsApplication: com.mediatek.apst.target does not have system signature
01-23 18:16:58.537  1534  1534 E SmsApplication: com.mediatek.ppl does not have system signature
01-23 18:16:58.538  1534  1534 E SmsApplication: com.mediatek.backuprestore does not have system signature
01-23 18:16:58.540  1534  1534 E SmsApplication: com.mediatek.rcs.messageservice does not have system signature
01-23 18:16:58.560  1534  1534 E SmsApplication: com.mediatek.esntrack does not have system signature
01-23 18:16:59.869   865  1639 I am_home_stack_moved: [0,0,1,1,sourceStackToFront]
01-23 18:16:59.869   865  1639 I wm_task_moved: [5,1,1]
01-23 18:16:59.870   865  1639 I am_create_activity: [0,205724652,5,com.google.android.setupwizard/.WizardManager,com.android.wizard.NEXT,NULL,NULL,8388608]
01-23 18:16:59.882   865  1639 I am_pause_activity: [0,186620676,com.google.android.setupwizard/.LockScreenIntroActivity]
01-23 18:16:59.884   865  1639 I am_home_stack_moved: [0,0,1,1,startedActivity setFocusedActivity]
01-23 18:16:59.884   865  1639 I wm_task_moved: [5,1,1]
01-23 18:16:59.887   865  1639 I am_focused_activity: [0,com.google.android.setupwizard/.WizardManager]
01-23 18:16:59.897  1651  1651 I am_on_paused_called: [0,com.google.android.setupwizard.LockScreenIntroActivity]
01-23 18:16:59.899   865  1072 I am_restart_activity: [0,205724652,5,com.google.android.setupwizard/.WizardManager]
01-23 18:16:59.907   865  1075 I am_home_stack_moved: [0,0,1,1,bringingFoundTaskToFront setFocusedActivity]
01-23 18:16:59.907   865  1075 I wm_task_moved: [3,1,1]
01-23 18:16:59.909   865  1075 I am_focused_activity: [0,com.google.android.setupwizard/.AccountSetupWrapper]
01-23 18:16:59.910   865  1075 I am_pause_activity: [0,205724652,com.google.android.setupwizard/.WizardManager]
01-23 18:16:59.911   865  1075 I am_task_to_front: [0,3]
01-23 18:16:59.911   865  1075 I am_home_stack_moved: [0,0,1,1,sourceStackToFront]
01-23 18:16:59.911   865  1075 I wm_task_moved: [3,1,1]
01-23 18:16:59.912   865  1075 I am_create_activity: [0,20712152,3,com.google.android.setupwizard/.ProgressActivity,com.google.android.setupwizard.PROGRESS,NULL,NULL,339738624]
01-23 18:16:59.913   865  1075 I am_home_stack_moved: [0,0,1,1,startedActivity setFocusedActivity]
01-23 18:16:59.913   865  1075 I wm_task_moved: [3,1,1]
01-23 18:16:59.916   865  1075 I am_focused_activity: [0,com.google.android.setupwizard/.ProgressActivity]
01-23 18:16:59.916   865   994 I am_finish_activity: [0,205724652,5,com.google.android.setupwizard/.WizardManager,app-request]
01-23 18:16:59.920   865  3981 I am_restart_activity: [0,20712152,3,com.google.android.setupwizard/.ProgressActivity]
01-23 18:16:59.922   865   889 I am_destroy_activity: [0,205724652,5,com.google.android.setupwizard/.WizardManager,finish-idle]
01-23 18:16:59.947   865  1073 I am_home_stack_moved: [0,0,1,1,sourceStackToFront]
01-23 18:16:59.947   865  1073 I wm_task_moved: [3,1,1]
01-23 18:16:59.948   865  1073 I am_create_activity: [0,166097559,3,com.google.android.setupwizard/.WizardManager,com.android.wizard.NEXT,NULL,NULL,8388608]
01-23 18:16:59.949   865  1073 I am_pause_activity: [0,20712152,com.google.android.setupwizard/.ProgressActivity]
01-23 18:16:59.950   865  1073 I am_home_stack_moved: [0,0,1,1,startedActivity setFocusedActivity]
01-23 18:16:59.950   865  1073 I wm_task_moved: [3,1,1]
01-23 18:16:59.953   865  1073 I am_focused_activity: [0,com.google.android.setupwizard/.WizardManager]
01-23 18:16:59.954   865  1075 I am_finish_activity: [0,20712152,3,com.google.android.setupwizard/.ProgressActivity,app-request]
01-23 18:16:59.957   865   875 I am_restart_activity: [0,166097559,3,com.google.android.setupwizard/.WizardManager]
01-23 18:16:59.964   865  2545 I am_home_stack_moved: [0,0,1,1,intentActivityFound]
01-23 18:16:59.965   865  2545 I wm_task_moved: [3,1,1]
01-23 18:16:59.966   865  2545 I am_home_stack_moved: [0,0,1,1,sourceStackToFront]
01-23 18:16:59.966   865  2545 I wm_task_moved: [3,1,1]
01-23 18:16:59.967   865  2545 I am_create_activity: [0,114626722,3,com.google.android.setupwizard/.ProgressActivity,com.google.android.setupwizard.PROGRESS,NULL,NULL,335544320]
01-23 18:16:59.968   865  2545 I am_pause_activity: [0,166097559,com.google.android.setupwizard/.WizardManager]
01-23 18:16:59.970   865  2545 I am_home_stack_moved: [0,0,1,1,startedActivity setFocusedActivity]
01-23 18:16:59.971   865  2545 I wm_task_moved: [3,1,1]
01-23 18:16:59.973   865  2545 I am_focused_activity: [0,com.google.android.setupwizard/.ProgressActivity]
01-23 18:16:59.973   865   876 I am_finish_activity: [0,166097559,3,com.google.android.setupwizard/.WizardManager,app-request]
01-23 18:16:59.988   865  1075 I am_restart_activity: [0,114626722,3,com.google.android.setupwizard/.ProgressActivity]
01-23 18:17:00.044  1651  1651 I am_on_resume_called: [0,com.google.android.setupwizard.ProgressActivity]
01-23 18:17:00.094   239   239 I sf_frame_dur: [com.google.android.setupwizard/com.google.android.setupwizard.LockScreenIntroActivity,3,0,0,0,2,0,0]
01-23 18:17:00.109   865   894 I am_activity_launch_time: [0,114626722,com.google.android.setupwizard/.ProgressActivity,123,211]
01-23 18:17:00.155   865  1078 I am_destroy_activity: [0,20712152,3,com.google.android.setupwizard/.ProgressActivity,finish-idle]
01-23 18:17:00.155   865  1078 I am_destroy_activity: [0,166097559,3,com.google.android.setupwizard/.WizardManager,finish-idle]
01-23 18:17:00.560   239   239 I sf_frame_dur: [com.google.android.setupwizard/com.google.android.setupwizard.LockScreenIntroActivity,68,1,0,1,1,1,0]
01-23 18:17:00.729  5302  5321 I google_http_request: [562,200,unused/0,1]
01-23 18:17:01.550   865  1072 I am_home_stack_moved: [0,0,1,1,sourceStackToFront]
01-23 18:17:01.551   865  1072 I wm_task_moved: [3,1,1]
01-23 18:17:01.555   865  1072 I am_create_activity: [0,4664731,3,com.google.android.setupwizard/.WizardManager,com.android.wizard.NEXT,NULL,NULL,8388608]
01-23 18:17:01.572   865  1072 I am_pause_activity: [0,114626722,com.google.android.setupwizard/.ProgressActivity]
01-23 18:17:01.573   865  1072 I am_home_stack_moved: [0,0,1,1,startedActivity setFocusedActivity]
01-23 18:17:01.573   865  1072 I wm_task_moved: [3,1,1]
01-23 18:17:01.577   865  1072 I am_focused_activity: [0,com.google.android.setupwizard/.WizardManager]
01-23 18:17:01.578   865  1076 I am_finish_activity: [0,114626722,3,com.google.android.setupwizard/.ProgressActivity,app-request]
01-23 18:17:01.579  1651  1651 I am_on_paused_called: [0,com.google.android.setupwizard.ProgressActivity]
01-23 18:17:01.582   865   876 I am_restart_activity: [0,4664731,3,com.google.android.setupwizard/.WizardManager]
01-23 18:17:01.594   865  3979 I am_home_stack_moved: [0,0,1,1,sourceStackToFront]
01-23 18:17:01.594   865  3979 I wm_task_moved: [3,1,1]
01-23 18:17:01.596   865  3979 I am_create_activity: [0,58997366,3,com.google.android.setupwizard/.ChooseRestoreTokenWrapper,com.google.android.setupwizard.RESTORE,NULL,NULL,67108864]
01-23 18:17:01.596   865  3979 I am_pause_activity: [0,4664731,com.google.android.setupwizard/.WizardManager]
01-23 18:17:01.597   865  3979 I am_home_stack_moved: [0,0,1,1,startedActivity setFocusedActivity]
01-23 18:17:01.597   865  3979 I wm_task_moved: [3,1,1]
01-23 18:17:01.604   865  3979 I am_focused_activity: [0,com.google.android.setupwizard/.ChooseRestoreTokenWrapper]
01-23 18:17:01.604   865  5233 I am_finish_activity: [0,4664731,3,com.google.android.setupwizard/.WizardManager,app-request]
01-23 18:17:01.633   865  1076 I am_restart_activity: [0,58997366,3,com.google.android.setupwizard/.ChooseRestoreTokenWrapper]
01-23 18:17:01.679   865   994 I am_home_stack_moved: [0,0,1,1,sourceStackToFront]
01-23 18:17:01.679   865   994 I wm_task_moved: [3,1,1]
01-23 18:17:01.680   865   994 I am_create_activity: [0,168699213,3,com.google.android.setupwizard/.WizardManager,com.android.wizard.NEXT,NULL,NULL,8388608]
01-23 18:17:01.680   865   994 I am_pause_activity: [0,58997366,com.google.android.setupwizard/.ChooseRestoreTokenWrapper]
01-23 18:17:01.682   865   994 I am_home_stack_moved: [0,0,1,1,startedActivity setFocusedActivity]
01-23 18:17:01.682   865   994 I wm_task_moved: [3,1,1]
01-23 18:17:01.683   865   994 I am_focused_activity: [0,com.google.android.setupwizard/.WizardManager]
01-23 18:17:01.684   865  1078 I am_finish_activity: [0,58997366,3,com.google.android.setupwizard/.ChooseRestoreTokenWrapper,app-request]
01-23 18:17:01.718   865   876 I am_restart_activity: [0,168699213,3,com.google.android.setupwizard/.WizardManager]
01-23 18:17:01.727   865  3979 I am_home_stack_moved: [0,0,1,1,sourceStackToFront]
01-23 18:17:01.728   865  3979 I wm_task_moved: [3,1,1]
01-23 18:17:01.729   865  3979 I am_create_activity: [0,218239824,3,com.google.android.setupwizard/.GoogleNowWrapper,com.google.android.setupwizard.GOOGLE_NOW,NULL,NULL,67108864]
01-23 18:17:01.730   865  3979 I am_pause_activity: [0,168699213,com.google.android.setupwizard/.WizardManager]
01-23 18:17:01.731   865  3979 I am_home_stack_moved: [0,0,1,1,startedActivity setFocusedActivity]
01-23 18:17:01.731   865  3979 I wm_task_moved: [3,1,1]
01-23 18:17:01.733   865  3979 I am_focused_activity: [0,com.google.android.setupwizard/.GoogleNowWrapper]
01-23 18:17:01.734   865  1075 I am_finish_activity: [0,168699213,3,com.google.android.setupwizard/.WizardManager,app-request]
01-23 18:17:01.752   865  1072 I am_restart_activity: [0,218239824,3,com.google.android.setupwizard/.GoogleNowWrapper]
01-23 18:17:01.790  1651  1651 I am_on_resume_called: [0,com.google.android.setupwizard.GoogleNowWrapper]
01-23 18:17:01.827   865  1076 I am_home_stack_moved: [0,0,1,1,sourceStackToFront]
01-23 18:17:01.827   865  1076 I wm_task_moved: [3,1,1]
01-23 18:17:01.828   865  1076 I am_create_activity: [0,31961349,3,com.google.android.setupwizard/.WizardManager,com.android.wizard.NEXT,NULL,NULL,8388608]
01-23 18:17:02.132   865  1076 I am_pause_activity: [0,218239824,com.google.android.setupwizard/.GoogleNowWrapper]
01-23 18:17:02.133   865  1076 I am_home_stack_moved: [0,0,1,1,startedActivity setFocusedActivity]
01-23 18:17:02.133   865  1076 I wm_task_moved: [3,1,1]
01-23 18:17:02.137   865  1076 I am_focused_activity: [0,com.google.android.setupwizard/.WizardManager]
01-23 18:17:02.138   865  1075 I am_finish_activity: [0,218239824,3,com.google.android.setupwizard/.GoogleNowWrapper,app-request]
01-23 18:17:02.160  1651  1651 I am_on_paused_called: [0,com.google.android.setupwizard.GoogleNowWrapper]
01-23 18:17:02.162   865  1076 I am_restart_activity: [0,31961349,3,com.google.android.setupwizard/.WizardManager]
01-23 18:17:02.184   865   876 I am_home_stack_moved: [0,0,1,1,sourceStackToFront]
01-23 18:17:02.184   865   876 I wm_task_moved: [3,1,1]
01-23 18:17:02.185   865   876 I am_create_activity: [0,88407144,3,com.google.android.setupwizard/.RestoreProgressActivity,com.google.android.setupwizard.RESTORE_PROGRESS,NULL,NULL,67108864]
01-23 18:17:02.186   865   876 I am_pause_activity: [0,31961349,com.google.android.setupwizard/.WizardManager]
01-23 18:17:02.187   865   876 I am_home_stack_moved: [0,0,1,1,startedActivity setFocusedActivity]
01-23 18:17:02.187   865   876 I wm_task_moved: [3,1,1]
01-23 18:17:02.189   865   876 I am_focused_activity: [0,com.google.android.setupwizard/.RestoreProgressActivity]
01-23 18:17:02.190   865  3981 I am_finish_activity: [0,31961349,3,com.google.android.setupwizard/.WizardManager,app-request]
01-23 18:17:02.227   865  3979 I am_restart_activity: [0,88407144,3,com.google.android.setupwizard/.RestoreProgressActivity]
01-23 18:17:02.274   865   876 I am_home_stack_moved: [0,0,1,1,sourceStackToFront]
01-23 18:17:02.274   865   876 I wm_task_moved: [3,1,1]
01-23 18:17:02.276   865   876 I am_create_activity: [0,149880167,3,com.google.android.setupwizard/.WizardManager,com.android.wizard.NEXT,NULL,NULL,8388608]
01-23 18:17:02.276   865   876 I am_pause_activity: [0,88407144,com.google.android.setupwizard/.RestoreProgressActivity]
01-23 18:17:02.277   865   876 I am_home_stack_moved: [0,0,1,1,startedActivity setFocusedActivity]
01-23 18:17:02.277   865   876 I wm_task_moved: [3,1,1]
01-23 18:17:02.279   865   876 I am_focused_activity: [0,com.google.android.setupwizard/.WizardManager]
01-23 18:17:02.279   865  3981 I am_finish_activity: [0,88407144,3,com.google.android.setupwizard/.RestoreProgressActivity,app-request]
01-23 18:17:02.279  1651  1651 I am_on_resume_called: [0,com.google.android.setupwizard.RestoreProgressActivity]
01-23 18:17:02.301  1651  1651 I am_on_paused_called: [0,com.google.android.setupwizard.RestoreProgressActivity]
01-23 18:17:02.303   865  1072 I am_restart_activity: [0,149880167,3,com.google.android.setupwizard/.WizardManager]
01-23 18:17:02.317   865  5233 I am_home_stack_moved: [0,0,1,1,intentActivityFound]
01-23 18:17:02.317   865  5233 I wm_task_moved: [3,1,1]
01-23 18:17:02.319   865  5233 I am_home_stack_moved: [0,0,1,1,sourceStackToFront]
01-23 18:17:02.319   865  5233 I wm_task_moved: [3,1,1]
01-23 18:17:02.321   865  5233 I am_create_activity: [0,90174898,3,com.google.android.setupwizard/.ProgressActivity,com.google.android.setupwizard.PROGRESS,NULL,NULL,335544320]
01-23 18:17:02.321   865  5233 I am_pause_activity: [0,149880167,com.google.android.setupwizard/.WizardManager]
01-23 18:17:02.323   865  5233 I am_home_stack_moved: [0,0,1,1,startedActivity setFocusedActivity]
01-23 18:17:02.323   865  5233 I wm_task_moved: [3,1,1]
01-23 18:17:02.325   865  5233 I am_focused_activity: [0,com.google.android.setupwizard/.ProgressActivity]
01-23 18:17:02.325   865  1639 I am_finish_activity: [0,149880167,3,com.google.android.setupwizard/.WizardManager,app-request]
01-23 18:17:02.347   865  1073 I am_restart_activity: [0,90174898,3,com.google.android.setupwizard/.ProgressActivity]
01-23 18:17:02.406   865  5233 I am_home_stack_moved: [0,0,1,1,sourceStackToFront]
01-23 18:17:02.406   865  5233 I wm_task_moved: [3,1,1]
01-23 18:17:02.407   865  5233 I am_create_activity: [0,70620857,3,com.google.android.setupwizard/.WizardManager,com.android.wizard.NEXT,NULL,NULL,8388608]
01-23 18:17:02.408   865  5233 I am_pause_activity: [0,90174898,com.google.android.setupwizard/.ProgressActivity]
01-23 18:17:02.409   865  5233 I am_home_stack_moved: [0,0,1,1,startedActivity setFocusedActivity]
01-23 18:17:02.409   865  5233 I wm_task_moved: [3,1,1]
01-23 18:17:02.411   865  5233 I am_focused_activity: [0,com.google.android.setupwizard/.WizardManager]
01-23 18:17:02.411   865   994 I am_finish_activity: [0,90174898,3,com.google.android.setupwizard/.ProgressActivity,app-request]
01-23 18:17:02.436   865  3981 I am_restart_activity: [0,70620857,3,com.google.android.setupwizard/.WizardManager]
01-23 18:17:02.450   865   875 I am_home_stack_moved: [0,0,1,1,sourceStackToFront]
01-23 18:17:02.450   865   875 I wm_task_moved: [3,1,1]
01-23 18:17:02.451   865   875 I am_create_activity: [0,237799690,3,com.google.android.setupwizard/.FinalHoldWrapper,com.google.android.setupwizard.FINAL_HOLD,NULL,NULL,67108864]
01-23 18:17:02.452   865   875 I am_pause_activity: [0,70620857,com.google.android.setupwizard/.WizardManager]
01-23 18:17:02.453   865   875 I am_home_stack_moved: [0,0,1,1,startedActivity setFocusedActivity]
01-23 18:17:02.453   865   875 I wm_task_moved: [3,1,1]
01-23 18:17:02.455   865   875 I am_focused_activity: [0,com.google.android.setupwizard/.FinalHoldWrapper]
01-23 18:17:02.455   865  1076 I am_finish_activity: [0,70620857,3,com.google.android.setupwizard/.WizardManager,app-request]
01-23 18:17:02.477   865  1078 I am_restart_activity: [0,237799690,3,com.google.android.setupwizard/.FinalHoldWrapper]
01-23 18:17:02.524  1651  1651 I am_on_resume_called: [0,com.google.android.setupwizard.FinalHoldWrapper]
01-23 18:17:02.575   865  1072 I am_home_stack_moved: [0,0,1,1,sourceStackToFront]
01-23 18:17:02.575   865  1072 I wm_task_moved: [3,1,1]
01-23 18:17:02.576   865  1072 I am_create_activity: [0,224999667,3,com.google.android.setupwizard/.WizardManager,com.android.wizard.NEXT,NULL,NULL,8388608]
01-23 18:17:02.877   865  1072 I am_pause_activity: [0,237799690,com.google.android.setupwizard/.FinalHoldWrapper]
01-23 18:17:02.878   865  1072 I am_home_stack_moved: [0,0,1,1,startedActivity setFocusedActivity]
01-23 18:17:02.879   865  1072 I wm_task_moved: [3,1,1]
01-23 18:17:02.882   865  1072 I am_focused_activity: [0,com.google.android.setupwizard/.WizardManager]
01-23 18:17:02.884   865  1639 I am_finish_activity: [0,237799690,3,com.google.android.setupwizard/.FinalHoldWrapper,app-request]
01-23 18:17:02.916  1651  1651 I am_on_paused_called: [0,com.google.android.setupwizard.FinalHoldWrapper]
01-23 18:17:02.918   865  1073 I am_restart_activity: [0,224999667,3,com.google.android.setupwizard/.WizardManager]
01-23 18:17:02.943   865   876 I am_home_stack_moved: [0,0,1,1,sourceStackToFront]
01-23 18:17:02.944   865   876 I wm_task_moved: [3,1,1]
01-23 18:17:02.946   865   876 I am_create_activity: [0,115531694,3,com.google.android.setupwizard/.SetupExitActivity,com.android.setupwizard.EXIT,NULL,NULL,75497472]
01-23 18:17:02.946   865   876 I am_pause_activity: [0,224999667,com.google.android.setupwizard/.WizardManager]
01-23 18:17:02.947   865   876 I am_home_stack_moved: [0,0,1,1,startedActivity setFocusedActivity]
01-23 18:17:02.947   865   876 I wm_task_moved: [3,1,1]
01-23 18:17:02.950   865   876 I am_focused_activity: [0,com.google.android.setupwizard/.SetupExitActivity]
01-23 18:17:02.950   865  5233 I am_finish_activity: [0,224999667,3,com.google.android.setupwizard/.WizardManager,app-request]
01-23 18:17:02.993   865   875 I am_restart_activity: [0,115531694,3,com.google.android.setupwizard/.SetupExitActivity]
01-23 18:17:03.239   865   994 I notification_expansion: [-1|com.android.systemui|1397773634|public:179,129|10025,0,1,-457741750,-770716057,0]
01-23 18:17:03.418   865  1076 I am_home_stack_moved: [0,1,0,0,startingNewTask]
01-23 18:17:03.418   865  1076 I am_create_task: [0,6]
01-23 18:17:03.418   865  1076 I am_create_activity: [0,213875192,6,com.android.launcher3/.Launcher,android.intent.action.MAIN,NULL,NULL,270565376]
01-23 18:17:03.419   865  1076 I wm_task_created: [6,0]
01-23 18:17:03.419   865  1076 I wm_task_moved: [6,1,0]
01-23 18:17:03.425   865  1076 I am_pause_activity: [0,115531694,com.google.android.setupwizard/.SetupExitActivity]
01-23 18:17:03.439   865  1076 I am_proc_start: [0,6284,10016,com.android.launcher3,activity,com.android.launcher3/.Launcher]
01-23 18:17:03.439   865  1076 I am_home_stack_moved: [0,1,0,0,startedActivity setFocusedActivity]
01-23 18:17:03.439   865  1076 I wm_task_moved: [6,1,0]
01-23 18:17:03.441   865  1076 I am_focused_activity: [0,com.android.launcher3/.Launcher]
01-23 18:17:03.462   865  1073 I am_finish_activity: [0,26026151,3,com.google.android.setupwizard/.Welcome,clear-task-index]
01-23 18:17:03.463   865  1073 I am_destroy_activity: [0,26026151,3,com.google.android.setupwizard/.Welcome,finish-imm]
01-23 18:17:03.463   865  1073 I am_finish_activity: [0,70012831,3,com.google.android.setupwizard/.CarrierSetup,clear-task-index]
01-23 18:17:03.464   865  1073 I am_destroy_activity: [0,70012831,3,com.google.android.setupwizard/.CarrierSetup,finish-imm]
01-23 18:17:03.464   865  1073 I am_finish_activity: [0,91502410,3,com.google.android.setupwizard/.WifiSettingsWrapper,clear-task-index]
01-23 18:17:03.465   865  1073 I am_destroy_activity: [0,91502410,3,com.google.android.setupwizard/.WifiSettingsWrapper,finish-imm]
01-23 18:17:03.465   865  1073 I am_finish_activity: [0,264030817,3,com.google.android.setupwizard/.AccountSetupWrapper,clear-task-index]
01-23 18:17:03.466   865  1073 I am_destroy_activity: [0,264030817,3,com.google.android.setupwizard/.AccountSetupWrapper,finish-imm]
01-23 18:17:03.466   865  1073 I am_finish_activity: [0,115531694,3,com.google.android.setupwizard/.SetupExitActivity,clear-task-index]
01-23 18:17:03.466   865  1073 I am_destroy_activity: [0,115531694,3,com.google.android.setupwizard/.SetupExitActivity,finish-imm]
01-23 18:17:03.603   865  1076 I am_proc_bound: [0,6284,com.android.launcher3]
01-23 18:17:03.606   865  1076 I am_restart_activity: [0,213875192,6,com.android.launcher3/.Launcher]
01-23 18:17:04.166  6284  6284 I am_on_resume_called: [0,com.android.launcher3.Launcher]
01-23 18:17:04.413   865   894 I am_activity_launch_time: [0,213875192,com.android.launcher3/.Launcher,987,224390]
01-23 18:17:04.460   865  5233 I am_destroy_activity: [0,4664731,3,com.google.android.setupwizard/.WizardManager,finish-idle]
01-23 18:17:04.461   865  5233 I am_destroy_activity: [0,58997366,3,com.google.android.setupwizard/.ChooseRestoreTokenWrapper,finish-idle]
01-23 18:17:04.461   865  5233 I am_destroy_activity: [0,168699213,3,com.google.android.setupwizard/.WizardManager,finish-idle]
01-23 18:17:04.461   865  5233 I am_destroy_activity: [0,218239824,3,com.google.android.setupwizard/.GoogleNowWrapper,finish-idle]
01-23 18:17:04.462   865  5233 I am_destroy_activity: [0,31961349,3,com.google.android.setupwizard/.WizardManager,finish-idle]
01-23 18:17:04.462   865  5233 I am_destroy_activity: [0,88407144,3,com.google.android.setupwizard/.RestoreProgressActivity,finish-idle]
01-23 18:17:04.462   865  5233 I am_destroy_activity: [0,149880167,3,com.google.android.setupwizard/.WizardManager,finish-idle]
01-23 18:17:04.463   865  5233 I am_destroy_activity: [0,90174898,3,com.google.android.setupwizard/.ProgressActivity,finish-idle]
01-23 18:17:04.463   865  5233 I am_destroy_activity: [0,70620857,3,com.google.android.setupwizard/.WizardManager,finish-idle]
01-23 18:17:04.463   865  5233 I am_destroy_activity: [0,237799690,3,com.google.android.setupwizard/.FinalHoldWrapper,finish-idle]
01-23 18:17:04.464   865  5233 I am_destroy_activity: [0,224999667,3,com.google.android.setupwizard/.WizardManager,finish-idle]
01-23 18:17:04.485   239   239 I sf_frame_dur: [com.google.android.setupwizard/com.google.android.setupwizard.GoogleNowWrapper,49,12,1,0,1,0,0]
01-23 18:17:04.502   239   239 I sf_frame_dur: [com.google.android.setupwizard/com.google.android.setupwizard.FinalHoldWrapper,44,5,1,0,0,0,0]
01-23 18:17:04.559   865   885 I am_pss  : [5929,10060,com.android.browser,3707904,2482176]
01-23 18:17:04.836   865   889 I am_proc_start: [0,6317,10040,com.android.deskclock,broadcast,com.android.deskclock/com.android.alarmclock.AnalogAppWidgetProvider]
01-23 18:17:04.941   239   239 I sf_frame_dur: [com.google.android.setupwizard/com.google.android.setupwizard.AccountSetupWrapper,0,0,3,0,2,0,0]
01-23 18:17:04.941   239   239 I sf_frame_dur: [com.google.android.setupwizard/com.google.android.setupwizard.ProgressActivity,105,17,1,0,3,0,0]
01-23 18:17:04.985   865   889 I am_destroy_activity: [0,114626722,3,com.google.android.setupwizard/.ProgressActivity,finish-imm]
01-23 18:17:04.995   865   994 I wm_task_removed: [3,removeAppToken: last token]
01-23 18:17:04.995   865   994 I wm_task_removed: [3,removeTask]
01-23 18:17:05.037   865  3979 I am_proc_bound: [0,6317,com.android.deskclock]
01-23 18:17:05.680   865   876 I am_kill : [0,5929,com.android.browser,15,empty #17]
01-23 18:17:05.733   865  1076 I am_proc_died: [0,5929,com.android.browser]
01-23 18:17:06.588   865  1076 I am_home_stack_moved: [0,0,1,1,startingNewTask]
01-23 18:17:06.588   865  1076 I wm_task_moved: [5,1,0]
01-23 18:17:06.592   865  1076 I am_create_task: [0,7]
01-23 18:17:06.592   865  1076 I am_create_activity: [0,50562319,7,com.android.vending/.AssetBrowserActivity,android.intent.action.MAIN,NULL,NULL,270532608]
01-23 18:17:06.593   865  1076 I wm_task_created: [7,1]
01-23 18:17:06.593   865  1076 I wm_task_moved: [7,1,1]
01-23 18:17:06.596   865  1076 I am_pause_activity: [0,213875192,com.android.launcher3/.Launcher]
01-23 18:17:06.597   865  1076 I am_home_stack_moved: [0,0,1,1,startedActivity setFocusedActivity]
01-23 18:17:06.597   865  1076 I wm_task_moved: [7,1,1]
01-23 18:17:06.607   865  1076 I am_focused_activity: [0,com.android.vending/.AssetBrowserActivity]
01-23 18:17:06.610  6284  6284 I am_on_paused_called: [0,com.android.launcher3.Launcher]
01-23 18:17:06.616   865  2545 I am_restart_activity: [0,50562319,7,com.android.vending/.AssetBrowserActivity]
01-23 18:17:06.655   865   875 I am_home_stack_moved: [0,0,1,1,intentActivityFound]
01-23 18:17:06.655   865   875 I wm_task_moved: [7,1,1]
01-23 18:17:06.667   865   875 I am_home_stack_moved: [0,0,1,1,sourceStackToFront]
01-23 18:17:06.667   865   875 I wm_task_moved: [7,1,1]
01-23 18:17:06.669   865   875 I am_create_activity: [0,240504831,7,com.android.vending/com.google.android.finsky.activities.MainActivity,android.intent.action.MAIN,NULL,NULL,268435456]
01-23 18:17:06.675   865   875 I am_pause_activity: [0,50562319,com.android.vending/.AssetBrowserActivity]
01-23 18:17:06.677   865   875 I am_home_stack_moved: [0,0,1,1,startedActivity setFocusedActivity]
01-23 18:17:06.678   865   875 I wm_task_moved: [7,1,1]
01-23 18:17:06.682   865   875 I am_focused_activity: [0,com.android.vending/com.google.android.finsky.activities.MainActivity]
01-23 18:17:06.682   865  3979 I am_finish_activity: [0,50562319,7,com.android.vending/.AssetBrowserActivity,app-request]
01-23 18:17:06.685   865   876 I am_restart_activity: [0,240504831,7,com.android.vending/com.google.android.finsky.activities.MainActivity]
01-23 18:17:07.222  5302  5302 I am_on_resume_called: [0,com.google.android.finsky.activities.MainActivity]
01-23 18:17:07.358   865  3981 I am_home_stack_moved: [0,0,1,1,startingNewTask]
01-23 18:17:07.358   865  3981 I wm_task_moved: [7,1,1]
01-23 18:17:07.360   865  3981 I am_create_task: [0,8]
01-23 18:17:07.360   865  3981 I am_create_activity: [0,136856577,8,com.celltick.lockscreen/.LockerActivity,NULL,NULL,NULL,278986752]
01-23 18:17:07.360   865  3981 I wm_task_created: [8,1]
01-23 18:17:07.360   865  3981 I wm_task_moved: [8,1,2]
01-23 18:17:07.362  5302  5322 I google_http_request: [102,200,unused/0,1]
01-23 18:17:07.661   865  3981 I am_pause_activity: [0,240504831,com.android.vending/com.google.android.finsky.activities.MainActivity]
01-23 18:17:07.663   865  3981 I am_home_stack_moved: [0,0,1,1,startedActivity setFocusedActivity]
01-23 18:17:07.663   865  3981 I wm_task_moved: [8,1,2]
01-23 18:17:07.667   865  3981 I am_focused_activity: [0,com.celltick.lockscreen/.LockerActivity]
01-23 18:17:07.773  5302  5322 I google_http_request: [84,200,unused/0,1]
01-23 18:17:07.883   865   885 I am_pss  : [5557,10072,com.google.android.youtube,18071552,15347712]
01-23 18:17:07.903  5302  5302 I am_on_paused_called: [0,com.google.android.finsky.activities.MainActivity]
01-23 18:17:07.906   865   876 I am_restart_activity: [0,136856577,8,com.celltick.lockscreen/.LockerActivity]
01-23 18:17:07.911   865   889 I am_destroy_activity: [0,50562319,7,com.android.vending/.AssetBrowserActivity,finish-idle]
01-23 18:17:07.949   865   885 I am_pss  : [5971,10071,com.google.android.videos,8948736,7094272]
01-23 18:17:08.001   865   885 I am_pss  : [5950,10068,com.google.android.apps.photos,12432384,11067392]
01-23 18:17:08.152  5302  5321 I google_http_request: [230,200,unused/0,1]
01-23 18:17:08.154  5302  5322 I google_http_request: [221,200,unused/0,1]
01-23 18:17:08.490  5302  5332 I google_http_request: [563,200,unused/0,1]
01-23 18:17:08.502  5302  5330 I google_http_request: [582,200,unused/0,1]
01-23 18:17:08.520  5302  5322 I google_http_request: [242,200,unused/0,1]
01-23 18:17:08.685   865  1077 I am_home_stack_moved: [0,0,1,1,startingNewTask]
01-23 18:17:08.685   865  1077 I wm_task_moved: [8,1,2]
01-23 18:17:08.687   865  1077 I am_create_task: [0,9]
01-23 18:17:08.687   865  1077 I am_create_activity: [0,255274203,9,com.celltick.lockscreen/.tutorial.TutorialActivity,NULL,NULL,NULL,276824064]
01-23 18:17:08.687   865  1077 I wm_task_created: [9,1]
01-23 18:17:08.687   865  1077 I wm_task_moved: [9,1,3]
01-23 18:17:08.688   865  1077 I am_pause_activity: [0,136856577,com.celltick.lockscreen/.LockerActivity]
01-23 18:17:08.689   865  1077 I am_home_stack_moved: [0,0,1,1,startedActivity setFocusedActivity]
01-23 18:17:08.689   865  1077 I wm_task_moved: [9,1,3]
01-23 18:17:08.691   865  1077 I am_focused_activity: [0,com.celltick.lockscreen/.tutorial.TutorialActivity]
01-23 18:17:08.796  1861  1861 E ActivityThread: Service com.google.android.gms.herrevad.services.NetworkQualityWorkerService has leaked IntentReceiver android.net.wifi.WifiManager$1@66a28ae that was originally registered here. Are you missing a call to unregisterReceiver()?
01-23 18:17:08.796  1861  1861 E ActivityThread: android.app.IntentReceiverLeaked: Service com.google.android.gms.herrevad.services.NetworkQualityWorkerService has leaked IntentReceiver android.net.wifi.WifiManager$1@66a28ae that was originally registered here. Are you missing a call to unregisterReceiver()?
01-23 18:17:08.796  1861  1861 E ActivityThread: 	at android.app.LoadedApk$ReceiverDispatcher.<init>(LoadedApk.java:959)
01-23 18:17:08.796  1861  1861 E ActivityThread: 	at android.app.LoadedApk.getReceiverDispatcher(LoadedApk.java:728)
01-23 18:17:08.796  1861  1861 E ActivityThread: 	at android.app.ContextImpl.registerReceiverInternal(ContextImpl.java:1177)
01-23 18:17:08.796  1861  1861 E ActivityThread: 	at android.app.ContextImpl.registerReceiver(ContextImpl.java:1157)
01-23 18:17:08.796  1861  1861 E ActivityThread: 	at android.app.ContextImpl.registerReceiver(ContextImpl.java:1151)
01-23 18:17:08.796  1861  1861 E ActivityThread: 	at android.content.ContextWrapper.registerReceiver(ContextWrapper.java:554)
01-23 18:17:08.796  1861  1861 E ActivityThread: 	at android.net.wifi.WifiManager.init(WifiManager.java:2266)
01-23 18:17:08.796  1861  1861 E ActivityThread: 	at android.net.wifi.WifiManager.<init>(WifiManager.java:750)
01-23 18:17:08.796  1861  1861 E ActivityThread: 	at android.app.SystemServiceRegistry$45.createService(SystemServiceRegistry.java:555)
